# corner: fs_125c_2.97v
# process=fs temp=125C supply=2.97V
# ngspice exit: 0
# wall clock: 83.1s (--timeout was 300s)
# result: PASS

# ==== deck (exact input given to ngspice) ====
| * startup-ramp corner deck -- generated by sim/bin/corner-run.py, do not edit
| * corner: fs_125c_2.97v
| .param vsup=2.97
| .param t_slow=1e-3
| .param t_fast=1e-6
| .option wnflag=1
| .temp 125
| .lib "/home/ubuntu/.volare/sky130A/libs.tech/combined/sky130.lib.spice" fs
| ** sch_path: sim/startup-ramp/testbench/tb_startup_ramp.sch
| **.subckt tb_startup_ramp
| VSLOW VDDS 0 pwl(0 0 't_slow' 'vsup')
| .save i(vslow)
| VFAST VDDF 0 pwl(0 0 't_fast' 'vsup')
| .save i(vfast)
| VDEGN VDDN 0 pwl(0 0 1n 'vsup')
| .save i(vdegn)
| XSLOW VREFS GS VDDS 0 bandgap_core
| XSUS GS VREFS VDDS 0 startup_injector
| XFAST VREFF GF VDDF 0 bandgap_core
| XSUF GF VREFF VDDF 0 startup_injector
| XDEGN VREFN GN VDDN 0 bandgap_core
| VDEG VDDG 0 pwl(0 0 1n 'vsup')
| .save i(vdeg)
| XDEG VREFG GG VDDG 0 bandgap_core
| XSUG GG VREFG VDDG 0 startup_injector
| **** begin user architecture code
| 
| 
| * Put the XDEG copy (injector attached) and the XDEGN control copy (no
| * injector) in the degenerate zero-current state at t = 0: their mirror gates
| * start at the supply rail, which is where the all-off solution parks them,
| * while every other node starts at 0 V (UIC). Nothing holds GG/GN there after
| * t = 0 -- .ic only sets the transient's starting point -- so whether either
| * circuit leaves that state is decided by the circuit, not by the deck.
| .ic v(GG)='vsup' v(GN)='vsup'
| 
| 
| **** end user architecture code
| **.ends
| 
| * expanding   symbol:  design/bandgap_core.sym # of pins=4
| ** sym_path: design/bandgap_core.sym
| ** sch_path: design/bandgap_core.sch
| .subckt bandgap_core VOUT GDRV VDD VSS
| *.opin VOUT
| *.iopin GDRV
| *.iopin VDD
| *.iopin VSS
| **** begin user architecture code
| 
| 
| * ---- Kuijk core parameters (issue #8) ----
| * PNP emitter-area ratio N is built ONLY from paralleled unit devices:
| *   N = (n_pnp_ptat * 11.56 um2) / (n_pnp_ctat * 0.4624 um2)
| * Keep both counts equal to hold the pair's measured dVBE while lowering the
| * per-unit current and sigma(dVBE); raise n_pnp_ptat alone for more PTAT.
| .param n_pnp_ctat=8
| .param n_pnp_ptat=8
| * res_high_po unit segment: W = r_w um, L = r_lseg um (R ~ 380 + 325*L ohm)
| .param r_w=1
| .param r_lseg=5
| * segment counts. K = R2/R1 (each leg has its own head resistance, so
| * K != n_r2/n_r1 exactly -- see the header comment). n_r2 was RESIZED 54 -> 50
| * by issue #99 (see RESIZE STATUS below); n_r1 held at 7. The #46 single-
| * device investigation (why the OLD n_r2=54 was chosen, and why +1 was
| * rejected there) is retained in the header Sizing rationale, superseded by
| * the resize.
| * RESIZE STATUS (issue #99 / DR-003, RESOLVED): n_r1/n_r2 are now sized
| * against the ROUTED LAYOUT's real chained-array topology -- the ground truth
| * the fabricated part experiences -- NOT the single-res_high_po-device-per-leg
| * model this schematic's own XR1/XR2A/XR2B lines still draw. Issue #98/DR-003
| * (sim/res-array-head-resistance/) established that the routed layout draws
| * each leg as N separately-contacted unit instances in series
| * (layout/bin/gen_bandgap_routed.py's bus_res_series), paying real per-instance
| * head resistance: at the old n_r2=54 that made the REAL part's K=R2/R1 read
| * 8.1474 vs the single-device model's 7.4973, pushing VOUT(27 degC) to
| * ~1.233 V (outside the draft +/-1% window 1.188..1.212 V) at all 5
| * (process,supply) corners and collapsing regulation at ff/2.97 V and
| * fs/2.97 V. Resizing n_r2 54 -> 50 (n_r1 left at 7 so branch current -- and
| * therefore hot-corner headroom -- is not raised while K is corrected) brings
| * the real chained topology's K back to 7.576 and VOUT(27 degC) back to
| * ~1.198 V, IN the +/-1% window at ALL 5 corners with NO hot-corner collapse,
| * and the DR-002 downward 0..-16 trim range still covering. Full PVT + trim
| * re-verification: sim/res-array-resize/records/ (issue #99).
| * CONSEQUENCE for the single-device model: because these XR1/XR2A/XR2B lines
| * still model each leg as ONE res_high_po device (omitting the per-instance
| * head resistance the real part pays), simulating THIS schematic as-drawn
| * (e.g. sim/output-voltage-tc's single-device tb_vref_tc, netlisted by xschem)
| * now reads VOUT(27 degC) ~1.165 V -- LOW *by design*. That ~33 mV gap IS the
| * head resistance the routed part uses to reach 1.198 V; it is not an error,
| * and the single-device harness is no longer the sizing reference of record
| * (DR-003: every single-device record models a topology the layout does not
| * build). NEXT INCREMENT (not done here, per one-lever-per-increment): the
| * routed layout generator (gen_bandgap_routed.py's N_R1/SCH_N_R2/N_R2_COARSE,
| * currently still transcribing n_r2=54) must be re-transcribed to n_r2=50 and
| * re-verified through klayout DRC/LVS -- see DR-003's closure and
| * layout/matching-plan.md Section 7x.
| .param n_r1=7
| .param n_r2=50
| * PMOS mirror multiplicities (unit device W=8u L=2u)
| .param m_out=2
| .param m_ampbias=2
| * ---- Trim network (issue #13), DOWNWARD ONLY -- see DR-002 ----
| * Ladder-tap length added to R2A/R2B equally (metal option, no switches).
| * n_r2_trim: valid range 0..-16 only. r_lseg_trim: 1 um/code (~1.7 mV/code)
| * in DR-002's original SINGLE-DEVICE model. Positive codes are REJECTED:
| * this is the same R2/R1 ratio issue #46 found causes ff/2.97V, fs/2.97V
| * hot-corner (>~123C) operating-point collapse at even a +5 um increase
| * (n_r2=55). sim/trim-range-monotonicity/ reconfirms it for trim and finds
| * codes +1/+2 ALSO collapse (VOUT -> ~2.8V) while +3/+4 happen not to --
| * non-monotonic-in-code, i.e. no positive code is a certified-safe point,
| * not a safe zone at +3/+4. Only downward (R2 decrease) moves away from
| * that edge; confirmed monotonic, collapse-free to -16 across corners. See
| * DR-002 and the sim record for the full case.
| * LSB REVISION (issue #106, DR-002 revision): the routed layout's fine trim
| * chain does NOT draw one length-tapped device -- it chains N separately-
| * contacted res_high_po unit instances (layout/bin/gen_bandgap_routed.py's
| * bus_res_series), each paying a real per-instance head/fringe resistance
| * term this schematic's single-device XR2A/XR2B lines do not model (DR-003,
| * sim/res-array-head-resistance/). Re-deriving DR-002's <=3.000 mV/code LSB
| * comfort bound against that REAL chained topology at the adopted
| * n_r1=7/n_r2=50 sizing (sim/trim-lsb-chained/) found the shipped
| * r_lseg_trim=1 per-code step reads 3.12-3.15 mV/code across all 5 corners
| * -- a real, measured violation of the comfort bound (smaller than an
| * earlier, now-superseded estimate against an abandoned n_r1=6/n_r2=42
| * sizing, but still a violation). Halving the fine unit's drawn length to
| * 0.5 um fixes it: the per-instance head-resistance term (~379.7 ohm, the
| * DOMINANT piece of the per-code step) is a PDK-model-card constant
| * independent of the unit's drawn length, so only the smaller `rbody`
| * fringe term shrinks -- re-verified at r_lseg_trim=0.5 to read
| * 2.40-2.42 mV/code, PASS at all 5 corners, with the same certified 0..-16
| * code range and downward span still clearing DR-002's 1.5x-of-3sigma
| * coverage target. See sim/trim-lsb-chained/records/ for the full
| * re-derivation. NEXT INCREMENT (not done here, per one-lever-per-
| * increment): layout/bin/gen_bandgap_routed.py's
| * R_LSEG_TRIM_UM/SCH_R_LSEG_TRIM_UM (currently still transcribing 1 um)
| * must be re-transcribed to 0.5 um and the routed cell re-verified through
| * klayout DRC/LVS -- klayout's extraction backend is not available in this
| * run environment, so that is a follow-up issue, the same split issue #99
| * used for #107/#108.
| .param n_r2_trim=0
| .param r_lseg_trim=0.5
| 
| 
| **** end user architecture code
| XMPOUT VOUT GDRV VDD VDD sky130_fd_pr__pfet_g5v0d10v5 L=2 W=8 nf=1 ad=2.32 as=2.32 pd=16.58 ps=16.58 nrd=0.03625 nrs=0.03625 sa=0 sb=0 sd=0 mult='m_out' m='m_out'
| XMPAMP TAIL GDRV VDD VDD sky130_fd_pr__pfet_g5v0d10v5 L=2 W=8 nf=1 ad=2.32 as=2.32 pd=16.58 ps=16.58 nrd=0.03625 nrs=0.03625 sa=0 sb=0 sd=0 mult='m_ampbias' m='m_ampbias'
| XAMP VB VA GDRV TAIL VDD VSS error_amp
| XR2A VA VOUT VSS sky130_fd_pr__res_high_po W='r_w' L='r_lseg*n_r2+r_lseg_trim*n_r2_trim' mult=1 m=1
| XR2B VB VOUT VSS sky130_fd_pr__res_high_po W='r_w' L='r_lseg*n_r2+r_lseg_trim*n_r2_trim' mult=1 m=1
| XQ1 VSS VSS VA sky130_fd_pr__pnp_05v5_W0p68L0p68 m='n_pnp_ctat' mult='n_pnp_ctat'
| XR1 VBQ VB VSS sky130_fd_pr__res_high_po W='r_w' L='r_lseg*n_r1' mult=1 m=1
| XQ2 VSS VSS VBQ sky130_fd_pr__pnp_05v5_W3p40L3p40 m='n_pnp_ptat' mult='n_pnp_ptat'
| .ends
| 
| 
| * expanding   symbol:  design/startup_injector.sym # of pins=4
| ** sym_path: design/startup_injector.sym
| ** sch_path: design/startup_injector.sch
| .subckt startup_injector GDRV VSENSE VDD VSS
| *.iopin GDRV
| *.ipin VSENSE
| *.iopin VDD
| *.iopin VSS
| **** begin user architecture code
| 
| 
| * ---- startup injector parameters (issue #10) ----
| * m_ref  : units of the (W=1 L=20) diode-connected reference PMOS. Raising it
| *          raises BOTH the release threshold and the residual current the cell
| *          draws from GDRV once disengaged -- the two are the same current.
| * m_sense: units of the (W=48 L=0.5) sense NMOS. Raising it lowers the release
| *          threshold (better disengage, less traverse margin).
| * m_pnp  : unit PNPs in the threshold reference. Raising it lowers VBE at the
| *          sense current, i.e. lowers the release threshold.
| * m_inj  : units of the (W=10 L=0.5) injector NMOS. Scales the eviction
| *          current and the disengaged residual in the same proportion.
| * m_clamp: units of the (W=4 L=1) railed-branch clamp NMOS MNC. Scales only
| *          how hard the railed branch is evicted; MNC is off by more than a
| *          threshold at every legitimate operating point, so this knob does
| *          NOT trade against the disengaged residual the way m_ref does.
| .param m_ref=1
| .param m_sense=1
| .param m_pnp=8
| .param m_inj=1
| .param m_clamp=1
| 
| 
| **** end user architecture code
| XMPC1 NC1 NC1 GDRV VDD sky130_fd_pr__pfet_g5v0d10v5 L=20 W=1 nf=1 ad=0.29 as=0.29 pd=2.58 ps=2.58 nrd=0.29 nrs=0.29 sa=0 sb=0 sd=0 mult='m_ref' m='m_ref'
| XMPC2 NG NG NC1 VDD sky130_fd_pr__pfet_g5v0d10v5 L=20 W=1 nf=1 ad=0.29 as=0.29 pd=2.58 ps=2.58 nrd=0.29 nrs=0.29 sa=0 sb=0 sd=0 mult='m_ref' m='m_ref'
| XMNS NG VSENSE NE VSS sky130_fd_pr__nfet_g5v0d10v5 L=0.5 W=48 nf=1 ad=13.92 as=13.92 pd=96.58 ps=96.58 nrd=0.00604166666666667 nrs=0.00604166666666667 sa=0 sb=0 sd=0 mult='m_sense' m='m_sense'
| XQS VSS VSS NE sky130_fd_pr__pnp_05v5_W0p68L0p68 m='m_pnp' mult='m_pnp'
| XMNI GDRV NG VSS VSS sky130_fd_pr__nfet_g5v0d10v5 L=0.5 W=10 nf=1 ad=2.9 as=2.9 pd=20.58 ps=20.58 nrd=0.029 nrs=0.029 sa=0 sb=0 sd=0 mult='m_inj' m='m_inj'
| XMNC VDD VSENSE GDRV VSS sky130_fd_pr__nfet_g5v0d10v5 L=1 W=4 nf=1 ad=1.16 as=1.16 pd=8.58 ps=8.58 nrd=0.0725 nrs=0.0725 sa=0 sb=0 sd=0 mult='m_clamp' m='m_clamp'
| .ends
| 
| 
| * expanding   symbol:  design/error_amp.sym # of pins=6
| ** sym_path: design/error_amp.sym
| ** sch_path: design/error_amp.sch
| .subckt error_amp VINP VINN AOUT ITAIL VDD VSS
| *.ipin VINP
| *.ipin VINN
| *.opin AOUT
| *.iopin ITAIL
| *.iopin VDD
| *.iopin VSS
| **** begin user architecture code
| 
| 
| * ---- error-amp device multiplicities (issue #9 sizing) ----
| * Unit geometry is fixed on the instances below; mult is the matching axis
| * (sigma(Vth) scales as 1/sqrt(W*L*mult) in the PDK's own model).
| * amp_m_in    : input-pair PMOS units   (W=20u L=10u each -> 3200 um^2 total)
| * amp_m_nmirr : NMOS load/mirror units  (W=8u  L=20u each ->  640 um^2 total)
| * amp_m_pmirr : PMOS mirror units       (W=6u  L=20u each ->  960 um^2 total)
| * amp_m_cc    : MOS-capacitor units     (W=30u L=20u each -> 9600 um^2 total)
| .param amp_m_in=16
| .param amp_m_nmirr=4
| .param amp_m_pmirr=8
| .param amp_m_cc=16
| 
| 
| **** end user architecture code
| XMP1 D1 VINP ITAIL VDD sky130_fd_pr__pfet_g5v0d10v5 L=10 W=20 nf=1 ad=5.8 as=5.8 pd=40.58 ps=40.58 nrd=0.0145 nrs=0.0145 sa=0 sb=0
| + sd=0 mult='amp_m_in' m='amp_m_in'
| XMP2 D2 VINN ITAIL VDD sky130_fd_pr__pfet_g5v0d10v5 L=10 W=20 nf=1 ad=5.8 as=5.8 pd=40.58 ps=40.58 nrd=0.0145 nrs=0.0145 sa=0 sb=0
| + sd=0 mult='amp_m_in' m='amp_m_in'
| XMN1 D1 D1 VSS VSS sky130_fd_pr__nfet_g5v0d10v5 L=20 W=8 nf=1 ad=2.32 as=2.32 pd=16.58 ps=16.58 nrd=0.03625 nrs=0.03625 sa=0 sb=0 sd=0
| + mult='amp_m_nmirr' m='amp_m_nmirr'
| XMN2 D2 D2 VSS VSS sky130_fd_pr__nfet_g5v0d10v5 L=20 W=8 nf=1 ad=2.32 as=2.32 pd=16.58 ps=16.58 nrd=0.03625 nrs=0.03625 sa=0 sb=0 sd=0
| + mult='amp_m_nmirr' m='amp_m_nmirr'
| XMN3 AOUT D1 VSS VSS sky130_fd_pr__nfet_g5v0d10v5 L=20 W=8 nf=1 ad=2.32 as=2.32 pd=16.58 ps=16.58 nrd=0.03625 nrs=0.03625 sa=0 sb=0
| + sd=0 mult='amp_m_nmirr' m='amp_m_nmirr'
| XMN4 PN D2 VSS VSS sky130_fd_pr__nfet_g5v0d10v5 L=20 W=8 nf=1 ad=2.32 as=2.32 pd=16.58 ps=16.58 nrd=0.03625 nrs=0.03625 sa=0 sb=0 sd=0
| + mult='amp_m_nmirr' m='amp_m_nmirr'
| XMP4 AOUT PN VDD VDD sky130_fd_pr__pfet_g5v0d10v5 L=20 W=6 nf=1 ad=1.74 as=1.74 pd=12.58 ps=12.58 nrd=0.0483333333333333 nrs=0.0483333333333333
| + sa=0 sb=0 sd=0 mult='amp_m_pmirr' m='amp_m_pmirr'
| XMP3 PN PN VDD VDD sky130_fd_pr__pfet_g5v0d10v5 L=20 W=6 nf=1 ad=1.74 as=1.74 pd=12.58 ps=12.58 nrd=0.0483333333333333 nrs=0.0483333333333333
| + sa=0 sb=0 sd=0 mult='amp_m_pmirr' m='amp_m_pmirr'
| XMCC VDD AOUT VDD VDD sky130_fd_pr__pfet_g5v0d10v5 L=20 W=30 nf=1 ad=8.7 as=8.7 pd=60.58 ps=60.58 nrd=0.00966666666666667 nrs=0.00966666666666667
| + sa=0 sb=0 sd=0 mult='amp_m_cc' m='amp_m_cc'
| .ends
| 
| .control
| save all
| tran 200n 2.5m uic
| meas tran t_vdd_s when v(vdds)=2.90 rise=1
| meas tran t_ref_s when v(vrefs)=1.05 rise=1
| meas tran t_vdd_f when v(vddf)=2.90 rise=1
| meas tran t_ref_f when v(vreff)=1.05 rise=1
| meas tran t_vdd_g when v(vddg)=2.90 rise=1
| meas tran t_ref_g when v(vrefg)=1.05 rise=1
| meas tran v_s find v(vrefs) at=2.45e-3
| meas tran v_f find v(vreff) at=2.45e-3
| meas tran v_g find v(vrefg) at=2.45e-3
| meas tran v_n find v(vrefn) at=2.45e-3
| meas tran g_n find v(gn) at=2.45e-3
| meas tran isg find i(vdeg) at=2.45e-3
| let meas_t_start_s = t_ref_s - t_vdd_s
| let meas_t_start_f = t_ref_f - t_vdd_f
| let meas_t_start_g = t_ref_g - t_vdd_g
| let meas_t_abs_s = t_ref_s
| let meas_vref_s = v_s
| let meas_vref_f = v_f
| let meas_vref_g = v_g
| let meas_vref_spread = abs(v_s - v_g) + abs(v_s - v_f)
| let meas_vref_n = v_n
| let meas_gn_n = g_n
| let meas_isup_g = -isg
| print meas_t_start_s
| print meas_t_start_f
| print meas_t_start_g
| print meas_t_abs_s
| print meas_vref_s
| print meas_vref_f
| print meas_vref_g
| print meas_vref_spread
| print meas_vref_n
| print meas_gn_n
| print meas_isup_g
| quit
| .endc
| .end

# ==== ngspice stdout ====

Note: Compatibility modes selected: hs a


Circuit: * startup-ramp corner deck -- generated by sim/bin/corner-run.py, do not edit

option SCALE: Scale is set to 1e-06 for instance and model parameters
option SCALE: Scale is set to 1e-06 for instance and model parameters
option SCALE: Scale is set to 1e-06 for instance and model parameters
option SCALE: Scale is set to 1e-06 for instance and model parameters
Doing analysis at TEMP = 125.000000 and TNOM = 27.000000

Using KLU as Direct Linear Solver
Operating point simulation skipped by 'uic',
  now using transient initial conditions.
 Reference value :  1.00000e-11
 Reference value :  1.02906e-11
 Reference value :  1.90099e-11
 Reference value :  5.09579e-11
 Reference value :  1.45736e-10
 Reference value :  3.19737e-10
 Reference value :  5.09311e-10
 Reference value :  6.39095e-10
 Reference value :  1.00000e-09
 Reference value :  1.16359e-09
 Reference value :  1.82143e-09
 Reference value :  2.48757e-09
 Reference value :  3.75755e-09
 Reference value :  6.33365e-09
 Reference value :  1.30116e-08
 Reference value :  3.24736e-08
 Reference value :  8.68821e-08
 Reference value :  2.00000e-07
 Reference value :  2.86736e-07
 Reference value :  5.21490e-07
 Reference value :  7.02921e-07
 Reference value :  7.93831e-07
 Reference value :  8.71886e-07
 Reference value :  9.67972e-07
 Reference value :  1.00641e-06
 Reference value :  1.04484e-06
 Reference value :  1.06777e-06
 Reference value :  1.08651e-06
 Reference value :  1.12080e-06
 Reference value :  1.22882e-06
 Reference value :  1.48110e-06
 Reference value :  1.69109e-06
 Reference value :  2.21636e-06
 Reference value :  2.81636e-06
 Reference value :  3.61636e-06
 Reference value :  4.21636e-06
 Reference value :  5.01636e-06
 Reference value :  5.81636e-06
 Reference value :  6.81636e-06
 Reference value :  7.81636e-06
 Reference value :  8.61636e-06
 Reference value :  9.41636e-06
 Reference value :  1.04164e-05
 Reference value :  1.12164e-05
 Reference value :  1.20164e-05
 Reference value :  1.28164e-05
 Reference value :  1.38164e-05
 Reference value :  1.48164e-05
 Reference value :  1.58164e-05
 Reference value :  1.68164e-05
 Reference value :  1.78164e-05
 Reference value :  1.88164e-05
 Reference value :  2.00164e-05
 Reference value :  2.08164e-05
 Reference value :  2.16164e-05
 Reference value :  2.24164e-05
 Reference value :  2.34164e-05
 Reference value :  2.44164e-05
 Reference value :  2.52164e-05
 Reference value :  2.62164e-05
 Reference value :  2.70164e-05
 Reference value :  2.78164e-05
 Reference value :  2.86164e-05
 Reference value :  2.94164e-05
 Reference value :  3.04164e-05
 Reference value :  3.12164e-05
 Reference value :  3.22164e-05
 Reference value :  3.28164e-05
 Reference value :  3.36164e-05
 Reference value :  3.46164e-05
 Reference value :  3.54164e-05
 Reference value :  3.64164e-05
 Reference value :  3.74164e-05
 Reference value :  3.80164e-05
 Reference value :  3.88164e-05
 Reference value :  3.96164e-05
 Reference value :  4.06164e-05
 Reference value :  4.14164e-05
 Reference value :  4.22164e-05
 Reference value :  4.32164e-05
 Reference value :  4.42164e-05
 Reference value :  4.50164e-05
 Reference value :  4.58164e-05
 Reference value :  4.66164e-05
 Reference value :  4.74164e-05
 Reference value :  4.82164e-05
 Reference value :  4.90164e-05
 Reference value :  5.00164e-05
 Reference value :  5.10164e-05
 Reference value :  5.16164e-05
 Reference value :  5.26164e-05
 Reference value :  5.36164e-05
 Reference value :  5.46164e-05
 Reference value :  5.54164e-05
 Reference value :  5.64164e-05
 Reference value :  5.74164e-05
 Reference value :  5.84164e-05
 Reference value :  5.94164e-05
 Reference value :  6.02164e-05
 Reference value :  6.10164e-05
 Reference value :  6.16164e-05
 Reference value :  6.24164e-05
 Reference value :  6.32164e-05
 Reference value :  6.42164e-05
 Reference value :  6.48164e-05
 Reference value :  6.56164e-05
 Reference value :  6.64164e-05
 Reference value :  6.72164e-05
 Reference value :  6.80164e-05
 Reference value :  6.88164e-05
 Reference value :  6.96164e-05
 Reference value :  7.04164e-05
 Reference value :  7.12164e-05
 Reference value :  7.18164e-05
 Reference value :  7.24164e-05
 Reference value :  7.30164e-05
 Reference value :  7.38164e-05
 Reference value :  7.46164e-05
 Reference value :  7.52164e-05
 Reference value :  7.58164e-05
 Reference value :  7.66164e-05
 Reference value :  7.72164e-05
 Reference value :  7.80164e-05
 Reference value :  7.86164e-05
 Reference value :  7.92164e-05
 Reference value :  7.98164e-05
 Reference value :  8.06164e-05
 Reference value :  8.14164e-05
 Reference value :  8.20164e-05
 Reference value :  8.26164e-05
 Reference value :  8.32164e-05
 Reference value :  8.38164e-05
 Reference value :  8.44164e-05
 Reference value :  8.52164e-05
 Reference value :  8.58164e-05
 Reference value :  8.64164e-05
 Reference value :  8.70164e-05
 Reference value :  8.76164e-05
 Reference value :  8.80164e-05
 Reference value :  8.84164e-05
 Reference value :  8.90164e-05
 Reference value :  8.96164e-05
 Reference value :  9.02164e-05
 Reference value :  9.08164e-05
 Reference value :  9.14164e-05
 Reference value :  9.20164e-05
 Reference value :  9.26164e-05
 Reference value :  9.32164e-05
 Reference value :  9.38164e-05
 Reference value :  9.46164e-05
 Reference value :  9.54164e-05
 Reference value :  9.60164e-05
 Reference value :  9.64164e-05
 Reference value :  9.70164e-05
 Reference value :  9.76164e-05
 Reference value :  9.82164e-05
 Reference value :  9.88164e-05
 Reference value :  9.94164e-05
 Reference value :  1.00016e-04
 Reference value :  1.00616e-04
 Reference value :  1.01216e-04
 Reference value :  1.02016e-04
 Reference value :  1.02616e-04
 Reference value :  1.03216e-04
 Reference value :  1.04016e-04
 Reference value :  1.04616e-04
 Reference value :  1.05216e-04
 Reference value :  1.05816e-04
 Reference value :  1.06616e-04
 Reference value :  1.07216e-04
 Reference value :  1.07816e-04
 Reference value :  1.08416e-04
 Reference value :  1.09016e-04
 Reference value :  1.09616e-04
 Reference value :  1.10216e-04
 Reference value :  1.10816e-04
 Reference value :  1.11416e-04
 Reference value :  1.11816e-04
 Reference value :  1.12416e-04
 Reference value :  1.12816e-04
 Reference value :  1.13416e-04
 Reference value :  1.14016e-04
 Reference value :  1.14616e-04
 Reference value :  1.15216e-04
 Reference value :  1.15816e-04
 Reference value :  1.16616e-04
 Reference value :  1.17416e-04
 Reference value :  1.18016e-04
 Reference value :  1.18816e-04
 Reference value :  1.19416e-04
 Reference value :  1.19816e-04
 Reference value :  1.20416e-04
 Reference value :  1.20816e-04
 Reference value :  1.21416e-04
 Reference value :  1.21816e-04
 Reference value :  1.22216e-04
 Reference value :  1.22816e-04
 Reference value :  1.23216e-04
 Reference value :  1.23816e-04
 Reference value :  1.24416e-04
 Reference value :  1.25016e-04
 Reference value :  1.25816e-04
 Reference value :  1.26416e-04
 Reference value :  1.27016e-04
 Reference value :  1.27816e-04
 Reference value :  1.28216e-04
 Reference value :  1.28816e-04
 Reference value :  1.29416e-04
 Reference value :  1.30016e-04
 Reference value :  1.30616e-04
 Reference value :  1.31216e-04
 Reference value :  1.31816e-04
 Reference value :  1.32416e-04
 Reference value :  1.32816e-04
 Reference value :  1.33416e-04
 Reference value :  1.34016e-04
 Reference value :  1.34616e-04
 Reference value :  1.35216e-04
 Reference value :  1.35816e-04
 Reference value :  1.36416e-04
 Reference value :  1.37016e-04
 Reference value :  1.37816e-04
 Reference value :  1.38616e-04
 Reference value :  1.39416e-04
 Reference value :  1.40216e-04
 Reference value :  1.41016e-04
 Reference value :  1.41816e-04
 Reference value :  1.42616e-04
 Reference value :  1.43416e-04
 Reference value :  1.44216e-04
 Reference value :  1.45016e-04
 Reference value :  1.45816e-04
 Reference value :  1.46616e-04
 Reference value :  1.47416e-04
 Reference value :  1.48016e-04
 Reference value :  1.48616e-04
 Reference value :  1.49216e-04
 Reference value :  1.49816e-04
 Reference value :  1.50416e-04
 Reference value :  1.50816e-04
 Reference value :  1.51216e-04
 Reference value :  1.51616e-04
 Reference value :  1.52216e-04
 Reference value :  1.52816e-04
 Reference value :  1.53416e-04
 Reference value :  1.53816e-04
 Reference value :  1.54416e-04
 Reference value :  1.55016e-04
 Reference value :  1.55616e-04
 Reference value :  1.56216e-04
 Reference value :  1.57216e-04
 Reference value :  1.58016e-04
 Reference value :  1.59216e-04
 Reference value :  1.59816e-04
 Reference value :  1.60416e-04
 Reference value :  1.61016e-04
 Reference value :  1.61616e-04
 Reference value :  1.62216e-04
 Reference value :  1.62816e-04
 Reference value :  1.63616e-04
 Reference value :  1.64216e-04
 Reference value :  1.64816e-04
 Reference value :  1.65416e-04
 Reference value :  1.66016e-04
 Reference value :  1.66616e-04
 Reference value :  1.67416e-04
 Reference value :  1.67816e-04
 Reference value :  1.68416e-04
 Reference value :  1.68816e-04
 Reference value :  1.69616e-04
 Reference value :  1.70016e-04
 Reference value :  1.70616e-04
 Reference value :  1.71016e-04
 Reference value :  1.71416e-04
 Reference value :  1.72016e-04
 Reference value :  1.72616e-04
 Reference value :  1.73016e-04
 Reference value :  1.73616e-04
 Reference value :  1.74216e-04
 Reference value :  1.74816e-04
 Reference value :  1.75416e-04
 Reference value :  1.76016e-04
 Reference value :  1.76416e-04
 Reference value :  1.77216e-04
 Reference value :  1.77816e-04
 Reference value :  1.78416e-04
 Reference value :  1.79016e-04
 Reference value :  1.79616e-04
 Reference value :  1.80016e-04
 Reference value :  1.80416e-04
 Reference value :  1.81016e-04
 Reference value :  1.81616e-04
 Reference value :  1.82216e-04
 Reference value :  1.82616e-04
 Reference value :  1.83216e-04
 Reference value :  1.83816e-04
 Reference value :  1.84416e-04
 Reference value :  1.85016e-04
 Reference value :  1.85616e-04
 Reference value :  1.86216e-04
 Reference value :  1.86816e-04
 Reference value :  1.87416e-04
 Reference value :  1.88216e-04
 Reference value :  1.88816e-04
 Reference value :  1.89616e-04
 Reference value :  1.90416e-04
 Reference value :  1.91016e-04
 Reference value :  1.91616e-04
 Reference value :  1.92416e-04
 Reference value :  1.93216e-04
 Reference value :  1.93816e-04
 Reference value :  1.94416e-04
 Reference value :  1.95016e-04
 Reference value :  1.95816e-04
 Reference value :  1.96416e-04
 Reference value :  1.97016e-04
 Reference value :  1.97816e-04
 Reference value :  1.98616e-04
 Reference value :  1.99416e-04
 Reference value :  2.00216e-04
 Reference value :  2.00816e-04
 Reference value :  2.01416e-04
 Reference value :  2.02016e-04
 Reference value :  2.02616e-04
 Reference value :  2.03416e-04
 Reference value :  2.04016e-04
 Reference value :  2.04816e-04
 Reference value :  2.05616e-04
 Reference value :  2.06416e-04
 Reference value :  2.07216e-04
 Reference value :  2.08016e-04
 Reference value :  2.08816e-04
 Reference value :  2.09616e-04
 Reference value :  2.10216e-04
 Reference value :  2.10816e-04
 Reference value :  2.11416e-04
 Reference value :  2.12016e-04
 Reference value :  2.12616e-04
 Reference value :  2.13216e-04
 Reference value :  2.13816e-04
 Reference value :  2.14416e-04
 Reference value :  2.15016e-04
 Reference value :  2.15616e-04
 Reference value :  2.16216e-04
 Reference value :  2.17816e-04
 Reference value :  2.18416e-04
 Reference value :  2.19016e-04
 Reference value :  2.19616e-04
 Reference value :  2.20216e-04
 Reference value :  2.20816e-04
 Reference value :  2.21616e-04
 Reference value :  2.22216e-04
 Reference value :  2.22616e-04
 Reference value :  2.23216e-04
 Reference value :  2.23616e-04
 Reference value :  2.24016e-04
 Reference value :  2.24616e-04
 Reference value :  2.25216e-04
 Reference value :  2.25816e-04
 Reference value :  2.26416e-04
 Reference value :  2.27016e-04
 Reference value :  2.27616e-04
 Reference value :  2.28016e-04
 Reference value :  2.28616e-04
 Reference value :  2.29216e-04
 Reference value :  2.29616e-04
 Reference value :  2.30216e-04
 Reference value :  2.30816e-04
 Reference value :  2.31416e-04
 Reference value :  2.32016e-04
 Reference value :  2.32616e-04
 Reference value :  2.33416e-04
 Reference value :  2.34016e-04
 Reference value :  2.34616e-04
 Reference value :  2.35216e-04
 Reference value :  2.35616e-04
 Reference value :  2.36216e-04
 Reference value :  2.36816e-04
 Reference value :  2.37616e-04
 Reference value :  2.38216e-04
 Reference value :  2.38816e-04
 Reference value :  2.39416e-04
 Reference value :  2.40016e-04
 Reference value :  2.40616e-04
 Reference value :  2.41216e-04
 Reference value :  2.42016e-04
 Reference value :  2.42616e-04
 Reference value :  2.43216e-04
 Reference value :  2.43816e-04
 Reference value :  2.44416e-04
 Reference value :  2.45016e-04
 Reference value :  2.45616e-04
 Reference value :  2.46216e-04
 Reference value :  2.46816e-04
 Reference value :  2.47216e-04
 Reference value :  2.48016e-04
 Reference value :  2.48616e-04
 Reference value :  2.49216e-04
 Reference value :  2.49816e-04
 Reference value :  2.50416e-04
 Reference value :  2.51216e-04
 Reference value :  2.52016e-04
 Reference value :  2.52616e-04
 Reference value :  2.53216e-04
 Reference value :  2.53816e-04
 Reference value :  2.54416e-04
 Reference value :  2.55016e-04
 Reference value :  2.55816e-04
 Reference value :  2.56616e-04
 Reference value :  2.57416e-04
 Reference value :  2.58216e-04
 Reference value :  2.58816e-04
 Reference value :  2.59416e-04
 Reference value :  2.60216e-04
 Reference value :  2.61016e-04
 Reference value :  2.61816e-04
 Reference value :  2.62616e-04
 Reference value :  2.63416e-04
 Reference value :  2.64216e-04
 Reference value :  2.65016e-04
 Reference value :  2.65616e-04
 Reference value :  2.66416e-04
 Reference value :  2.67216e-04
 Reference value :  2.68016e-04
 Reference value :  2.68816e-04
 Reference value :  2.69416e-04
 Reference value :  2.70016e-04
 Reference value :  2.70616e-04
 Reference value :  2.71216e-04
 Reference value :  2.72016e-04
 Reference value :  2.72616e-04
 Reference value :  2.73216e-04
 Reference value :  2.73616e-04
 Reference value :  2.74216e-04
 Reference value :  2.74816e-04
 Reference value :  2.75216e-04
 Reference value :  2.75816e-04
 Reference value :  2.76416e-04
 Reference value :  2.77016e-04
 Reference value :  2.77616e-04
 Reference value :  2.78216e-04
 Reference value :  2.78616e-04
 Reference value :  2.79416e-04
 Reference value :  2.79816e-04
 Reference value :  2.80416e-04
 Reference value :  2.81016e-04
 Reference value :  2.81816e-04
 Reference value :  2.82616e-04
 Reference value :  2.83416e-04
 Reference value :  2.84016e-04
 Reference value :  2.84616e-04
 Reference value :  2.85416e-04
 Reference value :  2.86016e-04
 Reference value :  2.86616e-04
 Reference value :  2.87216e-04
 Reference value :  2.88016e-04
 Reference value :  2.88816e-04
 Reference value :  2.89416e-04
 Reference value :  2.90216e-04
 Reference value :  2.90816e-04
 Reference value :  2.91616e-04
 Reference value :  2.92216e-04
 Reference value :  2.93016e-04
 Reference value :  2.93816e-04
 Reference value :  2.94416e-04
 Reference value :  2.95216e-04
 Reference value :  2.95816e-04
 Reference value :  2.96416e-04
 Reference value :  2.97016e-04
 Reference value :  2.97816e-04
 Reference value :  2.98416e-04
 Reference value :  2.99016e-04
 Reference value :  2.99616e-04
 Reference value :  3.00216e-04
 Reference value :  3.01016e-04
 Reference value :  3.01416e-04
 Reference value :  3.02016e-04
 Reference value :  3.02416e-04
 Reference value :  3.02816e-04
 Reference value :  3.03216e-04
 Reference value :  3.03816e-04
 Reference value :  3.04416e-04
 Reference value :  3.05016e-04
 Reference value :  3.05616e-04
 Reference value :  3.06216e-04
 Reference value :  3.06816e-04
 Reference value :  3.07416e-04
 Reference value :  3.08216e-04
 Reference value :  3.08616e-04
 Reference value :  3.09216e-04
 Reference value :  3.09816e-04
 Reference value :  3.10416e-04
 Reference value :  3.11216e-04
 Reference value :  3.12016e-04
 Reference value :  3.12816e-04
 Reference value :  3.13616e-04
 Reference value :  3.14416e-04
 Reference value :  3.15216e-04
 Reference value :  3.15816e-04
 Reference value :  3.16416e-04
 Reference value :  3.17216e-04
 Reference value :  3.18016e-04
 Reference value :  3.18816e-04
 Reference value :  3.19616e-04
 Reference value :  3.20416e-04
 Reference value :  3.21216e-04
 Reference value :  3.22016e-04
 Reference value :  3.22816e-04
 Reference value :  3.23616e-04
 Reference value :  3.24216e-04
 Reference value :  3.25016e-04
 Reference value :  3.25616e-04
 Reference value :  3.26216e-04
 Reference value :  3.26816e-04
 Reference value :  3.27416e-04
 Reference value :  3.28016e-04
 Reference value :  3.28816e-04
 Reference value :  3.29616e-04
 Reference value :  3.30216e-04
 Reference value :  3.30816e-04
 Reference value :  3.31616e-04
 Reference value :  3.32216e-04
 Reference value :  3.32816e-04
 Reference value :  3.33616e-04
 Reference value :  3.34216e-04
 Reference value :  3.34816e-04
 Reference value :  3.35416e-04
 Reference value :  3.36016e-04
 Reference value :  3.36616e-04
 Reference value :  3.37216e-04
 Reference value :  3.38016e-04
 Reference value :  3.38616e-04
 Reference value :  3.39416e-04
 Reference value :  3.39816e-04
 Reference value :  3.40416e-04
 Reference value :  3.41016e-04
 Reference value :  3.41816e-04
 Reference value :  3.42416e-04
 Reference value :  3.43016e-04
 Reference value :  3.43616e-04
 Reference value :  3.44216e-04
 Reference value :  3.44616e-04
 Reference value :  3.45216e-04
 Reference value :  3.45816e-04
 Reference value :  3.46616e-04
 Reference value :  3.47416e-04
 Reference value :  3.48216e-04
 Reference value :  3.49016e-04
 Reference value :  3.49816e-04
 Reference value :  3.50416e-04
 Reference value :  3.51016e-04
 Reference value :  3.51616e-04
 Reference value :  3.52216e-04
 Reference value :  3.52816e-04
 Reference value :  3.53416e-04
 Reference value :  3.54216e-04
 Reference value :  3.54816e-04
 Reference value :  3.55416e-04
 Reference value :  3.55816e-04
 Reference value :  3.56416e-04
 Reference value :  3.57216e-04
 Reference value :  3.57816e-04
 Reference value :  3.58416e-04
 Reference value :  3.59016e-04
 Reference value :  3.59816e-04
 Reference value :  3.60416e-04
 Reference value :  3.61016e-04
 Reference value :  3.61616e-04
 Reference value :  3.62216e-04
 Reference value :  3.62816e-04
 Reference value :  3.63416e-04
 Reference value :  3.64016e-04
 Reference value :  3.64816e-04
 Reference value :  3.65416e-04
 Reference value :  3.66216e-04
 Reference value :  3.66816e-04
 Reference value :  3.67616e-04
 Reference value :  3.68016e-04
 Reference value :  3.68616e-04
 Reference value :  3.69216e-04
 Reference value :  3.69816e-04
 Reference value :  3.70416e-04
 Reference value :  3.71216e-04
 Reference value :  3.72016e-04
 Reference value :  3.72616e-04
 Reference value :  3.73416e-04
 Reference value :  3.74216e-04
 Reference value :  3.75016e-04
 Reference value :  3.75816e-04
 Reference value :  3.76416e-04
 Reference value :  3.77016e-04
 Reference value :  3.77816e-04
 Reference value :  3.78416e-04
 Reference value :  3.79016e-04
 Reference value :  3.79616e-04
 Reference value :  3.80216e-04
 Reference value :  3.81016e-04
 Reference value :  3.81816e-04
 Reference value :  3.82616e-04
 Reference value :  3.83416e-04
 Reference value :  3.84216e-04
 Reference value :  3.84816e-04
 Reference value :  3.85616e-04
 Reference value :  3.86416e-04
 Reference value :  3.87016e-04
 Reference value :  3.87616e-04
 Reference value :  3.88216e-04
 Reference value :  3.88816e-04
 Reference value :  3.89416e-04
 Reference value :  3.90016e-04
 Reference value :  3.90616e-04
 Reference value :  3.91216e-04
 Reference value :  3.91616e-04
 Reference value :  3.92216e-04
 Reference value :  3.92816e-04
 Reference value :  3.93416e-04
 Reference value :  3.94016e-04
 Reference value :  3.94616e-04
 Reference value :  3.95216e-04
 Reference value :  3.96016e-04
 Reference value :  3.96616e-04
 Reference value :  3.97216e-04
 Reference value :  3.97816e-04
 Reference value :  3.98416e-04
 Reference value :  3.99016e-04
 Reference value :  3.99616e-04
 Reference value :  4.00216e-04
 Reference value :  4.01016e-04
 Reference value :  4.01816e-04
 Reference value :  4.02416e-04
 Reference value :  4.03216e-04
 Reference value :  4.03816e-04
 Reference value :  4.04216e-04
 Reference value :  4.04816e-04
 Reference value :  4.05216e-04
 Reference value :  4.05816e-04
 Reference value :  4.06416e-04
 Reference value :  4.07016e-04
 Reference value :  4.07616e-04
 Reference value :  4.08216e-04
 Reference value :  4.08816e-04
 Reference value :  4.09416e-04
 Reference value :  4.10016e-04
 Reference value :  4.10616e-04
 Reference value :  4.11216e-04
 Reference value :  4.11616e-04
 Reference value :  4.12216e-04
 Reference value :  4.12816e-04
 Reference value :  4.13416e-04
 Reference value :  4.14016e-04
 Reference value :  4.14616e-04
 Reference value :  4.15416e-04
 Reference value :  4.16016e-04
 Reference value :  4.16416e-04
 Reference value :  4.17016e-04
 Reference value :  4.17616e-04
 Reference value :  4.18216e-04
 Reference value :  4.18616e-04
 Reference value :  4.19016e-04
 Reference value :  4.19416e-04
 Reference value :  4.19816e-04
 Reference value :  4.20416e-04
 Reference value :  4.20816e-04
 Reference value :  4.21216e-04
 Reference value :  4.21616e-04
 Reference value :  4.22216e-04
 Reference value :  4.22616e-04
 Reference value :  4.23216e-04
 Reference value :  4.23616e-04
 Reference value :  4.24216e-04
 Reference value :  4.24816e-04
 Reference value :  4.25416e-04
 Reference value :  4.25816e-04
 Reference value :  4.26616e-04
 Reference value :  4.27216e-04
 Reference value :  4.27816e-04
 Reference value :  4.28416e-04
 Reference value :  4.29016e-04
 Reference value :  4.29416e-04
 Reference value :  4.29816e-04
 Reference value :  4.30416e-04
 Reference value :  4.31016e-04
 Reference value :  4.31816e-04
 Reference value :  4.32616e-04
 Reference value :  4.33216e-04
 Reference value :  4.33816e-04
 Reference value :  4.34416e-04
 Reference value :  4.35016e-04
 Reference value :  4.35816e-04
 Reference value :  4.36416e-04
 Reference value :  4.37016e-04
 Reference value :  4.37616e-04
 Reference value :  4.38216e-04
 Reference value :  4.38816e-04
 Reference value :  4.39416e-04
 Reference value :  4.40016e-04
 Reference value :  4.40616e-04
 Reference value :  4.41216e-04
 Reference value :  4.41816e-04
 Reference value :  4.42416e-04
 Reference value :  4.43216e-04
 Reference value :  4.43616e-04
 Reference value :  4.44216e-04
 Reference value :  4.44816e-04
 Reference value :  4.45416e-04
 Reference value :  4.45816e-04
 Reference value :  4.46416e-04
 Reference value :  4.47016e-04
 Reference value :  4.47416e-04
 Reference value :  4.48016e-04
 Reference value :  4.48616e-04
 Reference value :  4.49216e-04
 Reference value :  4.49616e-04
 Reference value :  4.50216e-04
 Reference value :  4.50816e-04
 Reference value :  4.51416e-04
 Reference value :  4.52016e-04
 Reference value :  4.52616e-04
 Reference value :  4.53216e-04
 Reference value :  4.54616e-04
 Reference value :  4.55216e-04
 Reference value :  4.73816e-04
 Reference value :  4.74416e-04
 Reference value :  4.84216e-04
 Reference value :  5.18816e-04
 Reference value :  5.23216e-04
 Reference value :  5.24016e-04
 Reference value :  5.24816e-04
 Reference value :  5.25616e-04
 Reference value :  5.26416e-04
 Reference value :  5.27016e-04
 Reference value :  5.27816e-04
 Reference value :  5.28616e-04
 Reference value :  5.62216e-04
 Reference value :  5.71616e-04
 Reference value :  6.06816e-04
 Reference value :  6.36616e-04
 Reference value :  6.49016e-04
 Reference value :  6.85416e-04
 Reference value :  7.18216e-04
 Reference value :  7.51016e-04
 Reference value :  7.83616e-04
 Reference value :  8.29016e-04
 Reference value :  8.78216e-04
 Reference value :  9.27416e-04
 Reference value :  9.78016e-04
 Reference value :  1.02210e-03
 Reference value :  1.07150e-03
 Reference value :  1.11790e-03
 Reference value :  1.16210e-03
 Reference value :  1.20930e-03
 Reference value :  1.25530e-03
 Reference value :  1.30410e-03
 Reference value :  1.33390e-03
 Reference value :  1.34950e-03
 Reference value :  1.37190e-03
 Reference value :  1.40010e-03
 Reference value :  1.42310e-03
 Reference value :  1.44590e-03
 Reference value :  1.46930e-03
 Reference value :  1.48970e-03
 Reference value :  1.53150e-03
 Reference value :  1.57550e-03
 Reference value :  1.62210e-03
 Reference value :  1.66610e-03
 Reference value :  1.71470e-03
 Reference value :  1.74470e-03
 Reference value :  1.75610e-03
 Reference value :  1.77170e-03
 Reference value :  1.78410e-03
 Reference value :  1.79830e-03
 Reference value :  1.81790e-03
 Reference value :  1.83570e-03
 Reference value :  1.84930e-03
 Reference value :  1.85390e-03
 Reference value :  1.85850e-03
 Reference value :  1.85930e-03
 Reference value :  1.86230e-03
 Reference value :  1.86870e-03
 Reference value :  1.88230e-03
 Reference value :  1.89230e-03
 Reference value :  1.90930e-03
 Reference value :  1.92930e-03
 Reference value :  1.93990e-03
 Reference value :  1.95110e-03
 Reference value :  1.96090e-03
 Reference value :  1.96890e-03
 Reference value :  1.97790e-03
 Reference value :  2.02830e-03
 Reference value :  2.07190e-03
 Reference value :  2.12230e-03
 Reference value :  2.17270e-03
 Reference value :  2.20750e-03
 Reference value :  2.22670e-03
 Reference value :  2.27010e-03
 Reference value :  2.31230e-03
 Reference value :  2.35430e-03
 Reference value :  2.35950e-03
 Reference value :  2.36310e-03
 Reference value :  2.39070e-03
 Reference value :  2.42430e-03
 Reference value :  2.44990e-03
 Reference value :  2.46270e-03
 Reference value :  2.47250e-03
No. of Data Rows : 12571
t_vdd_s             =  9.76431e-04
t_ref_s             =  9.56481e-04
t_vdd_f             =  9.76431e-07
t_ref_f             =  1.04297e-06
t_vdd_g             =  9.76431e-10
t_ref_g             =  2.48868e-09
v_s                 =  1.12944e+00
v_f                 =  1.12944e+00
v_g                 =  1.12944e+00
v_n                 =  5.77342e-02
g_n                 =  2.94154e+00
isg                 =  -3.89005e-05
meas_t_start_s = -1.99498e-05
meas_t_start_f = 6.654300e-08
meas_t_start_g = 1.512246e-09
meas_t_abs_s = 9.564812e-04
meas_vref_s = 1.129444e+00
meas_vref_f = 1.129444e+00
meas_vref_g = 1.129444e+00
meas_vref_spread = 0.000000e+00
meas_vref_n = 5.773416e-02
meas_gn_n = 2.941538e+00
meas_isup_g = 3.890049e-05
ngspice-46 done

# ==== ngspice stderr ====

