# corner: fs_27c_3.63v
# process=fs temp=27C supply=3.63V
# ngspice exit: 0
# wall clock: 74.9s (--timeout was 300s)
# result: PASS

# ==== deck (exact input given to ngspice) ====
| * startup-ramp corner deck -- generated by sim/bin/corner-run.py, do not edit
| * corner: fs_27c_3.63v
| .param vsup=3.63
| .param t_slow=1e-3
| .param t_fast=1e-6
| .option wnflag=1
| .temp 27
| .lib "/home/ubuntu/.volare/sky130A/libs.tech/combined/sky130.lib.spice" fs
| ** sch_path: sim/startup-ramp/testbench/tb_startup_ramp.sch
| **.subckt tb_startup_ramp
| VSLOW VDDS 0 pwl(0 0 't_slow' 'vsup')
| .save i(vslow)
| VFAST VDDF 0 pwl(0 0 't_fast' 'vsup')
| .save i(vfast)
| VDEGN VDDN 0 pwl(0 0 1n 'vsup')
| .save i(vdegn)
| XSLOW VREFS GS VDDS 0 bandgap_core
| XSUS GS VREFS VDDS 0 startup_injector
| XFAST VREFF GF VDDF 0 bandgap_core
| XSUF GF VREFF VDDF 0 startup_injector
| XDEGN VREFN GN VDDN 0 bandgap_core
| VDEG VDDG 0 pwl(0 0 1n 'vsup')
| .save i(vdeg)
| XDEG VREFG GG VDDG 0 bandgap_core
| XSUG GG VREFG VDDG 0 startup_injector
| **** begin user architecture code
| 
| 
| * Put the XDEG copy (injector attached) and the XDEGN control copy (no
| * injector) in the degenerate zero-current state at t = 0: their mirror gates
| * start at the supply rail, which is where the all-off solution parks them,
| * while every other node starts at 0 V (UIC). Nothing holds GG/GN there after
| * t = 0 -- .ic only sets the transient's starting point -- so whether either
| * circuit leaves that state is decided by the circuit, not by the deck.
| .ic v(GG)='vsup' v(GN)='vsup'
| 
| 
| **** end user architecture code
| **.ends
| 
| * expanding   symbol:  design/bandgap_core.sym # of pins=4
| ** sym_path: design/bandgap_core.sym
| ** sch_path: design/bandgap_core.sch
| .subckt bandgap_core VOUT GDRV VDD VSS
| *.opin VOUT
| *.iopin GDRV
| *.iopin VDD
| *.iopin VSS
| **** begin user architecture code
| 
| 
| * ---- Kuijk core parameters (issue #8) ----
| * PNP emitter-area ratio N is built ONLY from paralleled unit devices:
| *   N = (n_pnp_ptat * 11.56 um2) / (n_pnp_ctat * 0.4624 um2)
| * Keep both counts equal to hold the pair's measured dVBE while lowering the
| * per-unit current and sigma(dVBE); raise n_pnp_ptat alone for more PTAT.
| .param n_pnp_ctat=8
| .param n_pnp_ptat=8
| * res_high_po unit segment: W = r_w um, L = r_lseg um (R ~ 380 + 325*L ohm)
| .param r_w=1
| .param r_lseg=5
| * segment counts. K = R2/R1 (each leg has its own head resistance, so
| * K != n_r2/n_r1 exactly -- see the header comment). n_r2 was RESIZED 54 -> 50
| * by issue #99 (see RESIZE STATUS below); n_r1 held at 7. The #46 single-
| * device investigation (why the OLD n_r2=54 was chosen, and why +1 was
| * rejected there) is retained in the header Sizing rationale, superseded by
| * the resize.
| * RESIZE STATUS (issue #99 / DR-003, RESOLVED): n_r1/n_r2 are now sized
| * against the ROUTED LAYOUT's real chained-array topology -- the ground truth
| * the fabricated part experiences -- NOT the single-res_high_po-device-per-leg
| * model this schematic's own XR1/XR2A/XR2B lines still draw. Issue #98/DR-003
| * (sim/res-array-head-resistance/) established that the routed layout draws
| * each leg as N separately-contacted unit instances in series
| * (layout/bin/gen_bandgap_routed.py's bus_res_series), paying real per-instance
| * head resistance: at the old n_r2=54 that made the REAL part's K=R2/R1 read
| * 8.1474 vs the single-device model's 7.4973, pushing VOUT(27 degC) to
| * ~1.233 V (outside the draft +/-1% window 1.188..1.212 V) at all 5
| * (process,supply) corners and collapsing regulation at ff/2.97 V and
| * fs/2.97 V. Resizing n_r2 54 -> 50 (n_r1 left at 7 so branch current -- and
| * therefore hot-corner headroom -- is not raised while K is corrected) brings
| * the real chained topology's K back to 7.576 and VOUT(27 degC) back to
| * ~1.198 V, IN the +/-1% window at ALL 5 corners with NO hot-corner collapse,
| * and the DR-002 downward 0..-16 trim range still covering. Full PVT + trim
| * re-verification: sim/res-array-resize/records/ (issue #99).
| * CONSEQUENCE for the single-device model: because these XR1/XR2A/XR2B lines
| * still model each leg as ONE res_high_po device (omitting the per-instance
| * head resistance the real part pays), simulating THIS schematic as-drawn
| * (e.g. sim/output-voltage-tc's single-device tb_vref_tc, netlisted by xschem)
| * now reads VOUT(27 degC) ~1.165 V -- LOW *by design*. That ~33 mV gap IS the
| * head resistance the routed part uses to reach 1.198 V; it is not an error,
| * and the single-device harness is no longer the sizing reference of record
| * (DR-003: every single-device record models a topology the layout does not
| * build). NEXT INCREMENT (not done here, per one-lever-per-increment): the
| * routed layout generator (gen_bandgap_routed.py's N_R1/SCH_N_R2/N_R2_COARSE,
| * currently still transcribing n_r2=54) must be re-transcribed to n_r2=50 and
| * re-verified through klayout DRC/LVS -- see DR-003's closure and
| * layout/matching-plan.md Section 7x.
| .param n_r1=7
| .param n_r2=50
| * PMOS mirror multiplicities (unit device W=8u L=2u)
| .param m_out=2
| .param m_ampbias=2
| * ---- Trim network (issue #13), DOWNWARD ONLY -- see DR-002 ----
| * Ladder-tap length added to R2A/R2B equally (metal option, no switches).
| * n_r2_trim: valid range 0..-16 only. r_lseg_trim: 1 um/code (~1.7 mV/code)
| * in DR-002's original SINGLE-DEVICE model. Positive codes are REJECTED:
| * this is the same R2/R1 ratio issue #46 found causes ff/2.97V, fs/2.97V
| * hot-corner (>~123C) operating-point collapse at even a +5 um increase
| * (n_r2=55). sim/trim-range-monotonicity/ reconfirms it for trim and finds
| * codes +1/+2 ALSO collapse (VOUT -> ~2.8V) while +3/+4 happen not to --
| * non-monotonic-in-code, i.e. no positive code is a certified-safe point,
| * not a safe zone at +3/+4. Only downward (R2 decrease) moves away from
| * that edge; confirmed monotonic, collapse-free to -16 across corners. See
| * DR-002 and the sim record for the full case.
| * LSB REVISION (issue #106, DR-002 revision): the routed layout's fine trim
| * chain does NOT draw one length-tapped device -- it chains N separately-
| * contacted res_high_po unit instances (layout/bin/gen_bandgap_routed.py's
| * bus_res_series), each paying a real per-instance head/fringe resistance
| * term this schematic's single-device XR2A/XR2B lines do not model (DR-003,
| * sim/res-array-head-resistance/). Re-deriving DR-002's <=3.000 mV/code LSB
| * comfort bound against that REAL chained topology at the adopted
| * n_r1=7/n_r2=50 sizing (sim/trim-lsb-chained/) found the shipped
| * r_lseg_trim=1 per-code step reads 3.12-3.15 mV/code across all 5 corners
| * -- a real, measured violation of the comfort bound (smaller than an
| * earlier, now-superseded estimate against an abandoned n_r1=6/n_r2=42
| * sizing, but still a violation). Halving the fine unit's drawn length to
| * 0.5 um fixes it: the per-instance head-resistance term (~379.7 ohm, the
| * DOMINANT piece of the per-code step) is a PDK-model-card constant
| * independent of the unit's drawn length, so only the smaller `rbody`
| * fringe term shrinks -- re-verified at r_lseg_trim=0.5 to read
| * 2.40-2.42 mV/code, PASS at all 5 corners, with the same certified 0..-16
| * code range and downward span still clearing DR-002's 1.5x-of-3sigma
| * coverage target. See sim/trim-lsb-chained/records/ for the full
| * re-derivation. NEXT INCREMENT (not done here, per one-lever-per-
| * increment): layout/bin/gen_bandgap_routed.py's
| * R_LSEG_TRIM_UM/SCH_R_LSEG_TRIM_UM (currently still transcribing 1 um)
| * must be re-transcribed to 0.5 um and the routed cell re-verified through
| * klayout DRC/LVS -- klayout's extraction backend is not available in this
| * run environment, so that is a follow-up issue, the same split issue #99
| * used for #107/#108.
| .param n_r2_trim=0
| .param r_lseg_trim=0.5
| 
| 
| **** end user architecture code
| XMPOUT VOUT GDRV VDD VDD sky130_fd_pr__pfet_g5v0d10v5 L=2 W=8 nf=1 ad=2.32 as=2.32 pd=16.58 ps=16.58 nrd=0.03625 nrs=0.03625 sa=0 sb=0 sd=0 mult='m_out' m='m_out'
| XMPAMP TAIL GDRV VDD VDD sky130_fd_pr__pfet_g5v0d10v5 L=2 W=8 nf=1 ad=2.32 as=2.32 pd=16.58 ps=16.58 nrd=0.03625 nrs=0.03625 sa=0 sb=0 sd=0 mult='m_ampbias' m='m_ampbias'
| XAMP VB VA GDRV TAIL VDD VSS error_amp
| XR2A VA VOUT VSS sky130_fd_pr__res_high_po W='r_w' L='r_lseg*n_r2+r_lseg_trim*n_r2_trim' mult=1 m=1
| XR2B VB VOUT VSS sky130_fd_pr__res_high_po W='r_w' L='r_lseg*n_r2+r_lseg_trim*n_r2_trim' mult=1 m=1
| XQ1 VSS VSS VA sky130_fd_pr__pnp_05v5_W0p68L0p68 m='n_pnp_ctat' mult='n_pnp_ctat'
| XR1 VBQ VB VSS sky130_fd_pr__res_high_po W='r_w' L='r_lseg*n_r1' mult=1 m=1
| XQ2 VSS VSS VBQ sky130_fd_pr__pnp_05v5_W3p40L3p40 m='n_pnp_ptat' mult='n_pnp_ptat'
| .ends
| 
| 
| * expanding   symbol:  design/startup_injector.sym # of pins=4
| ** sym_path: design/startup_injector.sym
| ** sch_path: design/startup_injector.sch
| .subckt startup_injector GDRV VSENSE VDD VSS
| *.iopin GDRV
| *.ipin VSENSE
| *.iopin VDD
| *.iopin VSS
| **** begin user architecture code
| 
| 
| * ---- startup injector parameters (issue #10) ----
| * m_ref  : units of the (W=1 L=20) diode-connected reference PMOS. Raising it
| *          raises BOTH the release threshold and the residual current the cell
| *          draws from GDRV once disengaged -- the two are the same current.
| * m_sense: units of the (W=48 L=0.5) sense NMOS. Raising it lowers the release
| *          threshold (better disengage, less traverse margin).
| * m_pnp  : unit PNPs in the threshold reference. Raising it lowers VBE at the
| *          sense current, i.e. lowers the release threshold.
| * m_inj  : units of the (W=10 L=0.5) injector NMOS. Scales the eviction
| *          current and the disengaged residual in the same proportion.
| * m_clamp: units of the (W=4 L=1) railed-branch clamp NMOS MNC. Scales only
| *          how hard the railed branch is evicted; MNC is off by more than a
| *          threshold at every legitimate operating point, so this knob does
| *          NOT trade against the disengaged residual the way m_ref does.
| .param m_ref=1
| .param m_sense=1
| .param m_pnp=8
| .param m_inj=1
| .param m_clamp=1
| 
| 
| **** end user architecture code
| XMPC1 NC1 NC1 GDRV VDD sky130_fd_pr__pfet_g5v0d10v5 L=20 W=1 nf=1 ad=0.29 as=0.29 pd=2.58 ps=2.58 nrd=0.29 nrs=0.29 sa=0 sb=0 sd=0 mult='m_ref' m='m_ref'
| XMPC2 NG NG NC1 VDD sky130_fd_pr__pfet_g5v0d10v5 L=20 W=1 nf=1 ad=0.29 as=0.29 pd=2.58 ps=2.58 nrd=0.29 nrs=0.29 sa=0 sb=0 sd=0 mult='m_ref' m='m_ref'
| XMNS NG VSENSE NE VSS sky130_fd_pr__nfet_g5v0d10v5 L=0.5 W=48 nf=1 ad=13.92 as=13.92 pd=96.58 ps=96.58 nrd=0.00604166666666667 nrs=0.00604166666666667 sa=0 sb=0 sd=0 mult='m_sense' m='m_sense'
| XQS VSS VSS NE sky130_fd_pr__pnp_05v5_W0p68L0p68 m='m_pnp' mult='m_pnp'
| XMNI GDRV NG VSS VSS sky130_fd_pr__nfet_g5v0d10v5 L=0.5 W=10 nf=1 ad=2.9 as=2.9 pd=20.58 ps=20.58 nrd=0.029 nrs=0.029 sa=0 sb=0 sd=0 mult='m_inj' m='m_inj'
| XMNC VDD VSENSE GDRV VSS sky130_fd_pr__nfet_g5v0d10v5 L=1 W=4 nf=1 ad=1.16 as=1.16 pd=8.58 ps=8.58 nrd=0.0725 nrs=0.0725 sa=0 sb=0 sd=0 mult='m_clamp' m='m_clamp'
| .ends
| 
| 
| * expanding   symbol:  design/error_amp.sym # of pins=6
| ** sym_path: design/error_amp.sym
| ** sch_path: design/error_amp.sch
| .subckt error_amp VINP VINN AOUT ITAIL VDD VSS
| *.ipin VINP
| *.ipin VINN
| *.opin AOUT
| *.iopin ITAIL
| *.iopin VDD
| *.iopin VSS
| **** begin user architecture code
| 
| 
| * ---- error-amp device multiplicities (issue #9 sizing) ----
| * Unit geometry is fixed on the instances below; mult is the matching axis
| * (sigma(Vth) scales as 1/sqrt(W*L*mult) in the PDK's own model).
| * amp_m_in    : input-pair PMOS units   (W=20u L=10u each -> 3200 um^2 total)
| * amp_m_nmirr : NMOS load/mirror units  (W=8u  L=20u each ->  640 um^2 total)
| * amp_m_pmirr : PMOS mirror units       (W=6u  L=20u each ->  960 um^2 total)
| * amp_m_cc    : MOS-capacitor units     (W=30u L=20u each -> 9600 um^2 total)
| .param amp_m_in=16
| .param amp_m_nmirr=4
| .param amp_m_pmirr=8
| .param amp_m_cc=16
| 
| 
| **** end user architecture code
| XMP1 D1 VINP ITAIL VDD sky130_fd_pr__pfet_g5v0d10v5 L=10 W=20 nf=1 ad=5.8 as=5.8 pd=40.58 ps=40.58 nrd=0.0145 nrs=0.0145 sa=0 sb=0
| + sd=0 mult='amp_m_in' m='amp_m_in'
| XMP2 D2 VINN ITAIL VDD sky130_fd_pr__pfet_g5v0d10v5 L=10 W=20 nf=1 ad=5.8 as=5.8 pd=40.58 ps=40.58 nrd=0.0145 nrs=0.0145 sa=0 sb=0
| + sd=0 mult='amp_m_in' m='amp_m_in'
| XMN1 D1 D1 VSS VSS sky130_fd_pr__nfet_g5v0d10v5 L=20 W=8 nf=1 ad=2.32 as=2.32 pd=16.58 ps=16.58 nrd=0.03625 nrs=0.03625 sa=0 sb=0 sd=0
| + mult='amp_m_nmirr' m='amp_m_nmirr'
| XMN2 D2 D2 VSS VSS sky130_fd_pr__nfet_g5v0d10v5 L=20 W=8 nf=1 ad=2.32 as=2.32 pd=16.58 ps=16.58 nrd=0.03625 nrs=0.03625 sa=0 sb=0 sd=0
| + mult='amp_m_nmirr' m='amp_m_nmirr'
| XMN3 AOUT D1 VSS VSS sky130_fd_pr__nfet_g5v0d10v5 L=20 W=8 nf=1 ad=2.32 as=2.32 pd=16.58 ps=16.58 nrd=0.03625 nrs=0.03625 sa=0 sb=0
| + sd=0 mult='amp_m_nmirr' m='amp_m_nmirr'
| XMN4 PN D2 VSS VSS sky130_fd_pr__nfet_g5v0d10v5 L=20 W=8 nf=1 ad=2.32 as=2.32 pd=16.58 ps=16.58 nrd=0.03625 nrs=0.03625 sa=0 sb=0 sd=0
| + mult='amp_m_nmirr' m='amp_m_nmirr'
| XMP4 AOUT PN VDD VDD sky130_fd_pr__pfet_g5v0d10v5 L=20 W=6 nf=1 ad=1.74 as=1.74 pd=12.58 ps=12.58 nrd=0.0483333333333333 nrs=0.0483333333333333
| + sa=0 sb=0 sd=0 mult='amp_m_pmirr' m='amp_m_pmirr'
| XMP3 PN PN VDD VDD sky130_fd_pr__pfet_g5v0d10v5 L=20 W=6 nf=1 ad=1.74 as=1.74 pd=12.58 ps=12.58 nrd=0.0483333333333333 nrs=0.0483333333333333
| + sa=0 sb=0 sd=0 mult='amp_m_pmirr' m='amp_m_pmirr'
| XMCC VDD AOUT VDD VDD sky130_fd_pr__pfet_g5v0d10v5 L=20 W=30 nf=1 ad=8.7 as=8.7 pd=60.58 ps=60.58 nrd=0.00966666666666667 nrs=0.00966666666666667
| + sa=0 sb=0 sd=0 mult='amp_m_cc' m='amp_m_cc'
| .ends
| 
| .control
| save all
| tran 200n 2.5m uic
| meas tran t_vdd_s when v(vdds)=2.90 rise=1
| meas tran t_ref_s when v(vrefs)=1.05 rise=1
| meas tran t_vdd_f when v(vddf)=2.90 rise=1
| meas tran t_ref_f when v(vreff)=1.05 rise=1
| meas tran t_vdd_g when v(vddg)=2.90 rise=1
| meas tran t_ref_g when v(vrefg)=1.05 rise=1
| meas tran v_s find v(vrefs) at=2.45e-3
| meas tran v_f find v(vreff) at=2.45e-3
| meas tran v_g find v(vrefg) at=2.45e-3
| meas tran v_n find v(vrefn) at=2.45e-3
| meas tran g_n find v(gn) at=2.45e-3
| meas tran isg find i(vdeg) at=2.45e-3
| let meas_t_start_s = t_ref_s - t_vdd_s
| let meas_t_start_f = t_ref_f - t_vdd_f
| let meas_t_start_g = t_ref_g - t_vdd_g
| let meas_t_abs_s = t_ref_s
| let meas_vref_s = v_s
| let meas_vref_f = v_f
| let meas_vref_g = v_g
| let meas_vref_spread = abs(v_s - v_g) + abs(v_s - v_f)
| let meas_vref_n = v_n
| let meas_gn_n = g_n
| let meas_isup_g = -isg
| print meas_t_start_s
| print meas_t_start_f
| print meas_t_start_g
| print meas_t_abs_s
| print meas_vref_s
| print meas_vref_f
| print meas_vref_g
| print meas_vref_spread
| print meas_vref_n
| print meas_gn_n
| print meas_isup_g
| quit
| .endc
| .end

# ==== ngspice stdout ====

Note: Compatibility modes selected: hs a


Circuit: * startup-ramp corner deck -- generated by sim/bin/corner-run.py, do not edit

option SCALE: Scale is set to 1e-06 for instance and model parameters
option SCALE: Scale is set to 1e-06 for instance and model parameters
option SCALE: Scale is set to 1e-06 for instance and model parameters
option SCALE: Scale is set to 1e-06 for instance and model parameters
Doing analysis at TEMP = 27.000000 and TNOM = 27.000000

Using KLU as Direct Linear Solver
Operating point simulation skipped by 'uic',
  now using transient initial conditions.
 Reference value :  1.00000e-11
 Reference value :  1.02807e-11
 Reference value :  1.42100e-11
 Reference value :  2.55651e-11
 Reference value :  2.98756e-11
 Reference value :  4.97574e-11
 Reference value :  1.11484e-10
 Reference value :  1.72929e-10
 Reference value :  3.18141e-10
 Reference value :  4.53352e-10
 Reference value :  4.99811e-10
 Reference value :  6.69282e-10
 Reference value :  8.34641e-10
 Reference value :  1.09785e-09
 Reference value :  1.40825e-09
 Reference value :  2.16229e-09
 Reference value :  2.78844e-09
 Reference value :  3.66903e-09
 Reference value :  7.80464e-09
 Reference value :  1.19578e-08
 Reference value :  1.83246e-08
 Reference value :  4.93710e-08
 Reference value :  6.99168e-08
 Reference value :  1.56843e-07
 Reference value :  2.02752e-07
 Reference value :  2.41283e-07
 Reference value :  2.66916e-07
 Reference value :  2.95585e-07
 Reference value :  3.18795e-07
 Reference value :  3.36961e-07
 Reference value :  4.38875e-07
 Reference value :  5.55586e-07
 Reference value :  8.02884e-07
 Reference value :  8.89853e-07
 Reference value :  9.44926e-07
 Reference value :  9.89133e-07
 Reference value :  1.02986e-06
 Reference value :  1.14104e-06
 Reference value :  1.23387e-06
 Reference value :  1.50701e-06
 Reference value :  2.01498e-06
 Reference value :  2.61498e-06
 Reference value :  3.61498e-06
 Reference value :  4.41498e-06
 Reference value :  5.61498e-06
 Reference value :  6.61498e-06
 Reference value :  7.41498e-06
 Reference value :  8.21498e-06
 Reference value :  8.81498e-06
 Reference value :  9.41498e-06
 Reference value :  1.02150e-05
 Reference value :  1.08150e-05
 Reference value :  1.14150e-05
 Reference value :  1.20150e-05
 Reference value :  1.26150e-05
 Reference value :  1.32150e-05
 Reference value :  1.40150e-05
 Reference value :  1.48150e-05
 Reference value :  1.56150e-05
 Reference value :  1.64150e-05
 Reference value :  1.72150e-05
 Reference value :  1.80150e-05
 Reference value :  1.86150e-05
 Reference value :  1.96150e-05
 Reference value :  2.06150e-05
 Reference value :  2.14150e-05
 Reference value :  2.24150e-05
 Reference value :  2.32150e-05
 Reference value :  2.40150e-05
 Reference value :  2.50150e-05
 Reference value :  2.60150e-05
 Reference value :  2.68150e-05
 Reference value :  2.78150e-05
 Reference value :  2.88150e-05
 Reference value :  2.96150e-05
 Reference value :  3.04150e-05
 Reference value :  3.14150e-05
 Reference value :  3.26150e-05
 Reference value :  3.38150e-05
 Reference value :  3.46150e-05
 Reference value :  3.58150e-05
 Reference value :  3.68150e-05
 Reference value :  3.78150e-05
 Reference value :  3.86150e-05
 Reference value :  3.92150e-05
 Reference value :  4.00150e-05
 Reference value :  4.06150e-05
 Reference value :  4.14150e-05
 Reference value :  4.22150e-05
 Reference value :  4.28150e-05
 Reference value :  4.36150e-05
 Reference value :  4.44150e-05
 Reference value :  4.54150e-05
 Reference value :  4.64150e-05
 Reference value :  4.72150e-05
 Reference value :  4.80150e-05
 Reference value :  4.88150e-05
 Reference value :  4.96150e-05
 Reference value :  5.04150e-05
 Reference value :  5.12150e-05
 Reference value :  5.20150e-05
 Reference value :  5.30150e-05
 Reference value :  5.38150e-05
 Reference value :  5.48150e-05
 Reference value :  5.60150e-05
 Reference value :  5.68150e-05
 Reference value :  5.76150e-05
 Reference value :  5.86150e-05
 Reference value :  5.96150e-05
 Reference value :  6.08150e-05
 Reference value :  6.18150e-05
 Reference value :  6.28150e-05
 Reference value :  6.38150e-05
 Reference value :  6.46150e-05
 Reference value :  6.56150e-05
 Reference value :  6.64150e-05
 Reference value :  6.72150e-05
 Reference value :  6.78150e-05
 Reference value :  6.88150e-05
 Reference value :  6.94150e-05
 Reference value :  7.02150e-05
 Reference value :  7.10150e-05
 Reference value :  7.20150e-05
 Reference value :  7.28150e-05
 Reference value :  7.36150e-05
 Reference value :  7.46150e-05
 Reference value :  7.58150e-05
 Reference value :  7.66150e-05
 Reference value :  7.74150e-05
 Reference value :  7.84150e-05
 Reference value :  7.92150e-05
 Reference value :  8.00150e-05
 Reference value :  8.06150e-05
 Reference value :  8.14150e-05
 Reference value :  8.24150e-05
 Reference value :  8.34150e-05
 Reference value :  8.44150e-05
 Reference value :  8.54150e-05
 Reference value :  8.66150e-05
 Reference value :  8.72150e-05
 Reference value :  8.80150e-05
 Reference value :  8.86150e-05
 Reference value :  8.92150e-05
 Reference value :  9.00150e-05
 Reference value :  9.08150e-05
 Reference value :  9.14150e-05
 Reference value :  9.22150e-05
 Reference value :  9.28150e-05
 Reference value :  9.34150e-05
 Reference value :  9.42150e-05
 Reference value :  9.50150e-05
 Reference value :  9.56150e-05
 Reference value :  9.64150e-05
 Reference value :  9.72150e-05
 Reference value :  9.80150e-05
 Reference value :  9.88150e-05
 Reference value :  1.00015e-04
 Reference value :  1.01015e-04
 Reference value :  1.02015e-04
 Reference value :  1.02815e-04
 Reference value :  1.03615e-04
 Reference value :  1.04615e-04
 Reference value :  1.05415e-04
 Reference value :  1.06415e-04
 Reference value :  1.07415e-04
 Reference value :  1.08415e-04
 Reference value :  1.09415e-04
 Reference value :  1.10215e-04
 Reference value :  1.11215e-04
 Reference value :  1.11815e-04
 Reference value :  1.12815e-04
 Reference value :  1.13615e-04
 Reference value :  1.14215e-04
 Reference value :  1.15215e-04
 Reference value :  1.16415e-04
 Reference value :  1.17615e-04
 Reference value :  1.18415e-04
 Reference value :  1.19415e-04
 Reference value :  1.20015e-04
 Reference value :  1.20815e-04
 Reference value :  1.21415e-04
 Reference value :  1.22215e-04
 Reference value :  1.23015e-04
 Reference value :  1.23815e-04
 Reference value :  1.24815e-04
 Reference value :  1.25815e-04
 Reference value :  1.26615e-04
 Reference value :  1.27415e-04
 Reference value :  1.28215e-04
 Reference value :  1.29015e-04
 Reference value :  1.29615e-04
 Reference value :  1.30415e-04
 Reference value :  1.31215e-04
 Reference value :  1.32015e-04
 Reference value :  1.32815e-04
 Reference value :  1.33615e-04
 Reference value :  1.34415e-04
 Reference value :  1.35015e-04
 Reference value :  1.35815e-04
 Reference value :  1.36415e-04
 Reference value :  1.37215e-04
 Reference value :  1.38015e-04
 Reference value :  1.39015e-04
 Reference value :  1.39815e-04
 Reference value :  1.40615e-04
 Reference value :  1.41415e-04
 Reference value :  1.42215e-04
 Reference value :  1.43015e-04
 Reference value :  1.43815e-04
 Reference value :  1.44815e-04
 Reference value :  1.45415e-04
 Reference value :  1.46215e-04
 Reference value :  1.47015e-04
 Reference value :  1.47815e-04
 Reference value :  1.48415e-04
 Reference value :  1.49215e-04
 Reference value :  1.49815e-04
 Reference value :  1.50615e-04
 Reference value :  1.51615e-04
 Reference value :  1.52615e-04
 Reference value :  1.53615e-04
 Reference value :  1.54415e-04
 Reference value :  1.55415e-04
 Reference value :  1.56215e-04
 Reference value :  1.57015e-04
 Reference value :  1.58015e-04
 Reference value :  1.59015e-04
 Reference value :  1.60015e-04
 Reference value :  1.60815e-04
 Reference value :  1.61815e-04
 Reference value :  1.62615e-04
 Reference value :  1.63415e-04
 Reference value :  1.64215e-04
 Reference value :  1.65215e-04
 Reference value :  1.66215e-04
 Reference value :  1.67215e-04
 Reference value :  1.68415e-04
 Reference value :  1.69015e-04
 Reference value :  1.69815e-04
 Reference value :  1.70415e-04
 Reference value :  1.71015e-04
 Reference value :  1.71615e-04
 Reference value :  1.72415e-04
 Reference value :  1.73215e-04
 Reference value :  1.74015e-04
 Reference value :  1.74815e-04
 Reference value :  1.75815e-04
 Reference value :  1.76615e-04
 Reference value :  1.77615e-04
 Reference value :  1.78615e-04
 Reference value :  1.79615e-04
 Reference value :  1.80415e-04
 Reference value :  1.81015e-04
 Reference value :  1.81815e-04
 Reference value :  1.82615e-04
 Reference value :  1.83415e-04
 Reference value :  1.84215e-04
 Reference value :  1.84815e-04
 Reference value :  1.85415e-04
 Reference value :  1.86015e-04
 Reference value :  1.86615e-04
 Reference value :  1.87215e-04
 Reference value :  1.88015e-04
 Reference value :  1.88815e-04
 Reference value :  1.89415e-04
 Reference value :  1.90615e-04
 Reference value :  1.91615e-04
 Reference value :  1.92415e-04
 Reference value :  1.93415e-04
 Reference value :  1.94215e-04
 Reference value :  1.95015e-04
 Reference value :  1.96015e-04
 Reference value :  1.97015e-04
 Reference value :  1.97815e-04
 Reference value :  1.98615e-04
 Reference value :  1.99415e-04
 Reference value :  2.00415e-04
 Reference value :  2.01415e-04
 Reference value :  2.02015e-04
 Reference value :  2.02615e-04
 Reference value :  2.03415e-04
 Reference value :  2.04215e-04
 Reference value :  2.05215e-04
 Reference value :  2.06015e-04
 Reference value :  2.07015e-04
 Reference value :  2.08015e-04
 Reference value :  2.09015e-04
 Reference value :  2.10015e-04
 Reference value :  2.10615e-04
 Reference value :  2.11215e-04
 Reference value :  2.12015e-04
 Reference value :  2.12815e-04
 Reference value :  2.13815e-04
 Reference value :  2.14615e-04
 Reference value :  2.15415e-04
 Reference value :  2.16215e-04
 Reference value :  2.17015e-04
 Reference value :  2.18015e-04
 Reference value :  2.18815e-04
 Reference value :  2.19615e-04
 Reference value :  2.20415e-04
 Reference value :  2.21215e-04
 Reference value :  2.21815e-04
 Reference value :  2.22815e-04
 Reference value :  2.23815e-04
 Reference value :  2.24615e-04
 Reference value :  2.25215e-04
 Reference value :  2.26415e-04
 Reference value :  2.27215e-04
 Reference value :  2.28015e-04
 Reference value :  2.28815e-04
 Reference value :  2.29615e-04
 Reference value :  2.30415e-04
 Reference value :  2.31015e-04
 Reference value :  2.31815e-04
 Reference value :  2.32615e-04
 Reference value :  2.33415e-04
 Reference value :  2.34215e-04
 Reference value :  2.34815e-04
 Reference value :  2.35615e-04
 Reference value :  2.36215e-04
 Reference value :  2.37215e-04
 Reference value :  2.38215e-04
 Reference value :  2.39015e-04
 Reference value :  2.40015e-04
 Reference value :  2.40815e-04
 Reference value :  2.41815e-04
 Reference value :  2.42815e-04
 Reference value :  2.43615e-04
 Reference value :  2.44415e-04
 Reference value :  2.45215e-04
 Reference value :  2.46215e-04
 Reference value :  2.47015e-04
 Reference value :  2.47815e-04
 Reference value :  2.48615e-04
 Reference value :  2.49415e-04
 Reference value :  2.50215e-04
 Reference value :  2.51215e-04
 Reference value :  2.52015e-04
 Reference value :  2.53215e-04
 Reference value :  2.54015e-04
 Reference value :  2.54815e-04
 Reference value :  2.55415e-04
 Reference value :  2.56415e-04
 Reference value :  2.57215e-04
 Reference value :  2.58015e-04
 Reference value :  2.58815e-04
 Reference value :  2.59615e-04
 Reference value :  2.60415e-04
 Reference value :  2.61215e-04
 Reference value :  2.62215e-04
 Reference value :  2.63215e-04
 Reference value :  2.64015e-04
 Reference value :  2.64815e-04
 Reference value :  2.65615e-04
 Reference value :  2.66415e-04
 Reference value :  2.67215e-04
 Reference value :  2.68015e-04
 Reference value :  2.69015e-04
 Reference value :  2.69815e-04
 Reference value :  2.70815e-04
 Reference value :  2.71615e-04
 Reference value :  2.72415e-04
 Reference value :  2.73215e-04
 Reference value :  2.74215e-04
 Reference value :  2.75215e-04
 Reference value :  2.76215e-04
 Reference value :  2.77015e-04
 Reference value :  2.77815e-04
 Reference value :  2.78415e-04
 Reference value :  2.79215e-04
 Reference value :  2.80015e-04
 Reference value :  2.80815e-04
 Reference value :  2.81615e-04
 Reference value :  2.82615e-04
 Reference value :  2.83615e-04
 Reference value :  2.84815e-04
 Reference value :  2.85815e-04
 Reference value :  2.86615e-04
 Reference value :  2.87415e-04
 Reference value :  2.88215e-04
 Reference value :  2.88815e-04
 Reference value :  2.89615e-04
 Reference value :  2.90415e-04
 Reference value :  2.91215e-04
 Reference value :  2.92015e-04
 Reference value :  2.92815e-04
 Reference value :  2.93615e-04
 Reference value :  2.94615e-04
 Reference value :  2.95815e-04
 Reference value :  2.96815e-04
 Reference value :  2.97615e-04
 Reference value :  2.98415e-04
 Reference value :  2.99415e-04
 Reference value :  3.00015e-04
 Reference value :  3.00815e-04
 Reference value :  3.01815e-04
 Reference value :  3.02415e-04
 Reference value :  3.03015e-04
 Reference value :  3.03615e-04
 Reference value :  3.04415e-04
 Reference value :  3.05215e-04
 Reference value :  3.05815e-04
 Reference value :  3.06415e-04
 Reference value :  3.07615e-04
 Reference value :  3.08815e-04
 Reference value :  3.09815e-04
 Reference value :  3.11015e-04
 Reference value :  3.12015e-04
 Reference value :  3.12815e-04
 Reference value :  3.13415e-04
 Reference value :  3.14015e-04
 Reference value :  3.14815e-04
 Reference value :  3.15615e-04
 Reference value :  3.16615e-04
 Reference value :  3.17615e-04
 Reference value :  3.18415e-04
 Reference value :  3.19215e-04
 Reference value :  3.20015e-04
 Reference value :  3.20615e-04
 Reference value :  3.21415e-04
 Reference value :  3.22015e-04
 Reference value :  3.22815e-04
 Reference value :  3.23615e-04
 Reference value :  3.24415e-04
 Reference value :  3.25015e-04
 Reference value :  3.25815e-04
 Reference value :  3.26615e-04
 Reference value :  3.27415e-04
 Reference value :  3.28215e-04
 Reference value :  3.29215e-04
 Reference value :  3.30215e-04
 Reference value :  3.31015e-04
 Reference value :  3.31815e-04
 Reference value :  3.32615e-04
 Reference value :  3.33615e-04
 Reference value :  3.34615e-04
 Reference value :  3.35415e-04
 Reference value :  3.36415e-04
 Reference value :  3.37415e-04
 Reference value :  3.38415e-04
 Reference value :  3.39215e-04
 Reference value :  3.40015e-04
 Reference value :  3.40615e-04
 Reference value :  3.41215e-04
 Reference value :  3.42015e-04
 Reference value :  3.42815e-04
 Reference value :  3.43815e-04
 Reference value :  3.44615e-04
 Reference value :  3.45215e-04
 Reference value :  3.46215e-04
 Reference value :  3.46815e-04
 Reference value :  3.47815e-04
 Reference value :  3.48615e-04
 Reference value :  3.49415e-04
 Reference value :  3.50215e-04
 Reference value :  3.51015e-04
 Reference value :  3.52015e-04
 Reference value :  3.52815e-04
 Reference value :  3.53415e-04
 Reference value :  3.54215e-04
 Reference value :  3.55015e-04
 Reference value :  3.55815e-04
 Reference value :  3.56415e-04
 Reference value :  3.57215e-04
 Reference value :  3.57815e-04
 Reference value :  3.58615e-04
 Reference value :  3.59415e-04
 Reference value :  3.60215e-04
 Reference value :  3.61015e-04
 Reference value :  3.61815e-04
 Reference value :  3.62615e-04
 Reference value :  3.63415e-04
 Reference value :  3.64215e-04
 Reference value :  3.65015e-04
 Reference value :  3.66015e-04
 Reference value :  3.66815e-04
 Reference value :  3.67615e-04
 Reference value :  3.68815e-04
 Reference value :  3.69615e-04
 Reference value :  3.70415e-04
 Reference value :  3.71215e-04
 Reference value :  3.72015e-04
 Reference value :  3.73015e-04
 Reference value :  3.73815e-04
 Reference value :  3.74615e-04
 Reference value :  3.75415e-04
 Reference value :  3.76215e-04
 Reference value :  3.77015e-04
 Reference value :  3.77815e-04
 Reference value :  3.78615e-04
 Reference value :  3.79415e-04
 Reference value :  3.80215e-04
 Reference value :  3.81015e-04
 Reference value :  3.81815e-04
 Reference value :  3.82615e-04
 Reference value :  3.83415e-04
 Reference value :  3.84215e-04
 Reference value :  3.85015e-04
 Reference value :  3.85815e-04
 Reference value :  3.86815e-04
 Reference value :  3.87815e-04
 Reference value :  3.88615e-04
 Reference value :  3.89215e-04
 Reference value :  3.89815e-04
 Reference value :  3.90615e-04
 Reference value :  3.91215e-04
 Reference value :  3.91815e-04
 Reference value :  3.92415e-04
 Reference value :  3.93015e-04
 Reference value :  3.93815e-04
 Reference value :  3.94615e-04
 Reference value :  3.95215e-04
 Reference value :  3.95815e-04
 Reference value :  3.96615e-04
 Reference value :  3.97415e-04
 Reference value :  3.98415e-04
 Reference value :  3.99015e-04
 Reference value :  3.99815e-04
 Reference value :  4.00615e-04
 Reference value :  4.01215e-04
 Reference value :  4.02015e-04
 Reference value :  4.03015e-04
 Reference value :  4.04015e-04
 Reference value :  4.04815e-04
 Reference value :  4.05615e-04
 Reference value :  4.06615e-04
 Reference value :  4.07615e-04
 Reference value :  4.08215e-04
 Reference value :  4.09015e-04
 Reference value :  4.09815e-04
 Reference value :  4.10415e-04
 Reference value :  4.11015e-04
 Reference value :  4.12215e-04
 Reference value :  4.13015e-04
 Reference value :  4.13815e-04
 Reference value :  4.14615e-04
 Reference value :  4.15415e-04
 Reference value :  4.16215e-04
 Reference value :  4.17015e-04
 Reference value :  4.18015e-04
 Reference value :  4.19015e-04
 Reference value :  4.19815e-04
 Reference value :  4.20815e-04
 Reference value :  4.21615e-04
 Reference value :  4.22615e-04
 Reference value :  4.23615e-04
 Reference value :  4.24615e-04
 Reference value :  4.25415e-04
 Reference value :  4.26415e-04
 Reference value :  4.27215e-04
 Reference value :  4.28215e-04
 Reference value :  4.29215e-04
 Reference value :  4.30215e-04
 Reference value :  4.31215e-04
 Reference value :  4.32215e-04
 Reference value :  4.33215e-04
 Reference value :  4.34215e-04
 Reference value :  4.35015e-04
 Reference value :  4.36015e-04
 Reference value :  4.36815e-04
 Reference value :  4.37815e-04
 Reference value :  4.38615e-04
 Reference value :  4.39615e-04
 Reference value :  4.40615e-04
 Reference value :  4.41615e-04
 Reference value :  4.42615e-04
 Reference value :  4.43615e-04
 Reference value :  4.44615e-04
 Reference value :  4.45615e-04
 Reference value :  4.46815e-04
 Reference value :  4.47615e-04
 Reference value :  4.48615e-04
 Reference value :  4.49415e-04
 Reference value :  4.50215e-04
 Reference value :  4.51015e-04
 Reference value :  4.51815e-04
 Reference value :  4.52815e-04
 Reference value :  4.53815e-04
 Reference value :  4.54615e-04
 Reference value :  4.55615e-04
 Reference value :  4.56615e-04
 Reference value :  4.57615e-04
 Reference value :  4.58615e-04
 Reference value :  4.59615e-04
 Reference value :  4.60615e-04
 Reference value :  4.61415e-04
 Reference value :  4.62215e-04
 Reference value :  4.63015e-04
 Reference value :  4.63615e-04
 Reference value :  4.64815e-04
 Reference value :  4.65615e-04
 Reference value :  4.66415e-04
 Reference value :  4.67215e-04
 Reference value :  4.68015e-04
 Reference value :  4.68815e-04
 Reference value :  4.69615e-04
 Reference value :  4.70615e-04
 Reference value :  4.71615e-04
 Reference value :  4.72615e-04
 Reference value :  4.73615e-04
 Reference value :  4.74415e-04
 Reference value :  4.75415e-04
 Reference value :  4.76215e-04
 Reference value :  4.77215e-04
 Reference value :  4.78215e-04
 Reference value :  4.79015e-04
 Reference value :  4.79815e-04
 Reference value :  4.80615e-04
 Reference value :  4.81415e-04
 Reference value :  4.82415e-04
 Reference value :  4.83215e-04
 Reference value :  4.84015e-04
 Reference value :  4.85015e-04
 Reference value :  4.86015e-04
 Reference value :  4.86815e-04
 Reference value :  4.87815e-04
 Reference value :  4.88815e-04
 Reference value :  4.89815e-04
 Reference value :  4.90815e-04
 Reference value :  4.91815e-04
 Reference value :  4.92815e-04
 Reference value :  4.93815e-04
 Reference value :  4.94415e-04
 Reference value :  4.95015e-04
 Reference value :  4.95615e-04
 Reference value :  4.96415e-04
 Reference value :  4.97215e-04
 Reference value :  4.98015e-04
 Reference value :  4.98615e-04
 Reference value :  4.99415e-04
 Reference value :  5.00215e-04
 Reference value :  5.00815e-04
 Reference value :  5.01415e-04
 Reference value :  5.02015e-04
 Reference value :  5.02815e-04
 Reference value :  5.03615e-04
 Reference value :  5.04615e-04
 Reference value :  5.05615e-04
 Reference value :  5.06615e-04
 Reference value :  5.07215e-04
 Reference value :  5.08215e-04
 Reference value :  5.09215e-04
 Reference value :  5.10215e-04
 Reference value :  5.44954e-04
 Reference value :  5.76154e-04
 Reference value :  6.17954e-04
 Reference value :  6.65954e-04
 Reference value :  7.10754e-04
 Reference value :  7.53154e-04
 Reference value :  7.94154e-04
 Reference value :  8.43754e-04
 Reference value :  8.93954e-04
 Reference value :  9.43154e-04
 Reference value :  9.87754e-04
 Reference value :  1.02730e-03
 Reference value :  1.06730e-03
 Reference value :  1.10250e-03
 Reference value :  1.15030e-03
 Reference value :  1.19430e-03
 Reference value :  1.24430e-03
 Reference value :  1.29190e-03
 Reference value :  1.33430e-03
 Reference value :  1.37910e-03
 Reference value :  1.41770e-03
 Reference value :  1.46670e-03
 Reference value :  1.49830e-03
 Reference value :  1.53890e-03
 Reference value :  1.58590e-03
 Reference value :  1.62970e-03
 Reference value :  1.67890e-03
 Reference value :  1.72410e-03
 Reference value :  1.77210e-03
 Reference value :  1.81890e-03
 Reference value :  1.82770e-03
 Reference value :  1.83890e-03
 Reference value :  1.85490e-03
 Reference value :  1.88230e-03
 Reference value :  1.90750e-03
 Reference value :  1.93370e-03
 Reference value :  1.95270e-03
 Reference value :  1.98990e-03
 Reference value :  2.00810e-03
 Reference value :  2.00890e-03
 Reference value :  2.00950e-03
 Reference value :  2.01450e-03
 Reference value :  2.01510e-03
 Reference value :  2.01590e-03
 Reference value :  2.01710e-03
 Reference value :  2.04350e-03
 Reference value :  2.09090e-03
 Reference value :  2.11970e-03
 Reference value :  2.15350e-03
 Reference value :  2.19610e-03
 Reference value :  2.24470e-03
 Reference value :  2.28810e-03
 Reference value :  2.33230e-03
 Reference value :  2.38050e-03
 Reference value :  2.42150e-03
 Reference value :  2.47170e-03
No. of Data Rows : 12580
t_vdd_s             =  7.98898e-04
t_ref_s             =  5.34353e-04
t_vdd_f             =  7.98898e-07
t_ref_f             =  8.32533e-07
t_vdd_g             =  7.98898e-10
t_ref_g             =  1.58267e-09
v_s                 =  1.16559e+00
v_f                 =  1.16559e+00
v_g                 =  1.16559e+00
v_n                 =  3.40727e-01
g_n                 =  3.63211e+00
isg                 =  -3.11803e-05
meas_t_start_s = -2.64545e-04
meas_t_start_f = 3.363510e-08
meas_t_start_g = 7.837729e-10
meas_t_abs_s = 5.343533e-04
meas_vref_s = 1.165587e+00
meas_vref_f = 1.165586e+00
meas_vref_g = 1.165586e+00
meas_vref_spread = 2.000000e-06
meas_vref_n = 3.407274e-01
meas_gn_n = 3.632110e+00
meas_isup_g = 3.118030e-05
ngspice-46 done

# ==== ngspice stderr ====

