# corner: tt_-40c_2.97v
# process=tt temp=-40C supply=2.97V
# ngspice exit: 0
# wall clock: 96.1s (--timeout was 300s)
# result: PASS

# ==== deck (exact input given to ngspice) ====
| * startup-ramp corner deck -- generated by sim/bin/corner-run.py, do not edit
| * corner: tt_-40c_2.97v
| .param vsup=2.97
| .param t_slow=1e-3
| .param t_fast=1e-6
| .option wnflag=1
| .temp -40
| .lib "/home/ubuntu/.volare/sky130A/libs.tech/combined/sky130.lib.spice" tt
| ** sch_path: sim/startup-ramp/testbench/tb_startup_ramp.sch
| **.subckt tb_startup_ramp
| VSLOW VDDS 0 pwl(0 0 't_slow' 'vsup')
| .save i(vslow)
| VFAST VDDF 0 pwl(0 0 't_fast' 'vsup')
| .save i(vfast)
| VDEGN VDDN 0 pwl(0 0 1n 'vsup')
| .save i(vdegn)
| XSLOW VREFS GS VDDS 0 bandgap_core
| XSUS GS VREFS VDDS 0 startup_injector
| XFAST VREFF GF VDDF 0 bandgap_core
| XSUF GF VREFF VDDF 0 startup_injector
| XDEGN VREFN GN VDDN 0 bandgap_core
| VDEG VDDG 0 pwl(0 0 1n 'vsup')
| .save i(vdeg)
| XDEG VREFG GG VDDG 0 bandgap_core
| XSUG GG VREFG VDDG 0 startup_injector
| **** begin user architecture code
| 
| 
| * Put the XDEG copy (injector attached) and the XDEGN control copy (no
| * injector) in the degenerate zero-current state at t = 0: their mirror gates
| * start at the supply rail, which is where the all-off solution parks them,
| * while every other node starts at 0 V (UIC). Nothing holds GG/GN there after
| * t = 0 -- .ic only sets the transient's starting point -- so whether either
| * circuit leaves that state is decided by the circuit, not by the deck.
| .ic v(GG)='vsup' v(GN)='vsup'
| 
| 
| **** end user architecture code
| **.ends
| 
| * expanding   symbol:  design/bandgap_core.sym # of pins=4
| ** sym_path: design/bandgap_core.sym
| ** sch_path: design/bandgap_core.sch
| .subckt bandgap_core VOUT GDRV VDD VSS
| *.opin VOUT
| *.iopin GDRV
| *.iopin VDD
| *.iopin VSS
| **** begin user architecture code
| 
| 
| * ---- Kuijk core parameters (issue #8) ----
| * PNP emitter-area ratio N is built ONLY from paralleled unit devices:
| *   N = (n_pnp_ptat * 11.56 um2) / (n_pnp_ctat * 0.4624 um2)
| * Keep both counts equal to hold the pair's measured dVBE while lowering the
| * per-unit current and sigma(dVBE); raise n_pnp_ptat alone for more PTAT.
| .param n_pnp_ctat=8
| .param n_pnp_ptat=8
| * res_high_po unit segment: W = r_w um, L = r_lseg um (R ~ 380 + 325*L ohm)
| .param r_w=1
| .param r_lseg=5
| * segment counts. K = R2/R1 (each leg has its own head resistance, so
| * K != n_r2/n_r1 exactly -- see the header comment). n_r2 was RESIZED 54 -> 50
| * by issue #99 (see RESIZE STATUS below); n_r1 held at 7. The #46 single-
| * device investigation (why the OLD n_r2=54 was chosen, and why +1 was
| * rejected there) is retained in the header Sizing rationale, superseded by
| * the resize.
| * RESIZE STATUS (issue #99 / DR-003, RESOLVED): n_r1/n_r2 are now sized
| * against the ROUTED LAYOUT's real chained-array topology -- the ground truth
| * the fabricated part experiences -- NOT the single-res_high_po-device-per-leg
| * model this schematic's own XR1/XR2A/XR2B lines still draw. Issue #98/DR-003
| * (sim/res-array-head-resistance/) established that the routed layout draws
| * each leg as N separately-contacted unit instances in series
| * (layout/bin/gen_bandgap_routed.py's bus_res_series), paying real per-instance
| * head resistance: at the old n_r2=54 that made the REAL part's K=R2/R1 read
| * 8.1474 vs the single-device model's 7.4973, pushing VOUT(27 degC) to
| * ~1.233 V (outside the draft +/-1% window 1.188..1.212 V) at all 5
| * (process,supply) corners and collapsing regulation at ff/2.97 V and
| * fs/2.97 V. Resizing n_r2 54 -> 50 (n_r1 left at 7 so branch current -- and
| * therefore hot-corner headroom -- is not raised while K is corrected) brings
| * the real chained topology's K back to 7.576 and VOUT(27 degC) back to
| * ~1.198 V, IN the +/-1% window at ALL 5 corners with NO hot-corner collapse,
| * and the DR-002 downward 0..-16 trim range still covering. Full PVT + trim
| * re-verification: sim/res-array-resize/records/ (issue #99).
| * CONSEQUENCE for the single-device model: because these XR1/XR2A/XR2B lines
| * still model each leg as ONE res_high_po device (omitting the per-instance
| * head resistance the real part pays), simulating THIS schematic as-drawn
| * (e.g. sim/output-voltage-tc's single-device tb_vref_tc, netlisted by xschem)
| * now reads VOUT(27 degC) ~1.165 V -- LOW *by design*. That ~33 mV gap IS the
| * head resistance the routed part uses to reach 1.198 V; it is not an error,
| * and the single-device harness is no longer the sizing reference of record
| * (DR-003: every single-device record models a topology the layout does not
| * build). NEXT INCREMENT (not done here, per one-lever-per-increment): the
| * routed layout generator (gen_bandgap_routed.py's N_R1/SCH_N_R2/N_R2_COARSE,
| * currently still transcribing n_r2=54) must be re-transcribed to n_r2=50 and
| * re-verified through klayout DRC/LVS -- see DR-003's closure and
| * layout/matching-plan.md Section 7x.
| .param n_r1=7
| .param n_r2=50
| * PMOS mirror multiplicities (unit device W=8u L=2u)
| .param m_out=2
| .param m_ampbias=2
| * ---- Trim network (issue #13), DOWNWARD ONLY -- see DR-002 ----
| * Ladder-tap length added to R2A/R2B equally (metal option, no switches).
| * n_r2_trim: valid range 0..-16 only. r_lseg_trim: 1 um/code (~1.7 mV/code)
| * in DR-002's original SINGLE-DEVICE model. Positive codes are REJECTED:
| * this is the same R2/R1 ratio issue #46 found causes ff/2.97V, fs/2.97V
| * hot-corner (>~123C) operating-point collapse at even a +5 um increase
| * (n_r2=55). sim/trim-range-monotonicity/ reconfirms it for trim and finds
| * codes +1/+2 ALSO collapse (VOUT -> ~2.8V) while +3/+4 happen not to --
| * non-monotonic-in-code, i.e. no positive code is a certified-safe point,
| * not a safe zone at +3/+4. Only downward (R2 decrease) moves away from
| * that edge; confirmed monotonic, collapse-free to -16 across corners. See
| * DR-002 and the sim record for the full case.
| * LSB REVISION (issue #106, DR-002 revision): the routed layout's fine trim
| * chain does NOT draw one length-tapped device -- it chains N separately-
| * contacted res_high_po unit instances (layout/bin/gen_bandgap_routed.py's
| * bus_res_series), each paying a real per-instance head/fringe resistance
| * term this schematic's single-device XR2A/XR2B lines do not model (DR-003,
| * sim/res-array-head-resistance/). Re-deriving DR-002's <=3.000 mV/code LSB
| * comfort bound against that REAL chained topology at the adopted
| * n_r1=7/n_r2=50 sizing (sim/trim-lsb-chained/) found the shipped
| * r_lseg_trim=1 per-code step reads 3.12-3.15 mV/code across all 5 corners
| * -- a real, measured violation of the comfort bound (smaller than an
| * earlier, now-superseded estimate against an abandoned n_r1=6/n_r2=42
| * sizing, but still a violation). Halving the fine unit's drawn length to
| * 0.5 um fixes it: the per-instance head-resistance term (~379.7 ohm, the
| * DOMINANT piece of the per-code step) is a PDK-model-card constant
| * independent of the unit's drawn length, so only the smaller `rbody`
| * fringe term shrinks -- re-verified at r_lseg_trim=0.5 to read
| * 2.40-2.42 mV/code, PASS at all 5 corners, with the same certified 0..-16
| * code range and downward span still clearing DR-002's 1.5x-of-3sigma
| * coverage target. See sim/trim-lsb-chained/records/ for the full
| * re-derivation. NEXT INCREMENT (not done here, per one-lever-per-
| * increment): layout/bin/gen_bandgap_routed.py's
| * R_LSEG_TRIM_UM/SCH_R_LSEG_TRIM_UM (currently still transcribing 1 um)
| * must be re-transcribed to 0.5 um and the routed cell re-verified through
| * klayout DRC/LVS -- klayout's extraction backend is not available in this
| * run environment, so that is a follow-up issue, the same split issue #99
| * used for #107/#108.
| .param n_r2_trim=0
| .param r_lseg_trim=0.5
| 
| 
| **** end user architecture code
| XMPOUT VOUT GDRV VDD VDD sky130_fd_pr__pfet_g5v0d10v5 L=2 W=8 nf=1 ad=2.32 as=2.32 pd=16.58 ps=16.58 nrd=0.03625 nrs=0.03625 sa=0 sb=0 sd=0 mult='m_out' m='m_out'
| XMPAMP TAIL GDRV VDD VDD sky130_fd_pr__pfet_g5v0d10v5 L=2 W=8 nf=1 ad=2.32 as=2.32 pd=16.58 ps=16.58 nrd=0.03625 nrs=0.03625 sa=0 sb=0 sd=0 mult='m_ampbias' m='m_ampbias'
| XAMP VB VA GDRV TAIL VDD VSS error_amp
| XR2A VA VOUT VSS sky130_fd_pr__res_high_po W='r_w' L='r_lseg*n_r2+r_lseg_trim*n_r2_trim' mult=1 m=1
| XR2B VB VOUT VSS sky130_fd_pr__res_high_po W='r_w' L='r_lseg*n_r2+r_lseg_trim*n_r2_trim' mult=1 m=1
| XQ1 VSS VSS VA sky130_fd_pr__pnp_05v5_W0p68L0p68 m='n_pnp_ctat' mult='n_pnp_ctat'
| XR1 VBQ VB VSS sky130_fd_pr__res_high_po W='r_w' L='r_lseg*n_r1' mult=1 m=1
| XQ2 VSS VSS VBQ sky130_fd_pr__pnp_05v5_W3p40L3p40 m='n_pnp_ptat' mult='n_pnp_ptat'
| .ends
| 
| 
| * expanding   symbol:  design/startup_injector.sym # of pins=4
| ** sym_path: design/startup_injector.sym
| ** sch_path: design/startup_injector.sch
| .subckt startup_injector GDRV VSENSE VDD VSS
| *.iopin GDRV
| *.ipin VSENSE
| *.iopin VDD
| *.iopin VSS
| **** begin user architecture code
| 
| 
| * ---- startup injector parameters (issue #10) ----
| * m_ref  : units of the (W=1 L=20) diode-connected reference PMOS. Raising it
| *          raises BOTH the release threshold and the residual current the cell
| *          draws from GDRV once disengaged -- the two are the same current.
| * m_sense: units of the (W=48 L=0.5) sense NMOS. Raising it lowers the release
| *          threshold (better disengage, less traverse margin).
| * m_pnp  : unit PNPs in the threshold reference. Raising it lowers VBE at the
| *          sense current, i.e. lowers the release threshold.
| * m_inj  : units of the (W=10 L=0.5) injector NMOS. Scales the eviction
| *          current and the disengaged residual in the same proportion.
| * m_clamp: units of the (W=4 L=1) railed-branch clamp NMOS MNC. Scales only
| *          how hard the railed branch is evicted; MNC is off by more than a
| *          threshold at every legitimate operating point, so this knob does
| *          NOT trade against the disengaged residual the way m_ref does.
| .param m_ref=1
| .param m_sense=1
| .param m_pnp=8
| .param m_inj=1
| .param m_clamp=1
| 
| 
| **** end user architecture code
| XMPC1 NC1 NC1 GDRV VDD sky130_fd_pr__pfet_g5v0d10v5 L=20 W=1 nf=1 ad=0.29 as=0.29 pd=2.58 ps=2.58 nrd=0.29 nrs=0.29 sa=0 sb=0 sd=0 mult='m_ref' m='m_ref'
| XMPC2 NG NG NC1 VDD sky130_fd_pr__pfet_g5v0d10v5 L=20 W=1 nf=1 ad=0.29 as=0.29 pd=2.58 ps=2.58 nrd=0.29 nrs=0.29 sa=0 sb=0 sd=0 mult='m_ref' m='m_ref'
| XMNS NG VSENSE NE VSS sky130_fd_pr__nfet_g5v0d10v5 L=0.5 W=48 nf=1 ad=13.92 as=13.92 pd=96.58 ps=96.58 nrd=0.00604166666666667 nrs=0.00604166666666667 sa=0 sb=0 sd=0 mult='m_sense' m='m_sense'
| XQS VSS VSS NE sky130_fd_pr__pnp_05v5_W0p68L0p68 m='m_pnp' mult='m_pnp'
| XMNI GDRV NG VSS VSS sky130_fd_pr__nfet_g5v0d10v5 L=0.5 W=10 nf=1 ad=2.9 as=2.9 pd=20.58 ps=20.58 nrd=0.029 nrs=0.029 sa=0 sb=0 sd=0 mult='m_inj' m='m_inj'
| XMNC VDD VSENSE GDRV VSS sky130_fd_pr__nfet_g5v0d10v5 L=1 W=4 nf=1 ad=1.16 as=1.16 pd=8.58 ps=8.58 nrd=0.0725 nrs=0.0725 sa=0 sb=0 sd=0 mult='m_clamp' m='m_clamp'
| .ends
| 
| 
| * expanding   symbol:  design/error_amp.sym # of pins=6
| ** sym_path: design/error_amp.sym
| ** sch_path: design/error_amp.sch
| .subckt error_amp VINP VINN AOUT ITAIL VDD VSS
| *.ipin VINP
| *.ipin VINN
| *.opin AOUT
| *.iopin ITAIL
| *.iopin VDD
| *.iopin VSS
| **** begin user architecture code
| 
| 
| * ---- error-amp device multiplicities (issue #9 sizing) ----
| * Unit geometry is fixed on the instances below; mult is the matching axis
| * (sigma(Vth) scales as 1/sqrt(W*L*mult) in the PDK's own model).
| * amp_m_in    : input-pair PMOS units   (W=20u L=10u each -> 3200 um^2 total)
| * amp_m_nmirr : NMOS load/mirror units  (W=8u  L=20u each ->  640 um^2 total)
| * amp_m_pmirr : PMOS mirror units       (W=6u  L=20u each ->  960 um^2 total)
| * amp_m_cc    : MOS-capacitor units     (W=30u L=20u each -> 9600 um^2 total)
| .param amp_m_in=16
| .param amp_m_nmirr=4
| .param amp_m_pmirr=8
| .param amp_m_cc=16
| 
| 
| **** end user architecture code
| XMP1 D1 VINP ITAIL VDD sky130_fd_pr__pfet_g5v0d10v5 L=10 W=20 nf=1 ad=5.8 as=5.8 pd=40.58 ps=40.58 nrd=0.0145 nrs=0.0145 sa=0 sb=0
| + sd=0 mult='amp_m_in' m='amp_m_in'
| XMP2 D2 VINN ITAIL VDD sky130_fd_pr__pfet_g5v0d10v5 L=10 W=20 nf=1 ad=5.8 as=5.8 pd=40.58 ps=40.58 nrd=0.0145 nrs=0.0145 sa=0 sb=0
| + sd=0 mult='amp_m_in' m='amp_m_in'
| XMN1 D1 D1 VSS VSS sky130_fd_pr__nfet_g5v0d10v5 L=20 W=8 nf=1 ad=2.32 as=2.32 pd=16.58 ps=16.58 nrd=0.03625 nrs=0.03625 sa=0 sb=0 sd=0
| + mult='amp_m_nmirr' m='amp_m_nmirr'
| XMN2 D2 D2 VSS VSS sky130_fd_pr__nfet_g5v0d10v5 L=20 W=8 nf=1 ad=2.32 as=2.32 pd=16.58 ps=16.58 nrd=0.03625 nrs=0.03625 sa=0 sb=0 sd=0
| + mult='amp_m_nmirr' m='amp_m_nmirr'
| XMN3 AOUT D1 VSS VSS sky130_fd_pr__nfet_g5v0d10v5 L=20 W=8 nf=1 ad=2.32 as=2.32 pd=16.58 ps=16.58 nrd=0.03625 nrs=0.03625 sa=0 sb=0
| + sd=0 mult='amp_m_nmirr' m='amp_m_nmirr'
| XMN4 PN D2 VSS VSS sky130_fd_pr__nfet_g5v0d10v5 L=20 W=8 nf=1 ad=2.32 as=2.32 pd=16.58 ps=16.58 nrd=0.03625 nrs=0.03625 sa=0 sb=0 sd=0
| + mult='amp_m_nmirr' m='amp_m_nmirr'
| XMP4 AOUT PN VDD VDD sky130_fd_pr__pfet_g5v0d10v5 L=20 W=6 nf=1 ad=1.74 as=1.74 pd=12.58 ps=12.58 nrd=0.0483333333333333 nrs=0.0483333333333333
| + sa=0 sb=0 sd=0 mult='amp_m_pmirr' m='amp_m_pmirr'
| XMP3 PN PN VDD VDD sky130_fd_pr__pfet_g5v0d10v5 L=20 W=6 nf=1 ad=1.74 as=1.74 pd=12.58 ps=12.58 nrd=0.0483333333333333 nrs=0.0483333333333333
| + sa=0 sb=0 sd=0 mult='amp_m_pmirr' m='amp_m_pmirr'
| XMCC VDD AOUT VDD VDD sky130_fd_pr__pfet_g5v0d10v5 L=20 W=30 nf=1 ad=8.7 as=8.7 pd=60.58 ps=60.58 nrd=0.00966666666666667 nrs=0.00966666666666667
| + sa=0 sb=0 sd=0 mult='amp_m_cc' m='amp_m_cc'
| .ends
| 
| .control
| save all
| tran 200n 2.5m uic
| meas tran t_vdd_s when v(vdds)=2.90 rise=1
| meas tran t_ref_s when v(vrefs)=1.05 rise=1
| meas tran t_vdd_f when v(vddf)=2.90 rise=1
| meas tran t_ref_f when v(vreff)=1.05 rise=1
| meas tran t_vdd_g when v(vddg)=2.90 rise=1
| meas tran t_ref_g when v(vrefg)=1.05 rise=1
| meas tran v_s find v(vrefs) at=2.45e-3
| meas tran v_f find v(vreff) at=2.45e-3
| meas tran v_g find v(vrefg) at=2.45e-3
| meas tran v_n find v(vrefn) at=2.45e-3
| meas tran g_n find v(gn) at=2.45e-3
| meas tran isg find i(vdeg) at=2.45e-3
| let meas_t_start_s = t_ref_s - t_vdd_s
| let meas_t_start_f = t_ref_f - t_vdd_f
| let meas_t_start_g = t_ref_g - t_vdd_g
| let meas_t_abs_s = t_ref_s
| let meas_vref_s = v_s
| let meas_vref_f = v_f
| let meas_vref_g = v_g
| let meas_vref_spread = abs(v_s - v_g) + abs(v_s - v_f)
| let meas_vref_n = v_n
| let meas_gn_n = g_n
| let meas_isup_g = -isg
| print meas_t_start_s
| print meas_t_start_f
| print meas_t_start_g
| print meas_t_abs_s
| print meas_vref_s
| print meas_vref_f
| print meas_vref_g
| print meas_vref_spread
| print meas_vref_n
| print meas_gn_n
| print meas_isup_g
| quit
| .endc
| .end

# ==== ngspice stdout ====

Note: Compatibility modes selected: hs a


Circuit: * startup-ramp corner deck -- generated by sim/bin/corner-run.py, do not edit

option SCALE: Scale is set to 1e-06 for instance and model parameters
option SCALE: Scale is set to 1e-06 for instance and model parameters
option SCALE: Scale is set to 1e-06 for instance and model parameters
option SCALE: Scale is set to 1e-06 for instance and model parameters
Doing analysis at TEMP = -40.000000 and TNOM = 27.000000

Using KLU as Direct Linear Solver
Operating point simulation skipped by 'uic',
  now using transient initial conditions.
 Reference value :  1.00000e-11
 Reference value :  1.03453e-11
 Reference value :  1.51799e-11
 Reference value :  4.08445e-11
 Reference value :  1.07046e-10
 Reference value :  3.48564e-10
 Reference value :  4.93101e-10
 Reference value :  8.52794e-10
 Reference value :  1.00000e-09
 Reference value :  1.20609e-09
 Reference value :  1.57241e-09
 Reference value :  2.11373e-09
 Reference value :  3.07142e-09
 Reference value :  5.05005e-09
 Reference value :  1.16856e-08
 Reference value :  3.76131e-08
 Reference value :  7.18110e-08
 Reference value :  1.50469e-07
 Reference value :  2.40492e-07
 Reference value :  3.33188e-07
 Reference value :  4.65012e-07
 Reference value :  6.65154e-07
 Reference value :  8.98418e-07
 Reference value :  9.79200e-07
 Reference value :  1.00247e-06
 Reference value :  1.03705e-06
 Reference value :  1.07430e-06
 Reference value :  1.15355e-06
 Reference value :  1.18265e-06
 Reference value :  1.21117e-06
 Reference value :  1.25829e-06
 Reference value :  1.36065e-06
 Reference value :  1.55426e-06
 Reference value :  1.76940e-06
 Reference value :  2.32513e-06
 Reference value :  2.92513e-06
 Reference value :  3.72513e-06
 Reference value :  4.32513e-06
 Reference value :  5.12513e-06
 Reference value :  5.92513e-06
 Reference value :  6.72513e-06
 Reference value :  7.52513e-06
 Reference value :  8.32513e-06
 Reference value :  9.12513e-06
 Reference value :  9.92513e-06
 Reference value :  1.07251e-05
 Reference value :  1.15251e-05
 Reference value :  1.23251e-05
 Reference value :  1.29251e-05
 Reference value :  1.37251e-05
 Reference value :  1.45251e-05
 Reference value :  1.53251e-05
 Reference value :  1.63251e-05
 Reference value :  1.71251e-05
 Reference value :  1.79251e-05
 Reference value :  1.87251e-05
 Reference value :  1.95251e-05
 Reference value :  2.03251e-05
 Reference value :  2.11251e-05
 Reference value :  2.19251e-05
 Reference value :  2.27251e-05
 Reference value :  2.37251e-05
 Reference value :  2.45251e-05
 Reference value :  2.53251e-05
 Reference value :  2.61251e-05
 Reference value :  2.69251e-05
 Reference value :  2.77251e-05
 Reference value :  2.85251e-05
 Reference value :  2.93251e-05
 Reference value :  3.01251e-05
 Reference value :  3.09251e-05
 Reference value :  3.17251e-05
 Reference value :  3.25251e-05
 Reference value :  3.33251e-05
 Reference value :  3.41251e-05
 Reference value :  3.49251e-05
 Reference value :  3.57251e-05
 Reference value :  3.65251e-05
 Reference value :  3.73251e-05
 Reference value :  3.81251e-05
 Reference value :  3.89251e-05
 Reference value :  3.97251e-05
 Reference value :  4.05251e-05
 Reference value :  4.13251e-05
 Reference value :  4.21251e-05
 Reference value :  4.29251e-05
 Reference value :  4.37251e-05
 Reference value :  4.45251e-05
 Reference value :  4.53251e-05
 Reference value :  4.61251e-05
 Reference value :  4.69251e-05
 Reference value :  4.79251e-05
 Reference value :  4.87251e-05
 Reference value :  4.95251e-05
 Reference value :  5.03251e-05
 Reference value :  5.11251e-05
 Reference value :  5.19251e-05
 Reference value :  5.27251e-05
 Reference value :  5.35251e-05
 Reference value :  5.43251e-05
 Reference value :  5.51251e-05
 Reference value :  5.61251e-05
 Reference value :  5.71251e-05
 Reference value :  5.79251e-05
 Reference value :  5.89251e-05
 Reference value :  5.99251e-05
 Reference value :  6.05251e-05
 Reference value :  6.13251e-05
 Reference value :  6.21251e-05
 Reference value :  6.29251e-05
 Reference value :  6.37251e-05
 Reference value :  6.45251e-05
 Reference value :  6.53251e-05
 Reference value :  6.63251e-05
 Reference value :  6.71251e-05
 Reference value :  6.79251e-05
 Reference value :  6.87251e-05
 Reference value :  6.93251e-05
 Reference value :  7.01251e-05
 Reference value :  7.11251e-05
 Reference value :  7.21251e-05
 Reference value :  7.31251e-05
 Reference value :  7.39251e-05
 Reference value :  7.47251e-05
 Reference value :  7.57251e-05
 Reference value :  7.65251e-05
 Reference value :  7.75251e-05
 Reference value :  7.83251e-05
 Reference value :  7.91251e-05
 Reference value :  7.99251e-05
 Reference value :  8.09251e-05
 Reference value :  8.15251e-05
 Reference value :  8.23251e-05
 Reference value :  8.33251e-05
 Reference value :  8.41251e-05
 Reference value :  8.51251e-05
 Reference value :  8.61251e-05
 Reference value :  8.69251e-05
 Reference value :  8.79251e-05
 Reference value :  8.87251e-05
 Reference value :  8.95251e-05
 Reference value :  9.03251e-05
 Reference value :  9.11251e-05
 Reference value :  9.21251e-05
 Reference value :  9.29251e-05
 Reference value :  9.35251e-05
 Reference value :  9.43251e-05
 Reference value :  9.51251e-05
 Reference value :  9.57251e-05
 Reference value :  9.67251e-05
 Reference value :  9.75251e-05
 Reference value :  9.83251e-05
 Reference value :  9.91251e-05
 Reference value :  9.99251e-05
 Reference value :  1.00725e-04
 Reference value :  1.01525e-04
 Reference value :  1.02325e-04
 Reference value :  1.03125e-04
 Reference value :  1.03925e-04
 Reference value :  1.04725e-04
 Reference value :  1.05525e-04
 Reference value :  1.06325e-04
 Reference value :  1.07125e-04
 Reference value :  1.07925e-04
 Reference value :  1.08725e-04
 Reference value :  1.09525e-04
 Reference value :  1.10325e-04
 Reference value :  1.11125e-04
 Reference value :  1.11925e-04
 Reference value :  1.12725e-04
 Reference value :  1.13525e-04
 Reference value :  1.14325e-04
 Reference value :  1.15125e-04
 Reference value :  1.15925e-04
 Reference value :  1.16725e-04
 Reference value :  1.17525e-04
 Reference value :  1.18325e-04
 Reference value :  1.19125e-04
 Reference value :  1.19925e-04
 Reference value :  1.20725e-04
 Reference value :  1.25725e-04
 Reference value :  1.26525e-04
 Reference value :  1.27325e-04
 Reference value :  1.28125e-04
 Reference value :  1.28925e-04
 Reference value :  1.29725e-04
 Reference value :  1.30525e-04
 Reference value :  1.31325e-04
 Reference value :  1.32125e-04
 Reference value :  1.32925e-04
 Reference value :  1.33925e-04
 Reference value :  1.34725e-04
 Reference value :  1.35525e-04
 Reference value :  1.36325e-04
 Reference value :  1.37125e-04
 Reference value :  1.37925e-04
 Reference value :  1.38725e-04
 Reference value :  1.39525e-04
 Reference value :  1.40325e-04
 Reference value :  1.41125e-04
 Reference value :  1.41925e-04
 Reference value :  1.42725e-04
 Reference value :  1.43525e-04
 Reference value :  1.44325e-04
 Reference value :  1.45125e-04
 Reference value :  1.45925e-04
 Reference value :  1.46725e-04
 Reference value :  1.47525e-04
 Reference value :  1.48325e-04
 Reference value :  1.49125e-04
 Reference value :  1.49925e-04
 Reference value :  1.50725e-04
 Reference value :  1.51525e-04
 Reference value :  1.52325e-04
 Reference value :  1.53325e-04
 Reference value :  1.54125e-04
 Reference value :  1.54925e-04
 Reference value :  1.55725e-04
 Reference value :  1.56525e-04
 Reference value :  1.57325e-04
 Reference value :  1.58125e-04
 Reference value :  1.58925e-04
 Reference value :  1.59725e-04
 Reference value :  1.60525e-04
 Reference value :  1.61325e-04
 Reference value :  1.62125e-04
 Reference value :  1.62925e-04
 Reference value :  1.63725e-04
 Reference value :  1.64525e-04
 Reference value :  1.65325e-04
 Reference value :  1.66125e-04
 Reference value :  1.66925e-04
 Reference value :  1.67725e-04
 Reference value :  1.68725e-04
 Reference value :  1.69525e-04
 Reference value :  1.70525e-04
 Reference value :  1.71525e-04
 Reference value :  1.72125e-04
 Reference value :  1.72925e-04
 Reference value :  1.73725e-04
 Reference value :  1.74325e-04
 Reference value :  1.75125e-04
 Reference value :  1.75725e-04
 Reference value :  1.76325e-04
 Reference value :  1.76925e-04
 Reference value :  1.77925e-04
 Reference value :  1.78525e-04
 Reference value :  1.79525e-04
 Reference value :  1.80525e-04
 Reference value :  1.81325e-04
 Reference value :  1.82125e-04
 Reference value :  1.82925e-04
 Reference value :  1.83725e-04
 Reference value :  1.84525e-04
 Reference value :  1.85125e-04
 Reference value :  1.85725e-04
 Reference value :  1.86325e-04
 Reference value :  1.87125e-04
 Reference value :  1.87925e-04
 Reference value :  1.88725e-04
 Reference value :  1.89525e-04
 Reference value :  1.90325e-04
 Reference value :  1.91125e-04
 Reference value :  1.91925e-04
 Reference value :  1.92725e-04
 Reference value :  1.93525e-04
 Reference value :  1.94325e-04
 Reference value :  1.95325e-04
 Reference value :  1.96125e-04
 Reference value :  1.96925e-04
 Reference value :  1.97725e-04
 Reference value :  1.98525e-04
 Reference value :  1.99525e-04
 Reference value :  2.00325e-04
 Reference value :  2.00925e-04
 Reference value :  2.01725e-04
 Reference value :  2.02525e-04
 Reference value :  2.03325e-04
 Reference value :  2.04125e-04
 Reference value :  2.04925e-04
 Reference value :  2.05725e-04
 Reference value :  2.06525e-04
 Reference value :  2.07325e-04
 Reference value :  2.08325e-04
 Reference value :  2.09325e-04
 Reference value :  2.10125e-04
 Reference value :  2.11125e-04
 Reference value :  2.11925e-04
 Reference value :  2.12725e-04
 Reference value :  2.13525e-04
 Reference value :  2.14325e-04
 Reference value :  2.15125e-04
 Reference value :  2.15925e-04
 Reference value :  2.16725e-04
 Reference value :  2.17725e-04
 Reference value :  2.18525e-04
 Reference value :  2.19325e-04
 Reference value :  2.20125e-04
 Reference value :  2.20925e-04
 Reference value :  2.21725e-04
 Reference value :  2.22525e-04
 Reference value :  2.23325e-04
 Reference value :  2.24125e-04
 Reference value :  2.24925e-04
 Reference value :  2.25725e-04
 Reference value :  2.26525e-04
 Reference value :  2.27325e-04
 Reference value :  2.28325e-04
 Reference value :  2.29125e-04
 Reference value :  2.29925e-04
 Reference value :  2.30925e-04
 Reference value :  2.31725e-04
 Reference value :  2.32525e-04
 Reference value :  2.33325e-04
 Reference value :  2.34325e-04
 Reference value :  2.35125e-04
 Reference value :  2.36125e-04
 Reference value :  2.36925e-04
 Reference value :  2.37925e-04
 Reference value :  2.38725e-04
 Reference value :  2.39525e-04
 Reference value :  2.40325e-04
 Reference value :  2.41325e-04
 Reference value :  2.42325e-04
 Reference value :  2.43125e-04
 Reference value :  2.44125e-04
 Reference value :  2.44925e-04
 Reference value :  2.45925e-04
 Reference value :  2.46725e-04
 Reference value :  2.47525e-04
 Reference value :  2.48325e-04
 Reference value :  2.49125e-04
 Reference value :  2.50125e-04
 Reference value :  2.51125e-04
 Reference value :  2.51925e-04
 Reference value :  2.52725e-04
 Reference value :  2.53525e-04
 Reference value :  2.54325e-04
 Reference value :  2.55125e-04
 Reference value :  2.56125e-04
 Reference value :  2.56925e-04
 Reference value :  2.57725e-04
 Reference value :  2.58525e-04
 Reference value :  2.59325e-04
 Reference value :  2.60125e-04
 Reference value :  2.60925e-04
 Reference value :  2.61725e-04
 Reference value :  2.62525e-04
 Reference value :  2.63325e-04
 Reference value :  2.64125e-04
 Reference value :  2.64925e-04
 Reference value :  2.65725e-04
 Reference value :  2.66525e-04
 Reference value :  2.67125e-04
 Reference value :  2.67925e-04
 Reference value :  2.68725e-04
 Reference value :  2.69525e-04
 Reference value :  2.70325e-04
 Reference value :  2.71125e-04
 Reference value :  2.71925e-04
 Reference value :  2.72725e-04
 Reference value :  2.73525e-04
 Reference value :  2.74325e-04
 Reference value :  2.75125e-04
 Reference value :  2.75925e-04
 Reference value :  2.76725e-04
 Reference value :  2.77525e-04
 Reference value :  2.78325e-04
 Reference value :  2.79125e-04
 Reference value :  2.79925e-04
 Reference value :  2.80725e-04
 Reference value :  2.81725e-04
 Reference value :  2.82525e-04
 Reference value :  2.83325e-04
 Reference value :  2.84125e-04
 Reference value :  2.84925e-04
 Reference value :  2.85725e-04
 Reference value :  2.86525e-04
 Reference value :  2.87325e-04
 Reference value :  2.87925e-04
 Reference value :  2.88725e-04
 Reference value :  2.89525e-04
 Reference value :  2.90125e-04
 Reference value :  2.90925e-04
 Reference value :  2.91525e-04
 Reference value :  2.92325e-04
 Reference value :  2.93325e-04
 Reference value :  2.94125e-04
 Reference value :  2.94925e-04
 Reference value :  2.95725e-04
 Reference value :  2.96525e-04
 Reference value :  2.97325e-04
 Reference value :  2.98125e-04
 Reference value :  2.98725e-04
 Reference value :  2.99725e-04
 Reference value :  3.00525e-04
 Reference value :  3.01325e-04
 Reference value :  3.02125e-04
 Reference value :  3.02925e-04
 Reference value :  3.03725e-04
 Reference value :  3.04525e-04
 Reference value :  3.05325e-04
 Reference value :  3.06125e-04
 Reference value :  3.06925e-04
 Reference value :  3.07725e-04
 Reference value :  3.08525e-04
 Reference value :  3.09525e-04
 Reference value :  3.10325e-04
 Reference value :  3.11125e-04
 Reference value :  3.11925e-04
 Reference value :  3.12725e-04
 Reference value :  3.13525e-04
 Reference value :  3.14325e-04
 Reference value :  3.15125e-04
 Reference value :  3.15925e-04
 Reference value :  3.16725e-04
 Reference value :  3.17525e-04
 Reference value :  3.18325e-04
 Reference value :  3.19125e-04
 Reference value :  3.19925e-04
 Reference value :  3.20725e-04
 Reference value :  3.21525e-04
 Reference value :  3.22325e-04
 Reference value :  3.23125e-04
 Reference value :  3.23925e-04
 Reference value :  3.24725e-04
 Reference value :  3.25725e-04
 Reference value :  3.26525e-04
 Reference value :  3.27525e-04
 Reference value :  3.28325e-04
 Reference value :  3.29125e-04
 Reference value :  3.29925e-04
 Reference value :  3.30725e-04
 Reference value :  3.31525e-04
 Reference value :  3.32325e-04
 Reference value :  3.33125e-04
 Reference value :  3.33925e-04
 Reference value :  3.34725e-04
 Reference value :  3.35525e-04
 Reference value :  3.36325e-04
 Reference value :  3.37325e-04
 Reference value :  3.38125e-04
 Reference value :  3.38925e-04
 Reference value :  3.39725e-04
 Reference value :  3.40525e-04
 Reference value :  3.41525e-04
 Reference value :  3.42325e-04
 Reference value :  3.43125e-04
 Reference value :  3.43925e-04
 Reference value :  3.44725e-04
 Reference value :  3.45525e-04
 Reference value :  3.46325e-04
 Reference value :  3.47125e-04
 Reference value :  3.47925e-04
 Reference value :  3.48725e-04
 Reference value :  3.49525e-04
 Reference value :  3.50325e-04
 Reference value :  3.51125e-04
 Reference value :  3.51925e-04
 Reference value :  3.52725e-04
 Reference value :  3.53525e-04
 Reference value :  3.54325e-04
 Reference value :  3.55125e-04
 Reference value :  3.55925e-04
 Reference value :  3.56725e-04
 Reference value :  3.57525e-04
 Reference value :  3.58525e-04
 Reference value :  3.59325e-04
 Reference value :  3.60325e-04
 Reference value :  3.61125e-04
 Reference value :  3.61725e-04
 Reference value :  3.62525e-04
 Reference value :  3.63325e-04
 Reference value :  3.64125e-04
 Reference value :  3.64925e-04
 Reference value :  3.65725e-04
 Reference value :  3.66525e-04
 Reference value :  3.67325e-04
 Reference value :  3.68125e-04
 Reference value :  3.68925e-04
 Reference value :  3.69725e-04
 Reference value :  3.70325e-04
 Reference value :  3.71325e-04
 Reference value :  3.72125e-04
 Reference value :  3.72925e-04
 Reference value :  3.73725e-04
 Reference value :  3.74525e-04
 Reference value :  3.75325e-04
 Reference value :  3.76125e-04
 Reference value :  3.76925e-04
 Reference value :  3.77925e-04
 Reference value :  3.78725e-04
 Reference value :  3.79525e-04
 Reference value :  3.80325e-04
 Reference value :  3.81125e-04
 Reference value :  3.81925e-04
 Reference value :  3.82925e-04
 Reference value :  3.83525e-04
 Reference value :  3.84525e-04
 Reference value :  3.85325e-04
 Reference value :  3.86125e-04
 Reference value :  3.86925e-04
 Reference value :  3.87725e-04
 Reference value :  3.88525e-04
 Reference value :  3.89325e-04
 Reference value :  3.90125e-04
 Reference value :  3.90925e-04
 Reference value :  3.91725e-04
 Reference value :  3.92525e-04
 Reference value :  3.93325e-04
 Reference value :  3.94325e-04
 Reference value :  3.95125e-04
 Reference value :  3.96125e-04
 Reference value :  3.97125e-04
 Reference value :  3.98125e-04
 Reference value :  3.99125e-04
 Reference value :  3.99925e-04
 Reference value :  4.00725e-04
 Reference value :  4.01525e-04
 Reference value :  4.03325e-04
 Reference value :  4.04325e-04
 Reference value :  4.05125e-04
 Reference value :  4.06125e-04
 Reference value :  4.06925e-04
 Reference value :  4.07725e-04
 Reference value :  4.08725e-04
 Reference value :  4.09325e-04
 Reference value :  4.10325e-04
 Reference value :  4.11125e-04
 Reference value :  4.11925e-04
 Reference value :  4.12725e-04
 Reference value :  4.13725e-04
 Reference value :  4.14525e-04
 Reference value :  4.15325e-04
 Reference value :  4.16125e-04
 Reference value :  4.16925e-04
 Reference value :  4.17725e-04
 Reference value :  4.18525e-04
 Reference value :  4.19325e-04
 Reference value :  4.20125e-04
 Reference value :  4.21125e-04
 Reference value :  4.22125e-04
 Reference value :  4.22925e-04
 Reference value :  4.23725e-04
 Reference value :  4.24325e-04
 Reference value :  4.25125e-04
 Reference value :  4.26125e-04
 Reference value :  4.27125e-04
 Reference value :  4.27925e-04
 Reference value :  4.28925e-04
 Reference value :  4.29725e-04
 Reference value :  4.30725e-04
 Reference value :  4.31525e-04
 Reference value :  4.32525e-04
 Reference value :  4.33325e-04
 Reference value :  4.34125e-04
 Reference value :  4.34725e-04
 Reference value :  4.35725e-04
 Reference value :  4.36525e-04
 Reference value :  4.37325e-04
 Reference value :  4.37925e-04
 Reference value :  4.38525e-04
 Reference value :  4.39325e-04
 Reference value :  4.40125e-04
 Reference value :  4.40925e-04
 Reference value :  4.41925e-04
 Reference value :  4.42725e-04
 Reference value :  4.43325e-04
 Reference value :  4.44125e-04
 Reference value :  4.44925e-04
 Reference value :  4.45525e-04
 Reference value :  4.46125e-04
 Reference value :  4.46725e-04
 Reference value :  4.47525e-04
 Reference value :  4.48325e-04
 Reference value :  4.49125e-04
 Reference value :  4.49725e-04
 Reference value :  4.50325e-04
 Reference value :  4.50925e-04
 Reference value :  4.51525e-04
 Reference value :  4.52125e-04
 Reference value :  4.52725e-04
 Reference value :  4.53525e-04
 Reference value :  4.54525e-04
 Reference value :  4.55125e-04
 Reference value :  4.55925e-04
 Reference value :  4.56725e-04
 Reference value :  4.57525e-04
 Reference value :  4.58325e-04
 Reference value :  4.59125e-04
 Reference value :  4.60125e-04
 Reference value :  4.61125e-04
 Reference value :  4.61725e-04
 Reference value :  4.62525e-04
 Reference value :  4.63325e-04
 Reference value :  4.64125e-04
 Reference value :  4.64925e-04
 Reference value :  4.65725e-04
 Reference value :  4.66525e-04
 Reference value :  4.67325e-04
 Reference value :  4.68125e-04
 Reference value :  4.68925e-04
 Reference value :  4.69725e-04
 Reference value :  4.70525e-04
 Reference value :  4.71325e-04
 Reference value :  4.71925e-04
 Reference value :  4.72725e-04
 Reference value :  4.73325e-04
 Reference value :  4.74125e-04
 Reference value :  4.74925e-04
 Reference value :  4.75925e-04
 Reference value :  4.76725e-04
 Reference value :  4.77525e-04
 Reference value :  4.78325e-04
 Reference value :  4.79125e-04
 Reference value :  4.79925e-04
 Reference value :  4.80925e-04
 Reference value :  4.81925e-04
 Reference value :  4.82925e-04
 Reference value :  4.83725e-04
 Reference value :  4.84525e-04
 Reference value :  4.85525e-04
 Reference value :  4.86525e-04
 Reference value :  4.87325e-04
 Reference value :  4.87925e-04
 Reference value :  4.88525e-04
 Reference value :  4.89125e-04
 Reference value :  4.90125e-04
 Reference value :  4.91125e-04
 Reference value :  4.92125e-04
 Reference value :  4.92925e-04
 Reference value :  4.93725e-04
 Reference value :  4.94525e-04
 Reference value :  4.95325e-04
 Reference value :  4.96125e-04
 Reference value :  4.96925e-04
 Reference value :  4.97725e-04
 Reference value :  4.98325e-04
 Reference value :  4.99125e-04
 Reference value :  4.99925e-04
 Reference value :  5.00725e-04
 Reference value :  5.01525e-04
 Reference value :  5.02325e-04
 Reference value :  5.03125e-04
 Reference value :  5.03925e-04
 Reference value :  5.04725e-04
 Reference value :  5.05525e-04
 Reference value :  5.06325e-04
 Reference value :  5.06925e-04
 Reference value :  5.07925e-04
 Reference value :  5.08725e-04
 Reference value :  5.09525e-04
 Reference value :  5.10325e-04
 Reference value :  5.11125e-04
 Reference value :  5.11925e-04
 Reference value :  5.12725e-04
 Reference value :  5.13325e-04
 Reference value :  5.13925e-04
 Reference value :  5.14725e-04
 Reference value :  5.15525e-04
 Reference value :  5.16325e-04
 Reference value :  5.16925e-04
 Reference value :  5.17725e-04
 Reference value :  5.18725e-04
 Reference value :  5.19525e-04
 Reference value :  5.20325e-04
 Reference value :  5.21125e-04
 Reference value :  5.21925e-04
 Reference value :  5.22725e-04
 Reference value :  5.23525e-04
 Reference value :  5.24325e-04
 Reference value :  5.25125e-04
 Reference value :  5.25925e-04
 Reference value :  5.26725e-04
 Reference value :  5.27525e-04
 Reference value :  5.28325e-04
 Reference value :  5.29125e-04
 Reference value :  5.29925e-04
 Reference value :  5.30725e-04
 Reference value :  5.31525e-04
 Reference value :  5.32325e-04
 Reference value :  5.33125e-04
 Reference value :  5.33725e-04
 Reference value :  5.34525e-04
 Reference value :  5.35325e-04
 Reference value :  5.36125e-04
 Reference value :  5.36925e-04
 Reference value :  5.37925e-04
 Reference value :  5.38725e-04
 Reference value :  5.39525e-04
 Reference value :  5.40325e-04
 Reference value :  5.41325e-04
 Reference value :  5.42125e-04
 Reference value :  5.42925e-04
 Reference value :  5.43925e-04
 Reference value :  5.44925e-04
 Reference value :  5.45925e-04
 Reference value :  5.46725e-04
 Reference value :  5.47525e-04
 Reference value :  5.48325e-04
 Reference value :  5.49125e-04
 Reference value :  5.49925e-04
 Reference value :  5.50725e-04
 Reference value :  5.51525e-04
 Reference value :  5.52325e-04
 Reference value :  5.53125e-04
 Reference value :  5.53925e-04
 Reference value :  5.54925e-04
 Reference value :  5.55725e-04
 Reference value :  5.56525e-04
 Reference value :  5.57525e-04
 Reference value :  5.58325e-04
 Reference value :  5.59125e-04
 Reference value :  5.59925e-04
 Reference value :  5.60525e-04
 Reference value :  5.61325e-04
 Reference value :  5.61925e-04
 Reference value :  5.62725e-04
 Reference value :  5.63525e-04
 Reference value :  5.64325e-04
 Reference value :  5.65125e-04
 Reference value :  5.65925e-04
 Reference value :  5.66925e-04
 Reference value :  5.67925e-04
 Reference value :  5.68925e-04
 Reference value :  5.69925e-04
 Reference value :  5.70925e-04
 Reference value :  5.71925e-04
 Reference value :  5.72725e-04
 Reference value :  5.73525e-04
 Reference value :  5.74525e-04
 Reference value :  5.75525e-04
 Reference value :  5.76325e-04
 Reference value :  5.77125e-04
 Reference value :  5.77925e-04
 Reference value :  5.78925e-04
 Reference value :  5.79725e-04
 Reference value :  5.80525e-04
 Reference value :  5.81325e-04
 Reference value :  5.82125e-04
 Reference value :  5.83125e-04
 Reference value :  5.83925e-04
 Reference value :  5.84725e-04
 Reference value :  5.85725e-04
 Reference value :  5.86525e-04
 Reference value :  5.87325e-04
 Reference value :  5.88325e-04
 Reference value :  5.89125e-04
 Reference value :  5.90325e-04
 Reference value :  5.91125e-04
 Reference value :  5.91925e-04
 Reference value :  5.92725e-04
 Reference value :  5.93525e-04
 Reference value :  5.94325e-04
 Reference value :  5.95125e-04
 Reference value :  5.95925e-04
 Reference value :  5.96725e-04
 Reference value :  5.97525e-04
 Reference value :  5.98525e-04
 Reference value :  5.99325e-04
 Reference value :  6.00125e-04
 Reference value :  6.00925e-04
 Reference value :  6.01725e-04
 Reference value :  6.02525e-04
 Reference value :  6.03325e-04
 Reference value :  6.03925e-04
 Reference value :  6.04525e-04
 Reference value :  6.05125e-04
 Reference value :  6.05525e-04
 Reference value :  6.06325e-04
 Reference value :  6.07125e-04
 Reference value :  6.07925e-04
 Reference value :  6.08525e-04
 Reference value :  6.09325e-04
 Reference value :  6.10125e-04
 Reference value :  6.10925e-04
 Reference value :  6.11725e-04
 Reference value :  6.12525e-04
 Reference value :  6.13325e-04
 Reference value :  6.14325e-04
 Reference value :  6.15325e-04
 Reference value :  6.16125e-04
 Reference value :  6.17125e-04
 Reference value :  6.18125e-04
 Reference value :  6.19125e-04
 Reference value :  6.19925e-04
 Reference value :  6.20725e-04
 Reference value :  6.21725e-04
 Reference value :  6.22525e-04
 Reference value :  6.23525e-04
 Reference value :  6.24325e-04
 Reference value :  6.25125e-04
 Reference value :  6.25925e-04
 Reference value :  6.26725e-04
 Reference value :  6.27525e-04
 Reference value :  6.28325e-04
 Reference value :  6.29125e-04
 Reference value :  6.29925e-04
 Reference value :  6.30725e-04
 Reference value :  6.31725e-04
 Reference value :  6.32525e-04
 Reference value :  6.33325e-04
 Reference value :  6.34325e-04
 Reference value :  6.35125e-04
 Reference value :  6.35925e-04
 Reference value :  6.36725e-04
 Reference value :  6.37525e-04
 Reference value :  6.38325e-04
 Reference value :  6.39125e-04
 Reference value :  6.39925e-04
 Reference value :  6.40725e-04
 Reference value :  6.41525e-04
 Reference value :  6.42325e-04
 Reference value :  6.43125e-04
 Reference value :  6.43925e-04
 Reference value :  6.44725e-04
 Reference value :  6.45525e-04
 Reference value :  6.46325e-04
 Reference value :  6.47325e-04
 Reference value :  6.48125e-04
 Reference value :  6.48725e-04
 Reference value :  6.49525e-04
 Reference value :  6.50125e-04
 Reference value :  6.50925e-04
 Reference value :  6.51725e-04
 Reference value :  6.52525e-04
 Reference value :  6.53325e-04
 Reference value :  6.54125e-04
 Reference value :  6.54725e-04
 Reference value :  6.55525e-04
 Reference value :  6.56325e-04
 Reference value :  6.57125e-04
 Reference value :  6.58125e-04
 Reference value :  6.58925e-04
 Reference value :  6.59725e-04
 Reference value :  6.60525e-04
 Reference value :  6.61525e-04
 Reference value :  6.62525e-04
 Reference value :  6.63325e-04
 Reference value :  6.64325e-04
 Reference value :  6.65325e-04
 Reference value :  6.65925e-04
 Reference value :  6.66725e-04
 Reference value :  6.67725e-04
 Reference value :  6.68325e-04
 Reference value :  6.69125e-04
 Reference value :  6.69925e-04
 Reference value :  6.70925e-04
 Reference value :  6.71925e-04
 Reference value :  6.72725e-04
 Reference value :  6.73525e-04
 Reference value :  6.74125e-04
 Reference value :  6.74925e-04
 Reference value :  6.75925e-04
 Reference value :  6.76725e-04
 Reference value :  6.77525e-04
 Reference value :  6.78325e-04
 Reference value :  6.79125e-04
 Reference value :  6.79925e-04
 Reference value :  6.80725e-04
 Reference value :  6.81325e-04
 Reference value :  6.82125e-04
 Reference value :  6.82925e-04
 Reference value :  6.83725e-04
 Reference value :  6.84525e-04
 Reference value :  6.85325e-04
 Reference value :  6.86125e-04
 Reference value :  6.86925e-04
 Reference value :  6.87725e-04
 Reference value :  6.88525e-04
 Reference value :  6.89125e-04
 Reference value :  6.89925e-04
 Reference value :  6.90925e-04
 Reference value :  6.91725e-04
 Reference value :  6.92525e-04
 Reference value :  6.93325e-04
 Reference value :  6.94125e-04
 Reference value :  6.94925e-04
 Reference value :  6.95925e-04
 Reference value :  6.96925e-04
 Reference value :  6.97525e-04
 Reference value :  6.98325e-04
 Reference value :  6.99125e-04
 Reference value :  6.99925e-04
 Reference value :  7.00925e-04
 Reference value :  7.01725e-04
 Reference value :  7.02525e-04
 Reference value :  7.03325e-04
 Reference value :  7.04125e-04
 Reference value :  7.05125e-04
 Reference value :  7.06125e-04
 Reference value :  7.07125e-04
 Reference value :  7.07925e-04
 Reference value :  7.08725e-04
 Reference value :  7.09525e-04
 Reference value :  7.10325e-04
 Reference value :  7.11125e-04
 Reference value :  7.11925e-04
 Reference value :  7.12725e-04
 Reference value :  7.13525e-04
 Reference value :  7.14325e-04
 Reference value :  7.14925e-04
 Reference value :  7.15725e-04
 Reference value :  7.16525e-04
 Reference value :  7.17325e-04
 Reference value :  7.18125e-04
 Reference value :  7.18925e-04
 Reference value :  7.19925e-04
 Reference value :  7.20725e-04
 Reference value :  7.21325e-04
 Reference value :  7.22125e-04
 Reference value :  7.22925e-04
 Reference value :  7.23725e-04
 Reference value :  7.24525e-04
 Reference value :  7.25325e-04
 Reference value :  7.26325e-04
 Reference value :  7.27125e-04
 Reference value :  7.27925e-04
 Reference value :  7.28925e-04
 Reference value :  7.29925e-04
 Reference value :  7.30925e-04
 Reference value :  7.31925e-04
 Reference value :  7.32725e-04
 Reference value :  7.33525e-04
 Reference value :  7.34525e-04
 Reference value :  7.35125e-04
 Reference value :  7.35925e-04
 Reference value :  7.36925e-04
 Reference value :  7.37925e-04
 Reference value :  7.38525e-04
 Reference value :  7.39325e-04
 Reference value :  7.40125e-04
 Reference value :  7.40925e-04
 Reference value :  7.41525e-04
 Reference value :  7.42125e-04
 Reference value :  7.42925e-04
 Reference value :  7.43725e-04
 Reference value :  7.44525e-04
 Reference value :  7.45525e-04
 Reference value :  7.46325e-04
 Reference value :  7.47325e-04
 Reference value :  7.48325e-04
 Reference value :  7.48925e-04
 Reference value :  7.49725e-04
 Reference value :  7.50525e-04
 Reference value :  7.51125e-04
 Reference value :  7.51925e-04
 Reference value :  7.52725e-04
 Reference value :  7.53325e-04
 Reference value :  7.54125e-04
 Reference value :  7.54925e-04
 Reference value :  7.55725e-04
 Reference value :  7.56525e-04
 Reference value :  7.57125e-04
 Reference value :  7.57725e-04
 Reference value :  7.58325e-04
 Reference value :  7.59325e-04
 Reference value :  7.59925e-04
 Reference value :  7.60525e-04
 Reference value :  7.61125e-04
 Reference value :  7.61725e-04
 Reference value :  7.62325e-04
 Reference value :  7.62925e-04
 Reference value :  7.63925e-04
 Reference value :  7.64725e-04
 Reference value :  7.65525e-04
 Reference value :  7.66725e-04
 Reference value :  7.67725e-04
 Reference value :  7.68725e-04
 Reference value :  7.69525e-04
 Reference value :  7.70325e-04
 Reference value :  7.71125e-04
 Reference value :  7.71925e-04
 Reference value :  7.72725e-04
 Reference value :  7.73525e-04
 Reference value :  7.74325e-04
 Reference value :  7.75125e-04
 Reference value :  7.76125e-04
 Reference value :  7.76925e-04
 Reference value :  7.77525e-04
 Reference value :  7.78325e-04
 Reference value :  7.79125e-04
 Reference value :  7.79925e-04
 Reference value :  7.80525e-04
 Reference value :  7.81125e-04
 Reference value :  7.81925e-04
 Reference value :  7.82725e-04
 Reference value :  7.83525e-04
 Reference value :  7.84325e-04
 Reference value :  7.85125e-04
 Reference value :  7.85925e-04
 Reference value :  7.86725e-04
 Reference value :  7.87325e-04
 Reference value :  7.88125e-04
 Reference value :  7.89125e-04
 Reference value :  7.90125e-04
 Reference value :  7.90925e-04
 Reference value :  7.91925e-04
 Reference value :  7.92925e-04
 Reference value :  7.93925e-04
 Reference value :  7.94725e-04
 Reference value :  7.95725e-04
 Reference value :  7.96525e-04
 Reference value :  7.97325e-04
 Reference value :  7.98125e-04
 Reference value :  7.98925e-04
 Reference value :  7.99725e-04
 Reference value :  8.00525e-04
 Reference value :  8.01525e-04
 Reference value :  8.02325e-04
 Reference value :  8.03125e-04
 Reference value :  8.03925e-04
 Reference value :  8.04725e-04
 Reference value :  8.05525e-04
 Reference value :  8.06325e-04
 Reference value :  8.07325e-04
 Reference value :  8.08325e-04
 Reference value :  8.09125e-04
 Reference value :  8.10125e-04
 Reference value :  8.10925e-04
 Reference value :  8.11725e-04
 Reference value :  8.12525e-04
 Reference value :  8.13325e-04
 Reference value :  8.14125e-04
 Reference value :  8.14925e-04
 Reference value :  8.15725e-04
 Reference value :  8.16525e-04
 Reference value :  8.17525e-04
 Reference value :  8.18525e-04
 Reference value :  8.19525e-04
 Reference value :  8.20525e-04
 Reference value :  8.21525e-04
 Reference value :  8.22325e-04
 Reference value :  8.23125e-04
 Reference value :  8.23925e-04
 Reference value :  8.24925e-04
 Reference value :  8.25725e-04
 Reference value :  8.26525e-04
 Reference value :  8.27525e-04
 Reference value :  8.28325e-04
 Reference value :  8.29325e-04
 Reference value :  8.30125e-04
 Reference value :  8.30925e-04
 Reference value :  8.31725e-04
 Reference value :  8.32525e-04
 Reference value :  8.33325e-04
 Reference value :  8.34125e-04
 Reference value :  8.34925e-04
 Reference value :  8.35725e-04
 Reference value :  8.36525e-04
 Reference value :  8.37525e-04
 Reference value :  8.38325e-04
 Reference value :  8.39125e-04
 Reference value :  8.39925e-04
 Reference value :  8.40925e-04
 Reference value :  8.41725e-04
 Reference value :  8.42525e-04
 Reference value :  8.43325e-04
 Reference value :  8.44125e-04
 Reference value :  8.44925e-04
 Reference value :  8.45725e-04
 Reference value :  8.46725e-04
 Reference value :  8.47525e-04
 Reference value :  8.48125e-04
 Reference value :  8.48925e-04
 Reference value :  8.49725e-04
 Reference value :  8.50525e-04
 Reference value :  8.51325e-04
 Reference value :  8.52325e-04
 Reference value :  8.53125e-04
 Reference value :  8.53925e-04
 Reference value :  8.54725e-04
 Reference value :  8.55525e-04
 Reference value :  8.56325e-04
 Reference value :  8.57325e-04
 Reference value :  8.57925e-04
 Reference value :  8.58525e-04
 Reference value :  8.59325e-04
 Reference value :  8.59925e-04
 Reference value :  8.60725e-04
 Reference value :  8.61525e-04
 Reference value :  8.62325e-04
 Reference value :  8.63125e-04
 Reference value :  8.63925e-04
 Reference value :  8.64925e-04
 Reference value :  8.65725e-04
 Reference value :  8.66725e-04
 Reference value :  8.67525e-04
 Reference value :  8.68325e-04
 Reference value :  8.69125e-04
 Reference value :  8.70125e-04
 Reference value :  8.70925e-04
 Reference value :  8.71525e-04
 Reference value :  8.72325e-04
 Reference value :  8.73125e-04
 Reference value :  8.73725e-04
 Reference value :  8.74525e-04
 Reference value :  8.75325e-04
 Reference value :  8.76125e-04
 Reference value :  8.76925e-04
 Reference value :  8.77725e-04
 Reference value :  8.78525e-04
 Reference value :  8.79125e-04
 Reference value :  8.79725e-04
 Reference value :  8.80525e-04
 Reference value :  8.81325e-04
 Reference value :  8.82125e-04
 Reference value :  8.82925e-04
 Reference value :  8.83725e-04
 Reference value :  8.84525e-04
 Reference value :  8.85325e-04
 Reference value :  8.86125e-04
 Reference value :  8.87125e-04
 Reference value :  8.88125e-04
 Reference value :  8.88725e-04
 Reference value :  8.89725e-04
 Reference value :  8.90725e-04
 Reference value :  8.91525e-04
 Reference value :  8.92325e-04
 Reference value :  8.93325e-04
 Reference value :  8.94325e-04
 Reference value :  8.95525e-04
 Reference value :  8.96325e-04
 Reference value :  8.97125e-04
 Reference value :  8.97925e-04
 Reference value :  8.98725e-04
 Reference value :  8.99525e-04
 Reference value :  9.00325e-04
 Reference value :  9.01125e-04
 Reference value :  9.01925e-04
 Reference value :  9.02925e-04
 Reference value :  9.03725e-04
 Reference value :  9.04525e-04
 Reference value :  9.05525e-04
 Reference value :  9.06325e-04
 Reference value :  9.07125e-04
 Reference value :  9.07925e-04
 Reference value :  9.08525e-04
 Reference value :  9.09325e-04
 Reference value :  9.10125e-04
 Reference value :  9.10925e-04
 Reference value :  9.11725e-04
 Reference value :  9.12525e-04
 Reference value :  9.13325e-04
 Reference value :  9.13925e-04
 Reference value :  9.14925e-04
 Reference value :  9.15725e-04
 Reference value :  9.16525e-04
 Reference value :  9.17325e-04
 Reference value :  9.18325e-04
 Reference value :  9.19125e-04
 Reference value :  9.19725e-04
 Reference value :  9.20525e-04
 Reference value :  9.21525e-04
 Reference value :  9.22525e-04
 Reference value :  9.23325e-04
 Reference value :  9.24125e-04
 Reference value :  9.70325e-04
 Reference value :  1.01370e-03
 Reference value :  1.05550e-03
 Reference value :  1.10170e-03
 Reference value :  1.10310e-03
 Reference value :  1.10390e-03
 Reference value :  1.10450e-03
 Reference value :  1.10530e-03
 Reference value :  1.10590e-03
 Reference value :  1.10650e-03
 Reference value :  1.10730e-03
 Reference value :  1.10810e-03
 Reference value :  1.11850e-03
 Reference value :  1.11990e-03
 Reference value :  1.13210e-03
 Reference value :  1.17410e-03
 Reference value :  1.21290e-03
 Reference value :  1.23590e-03
 Reference value :  1.24830e-03
 Reference value :  1.24910e-03
 Reference value :  1.24990e-03
 Reference value :  1.25390e-03
 Reference value :  1.25450e-03
 Reference value :  1.25510e-03
 Reference value :  1.25590e-03
 Reference value :  1.25670e-03
 Reference value :  1.25730e-03
 Reference value :  1.25810e-03
 Reference value :  1.25890e-03
 Reference value :  1.26050e-03
 Reference value :  1.29570e-03
 Reference value :  1.32770e-03
 Reference value :  1.35130e-03
 Reference value :  1.36430e-03
 Reference value :  1.37310e-03
 Reference value :  1.37990e-03
 Reference value :  1.38070e-03
 Reference value :  1.38150e-03
 Reference value :  1.38250e-03
 Reference value :  1.38330e-03
 Reference value :  1.38410e-03
 Reference value :  1.38490e-03
 Reference value :  1.38570e-03
 Reference value :  1.38650e-03
 Reference value :  1.38730e-03
 Reference value :  1.38810e-03
 Reference value :  1.38890e-03
 Reference value :  1.39330e-03
 Reference value :  1.39390e-03
 Reference value :  1.40070e-03
 Reference value :  1.40270e-03
 Reference value :  1.40350e-03
 Reference value :  1.40430e-03
 Reference value :  1.40530e-03
 Reference value :  1.40590e-03
 Reference value :  1.40670e-03
 Reference value :  1.40750e-03
 Reference value :  1.40830e-03
 Reference value :  1.40910e-03
 Reference value :  1.40990e-03
 Reference value :  1.41070e-03
 Reference value :  1.41130e-03
 Reference value :  1.41210e-03
 Reference value :  1.41770e-03
 Reference value :  1.41970e-03
 Reference value :  1.46550e-03
 Reference value :  1.50930e-03
 Reference value :  1.55390e-03
 Reference value :  1.57870e-03
 Reference value :  1.60010e-03
 Reference value :  1.60430e-03
 Reference value :  1.60510e-03
 Reference value :  1.60590e-03
 Reference value :  1.60670e-03
 Reference value :  1.60750e-03
 Reference value :  1.60810e-03
 Reference value :  1.60870e-03
 Reference value :  1.60930e-03
 Reference value :  1.61010e-03
 Reference value :  1.61570e-03
 Reference value :  1.62670e-03
 Reference value :  1.67570e-03
 Reference value :  1.69490e-03
 Reference value :  1.71310e-03
 Reference value :  1.71390e-03
 Reference value :  1.72370e-03
 Reference value :  1.75430e-03
 Reference value :  1.80150e-03
 Reference value :  1.82270e-03
 Reference value :  1.82350e-03
 Reference value :  1.82450e-03
 Reference value :  1.82530e-03
 Reference value :  1.82610e-03
 Reference value :  1.82690e-03
 Reference value :  1.82770e-03
 Reference value :  1.82850e-03
 Reference value :  1.82950e-03
 Reference value :  1.83030e-03
 Reference value :  1.83210e-03
 Reference value :  1.83330e-03
 Reference value :  1.83410e-03
 Reference value :  1.83490e-03
 Reference value :  1.83570e-03
 Reference value :  1.83750e-03
 Reference value :  1.85410e-03
 Reference value :  1.89470e-03
 Reference value :  1.92270e-03
 Reference value :  1.92350e-03
 Reference value :  1.92450e-03
 Reference value :  1.92530e-03
 Reference value :  1.92610e-03
 Reference value :  1.92690e-03
 Reference value :  1.92770e-03
 Reference value :  1.92830e-03
 Reference value :  1.92890e-03
 Reference value :  1.95370e-03
 Reference value :  1.96850e-03
 Reference value :  1.96930e-03
 Reference value :  1.97010e-03
 Reference value :  1.98250e-03
 Reference value :  2.02430e-03
 Reference value :  2.06690e-03
 Reference value :  2.10030e-03
 Reference value :  2.11750e-03
 Reference value :  2.14270e-03
 Reference value :  2.19170e-03
 Reference value :  2.22630e-03
 Reference value :  2.25690e-03
 Reference value :  2.26210e-03
 Reference value :  2.26290e-03
 Reference value :  2.26350e-03
 Reference value :  2.26410e-03
 Reference value :  2.26490e-03
 Reference value :  2.26550e-03
 Reference value :  2.26630e-03
 Reference value :  2.26710e-03
 Reference value :  2.26790e-03
 Reference value :  2.26910e-03
 Reference value :  2.28430e-03
 Reference value :  2.33250e-03
 Reference value :  2.37330e-03
 Reference value :  2.39930e-03
 Reference value :  2.41370e-03
 Reference value :  2.42330e-03
 Reference value :  2.44290e-03
 Reference value :  2.47010e-03
 Reference value :  2.49750e-03
No. of Data Rows : 12574
t_vdd_s             =  9.76431e-04
t_ref_s             =  6.04076e-04
t_vdd_f             =  9.76431e-07
t_ref_f             =  8.20577e-07
t_vdd_g             =  9.76431e-10
t_ref_g             =  1.87309e-09
v_s                 =  1.18035e+00
v_f                 =  1.18012e+00
v_g                 =  1.18012e+00
v_n                 =  5.33013e-01
g_n                 =  2.97593e+00
isg                 =  -2.48226e-05
meas_t_start_s = -3.72355e-04
meas_t_start_f = -1.55854e-07
meas_t_start_g = 8.966570e-10
meas_t_abs_s = 6.040761e-04
meas_vref_s = 1.180348e+00
meas_vref_f = 1.180118e+00
meas_vref_g = 1.180123e+00
meas_vref_spread = 4.550000e-04
meas_vref_n = 5.330128e-01
meas_gn_n = 2.975926e+00
meas_isup_g = 2.482256e-05
ngspice-46 done

# ==== ngspice stderr ====

