# corner: tt_-40c_3.63v
# process=tt temp=-40C supply=3.63V
# ngspice exit: 0
# wall clock: 55.8s (--timeout was 300s)
# result: PASS

# ==== deck (exact input given to ngspice) ====
| * startup-ramp corner deck -- generated by sim/bin/corner-run.py, do not edit
| * corner: tt_-40c_3.63v
| .param vsup=3.63
| .param t_slow=1e-3
| .param t_fast=1e-6
| .option wnflag=1
| .temp -40
| .lib "/home/ubuntu/.volare/sky130A/libs.tech/combined/sky130.lib.spice" tt
| ** sch_path: sim/startup-ramp/testbench/tb_startup_ramp.sch
| **.subckt tb_startup_ramp
| VSLOW VDDS 0 pwl(0 0 't_slow' 'vsup')
| .save i(vslow)
| VFAST VDDF 0 pwl(0 0 't_fast' 'vsup')
| .save i(vfast)
| VDEGN VDDN 0 pwl(0 0 1n 'vsup')
| .save i(vdegn)
| XSLOW VREFS GS VDDS 0 bandgap_core
| XSUS GS VREFS VDDS 0 startup_injector
| XFAST VREFF GF VDDF 0 bandgap_core
| XSUF GF VREFF VDDF 0 startup_injector
| XDEGN VREFN GN VDDN 0 bandgap_core
| VDEG VDDG 0 pwl(0 0 1n 'vsup')
| .save i(vdeg)
| XDEG VREFG GG VDDG 0 bandgap_core
| XSUG GG VREFG VDDG 0 startup_injector
| **** begin user architecture code
| 
| 
| * Put the XDEG copy (injector attached) and the XDEGN control copy (no
| * injector) in the degenerate zero-current state at t = 0: their mirror gates
| * start at the supply rail, which is where the all-off solution parks them,
| * while every other node starts at 0 V (UIC). Nothing holds GG/GN there after
| * t = 0 -- .ic only sets the transient's starting point -- so whether either
| * circuit leaves that state is decided by the circuit, not by the deck.
| .ic v(GG)='vsup' v(GN)='vsup'
| 
| 
| **** end user architecture code
| **.ends
| 
| * expanding   symbol:  design/bandgap_core.sym # of pins=4
| ** sym_path: design/bandgap_core.sym
| ** sch_path: design/bandgap_core.sch
| .subckt bandgap_core VOUT GDRV VDD VSS
| *.opin VOUT
| *.iopin GDRV
| *.iopin VDD
| *.iopin VSS
| **** begin user architecture code
| 
| 
| * ---- Kuijk core parameters (issue #8) ----
| * PNP emitter-area ratio N is built ONLY from paralleled unit devices:
| *   N = (n_pnp_ptat * 11.56 um2) / (n_pnp_ctat * 0.4624 um2)
| * Keep both counts equal to hold the pair's measured dVBE while lowering the
| * per-unit current and sigma(dVBE); raise n_pnp_ptat alone for more PTAT.
| .param n_pnp_ctat=8
| .param n_pnp_ptat=8
| * res_high_po unit segment: W = r_w um, L = r_lseg um (R ~ 380 + 325*L ohm)
| .param r_w=1
| .param r_lseg=5
| * segment counts. K = R2/R1 (each leg has its own head resistance, so
| * K != n_r2/n_r1 exactly -- see the header comment). n_r2 was RESIZED 54 -> 50
| * by issue #99 (see RESIZE STATUS below); n_r1 held at 7. The #46 single-
| * device investigation (why the OLD n_r2=54 was chosen, and why +1 was
| * rejected there) is retained in the header Sizing rationale, superseded by
| * the resize.
| * RESIZE STATUS (issue #99 / DR-003, RESOLVED): n_r1/n_r2 are now sized
| * against the ROUTED LAYOUT's real chained-array topology -- the ground truth
| * the fabricated part experiences -- NOT the single-res_high_po-device-per-leg
| * model this schematic's own XR1/XR2A/XR2B lines still draw. Issue #98/DR-003
| * (sim/res-array-head-resistance/) established that the routed layout draws
| * each leg as N separately-contacted unit instances in series
| * (layout/bin/gen_bandgap_routed.py's bus_res_series), paying real per-instance
| * head resistance: at the old n_r2=54 that made the REAL part's K=R2/R1 read
| * 8.1474 vs the single-device model's 7.4973, pushing VOUT(27 degC) to
| * ~1.233 V (outside the draft +/-1% window 1.188..1.212 V) at all 5
| * (process,supply) corners and collapsing regulation at ff/2.97 V and
| * fs/2.97 V. Resizing n_r2 54 -> 50 (n_r1 left at 7 so branch current -- and
| * therefore hot-corner headroom -- is not raised while K is corrected) brings
| * the real chained topology's K back to 7.576 and VOUT(27 degC) back to
| * ~1.198 V, IN the +/-1% window at ALL 5 corners with NO hot-corner collapse,
| * and the DR-002 downward 0..-16 trim range still covering. Full PVT + trim
| * re-verification: sim/res-array-resize/records/ (issue #99).
| * CONSEQUENCE for the single-device model: because these XR1/XR2A/XR2B lines
| * still model each leg as ONE res_high_po device (omitting the per-instance
| * head resistance the real part pays), simulating THIS schematic as-drawn
| * (e.g. sim/output-voltage-tc's single-device tb_vref_tc, netlisted by xschem)
| * now reads VOUT(27 degC) ~1.165 V -- LOW *by design*. That ~33 mV gap IS the
| * head resistance the routed part uses to reach 1.198 V; it is not an error,
| * and the single-device harness is no longer the sizing reference of record
| * (DR-003: every single-device record models a topology the layout does not
| * build). NEXT INCREMENT (not done here, per one-lever-per-increment): the
| * routed layout generator (gen_bandgap_routed.py's N_R1/SCH_N_R2/N_R2_COARSE,
| * currently still transcribing n_r2=54) must be re-transcribed to n_r2=50 and
| * re-verified through klayout DRC/LVS -- see DR-003's closure and
| * layout/matching-plan.md Section 7x.
| .param n_r1=7
| .param n_r2=50
| * PMOS mirror multiplicities (unit device W=8u L=2u)
| .param m_out=2
| .param m_ampbias=2
| * ---- Trim network (issue #13), DOWNWARD ONLY -- see DR-002 ----
| * Ladder-tap length added to R2A/R2B equally (metal option, no switches).
| * n_r2_trim: valid range 0..-16 only. r_lseg_trim: 1 um/code (~1.7 mV/code)
| * in DR-002's original SINGLE-DEVICE model. Positive codes are REJECTED:
| * this is the same R2/R1 ratio issue #46 found causes ff/2.97V, fs/2.97V
| * hot-corner (>~123C) operating-point collapse at even a +5 um increase
| * (n_r2=55). sim/trim-range-monotonicity/ reconfirms it for trim and finds
| * codes +1/+2 ALSO collapse (VOUT -> ~2.8V) while +3/+4 happen not to --
| * non-monotonic-in-code, i.e. no positive code is a certified-safe point,
| * not a safe zone at +3/+4. Only downward (R2 decrease) moves away from
| * that edge; confirmed monotonic, collapse-free to -16 across corners. See
| * DR-002 and the sim record for the full case.
| * LSB REVISION (issue #106, DR-002 revision): the routed layout's fine trim
| * chain does NOT draw one length-tapped device -- it chains N separately-
| * contacted res_high_po unit instances (layout/bin/gen_bandgap_routed.py's
| * bus_res_series), each paying a real per-instance head/fringe resistance
| * term this schematic's single-device XR2A/XR2B lines do not model (DR-003,
| * sim/res-array-head-resistance/). Re-deriving DR-002's <=3.000 mV/code LSB
| * comfort bound against that REAL chained topology at the adopted
| * n_r1=7/n_r2=50 sizing (sim/trim-lsb-chained/) found the shipped
| * r_lseg_trim=1 per-code step reads 3.12-3.15 mV/code across all 5 corners
| * -- a real, measured violation of the comfort bound (smaller than an
| * earlier, now-superseded estimate against an abandoned n_r1=6/n_r2=42
| * sizing, but still a violation). Halving the fine unit's drawn length to
| * 0.5 um fixes it: the per-instance head-resistance term (~379.7 ohm, the
| * DOMINANT piece of the per-code step) is a PDK-model-card constant
| * independent of the unit's drawn length, so only the smaller `rbody`
| * fringe term shrinks -- re-verified at r_lseg_trim=0.5 to read
| * 2.40-2.42 mV/code, PASS at all 5 corners, with the same certified 0..-16
| * code range and downward span still clearing DR-002's 1.5x-of-3sigma
| * coverage target. See sim/trim-lsb-chained/records/ for the full
| * re-derivation. NEXT INCREMENT (not done here, per one-lever-per-
| * increment): layout/bin/gen_bandgap_routed.py's
| * R_LSEG_TRIM_UM/SCH_R_LSEG_TRIM_UM (currently still transcribing 1 um)
| * must be re-transcribed to 0.5 um and the routed cell re-verified through
| * klayout DRC/LVS -- klayout's extraction backend is not available in this
| * run environment, so that is a follow-up issue, the same split issue #99
| * used for #107/#108.
| .param n_r2_trim=0
| .param r_lseg_trim=0.5
| 
| 
| **** end user architecture code
| XMPOUT VOUT GDRV VDD VDD sky130_fd_pr__pfet_g5v0d10v5 L=2 W=8 nf=1 ad=2.32 as=2.32 pd=16.58 ps=16.58 nrd=0.03625 nrs=0.03625 sa=0 sb=0 sd=0 mult='m_out' m='m_out'
| XMPAMP TAIL GDRV VDD VDD sky130_fd_pr__pfet_g5v0d10v5 L=2 W=8 nf=1 ad=2.32 as=2.32 pd=16.58 ps=16.58 nrd=0.03625 nrs=0.03625 sa=0 sb=0 sd=0 mult='m_ampbias' m='m_ampbias'
| XAMP VB VA GDRV TAIL VDD VSS error_amp
| XR2A VA VOUT VSS sky130_fd_pr__res_high_po W='r_w' L='r_lseg*n_r2+r_lseg_trim*n_r2_trim' mult=1 m=1
| XR2B VB VOUT VSS sky130_fd_pr__res_high_po W='r_w' L='r_lseg*n_r2+r_lseg_trim*n_r2_trim' mult=1 m=1
| XQ1 VSS VSS VA sky130_fd_pr__pnp_05v5_W0p68L0p68 m='n_pnp_ctat' mult='n_pnp_ctat'
| XR1 VBQ VB VSS sky130_fd_pr__res_high_po W='r_w' L='r_lseg*n_r1' mult=1 m=1
| XQ2 VSS VSS VBQ sky130_fd_pr__pnp_05v5_W3p40L3p40 m='n_pnp_ptat' mult='n_pnp_ptat'
| .ends
| 
| 
| * expanding   symbol:  design/startup_injector.sym # of pins=4
| ** sym_path: design/startup_injector.sym
| ** sch_path: design/startup_injector.sch
| .subckt startup_injector GDRV VSENSE VDD VSS
| *.iopin GDRV
| *.ipin VSENSE
| *.iopin VDD
| *.iopin VSS
| **** begin user architecture code
| 
| 
| * ---- startup injector parameters (issue #10) ----
| * m_ref  : units of the (W=1 L=20) diode-connected reference PMOS. Raising it
| *          raises BOTH the release threshold and the residual current the cell
| *          draws from GDRV once disengaged -- the two are the same current.
| * m_sense: units of the (W=48 L=0.5) sense NMOS. Raising it lowers the release
| *          threshold (better disengage, less traverse margin).
| * m_pnp  : unit PNPs in the threshold reference. Raising it lowers VBE at the
| *          sense current, i.e. lowers the release threshold.
| * m_inj  : units of the (W=10 L=0.5) injector NMOS. Scales the eviction
| *          current and the disengaged residual in the same proportion.
| * m_clamp: units of the (W=4 L=1) railed-branch clamp NMOS MNC. Scales only
| *          how hard the railed branch is evicted; MNC is off by more than a
| *          threshold at every legitimate operating point, so this knob does
| *          NOT trade against the disengaged residual the way m_ref does.
| .param m_ref=1
| .param m_sense=1
| .param m_pnp=8
| .param m_inj=1
| .param m_clamp=1
| 
| 
| **** end user architecture code
| XMPC1 NC1 NC1 GDRV VDD sky130_fd_pr__pfet_g5v0d10v5 L=20 W=1 nf=1 ad=0.29 as=0.29 pd=2.58 ps=2.58 nrd=0.29 nrs=0.29 sa=0 sb=0 sd=0 mult='m_ref' m='m_ref'
| XMPC2 NG NG NC1 VDD sky130_fd_pr__pfet_g5v0d10v5 L=20 W=1 nf=1 ad=0.29 as=0.29 pd=2.58 ps=2.58 nrd=0.29 nrs=0.29 sa=0 sb=0 sd=0 mult='m_ref' m='m_ref'
| XMNS NG VSENSE NE VSS sky130_fd_pr__nfet_g5v0d10v5 L=0.5 W=48 nf=1 ad=13.92 as=13.92 pd=96.58 ps=96.58 nrd=0.00604166666666667 nrs=0.00604166666666667 sa=0 sb=0 sd=0 mult='m_sense' m='m_sense'
| XQS VSS VSS NE sky130_fd_pr__pnp_05v5_W0p68L0p68 m='m_pnp' mult='m_pnp'
| XMNI GDRV NG VSS VSS sky130_fd_pr__nfet_g5v0d10v5 L=0.5 W=10 nf=1 ad=2.9 as=2.9 pd=20.58 ps=20.58 nrd=0.029 nrs=0.029 sa=0 sb=0 sd=0 mult='m_inj' m='m_inj'
| XMNC VDD VSENSE GDRV VSS sky130_fd_pr__nfet_g5v0d10v5 L=1 W=4 nf=1 ad=1.16 as=1.16 pd=8.58 ps=8.58 nrd=0.0725 nrs=0.0725 sa=0 sb=0 sd=0 mult='m_clamp' m='m_clamp'
| .ends
| 
| 
| * expanding   symbol:  design/error_amp.sym # of pins=6
| ** sym_path: design/error_amp.sym
| ** sch_path: design/error_amp.sch
| .subckt error_amp VINP VINN AOUT ITAIL VDD VSS
| *.ipin VINP
| *.ipin VINN
| *.opin AOUT
| *.iopin ITAIL
| *.iopin VDD
| *.iopin VSS
| **** begin user architecture code
| 
| 
| * ---- error-amp device multiplicities (issue #9 sizing) ----
| * Unit geometry is fixed on the instances below; mult is the matching axis
| * (sigma(Vth) scales as 1/sqrt(W*L*mult) in the PDK's own model).
| * amp_m_in    : input-pair PMOS units   (W=20u L=10u each -> 3200 um^2 total)
| * amp_m_nmirr : NMOS load/mirror units  (W=8u  L=20u each ->  640 um^2 total)
| * amp_m_pmirr : PMOS mirror units       (W=6u  L=20u each ->  960 um^2 total)
| * amp_m_cc    : MOS-capacitor units     (W=30u L=20u each -> 9600 um^2 total)
| .param amp_m_in=16
| .param amp_m_nmirr=4
| .param amp_m_pmirr=8
| .param amp_m_cc=16
| 
| 
| **** end user architecture code
| XMP1 D1 VINP ITAIL VDD sky130_fd_pr__pfet_g5v0d10v5 L=10 W=20 nf=1 ad=5.8 as=5.8 pd=40.58 ps=40.58 nrd=0.0145 nrs=0.0145 sa=0 sb=0
| + sd=0 mult='amp_m_in' m='amp_m_in'
| XMP2 D2 VINN ITAIL VDD sky130_fd_pr__pfet_g5v0d10v5 L=10 W=20 nf=1 ad=5.8 as=5.8 pd=40.58 ps=40.58 nrd=0.0145 nrs=0.0145 sa=0 sb=0
| + sd=0 mult='amp_m_in' m='amp_m_in'
| XMN1 D1 D1 VSS VSS sky130_fd_pr__nfet_g5v0d10v5 L=20 W=8 nf=1 ad=2.32 as=2.32 pd=16.58 ps=16.58 nrd=0.03625 nrs=0.03625 sa=0 sb=0 sd=0
| + mult='amp_m_nmirr' m='amp_m_nmirr'
| XMN2 D2 D2 VSS VSS sky130_fd_pr__nfet_g5v0d10v5 L=20 W=8 nf=1 ad=2.32 as=2.32 pd=16.58 ps=16.58 nrd=0.03625 nrs=0.03625 sa=0 sb=0 sd=0
| + mult='amp_m_nmirr' m='amp_m_nmirr'
| XMN3 AOUT D1 VSS VSS sky130_fd_pr__nfet_g5v0d10v5 L=20 W=8 nf=1 ad=2.32 as=2.32 pd=16.58 ps=16.58 nrd=0.03625 nrs=0.03625 sa=0 sb=0
| + sd=0 mult='amp_m_nmirr' m='amp_m_nmirr'
| XMN4 PN D2 VSS VSS sky130_fd_pr__nfet_g5v0d10v5 L=20 W=8 nf=1 ad=2.32 as=2.32 pd=16.58 ps=16.58 nrd=0.03625 nrs=0.03625 sa=0 sb=0 sd=0
| + mult='amp_m_nmirr' m='amp_m_nmirr'
| XMP4 AOUT PN VDD VDD sky130_fd_pr__pfet_g5v0d10v5 L=20 W=6 nf=1 ad=1.74 as=1.74 pd=12.58 ps=12.58 nrd=0.0483333333333333 nrs=0.0483333333333333
| + sa=0 sb=0 sd=0 mult='amp_m_pmirr' m='amp_m_pmirr'
| XMP3 PN PN VDD VDD sky130_fd_pr__pfet_g5v0d10v5 L=20 W=6 nf=1 ad=1.74 as=1.74 pd=12.58 ps=12.58 nrd=0.0483333333333333 nrs=0.0483333333333333
| + sa=0 sb=0 sd=0 mult='amp_m_pmirr' m='amp_m_pmirr'
| XMCC VDD AOUT VDD VDD sky130_fd_pr__pfet_g5v0d10v5 L=20 W=30 nf=1 ad=8.7 as=8.7 pd=60.58 ps=60.58 nrd=0.00966666666666667 nrs=0.00966666666666667
| + sa=0 sb=0 sd=0 mult='amp_m_cc' m='amp_m_cc'
| .ends
| 
| .control
| save all
| tran 200n 2.5m uic
| meas tran t_vdd_s when v(vdds)=2.90 rise=1
| meas tran t_ref_s when v(vrefs)=1.05 rise=1
| meas tran t_vdd_f when v(vddf)=2.90 rise=1
| meas tran t_ref_f when v(vreff)=1.05 rise=1
| meas tran t_vdd_g when v(vddg)=2.90 rise=1
| meas tran t_ref_g when v(vrefg)=1.05 rise=1
| meas tran v_s find v(vrefs) at=2.45e-3
| meas tran v_f find v(vreff) at=2.45e-3
| meas tran v_g find v(vrefg) at=2.45e-3
| meas tran v_n find v(vrefn) at=2.45e-3
| meas tran g_n find v(gn) at=2.45e-3
| meas tran isg find i(vdeg) at=2.45e-3
| let meas_t_start_s = t_ref_s - t_vdd_s
| let meas_t_start_f = t_ref_f - t_vdd_f
| let meas_t_start_g = t_ref_g - t_vdd_g
| let meas_t_abs_s = t_ref_s
| let meas_vref_s = v_s
| let meas_vref_f = v_f
| let meas_vref_g = v_g
| let meas_vref_spread = abs(v_s - v_g) + abs(v_s - v_f)
| let meas_vref_n = v_n
| let meas_gn_n = g_n
| let meas_isup_g = -isg
| print meas_t_start_s
| print meas_t_start_f
| print meas_t_start_g
| print meas_t_abs_s
| print meas_vref_s
| print meas_vref_f
| print meas_vref_g
| print meas_vref_spread
| print meas_vref_n
| print meas_gn_n
| print meas_isup_g
| quit
| .endc
| .end

# ==== ngspice stdout ====

Note: Compatibility modes selected: hs a


Circuit: * startup-ramp corner deck -- generated by sim/bin/corner-run.py, do not edit

option SCALE: Scale is set to 1e-06 for instance and model parameters
option SCALE: Scale is set to 1e-06 for instance and model parameters
option SCALE: Scale is set to 1e-06 for instance and model parameters
option SCALE: Scale is set to 1e-06 for instance and model parameters
Doing analysis at TEMP = -40.000000 and TNOM = 27.000000

Using KLU as Direct Linear Solver
Operating point simulation skipped by 'uic',
  now using transient initial conditions.
 Reference value :  1.00000e-11
 Reference value :  1.02806e-11
 Reference value :  1.42084e-11
 Reference value :  2.43096e-11
 Reference value :  6.14818e-09
 Reference value :  8.49587e-07
 Reference value :  9.92589e-06
 Reference value :  1.05259e-05
 Reference value :  1.13259e-05
 Reference value :  1.21259e-05
 Reference value :  1.27259e-05
 Reference value :  1.33259e-05
 Reference value :  1.61259e-05
 Reference value :  1.69259e-05
 Reference value :  1.77259e-05
 Reference value :  2.57259e-05
 Reference value :  5.59259e-05
 Reference value :  9.27259e-05
 Reference value :  1.35126e-04
 Reference value :  1.84726e-04
 Reference value :  2.31926e-04
 Reference value :  2.72926e-04
 Reference value :  2.81126e-04
 Reference value :  2.81926e-04
 Reference value :  2.82726e-04
 Reference value :  2.83326e-04
 Reference value :  2.84126e-04
 Reference value :  2.84726e-04
 Reference value :  2.85526e-04
 Reference value :  2.86326e-04
 Reference value :  3.07926e-04
 Reference value :  3.24526e-04
 Reference value :  3.65326e-04
 Reference value :  3.83126e-04
 Reference value :  3.85326e-04
 Reference value :  3.96726e-04
 Reference value :  3.97926e-04
 Reference value :  3.98926e-04
 Reference value :  4.01126e-04
 Reference value :  4.15526e-04
 Reference value :  4.37126e-04
 Reference value :  4.58326e-04
 Reference value :  4.59126e-04
 Reference value :  4.59926e-04
 Reference value :  4.60726e-04
 Reference value :  4.61926e-04
 Reference value :  4.75726e-04
 Reference value :  4.86326e-04
 Reference value :  4.93126e-04
 Reference value :  4.93926e-04
 Reference value :  4.94726e-04
 Reference value :  4.95526e-04
 Reference value :  4.96326e-04
 Reference value :  4.97126e-04
 Reference value :  4.97926e-04
 Reference value :  4.98526e-04
 Reference value :  4.98726e-04
 Reference value :  4.99126e-04
 Reference value :  5.25726e-04
 Reference value :  5.62726e-04
 Reference value :  6.02926e-04
 Reference value :  6.14326e-04
 Reference value :  6.17126e-04
 Reference value :  6.17726e-04
 Reference value :  6.18526e-04
 Reference value :  6.19126e-04
 Reference value :  6.19926e-04
 Reference value :  6.20726e-04
 Reference value :  6.21526e-04
 Reference value :  6.22326e-04
 Reference value :  6.22926e-04
 Reference value :  6.28126e-04
 Reference value :  6.54526e-04
 Reference value :  6.65126e-04
 Reference value :  6.77126e-04
 Reference value :  6.78926e-04
 Reference value :  6.79726e-04
 Reference value :  6.80726e-04
 Reference value :  6.82926e-04
 Reference value :  7.04126e-04
 Reference value :  7.12126e-04
 Reference value :  7.14526e-04
 Reference value :  7.17726e-04
 Reference value :  7.18526e-04
 Reference value :  7.19326e-04
 Reference value :  7.20126e-04
 Reference value :  7.21126e-04
 Reference value :  7.21926e-04
 Reference value :  7.22726e-04
 Reference value :  7.23526e-04
 Reference value :  7.24126e-04
 Reference value :  7.24926e-04
 Reference value :  7.25726e-04
 Reference value :  7.26926e-04
 Reference value :  7.27726e-04
 Reference value :  7.28526e-04
 Reference value :  7.29326e-04
 Reference value :  7.30126e-04
 Reference value :  7.30926e-04
 Reference value :  7.31926e-04
 Reference value :  7.32726e-04
 Reference value :  7.33526e-04
 Reference value :  7.34526e-04
 Reference value :  7.35326e-04
 Reference value :  7.36126e-04
 Reference value :  7.36926e-04
 Reference value :  7.37726e-04
 Reference value :  7.38526e-04
 Reference value :  7.39326e-04
 Reference value :  7.40126e-04
 Reference value :  7.40926e-04
 Reference value :  7.41726e-04
 Reference value :  7.42726e-04
 Reference value :  7.43526e-04
 Reference value :  7.44326e-04
 Reference value :  7.45126e-04
 Reference value :  7.46126e-04
 Reference value :  7.46926e-04
 Reference value :  7.49726e-04
 Reference value :  7.50526e-04
 Reference value :  7.51326e-04
 Reference value :  7.52126e-04
 Reference value :  7.52926e-04
 Reference value :  7.53726e-04
 Reference value :  7.54526e-04
 Reference value :  7.55326e-04
 Reference value :  7.56126e-04
 Reference value :  7.70126e-04
 Reference value :  7.93926e-04
 Reference value :  8.30326e-04
 Reference value :  8.70326e-04
 Reference value :  9.11526e-04
 Reference value :  9.14926e-04
 Reference value :  9.15726e-04
 Reference value :  9.16526e-04
 Reference value :  9.17326e-04
 Reference value :  9.18126e-04
 Reference value :  9.18926e-04
 Reference value :  9.19726e-04
 Reference value :  9.20526e-04
 Reference value :  9.21326e-04
 Reference value :  9.22126e-04
 Reference value :  9.22926e-04
 Reference value :  9.23726e-04
 Reference value :  9.24526e-04
 Reference value :  9.25326e-04
 Reference value :  9.26126e-04
 Reference value :  9.26926e-04
 Reference value :  9.27726e-04
 Reference value :  9.28526e-04
 Reference value :  9.29326e-04
 Reference value :  9.30126e-04
 Reference value :  9.31126e-04
 Reference value :  9.32126e-04
 Reference value :  9.32926e-04
 Reference value :  9.33726e-04
 Reference value :  9.34526e-04
 Reference value :  9.35126e-04
 Reference value :  9.35926e-04
 Reference value :  9.36726e-04
 Reference value :  9.37526e-04
 Reference value :  9.38326e-04
 Reference value :  9.39126e-04
 Reference value :  9.39926e-04
 Reference value :  9.40726e-04
 Reference value :  9.41726e-04
 Reference value :  9.42526e-04
 Reference value :  9.43126e-04
 Reference value :  9.43926e-04
 Reference value :  9.44726e-04
 Reference value :  9.45526e-04
 Reference value :  9.46326e-04
 Reference value :  9.47126e-04
 Reference value :  9.47926e-04
 Reference value :  9.48726e-04
 Reference value :  9.49526e-04
 Reference value :  9.50326e-04
 Reference value :  9.51126e-04
 Reference value :  9.51926e-04
 Reference value :  9.52726e-04
 Reference value :  9.53526e-04
 Reference value :  9.54326e-04
 Reference value :  9.54926e-04
 Reference value :  9.55926e-04
 Reference value :  9.56726e-04
 Reference value :  9.57526e-04
 Reference value :  9.58326e-04
 Reference value :  9.59126e-04
 Reference value :  9.68326e-04
 Reference value :  9.78526e-04
 Reference value :  9.79326e-04
 Reference value :  9.80126e-04
 Reference value :  9.80726e-04
 Reference value :  9.81326e-04
 Reference value :  9.81926e-04
 Reference value :  9.82726e-04
 Reference value :  9.83326e-04
 Reference value :  9.84126e-04
 Reference value :  9.84926e-04
 Reference value :  9.85726e-04
 Reference value :  9.86926e-04
 Reference value :  9.87726e-04
 Reference value :  9.88326e-04
 Reference value :  9.89126e-04
 Reference value :  9.89726e-04
 Reference value :  9.90326e-04
 Reference value :  9.91126e-04
 Reference value :  9.91726e-04
 Reference value :  9.92526e-04
 Reference value :  9.93326e-04
 Reference value :  9.94126e-04
 Reference value :  9.94926e-04
 Reference value :  9.95726e-04
 Reference value :  9.96526e-04
 Reference value :  9.97326e-04
 Reference value :  9.98126e-04
 Reference value :  9.98926e-04
 Reference value :  9.99726e-04
 Reference value :  1.00006e-03
 Reference value :  1.00070e-03
 Reference value :  1.00150e-03
 Reference value :  1.00230e-03
 Reference value :  1.00290e-03
 Reference value :  1.00370e-03
 Reference value :  1.00450e-03
 Reference value :  1.00530e-03
 Reference value :  1.00590e-03
 Reference value :  1.00670e-03
 Reference value :  1.00750e-03
 Reference value :  1.00810e-03
 Reference value :  1.00870e-03
 Reference value :  1.00950e-03
 Reference value :  1.01030e-03
 Reference value :  1.01110e-03
 Reference value :  1.01190e-03
 Reference value :  1.01270e-03
 Reference value :  1.01350e-03
 Reference value :  1.01430e-03
 Reference value :  1.01510e-03
 Reference value :  1.01590e-03
 Reference value :  1.01670e-03
 Reference value :  1.01750e-03
 Reference value :  1.01830e-03
 Reference value :  1.01910e-03
 Reference value :  1.01990e-03
 Reference value :  1.02050e-03
 Reference value :  1.02130e-03
 Reference value :  1.02210e-03
 Reference value :  1.02270e-03
 Reference value :  1.02350e-03
 Reference value :  1.02430e-03
 Reference value :  1.02510e-03
 Reference value :  1.02590e-03
 Reference value :  1.02670e-03
 Reference value :  1.02750e-03
 Reference value :  1.02830e-03
 Reference value :  1.02910e-03
 Reference value :  1.02990e-03
 Reference value :  1.03070e-03
 Reference value :  1.03150e-03
 Reference value :  1.03230e-03
 Reference value :  1.03290e-03
 Reference value :  1.03370e-03
 Reference value :  1.03430e-03
 Reference value :  1.03510e-03
 Reference value :  1.03590e-03
 Reference value :  1.03650e-03
 Reference value :  1.03730e-03
 Reference value :  1.03810e-03
 Reference value :  1.03890e-03
 Reference value :  1.03970e-03
 Reference value :  1.04070e-03
 Reference value :  1.04150e-03
 Reference value :  1.04230e-03
 Reference value :  1.04310e-03
 Reference value :  1.04390e-03
 Reference value :  1.04470e-03
 Reference value :  1.04550e-03
 Reference value :  1.04630e-03
 Reference value :  1.04710e-03
 Reference value :  1.04790e-03
 Reference value :  1.04870e-03
 Reference value :  1.04950e-03
 Reference value :  1.05030e-03
 Reference value :  1.05110e-03
 Reference value :  1.05190e-03
 Reference value :  1.05270e-03
 Reference value :  1.05350e-03
 Reference value :  1.05430e-03
 Reference value :  1.05510e-03
 Reference value :  1.05590e-03
 Reference value :  1.05690e-03
 Reference value :  1.05770e-03
 Reference value :  1.05850e-03
 Reference value :  1.05950e-03
 Reference value :  1.06030e-03
 Reference value :  1.06110e-03
 Reference value :  1.06190e-03
 Reference value :  1.06270e-03
 Reference value :  1.06350e-03
 Reference value :  1.06430e-03
 Reference value :  1.06510e-03
 Reference value :  1.06590e-03
 Reference value :  1.06670e-03
 Reference value :  1.06750e-03
 Reference value :  1.06830e-03
 Reference value :  1.06890e-03
 Reference value :  1.06990e-03
 Reference value :  1.07070e-03
 Reference value :  1.07170e-03
 Reference value :  1.07250e-03
 Reference value :  1.07330e-03
 Reference value :  1.07410e-03
 Reference value :  1.07470e-03
 Reference value :  1.07550e-03
 Reference value :  1.07630e-03
 Reference value :  1.07710e-03
 Reference value :  1.07790e-03
 Reference value :  1.07870e-03
 Reference value :  1.07950e-03
 Reference value :  1.08050e-03
 Reference value :  1.08130e-03
 Reference value :  1.08210e-03
 Reference value :  1.08290e-03
 Reference value :  1.08370e-03
 Reference value :  1.08450e-03
 Reference value :  1.08530e-03
 Reference value :  1.08610e-03
 Reference value :  1.08690e-03
 Reference value :  1.08770e-03
 Reference value :  1.08830e-03
 Reference value :  1.08890e-03
 Reference value :  1.08950e-03
 Reference value :  1.09030e-03
 Reference value :  1.09110e-03
 Reference value :  1.09190e-03
 Reference value :  1.09270e-03
 Reference value :  1.09350e-03
 Reference value :  1.09430e-03
 Reference value :  1.09510e-03
 Reference value :  1.09590e-03
 Reference value :  1.09670e-03
 Reference value :  1.09750e-03
 Reference value :  1.09830e-03
 Reference value :  1.09910e-03
 Reference value :  1.09970e-03
 Reference value :  1.10030e-03
 Reference value :  1.10110e-03
 Reference value :  1.10190e-03
 Reference value :  1.10270e-03
 Reference value :  1.10350e-03
 Reference value :  1.10430e-03
 Reference value :  1.10510e-03
 Reference value :  1.10590e-03
 Reference value :  1.10670e-03
 Reference value :  1.10750e-03
 Reference value :  1.10830e-03
 Reference value :  1.10910e-03
 Reference value :  1.11010e-03
 Reference value :  1.11090e-03
 Reference value :  1.11170e-03
 Reference value :  1.11230e-03
 Reference value :  1.11310e-03
 Reference value :  1.11390e-03
 Reference value :  1.11470e-03
 Reference value :  1.11550e-03
 Reference value :  1.11630e-03
 Reference value :  1.11710e-03
 Reference value :  1.11790e-03
 Reference value :  1.11870e-03
 Reference value :  1.11950e-03
 Reference value :  1.12030e-03
 Reference value :  1.12110e-03
 Reference value :  1.12170e-03
 Reference value :  1.12250e-03
 Reference value :  1.12330e-03
 Reference value :  1.12410e-03
 Reference value :  1.12490e-03
 Reference value :  1.12570e-03
 Reference value :  1.12650e-03
 Reference value :  1.12730e-03
 Reference value :  1.12810e-03
 Reference value :  1.12910e-03
 Reference value :  1.12990e-03
 Reference value :  1.13090e-03
 Reference value :  1.13170e-03
 Reference value :  1.13250e-03
 Reference value :  1.13570e-03
 Reference value :  1.13650e-03
 Reference value :  1.13710e-03
 Reference value :  1.13790e-03
 Reference value :  1.13870e-03
 Reference value :  1.13950e-03
 Reference value :  1.14030e-03
 Reference value :  1.14110e-03
 Reference value :  1.14190e-03
 Reference value :  1.14270e-03
 Reference value :  1.14350e-03
 Reference value :  1.14430e-03
 Reference value :  1.14510e-03
 Reference value :  1.14690e-03
 Reference value :  1.14750e-03
 Reference value :  1.14810e-03
 Reference value :  1.14870e-03
 Reference value :  1.14950e-03
 Reference value :  1.15030e-03
 Reference value :  1.15110e-03
 Reference value :  1.15190e-03
 Reference value :  1.15250e-03
 Reference value :  1.15330e-03
 Reference value :  1.15410e-03
 Reference value :  1.15490e-03
 Reference value :  1.15570e-03
 Reference value :  1.15650e-03
 Reference value :  1.15730e-03
 Reference value :  1.15810e-03
 Reference value :  1.15890e-03
 Reference value :  1.15970e-03
 Reference value :  1.16050e-03
 Reference value :  1.16130e-03
 Reference value :  1.16230e-03
 Reference value :  1.16310e-03
 Reference value :  1.16410e-03
 Reference value :  1.16490e-03
 Reference value :  1.16570e-03
 Reference value :  1.16650e-03
 Reference value :  1.16730e-03
 Reference value :  1.16810e-03
 Reference value :  1.16890e-03
 Reference value :  1.16970e-03
 Reference value :  1.17430e-03
 Reference value :  1.17590e-03
 Reference value :  1.17670e-03
 Reference value :  1.17750e-03
 Reference value :  1.17830e-03
 Reference value :  1.17890e-03
 Reference value :  1.17950e-03
 Reference value :  1.18030e-03
 Reference value :  1.18110e-03
 Reference value :  1.18190e-03
 Reference value :  1.18270e-03
 Reference value :  1.18610e-03
 Reference value :  1.18690e-03
 Reference value :  1.18770e-03
 Reference value :  1.19770e-03
 Reference value :  1.19850e-03
 Reference value :  1.19930e-03
 Reference value :  1.19990e-03
 Reference value :  1.20050e-03
 Reference value :  1.21110e-03
 Reference value :  1.21190e-03
 Reference value :  1.21270e-03
 Reference value :  1.21350e-03
 Reference value :  1.23650e-03
 Reference value :  1.23850e-03
 Reference value :  1.23930e-03
 Reference value :  1.24010e-03
 Reference value :  1.24970e-03
 Reference value :  1.27530e-03
 Reference value :  1.28850e-03
 Reference value :  1.28930e-03
 Reference value :  1.29010e-03
 Reference value :  1.29090e-03
 Reference value :  1.29570e-03
 Reference value :  1.29630e-03
 Reference value :  1.29710e-03
 Reference value :  1.29790e-03
 Reference value :  1.29870e-03
 Reference value :  1.29930e-03
 Reference value :  1.30010e-03
 Reference value :  1.30110e-03
 Reference value :  1.30190e-03
 Reference value :  1.30270e-03
 Reference value :  1.30350e-03
 Reference value :  1.30430e-03
 Reference value :  1.30510e-03
 Reference value :  1.30590e-03
 Reference value :  1.30690e-03
 Reference value :  1.30790e-03
 Reference value :  1.30870e-03
 Reference value :  1.30950e-03
 Reference value :  1.31010e-03
 Reference value :  1.31090e-03
 Reference value :  1.31510e-03
 Reference value :  1.31590e-03
 Reference value :  1.31670e-03
 Reference value :  1.31750e-03
 Reference value :  1.31830e-03
 Reference value :  1.31910e-03
 Reference value :  1.31990e-03
 Reference value :  1.32070e-03
 Reference value :  1.32130e-03
 Reference value :  1.32190e-03
 Reference value :  1.32270e-03
 Reference value :  1.32370e-03
 Reference value :  1.32470e-03
 Reference value :  1.32550e-03
 Reference value :  1.32650e-03
 Reference value :  1.32750e-03
 Reference value :  1.32850e-03
 Reference value :  1.32950e-03
 Reference value :  1.33050e-03
 Reference value :  1.33150e-03
 Reference value :  1.33230e-03
 Reference value :  1.33310e-03
 Reference value :  1.33390e-03
 Reference value :  1.33470e-03
 Reference value :  1.33550e-03
 Reference value :  1.33650e-03
 Reference value :  1.33730e-03
 Reference value :  1.33850e-03
 Reference value :  1.33930e-03
 Reference value :  1.34010e-03
 Reference value :  1.34090e-03
 Reference value :  1.34170e-03
 Reference value :  1.34250e-03
 Reference value :  1.34330e-03
 Reference value :  1.34410e-03
 Reference value :  1.34470e-03
 Reference value :  1.34550e-03
 Reference value :  1.34630e-03
 Reference value :  1.34710e-03
 Reference value :  1.34790e-03
 Reference value :  1.34870e-03
 Reference value :  1.34950e-03
 Reference value :  1.35030e-03
 Reference value :  1.35110e-03
 Reference value :  1.35190e-03
 Reference value :  1.35270e-03
 Reference value :  1.35350e-03
 Reference value :  1.35430e-03
 Reference value :  1.35490e-03
 Reference value :  1.35550e-03
 Reference value :  1.35610e-03
 Reference value :  1.35690e-03
 Reference value :  1.35770e-03
 Reference value :  1.35850e-03
 Reference value :  1.35930e-03
 Reference value :  1.35990e-03
 Reference value :  1.36070e-03
 Reference value :  1.36150e-03
 Reference value :  1.36230e-03
 Reference value :  1.36310e-03
 Reference value :  1.36390e-03
 Reference value :  1.36450e-03
 Reference value :  1.36510e-03
 Reference value :  1.36590e-03
 Reference value :  1.36670e-03
 Reference value :  1.36730e-03
 Reference value :  1.36810e-03
 Reference value :  1.36890e-03
 Reference value :  1.36970e-03
 Reference value :  1.37050e-03
 Reference value :  1.37110e-03
 Reference value :  1.37190e-03
 Reference value :  1.37270e-03
 Reference value :  1.37370e-03
 Reference value :  1.37450e-03
 Reference value :  1.37530e-03
 Reference value :  1.37590e-03
 Reference value :  1.37650e-03
 Reference value :  1.37730e-03
 Reference value :  1.37810e-03
 Reference value :  1.37890e-03
 Reference value :  1.37970e-03
 Reference value :  1.38050e-03
 Reference value :  1.38130e-03
 Reference value :  1.38210e-03
 Reference value :  1.38270e-03
 Reference value :  1.38350e-03
 Reference value :  1.38430e-03
 Reference value :  1.38490e-03
 Reference value :  1.38550e-03
 Reference value :  1.38630e-03
 Reference value :  1.38710e-03
 Reference value :  1.38790e-03
 Reference value :  1.38870e-03
 Reference value :  1.38950e-03
 Reference value :  1.39030e-03
 Reference value :  1.39110e-03
 Reference value :  1.39190e-03
 Reference value :  1.39270e-03
 Reference value :  1.39370e-03
 Reference value :  1.39450e-03
 Reference value :  1.39530e-03
 Reference value :  1.39590e-03
 Reference value :  1.39670e-03
 Reference value :  1.39730e-03
 Reference value :  1.39810e-03
 Reference value :  1.39890e-03
 Reference value :  1.39970e-03
 Reference value :  1.40030e-03
 Reference value :  1.40090e-03
 Reference value :  1.40170e-03
 Reference value :  1.40250e-03
 Reference value :  1.40310e-03
 Reference value :  1.40370e-03
 Reference value :  1.40430e-03
 Reference value :  1.40510e-03
 Reference value :  1.40590e-03
 Reference value :  1.40650e-03
 Reference value :  1.40710e-03
 Reference value :  1.40770e-03
 Reference value :  1.40830e-03
 Reference value :  1.40890e-03
 Reference value :  1.40970e-03
 Reference value :  1.41070e-03
 Reference value :  1.41130e-03
 Reference value :  1.41190e-03
 Reference value :  1.41250e-03
 Reference value :  1.41330e-03
 Reference value :  1.41410e-03
 Reference value :  1.41490e-03
 Reference value :  1.41570e-03
 Reference value :  1.41630e-03
 Reference value :  1.41710e-03
 Reference value :  1.41770e-03
 Reference value :  1.41830e-03
 Reference value :  1.41910e-03
 Reference value :  1.42010e-03
 Reference value :  1.42090e-03
 Reference value :  1.42170e-03
 Reference value :  1.42250e-03
 Reference value :  1.42330e-03
 Reference value :  1.42430e-03
 Reference value :  1.42510e-03
 Reference value :  1.42590e-03
 Reference value :  1.42670e-03
 Reference value :  1.42750e-03
 Reference value :  1.42830e-03
 Reference value :  1.42910e-03
 Reference value :  1.42990e-03
 Reference value :  1.43070e-03
 Reference value :  1.43150e-03
 Reference value :  1.43230e-03
 Reference value :  1.43310e-03
 Reference value :  1.43390e-03
 Reference value :  1.43470e-03
 Reference value :  1.43550e-03
 Reference value :  1.43630e-03
 Reference value :  1.43710e-03
 Reference value :  1.43790e-03
 Reference value :  1.43870e-03
 Reference value :  1.43930e-03
 Reference value :  1.44010e-03
 Reference value :  1.44070e-03
 Reference value :  1.44150e-03
 Reference value :  1.44230e-03
 Reference value :  1.44310e-03
 Reference value :  1.44390e-03
 Reference value :  1.44470e-03
 Reference value :  1.44550e-03
 Reference value :  1.44630e-03
 Reference value :  1.44710e-03
 Reference value :  1.44790e-03
 Reference value :  1.44870e-03
 Reference value :  1.44950e-03
 Reference value :  1.45030e-03
 Reference value :  1.45110e-03
 Reference value :  1.45190e-03
 Reference value :  1.45270e-03
 Reference value :  1.45330e-03
 Reference value :  1.45410e-03
 Reference value :  1.45510e-03
 Reference value :  1.45590e-03
 Reference value :  1.45670e-03
 Reference value :  1.45730e-03
 Reference value :  1.45810e-03
 Reference value :  1.45890e-03
 Reference value :  1.45970e-03
 Reference value :  1.46050e-03
 Reference value :  1.46110e-03
 Reference value :  1.46190e-03
 Reference value :  1.46270e-03
 Reference value :  1.46350e-03
 Reference value :  1.46430e-03
 Reference value :  1.46510e-03
 Reference value :  1.46590e-03
 Reference value :  1.46650e-03
 Reference value :  1.46730e-03
 Reference value :  1.46810e-03
 Reference value :  1.46890e-03
 Reference value :  1.46970e-03
 Reference value :  1.47030e-03
 Reference value :  1.47110e-03
 Reference value :  1.47190e-03
 Reference value :  1.47270e-03
 Reference value :  1.47330e-03
 Reference value :  1.47390e-03
 Reference value :  1.47470e-03
 Reference value :  1.47530e-03
 Reference value :  1.47610e-03
 Reference value :  1.47690e-03
 Reference value :  1.47770e-03
 Reference value :  1.47830e-03
 Reference value :  1.47910e-03
 Reference value :  1.47970e-03
 Reference value :  1.48050e-03
 Reference value :  1.48170e-03
 Reference value :  1.48230e-03
 Reference value :  1.48310e-03
 Reference value :  1.48430e-03
 Reference value :  1.48510e-03
 Reference value :  1.48590e-03
 Reference value :  1.48670e-03
 Reference value :  1.48770e-03
 Reference value :  1.48850e-03
 Reference value :  1.48930e-03
 Reference value :  1.49010e-03
 Reference value :  1.49090e-03
 Reference value :  1.49190e-03
 Reference value :  1.49270e-03
 Reference value :  1.49350e-03
 Reference value :  1.49430e-03
 Reference value :  1.49510e-03
 Reference value :  1.49590e-03
 Reference value :  1.49670e-03
 Reference value :  1.49750e-03
 Reference value :  1.49830e-03
 Reference value :  1.49930e-03
 Reference value :  1.50010e-03
 Reference value :  1.50090e-03
 Reference value :  1.50170e-03
 Reference value :  1.50250e-03
 Reference value :  1.50350e-03
 Reference value :  1.50430e-03
 Reference value :  1.50510e-03
 Reference value :  1.50590e-03
 Reference value :  1.50650e-03
 Reference value :  1.50730e-03
 Reference value :  1.50810e-03
 Reference value :  1.50870e-03
 Reference value :  1.50950e-03
 Reference value :  1.51050e-03
 Reference value :  1.51130e-03
 Reference value :  1.51210e-03
 Reference value :  1.51290e-03
 Reference value :  1.51370e-03
 Reference value :  1.51450e-03
 Reference value :  1.51530e-03
 Reference value :  1.51610e-03
 Reference value :  1.51690e-03
 Reference value :  1.51770e-03
 Reference value :  1.51850e-03
 Reference value :  1.51930e-03
 Reference value :  1.52010e-03
 Reference value :  1.52090e-03
 Reference value :  1.52170e-03
 Reference value :  1.52250e-03
 Reference value :  1.52330e-03
 Reference value :  1.52410e-03
 Reference value :  1.52490e-03
 Reference value :  1.52570e-03
 Reference value :  1.52650e-03
 Reference value :  1.52710e-03
 Reference value :  1.52790e-03
 Reference value :  1.52870e-03
 Reference value :  1.52950e-03
 Reference value :  1.53030e-03
 Reference value :  1.53110e-03
 Reference value :  1.53190e-03
 Reference value :  1.53270e-03
 Reference value :  1.53350e-03
 Reference value :  1.53430e-03
 Reference value :  1.53510e-03
 Reference value :  1.53590e-03
 Reference value :  1.53690e-03
 Reference value :  1.53770e-03
 Reference value :  1.53850e-03
 Reference value :  1.53930e-03
 Reference value :  1.54010e-03
 Reference value :  1.54110e-03
 Reference value :  1.54170e-03
 Reference value :  1.54270e-03
 Reference value :  1.54370e-03
 Reference value :  1.54450e-03
 Reference value :  1.54530e-03
 Reference value :  1.54610e-03
 Reference value :  1.54690e-03
 Reference value :  1.54770e-03
 Reference value :  1.54850e-03
 Reference value :  1.54930e-03
 Reference value :  1.55010e-03
 Reference value :  1.55090e-03
 Reference value :  1.55150e-03
 Reference value :  1.55210e-03
 Reference value :  1.55290e-03
 Reference value :  1.57410e-03
 Reference value :  1.59550e-03
 Reference value :  1.64470e-03
 Reference value :  1.67990e-03
 Reference value :  1.72830e-03
 Reference value :  1.77690e-03
 Reference value :  1.82130e-03
 Reference value :  1.84130e-03
 Reference value :  1.88430e-03
 Reference value :  1.93370e-03
 Reference value :  1.97730e-03
 Reference value :  2.02590e-03
 Reference value :  2.06910e-03
 Reference value :  2.11210e-03
 Reference value :  2.15970e-03
 Reference value :  2.20210e-03
 Reference value :  2.25050e-03
 Reference value :  2.29490e-03
 Reference value :  2.34470e-03
 Reference value :  2.39270e-03
 Reference value :  2.42750e-03
 Reference value :  2.47690e-03
No. of Data Rows : 12584
t_vdd_s             =  7.98898e-04
t_ref_s             =  4.97675e-04
t_vdd_f             =  7.98898e-07
t_ref_f             =  7.18587e-07
t_vdd_g             =  7.98898e-10
t_ref_g             =  1.36435e-09
v_s                 =  1.18052e+00
v_f                 =  1.18014e+00
v_g                 =  1.18015e+00
v_n                 =  5.31689e-01
g_n                 =  3.63596e+00
isg                 =  -2.48623e-05
meas_t_start_s = -3.01223e-04
meas_t_start_f = -8.03107e-08
meas_t_start_g = 5.654569e-10
meas_t_abs_s = 4.976749e-04
meas_vref_s = 1.180516e+00
meas_vref_f = 1.180137e+00
meas_vref_g = 1.180148e+00
meas_vref_spread = 7.470000e-04
meas_vref_n = 5.316890e-01
meas_gn_n = 3.635956e+00
meas_isup_g = 2.486233e-05
ngspice-46 done

# ==== ngspice stderr ====

