# corner: tt_27c_2.97v
# process=tt temp=27C supply=2.97V
# ngspice exit: 0
# wall clock: 114.2s (--timeout was 300s)
# result: PASS

# ==== deck (exact input given to ngspice) ====
| * startup-ramp corner deck -- generated by sim/bin/corner-run.py, do not edit
| * corner: tt_27c_2.97v
| .param vsup=2.97
| .param t_slow=1e-3
| .param t_fast=1e-6
| .option wnflag=1
| .temp 27
| .lib "/home/ubuntu/.volare/sky130A/libs.tech/combined/sky130.lib.spice" tt
| ** sch_path: sim/startup-ramp/testbench/tb_startup_ramp.sch
| **.subckt tb_startup_ramp
| VSLOW VDDS 0 pwl(0 0 't_slow' 'vsup')
| .save i(vslow)
| VFAST VDDF 0 pwl(0 0 't_fast' 'vsup')
| .save i(vfast)
| VDEGN VDDN 0 pwl(0 0 1n 'vsup')
| .save i(vdegn)
| XSLOW VREFS GS VDDS 0 bandgap_core
| XSUS GS VREFS VDDS 0 startup_injector
| XFAST VREFF GF VDDF 0 bandgap_core
| XSUF GF VREFF VDDF 0 startup_injector
| XDEGN VREFN GN VDDN 0 bandgap_core
| VDEG VDDG 0 pwl(0 0 1n 'vsup')
| .save i(vdeg)
| XDEG VREFG GG VDDG 0 bandgap_core
| XSUG GG VREFG VDDG 0 startup_injector
| **** begin user architecture code
| 
| 
| * Put the XDEG copy (injector attached) and the XDEGN control copy (no
| * injector) in the degenerate zero-current state at t = 0: their mirror gates
| * start at the supply rail, which is where the all-off solution parks them,
| * while every other node starts at 0 V (UIC). Nothing holds GG/GN there after
| * t = 0 -- .ic only sets the transient's starting point -- so whether either
| * circuit leaves that state is decided by the circuit, not by the deck.
| .ic v(GG)='vsup' v(GN)='vsup'
| 
| 
| **** end user architecture code
| **.ends
| 
| * expanding   symbol:  design/bandgap_core.sym # of pins=4
| ** sym_path: design/bandgap_core.sym
| ** sch_path: design/bandgap_core.sch
| .subckt bandgap_core VOUT GDRV VDD VSS
| *.opin VOUT
| *.iopin GDRV
| *.iopin VDD
| *.iopin VSS
| **** begin user architecture code
| 
| 
| * ---- Kuijk core parameters (issue #8) ----
| * PNP emitter-area ratio N is built ONLY from paralleled unit devices:
| *   N = (n_pnp_ptat * 11.56 um2) / (n_pnp_ctat * 0.4624 um2)
| * Keep both counts equal to hold the pair's measured dVBE while lowering the
| * per-unit current and sigma(dVBE); raise n_pnp_ptat alone for more PTAT.
| .param n_pnp_ctat=8
| .param n_pnp_ptat=8
| * res_high_po unit segment: W = r_w um, L = r_lseg um (R ~ 380 + 325*L ohm)
| .param r_w=1
| .param r_lseg=5
| * segment counts. K = R2/R1 (each leg has its own head resistance, so
| * K != n_r2/n_r1 exactly -- see the header comment). n_r2 was RESIZED 54 -> 50
| * by issue #99 (see RESIZE STATUS below); n_r1 held at 7. The #46 single-
| * device investigation (why the OLD n_r2=54 was chosen, and why +1 was
| * rejected there) is retained in the header Sizing rationale, superseded by
| * the resize.
| * RESIZE STATUS (issue #99 / DR-003, RESOLVED): n_r1/n_r2 are now sized
| * against the ROUTED LAYOUT's real chained-array topology -- the ground truth
| * the fabricated part experiences -- NOT the single-res_high_po-device-per-leg
| * model this schematic's own XR1/XR2A/XR2B lines still draw. Issue #98/DR-003
| * (sim/res-array-head-resistance/) established that the routed layout draws
| * each leg as N separately-contacted unit instances in series
| * (layout/bin/gen_bandgap_routed.py's bus_res_series), paying real per-instance
| * head resistance: at the old n_r2=54 that made the REAL part's K=R2/R1 read
| * 8.1474 vs the single-device model's 7.4973, pushing VOUT(27 degC) to
| * ~1.233 V (outside the draft +/-1% window 1.188..1.212 V) at all 5
| * (process,supply) corners and collapsing regulation at ff/2.97 V and
| * fs/2.97 V. Resizing n_r2 54 -> 50 (n_r1 left at 7 so branch current -- and
| * therefore hot-corner headroom -- is not raised while K is corrected) brings
| * the real chained topology's K back to 7.576 and VOUT(27 degC) back to
| * ~1.198 V, IN the +/-1% window at ALL 5 corners with NO hot-corner collapse,
| * and the DR-002 downward 0..-16 trim range still covering. Full PVT + trim
| * re-verification: sim/res-array-resize/records/ (issue #99).
| * CONSEQUENCE for the single-device model: because these XR1/XR2A/XR2B lines
| * still model each leg as ONE res_high_po device (omitting the per-instance
| * head resistance the real part pays), simulating THIS schematic as-drawn
| * (e.g. sim/output-voltage-tc's single-device tb_vref_tc, netlisted by xschem)
| * now reads VOUT(27 degC) ~1.165 V -- LOW *by design*. That ~33 mV gap IS the
| * head resistance the routed part uses to reach 1.198 V; it is not an error,
| * and the single-device harness is no longer the sizing reference of record
| * (DR-003: every single-device record models a topology the layout does not
| * build). NEXT INCREMENT (not done here, per one-lever-per-increment): the
| * routed layout generator (gen_bandgap_routed.py's N_R1/SCH_N_R2/N_R2_COARSE,
| * currently still transcribing n_r2=54) must be re-transcribed to n_r2=50 and
| * re-verified through klayout DRC/LVS -- see DR-003's closure and
| * layout/matching-plan.md Section 7x.
| .param n_r1=7
| .param n_r2=50
| * PMOS mirror multiplicities (unit device W=8u L=2u)
| .param m_out=2
| .param m_ampbias=2
| * ---- Trim network (issue #13), DOWNWARD ONLY -- see DR-002 ----
| * Ladder-tap length added to R2A/R2B equally (metal option, no switches).
| * n_r2_trim: valid range 0..-16 only. r_lseg_trim: 1 um/code (~1.7 mV/code)
| * in DR-002's original SINGLE-DEVICE model. Positive codes are REJECTED:
| * this is the same R2/R1 ratio issue #46 found causes ff/2.97V, fs/2.97V
| * hot-corner (>~123C) operating-point collapse at even a +5 um increase
| * (n_r2=55). sim/trim-range-monotonicity/ reconfirms it for trim and finds
| * codes +1/+2 ALSO collapse (VOUT -> ~2.8V) while +3/+4 happen not to --
| * non-monotonic-in-code, i.e. no positive code is a certified-safe point,
| * not a safe zone at +3/+4. Only downward (R2 decrease) moves away from
| * that edge; confirmed monotonic, collapse-free to -16 across corners. See
| * DR-002 and the sim record for the full case.
| * LSB REVISION (issue #106, DR-002 revision): the routed layout's fine trim
| * chain does NOT draw one length-tapped device -- it chains N separately-
| * contacted res_high_po unit instances (layout/bin/gen_bandgap_routed.py's
| * bus_res_series), each paying a real per-instance head/fringe resistance
| * term this schematic's single-device XR2A/XR2B lines do not model (DR-003,
| * sim/res-array-head-resistance/). Re-deriving DR-002's <=3.000 mV/code LSB
| * comfort bound against that REAL chained topology at the adopted
| * n_r1=7/n_r2=50 sizing (sim/trim-lsb-chained/) found the shipped
| * r_lseg_trim=1 per-code step reads 3.12-3.15 mV/code across all 5 corners
| * -- a real, measured violation of the comfort bound (smaller than an
| * earlier, now-superseded estimate against an abandoned n_r1=6/n_r2=42
| * sizing, but still a violation). Halving the fine unit's drawn length to
| * 0.5 um fixes it: the per-instance head-resistance term (~379.7 ohm, the
| * DOMINANT piece of the per-code step) is a PDK-model-card constant
| * independent of the unit's drawn length, so only the smaller `rbody`
| * fringe term shrinks -- re-verified at r_lseg_trim=0.5 to read
| * 2.40-2.42 mV/code, PASS at all 5 corners, with the same certified 0..-16
| * code range and downward span still clearing DR-002's 1.5x-of-3sigma
| * coverage target. See sim/trim-lsb-chained/records/ for the full
| * re-derivation. NEXT INCREMENT (not done here, per one-lever-per-
| * increment): layout/bin/gen_bandgap_routed.py's
| * R_LSEG_TRIM_UM/SCH_R_LSEG_TRIM_UM (currently still transcribing 1 um)
| * must be re-transcribed to 0.5 um and the routed cell re-verified through
| * klayout DRC/LVS -- klayout's extraction backend is not available in this
| * run environment, so that is a follow-up issue, the same split issue #99
| * used for #107/#108.
| .param n_r2_trim=0
| .param r_lseg_trim=0.5
| 
| 
| **** end user architecture code
| XMPOUT VOUT GDRV VDD VDD sky130_fd_pr__pfet_g5v0d10v5 L=2 W=8 nf=1 ad=2.32 as=2.32 pd=16.58 ps=16.58 nrd=0.03625 nrs=0.03625 sa=0 sb=0 sd=0 mult='m_out' m='m_out'
| XMPAMP TAIL GDRV VDD VDD sky130_fd_pr__pfet_g5v0d10v5 L=2 W=8 nf=1 ad=2.32 as=2.32 pd=16.58 ps=16.58 nrd=0.03625 nrs=0.03625 sa=0 sb=0 sd=0 mult='m_ampbias' m='m_ampbias'
| XAMP VB VA GDRV TAIL VDD VSS error_amp
| XR2A VA VOUT VSS sky130_fd_pr__res_high_po W='r_w' L='r_lseg*n_r2+r_lseg_trim*n_r2_trim' mult=1 m=1
| XR2B VB VOUT VSS sky130_fd_pr__res_high_po W='r_w' L='r_lseg*n_r2+r_lseg_trim*n_r2_trim' mult=1 m=1
| XQ1 VSS VSS VA sky130_fd_pr__pnp_05v5_W0p68L0p68 m='n_pnp_ctat' mult='n_pnp_ctat'
| XR1 VBQ VB VSS sky130_fd_pr__res_high_po W='r_w' L='r_lseg*n_r1' mult=1 m=1
| XQ2 VSS VSS VBQ sky130_fd_pr__pnp_05v5_W3p40L3p40 m='n_pnp_ptat' mult='n_pnp_ptat'
| .ends
| 
| 
| * expanding   symbol:  design/startup_injector.sym # of pins=4
| ** sym_path: design/startup_injector.sym
| ** sch_path: design/startup_injector.sch
| .subckt startup_injector GDRV VSENSE VDD VSS
| *.iopin GDRV
| *.ipin VSENSE
| *.iopin VDD
| *.iopin VSS
| **** begin user architecture code
| 
| 
| * ---- startup injector parameters (issue #10) ----
| * m_ref  : units of the (W=1 L=20) diode-connected reference PMOS. Raising it
| *          raises BOTH the release threshold and the residual current the cell
| *          draws from GDRV once disengaged -- the two are the same current.
| * m_sense: units of the (W=48 L=0.5) sense NMOS. Raising it lowers the release
| *          threshold (better disengage, less traverse margin).
| * m_pnp  : unit PNPs in the threshold reference. Raising it lowers VBE at the
| *          sense current, i.e. lowers the release threshold.
| * m_inj  : units of the (W=10 L=0.5) injector NMOS. Scales the eviction
| *          current and the disengaged residual in the same proportion.
| * m_clamp: units of the (W=4 L=1) railed-branch clamp NMOS MNC. Scales only
| *          how hard the railed branch is evicted; MNC is off by more than a
| *          threshold at every legitimate operating point, so this knob does
| *          NOT trade against the disengaged residual the way m_ref does.
| .param m_ref=1
| .param m_sense=1
| .param m_pnp=8
| .param m_inj=1
| .param m_clamp=1
| 
| 
| **** end user architecture code
| XMPC1 NC1 NC1 GDRV VDD sky130_fd_pr__pfet_g5v0d10v5 L=20 W=1 nf=1 ad=0.29 as=0.29 pd=2.58 ps=2.58 nrd=0.29 nrs=0.29 sa=0 sb=0 sd=0 mult='m_ref' m='m_ref'
| XMPC2 NG NG NC1 VDD sky130_fd_pr__pfet_g5v0d10v5 L=20 W=1 nf=1 ad=0.29 as=0.29 pd=2.58 ps=2.58 nrd=0.29 nrs=0.29 sa=0 sb=0 sd=0 mult='m_ref' m='m_ref'
| XMNS NG VSENSE NE VSS sky130_fd_pr__nfet_g5v0d10v5 L=0.5 W=48 nf=1 ad=13.92 as=13.92 pd=96.58 ps=96.58 nrd=0.00604166666666667 nrs=0.00604166666666667 sa=0 sb=0 sd=0 mult='m_sense' m='m_sense'
| XQS VSS VSS NE sky130_fd_pr__pnp_05v5_W0p68L0p68 m='m_pnp' mult='m_pnp'
| XMNI GDRV NG VSS VSS sky130_fd_pr__nfet_g5v0d10v5 L=0.5 W=10 nf=1 ad=2.9 as=2.9 pd=20.58 ps=20.58 nrd=0.029 nrs=0.029 sa=0 sb=0 sd=0 mult='m_inj' m='m_inj'
| XMNC VDD VSENSE GDRV VSS sky130_fd_pr__nfet_g5v0d10v5 L=1 W=4 nf=1 ad=1.16 as=1.16 pd=8.58 ps=8.58 nrd=0.0725 nrs=0.0725 sa=0 sb=0 sd=0 mult='m_clamp' m='m_clamp'
| .ends
| 
| 
| * expanding   symbol:  design/error_amp.sym # of pins=6
| ** sym_path: design/error_amp.sym
| ** sch_path: design/error_amp.sch
| .subckt error_amp VINP VINN AOUT ITAIL VDD VSS
| *.ipin VINP
| *.ipin VINN
| *.opin AOUT
| *.iopin ITAIL
| *.iopin VDD
| *.iopin VSS
| **** begin user architecture code
| 
| 
| * ---- error-amp device multiplicities (issue #9 sizing) ----
| * Unit geometry is fixed on the instances below; mult is the matching axis
| * (sigma(Vth) scales as 1/sqrt(W*L*mult) in the PDK's own model).
| * amp_m_in    : input-pair PMOS units   (W=20u L=10u each -> 3200 um^2 total)
| * amp_m_nmirr : NMOS load/mirror units  (W=8u  L=20u each ->  640 um^2 total)
| * amp_m_pmirr : PMOS mirror units       (W=6u  L=20u each ->  960 um^2 total)
| * amp_m_cc    : MOS-capacitor units     (W=30u L=20u each -> 9600 um^2 total)
| .param amp_m_in=16
| .param amp_m_nmirr=4
| .param amp_m_pmirr=8
| .param amp_m_cc=16
| 
| 
| **** end user architecture code
| XMP1 D1 VINP ITAIL VDD sky130_fd_pr__pfet_g5v0d10v5 L=10 W=20 nf=1 ad=5.8 as=5.8 pd=40.58 ps=40.58 nrd=0.0145 nrs=0.0145 sa=0 sb=0
| + sd=0 mult='amp_m_in' m='amp_m_in'
| XMP2 D2 VINN ITAIL VDD sky130_fd_pr__pfet_g5v0d10v5 L=10 W=20 nf=1 ad=5.8 as=5.8 pd=40.58 ps=40.58 nrd=0.0145 nrs=0.0145 sa=0 sb=0
| + sd=0 mult='amp_m_in' m='amp_m_in'
| XMN1 D1 D1 VSS VSS sky130_fd_pr__nfet_g5v0d10v5 L=20 W=8 nf=1 ad=2.32 as=2.32 pd=16.58 ps=16.58 nrd=0.03625 nrs=0.03625 sa=0 sb=0 sd=0
| + mult='amp_m_nmirr' m='amp_m_nmirr'
| XMN2 D2 D2 VSS VSS sky130_fd_pr__nfet_g5v0d10v5 L=20 W=8 nf=1 ad=2.32 as=2.32 pd=16.58 ps=16.58 nrd=0.03625 nrs=0.03625 sa=0 sb=0 sd=0
| + mult='amp_m_nmirr' m='amp_m_nmirr'
| XMN3 AOUT D1 VSS VSS sky130_fd_pr__nfet_g5v0d10v5 L=20 W=8 nf=1 ad=2.32 as=2.32 pd=16.58 ps=16.58 nrd=0.03625 nrs=0.03625 sa=0 sb=0
| + sd=0 mult='amp_m_nmirr' m='amp_m_nmirr'
| XMN4 PN D2 VSS VSS sky130_fd_pr__nfet_g5v0d10v5 L=20 W=8 nf=1 ad=2.32 as=2.32 pd=16.58 ps=16.58 nrd=0.03625 nrs=0.03625 sa=0 sb=0 sd=0
| + mult='amp_m_nmirr' m='amp_m_nmirr'
| XMP4 AOUT PN VDD VDD sky130_fd_pr__pfet_g5v0d10v5 L=20 W=6 nf=1 ad=1.74 as=1.74 pd=12.58 ps=12.58 nrd=0.0483333333333333 nrs=0.0483333333333333
| + sa=0 sb=0 sd=0 mult='amp_m_pmirr' m='amp_m_pmirr'
| XMP3 PN PN VDD VDD sky130_fd_pr__pfet_g5v0d10v5 L=20 W=6 nf=1 ad=1.74 as=1.74 pd=12.58 ps=12.58 nrd=0.0483333333333333 nrs=0.0483333333333333
| + sa=0 sb=0 sd=0 mult='amp_m_pmirr' m='amp_m_pmirr'
| XMCC VDD AOUT VDD VDD sky130_fd_pr__pfet_g5v0d10v5 L=20 W=30 nf=1 ad=8.7 as=8.7 pd=60.58 ps=60.58 nrd=0.00966666666666667 nrs=0.00966666666666667
| + sa=0 sb=0 sd=0 mult='amp_m_cc' m='amp_m_cc'
| .ends
| 
| .control
| save all
| tran 200n 2.5m uic
| meas tran t_vdd_s when v(vdds)=2.90 rise=1
| meas tran t_ref_s when v(vrefs)=1.05 rise=1
| meas tran t_vdd_f when v(vddf)=2.90 rise=1
| meas tran t_ref_f when v(vreff)=1.05 rise=1
| meas tran t_vdd_g when v(vddg)=2.90 rise=1
| meas tran t_ref_g when v(vrefg)=1.05 rise=1
| meas tran v_s find v(vrefs) at=2.45e-3
| meas tran v_f find v(vreff) at=2.45e-3
| meas tran v_g find v(vrefg) at=2.45e-3
| meas tran v_n find v(vrefn) at=2.45e-3
| meas tran g_n find v(gn) at=2.45e-3
| meas tran isg find i(vdeg) at=2.45e-3
| let meas_t_start_s = t_ref_s - t_vdd_s
| let meas_t_start_f = t_ref_f - t_vdd_f
| let meas_t_start_g = t_ref_g - t_vdd_g
| let meas_t_abs_s = t_ref_s
| let meas_vref_s = v_s
| let meas_vref_f = v_f
| let meas_vref_g = v_g
| let meas_vref_spread = abs(v_s - v_g) + abs(v_s - v_f)
| let meas_vref_n = v_n
| let meas_gn_n = g_n
| let meas_isup_g = -isg
| print meas_t_start_s
| print meas_t_start_f
| print meas_t_start_g
| print meas_t_abs_s
| print meas_vref_s
| print meas_vref_f
| print meas_vref_g
| print meas_vref_spread
| print meas_vref_n
| print meas_gn_n
| print meas_isup_g
| quit
| .endc
| .end

# ==== ngspice stdout ====

Note: Compatibility modes selected: hs a


Circuit: * startup-ramp corner deck -- generated by sim/bin/corner-run.py, do not edit

option SCALE: Scale is set to 1e-06 for instance and model parameters
option SCALE: Scale is set to 1e-06 for instance and model parameters
option SCALE: Scale is set to 1e-06 for instance and model parameters
option SCALE: Scale is set to 1e-06 for instance and model parameters
Doing analysis at TEMP = 27.000000 and TNOM = 27.000000

Using KLU as Direct Linear Solver
Operating point simulation skipped by 'uic',
  now using transient initial conditions.
 Reference value :  1.00000e-11
 Reference value :  1.03136e-11
 Reference value :  3.02831e-10
 Reference value :  4.79267e-10
 Reference value :  5.24921e-10
 Reference value :  7.27181e-10
 Reference value :  1.00000e-09
 Reference value :  1.19097e-09
 Reference value :  1.84822e-09
 Reference value :  2.40691e-09
 Reference value :  3.11897e-09
 Reference value :  5.01714e-09
 Reference value :  7.93616e-09
 Reference value :  1.49211e-08
 Reference value :  2.66679e-08
 Reference value :  4.57022e-08
 Reference value :  9.17017e-08
 Reference value :  2.00000e-07
 Reference value :  2.42979e-07
 Reference value :  3.66076e-07
 Reference value :  4.96359e-07
 Reference value :  6.51723e-07
 Reference value :  7.60993e-07
 Reference value :  1.14232e-06
 Reference value :  1.20638e-06
 Reference value :  1.35408e-06
 Reference value :  1.54313e-06
 Reference value :  1.85909e-06
 Reference value :  2.45909e-06
 Reference value :  3.25909e-06
 Reference value :  4.05909e-06
 Reference value :  4.85909e-06
 Reference value :  5.65909e-06
 Reference value :  6.45909e-06
 Reference value :  7.25909e-06
 Reference value :  8.05909e-06
 Reference value :  8.65909e-06
 Reference value :  1.34591e-05
 Reference value :  1.40591e-05
 Reference value :  1.46591e-05
 Reference value :  1.54591e-05
 Reference value :  1.60591e-05
 Reference value :  1.66591e-05
 Reference value :  1.74591e-05
 Reference value :  1.82591e-05
 Reference value :  1.90591e-05
 Reference value :  2.00591e-05
 Reference value :  2.08591e-05
 Reference value :  2.16591e-05
 Reference value :  2.24591e-05
 Reference value :  2.32591e-05
 Reference value :  2.40591e-05
 Reference value :  2.48591e-05
 Reference value :  2.56591e-05
 Reference value :  2.64591e-05
 Reference value :  2.72591e-05
 Reference value :  2.80591e-05
 Reference value :  2.88591e-05
 Reference value :  2.96591e-05
 Reference value :  3.04591e-05
 Reference value :  3.12591e-05
 Reference value :  3.20591e-05
 Reference value :  3.28591e-05
 Reference value :  3.36591e-05
 Reference value :  3.44591e-05
 Reference value :  3.54591e-05
 Reference value :  3.62591e-05
 Reference value :  3.70591e-05
 Reference value :  3.78591e-05
 Reference value :  3.84591e-05
 Reference value :  3.92591e-05
 Reference value :  3.98591e-05
 Reference value :  4.06591e-05
 Reference value :  4.14591e-05
 Reference value :  4.22591e-05
 Reference value :  4.30591e-05
 Reference value :  4.38591e-05
 Reference value :  4.46591e-05
 Reference value :  4.54591e-05
 Reference value :  4.62591e-05
 Reference value :  4.72591e-05
 Reference value :  4.80591e-05
 Reference value :  4.88591e-05
 Reference value :  4.96591e-05
 Reference value :  5.04591e-05
 Reference value :  5.12591e-05
 Reference value :  5.20591e-05
 Reference value :  5.28591e-05
 Reference value :  5.36591e-05
 Reference value :  5.44591e-05
 Reference value :  5.52591e-05
 Reference value :  5.60591e-05
 Reference value :  5.66591e-05
 Reference value :  5.72591e-05
 Reference value :  5.80591e-05
 Reference value :  5.88591e-05
 Reference value :  5.96591e-05
 Reference value :  6.04591e-05
 Reference value :  6.12591e-05
 Reference value :  6.20591e-05
 Reference value :  6.28591e-05
 Reference value :  6.36591e-05
 Reference value :  6.44591e-05
 Reference value :  6.52591e-05
 Reference value :  6.60591e-05
 Reference value :  6.68591e-05
 Reference value :  6.76591e-05
 Reference value :  6.84591e-05
 Reference value :  6.90591e-05
 Reference value :  6.96591e-05
 Reference value :  7.04591e-05
 Reference value :  7.12591e-05
 Reference value :  7.20591e-05
 Reference value :  7.52591e-05
 Reference value :  7.60591e-05
 Reference value :  7.68591e-05
 Reference value :  7.76591e-05
 Reference value :  7.82591e-05
 Reference value :  7.90591e-05
 Reference value :  7.98591e-05
 Reference value :  8.06591e-05
 Reference value :  8.14591e-05
 Reference value :  8.22591e-05
 Reference value :  8.28591e-05
 Reference value :  8.34591e-05
 Reference value :  8.40591e-05
 Reference value :  8.46591e-05
 Reference value :  8.52591e-05
 Reference value :  8.60591e-05
 Reference value :  8.66591e-05
 Reference value :  8.74591e-05
 Reference value :  8.82591e-05
 Reference value :  8.88591e-05
 Reference value :  8.96591e-05
 Reference value :  9.04591e-05
 Reference value :  9.12591e-05
 Reference value :  9.20591e-05
 Reference value :  9.28591e-05
 Reference value :  9.36591e-05
 Reference value :  9.44591e-05
 Reference value :  9.52591e-05
 Reference value :  9.60591e-05
 Reference value :  9.68591e-05
 Reference value :  9.76591e-05
 Reference value :  9.84591e-05
 Reference value :  9.90591e-05
 Reference value :  9.98591e-05
 Reference value :  1.00659e-04
 Reference value :  1.01259e-04
 Reference value :  1.02059e-04
 Reference value :  1.02859e-04
 Reference value :  1.05059e-04
 Reference value :  1.05659e-04
 Reference value :  1.06459e-04
 Reference value :  1.07259e-04
 Reference value :  1.11859e-04
 Reference value :  1.12459e-04
 Reference value :  1.13259e-04
 Reference value :  1.14059e-04
 Reference value :  1.14859e-04
 Reference value :  1.15659e-04
 Reference value :  1.16459e-04
 Reference value :  1.17259e-04
 Reference value :  1.18059e-04
 Reference value :  1.18859e-04
 Reference value :  1.19659e-04
 Reference value :  1.20259e-04
 Reference value :  1.21059e-04
 Reference value :  1.21859e-04
 Reference value :  1.22659e-04
 Reference value :  1.23459e-04
 Reference value :  1.24259e-04
 Reference value :  1.24859e-04
 Reference value :  1.25659e-04
 Reference value :  1.26259e-04
 Reference value :  1.27059e-04
 Reference value :  1.27659e-04
 Reference value :  1.28459e-04
 Reference value :  1.29259e-04
 Reference value :  1.30059e-04
 Reference value :  1.30859e-04
 Reference value :  1.31659e-04
 Reference value :  1.32459e-04
 Reference value :  1.33259e-04
 Reference value :  1.34059e-04
 Reference value :  1.34859e-04
 Reference value :  1.35659e-04
 Reference value :  1.36459e-04
 Reference value :  1.37259e-04
 Reference value :  1.38059e-04
 Reference value :  1.38859e-04
 Reference value :  1.39659e-04
 Reference value :  1.40459e-04
 Reference value :  1.41259e-04
 Reference value :  1.42059e-04
 Reference value :  1.42859e-04
 Reference value :  1.43659e-04
 Reference value :  1.44459e-04
 Reference value :  1.45259e-04
 Reference value :  1.46059e-04
 Reference value :  1.46859e-04
 Reference value :  1.47459e-04
 Reference value :  1.48259e-04
 Reference value :  1.49059e-04
 Reference value :  1.49859e-04
 Reference value :  1.50459e-04
 Reference value :  1.51259e-04
 Reference value :  1.52059e-04
 Reference value :  1.52659e-04
 Reference value :  1.53459e-04
 Reference value :  1.54059e-04
 Reference value :  1.59059e-04
 Reference value :  1.59859e-04
 Reference value :  1.60459e-04
 Reference value :  1.61259e-04
 Reference value :  1.62059e-04
 Reference value :  1.62659e-04
 Reference value :  1.63459e-04
 Reference value :  1.64259e-04
 Reference value :  1.64859e-04
 Reference value :  1.65459e-04
 Reference value :  1.66259e-04
 Reference value :  1.67059e-04
 Reference value :  1.67859e-04
 Reference value :  1.68659e-04
 Reference value :  1.69459e-04
 Reference value :  1.70259e-04
 Reference value :  1.71059e-04
 Reference value :  1.71859e-04
 Reference value :  1.72859e-04
 Reference value :  1.73659e-04
 Reference value :  1.74259e-04
 Reference value :  1.74859e-04
 Reference value :  1.75459e-04
 Reference value :  1.76259e-04
 Reference value :  1.76859e-04
 Reference value :  1.77659e-04
 Reference value :  1.78459e-04
 Reference value :  1.79259e-04
 Reference value :  1.85459e-04
 Reference value :  1.86059e-04
 Reference value :  1.86659e-04
 Reference value :  1.87259e-04
 Reference value :  1.88059e-04
 Reference value :  1.88859e-04
 Reference value :  1.89459e-04
 Reference value :  1.90259e-04
 Reference value :  1.90859e-04
 Reference value :  1.91659e-04
 Reference value :  1.92259e-04
 Reference value :  1.92859e-04
 Reference value :  1.93659e-04
 Reference value :  1.94259e-04
 Reference value :  1.95059e-04
 Reference value :  1.95859e-04
 Reference value :  1.96659e-04
 Reference value :  1.97259e-04
 Reference value :  1.98059e-04
 Reference value :  1.98859e-04
 Reference value :  1.99659e-04
 Reference value :  2.00259e-04
 Reference value :  2.01059e-04
 Reference value :  2.01659e-04
 Reference value :  2.02459e-04
 Reference value :  2.03259e-04
 Reference value :  2.04059e-04
 Reference value :  2.04659e-04
 Reference value :  2.05459e-04
 Reference value :  2.06259e-04
 Reference value :  2.07059e-04
 Reference value :  2.07659e-04
 Reference value :  2.08459e-04
 Reference value :  2.09259e-04
 Reference value :  2.10059e-04
 Reference value :  2.10859e-04
 Reference value :  2.11659e-04
 Reference value :  2.12459e-04
 Reference value :  2.13259e-04
 Reference value :  2.14059e-04
 Reference value :  2.14859e-04
 Reference value :  2.15659e-04
 Reference value :  2.16459e-04
 Reference value :  2.17259e-04
 Reference value :  2.18059e-04
 Reference value :  2.18859e-04
 Reference value :  2.19659e-04
 Reference value :  2.20459e-04
 Reference value :  2.21259e-04
 Reference value :  2.22259e-04
 Reference value :  2.23059e-04
 Reference value :  2.23859e-04
 Reference value :  2.24659e-04
 Reference value :  2.25459e-04
 Reference value :  2.26459e-04
 Reference value :  2.27259e-04
 Reference value :  2.28059e-04
 Reference value :  2.28859e-04
 Reference value :  2.29659e-04
 Reference value :  2.30459e-04
 Reference value :  2.31259e-04
 Reference value :  2.32059e-04
 Reference value :  2.32859e-04
 Reference value :  2.33659e-04
 Reference value :  2.34459e-04
 Reference value :  2.35259e-04
 Reference value :  2.36059e-04
 Reference value :  2.36859e-04
 Reference value :  2.37659e-04
 Reference value :  2.38459e-04
 Reference value :  2.39259e-04
 Reference value :  2.40059e-04
 Reference value :  2.40859e-04
 Reference value :  2.41659e-04
 Reference value :  2.42459e-04
 Reference value :  2.43259e-04
 Reference value :  2.44259e-04
 Reference value :  2.44859e-04
 Reference value :  2.45659e-04
 Reference value :  2.46459e-04
 Reference value :  2.47259e-04
 Reference value :  2.48059e-04
 Reference value :  2.48859e-04
 Reference value :  2.49459e-04
 Reference value :  2.50259e-04
 Reference value :  2.51059e-04
 Reference value :  2.51859e-04
 Reference value :  2.65059e-04
 Reference value :  2.65859e-04
 Reference value :  2.66459e-04
 Reference value :  2.75859e-04
 Reference value :  2.76659e-04
 Reference value :  2.77259e-04
 Reference value :  2.78059e-04
 Reference value :  2.78859e-04
 Reference value :  2.79459e-04
 Reference value :  2.80259e-04
 Reference value :  2.81059e-04
 Reference value :  2.81859e-04
 Reference value :  2.82659e-04
 Reference value :  2.83459e-04
 Reference value :  2.84059e-04
 Reference value :  2.84859e-04
 Reference value :  2.85659e-04
 Reference value :  2.86459e-04
 Reference value :  2.87259e-04
 Reference value :  2.88059e-04
 Reference value :  2.88859e-04
 Reference value :  2.89659e-04
 Reference value :  2.90459e-04
 Reference value :  2.91259e-04
 Reference value :  2.92059e-04
 Reference value :  2.92859e-04
 Reference value :  2.93659e-04
 Reference value :  2.94459e-04
 Reference value :  2.95059e-04
 Reference value :  2.95859e-04
 Reference value :  2.96659e-04
 Reference value :  2.97459e-04
 Reference value :  2.98259e-04
 Reference value :  2.98859e-04
 Reference value :  2.99459e-04
 Reference value :  3.00259e-04
 Reference value :  3.00859e-04
 Reference value :  3.01459e-04
 Reference value :  3.02059e-04
 Reference value :  3.02659e-04
 Reference value :  3.03459e-04
 Reference value :  3.04259e-04
 Reference value :  3.04859e-04
 Reference value :  3.05659e-04
 Reference value :  3.06259e-04
 Reference value :  3.11259e-04
 Reference value :  3.15059e-04
 Reference value :  3.16659e-04
 Reference value :  3.17259e-04
 Reference value :  3.17859e-04
 Reference value :  3.18659e-04
 Reference value :  3.19459e-04
 Reference value :  3.20259e-04
 Reference value :  3.21059e-04
 Reference value :  3.21659e-04
 Reference value :  3.22459e-04
 Reference value :  3.27459e-04
 Reference value :  3.28059e-04
 Reference value :  3.28659e-04
 Reference value :  3.29459e-04
 Reference value :  3.30059e-04
 Reference value :  3.30659e-04
 Reference value :  3.31259e-04
 Reference value :  3.32059e-04
 Reference value :  3.32859e-04
 Reference value :  3.33459e-04
 Reference value :  3.34059e-04
 Reference value :  3.34859e-04
 Reference value :  3.35659e-04
 Reference value :  3.36459e-04
 Reference value :  3.37259e-04
 Reference value :  3.38059e-04
 Reference value :  3.38659e-04
 Reference value :  3.39259e-04
 Reference value :  3.40059e-04
 Reference value :  3.40659e-04
 Reference value :  3.41259e-04
 Reference value :  3.41859e-04
 Reference value :  3.42459e-04
 Reference value :  3.43259e-04
 Reference value :  3.43859e-04
 Reference value :  3.44659e-04
 Reference value :  3.54059e-04
 Reference value :  3.54859e-04
 Reference value :  3.64859e-04
 Reference value :  3.65459e-04
 Reference value :  3.66459e-04
 Reference value :  3.67259e-04
 Reference value :  3.67859e-04
 Reference value :  3.68659e-04
 Reference value :  3.69259e-04
 Reference value :  3.69859e-04
 Reference value :  3.70659e-04
 Reference value :  3.71459e-04
 Reference value :  3.72059e-04
 Reference value :  3.72859e-04
 Reference value :  3.73659e-04
 Reference value :  3.74659e-04
 Reference value :  3.75459e-04
 Reference value :  3.76059e-04
 Reference value :  3.76859e-04
 Reference value :  3.77859e-04
 Reference value :  3.78859e-04
 Reference value :  3.79659e-04
 Reference value :  3.80459e-04
 Reference value :  3.81259e-04
 Reference value :  3.82059e-04
 Reference value :  3.82859e-04
 Reference value :  3.83659e-04
 Reference value :  3.84459e-04
 Reference value :  3.85259e-04
 Reference value :  3.86059e-04
 Reference value :  3.86659e-04
 Reference value :  3.87259e-04
 Reference value :  3.88059e-04
 Reference value :  3.88659e-04
 Reference value :  3.89259e-04
 Reference value :  3.89859e-04
 Reference value :  3.90459e-04
 Reference value :  3.91259e-04
 Reference value :  3.92059e-04
 Reference value :  3.92859e-04
 Reference value :  3.93659e-04
 Reference value :  3.94459e-04
 Reference value :  3.95259e-04
 Reference value :  3.97259e-04
 Reference value :  3.98059e-04
 Reference value :  4.07659e-04
 Reference value :  4.08459e-04
 Reference value :  4.09059e-04
 Reference value :  4.09859e-04
 Reference value :  4.10459e-04
 Reference value :  4.11259e-04
 Reference value :  4.12059e-04
 Reference value :  4.12859e-04
 Reference value :  4.13659e-04
 Reference value :  4.14259e-04
 Reference value :  4.14859e-04
 Reference value :  4.15659e-04
 Reference value :  4.20659e-04
 Reference value :  4.21259e-04
 Reference value :  4.22059e-04
 Reference value :  4.22859e-04
 Reference value :  4.23659e-04
 Reference value :  4.24459e-04
 Reference value :  4.25259e-04
 Reference value :  4.26059e-04
 Reference value :  4.26859e-04
 Reference value :  4.27659e-04
 Reference value :  4.28459e-04
 Reference value :  4.29259e-04
 Reference value :  4.29859e-04
 Reference value :  4.30659e-04
 Reference value :  4.31459e-04
 Reference value :  4.32059e-04
 Reference value :  4.32659e-04
 Reference value :  4.33259e-04
 Reference value :  4.34059e-04
 Reference value :  4.34859e-04
 Reference value :  4.35659e-04
 Reference value :  4.36259e-04
 Reference value :  4.37059e-04
 Reference value :  4.37659e-04
 Reference value :  4.38259e-04
 Reference value :  4.38859e-04
 Reference value :  4.43859e-04
 Reference value :  4.44659e-04
 Reference value :  4.45259e-04
 Reference value :  4.46059e-04
 Reference value :  4.46659e-04
 Reference value :  4.47459e-04
 Reference value :  4.48259e-04
 Reference value :  4.49059e-04
 Reference value :  4.49659e-04
 Reference value :  4.50459e-04
 Reference value :  4.51259e-04
 Reference value :  4.52059e-04
 Reference value :  4.52659e-04
 Reference value :  4.53459e-04
 Reference value :  4.54259e-04
 Reference value :  4.54859e-04
 Reference value :  4.55459e-04
 Reference value :  4.56059e-04
 Reference value :  4.56659e-04
 Reference value :  4.57259e-04
 Reference value :  4.58059e-04
 Reference value :  4.58859e-04
 Reference value :  4.59659e-04
 Reference value :  4.60459e-04
 Reference value :  4.61059e-04
 Reference value :  4.61659e-04
 Reference value :  4.62459e-04
 Reference value :  4.63059e-04
 Reference value :  4.63859e-04
 Reference value :  4.64659e-04
 Reference value :  4.65459e-04
 Reference value :  4.66259e-04
 Reference value :  4.67259e-04
 Reference value :  4.68059e-04
 Reference value :  4.69059e-04
 Reference value :  4.69859e-04
 Reference value :  4.70659e-04
 Reference value :  4.71659e-04
 Reference value :  4.72459e-04
 Reference value :  4.73259e-04
 Reference value :  4.73859e-04
 Reference value :  4.81259e-04
 Reference value :  4.81859e-04
 Reference value :  4.82659e-04
 Reference value :  4.87259e-04
 Reference value :  4.88059e-04
 Reference value :  4.88859e-04
 Reference value :  4.89659e-04
 Reference value :  4.90459e-04
 Reference value :  4.91259e-04
 Reference value :  4.92059e-04
 Reference value :  4.92859e-04
 Reference value :  4.93659e-04
 Reference value :  4.94459e-04
 Reference value :  4.95259e-04
 Reference value :  4.96059e-04
 Reference value :  4.96659e-04
 Reference value :  4.97259e-04
 Reference value :  4.97859e-04
 Reference value :  4.98659e-04
 Reference value :  4.99459e-04
 Reference value :  5.00259e-04
 Reference value :  5.01059e-04
 Reference value :  5.01859e-04
 Reference value :  5.02659e-04
 Reference value :  5.03459e-04
 Reference value :  5.04059e-04
 Reference value :  5.04659e-04
 Reference value :  5.05459e-04
 Reference value :  5.06059e-04
 Reference value :  5.06859e-04
 Reference value :  5.07459e-04
 Reference value :  5.08059e-04
 Reference value :  5.08659e-04
 Reference value :  5.09459e-04
 Reference value :  5.10059e-04
 Reference value :  5.10659e-04
 Reference value :  5.11259e-04
 Reference value :  5.12059e-04
 Reference value :  5.12659e-04
 Reference value :  5.13459e-04
 Reference value :  5.14259e-04
 Reference value :  5.15059e-04
 Reference value :  5.19859e-04
 Reference value :  5.25859e-04
 Reference value :  5.26659e-04
 Reference value :  5.27259e-04
 Reference value :  5.28059e-04
 Reference value :  5.28659e-04
 Reference value :  5.29259e-04
 Reference value :  5.30059e-04
 Reference value :  5.30659e-04
 Reference value :  5.31459e-04
 Reference value :  5.32259e-04
 Reference value :  5.32859e-04
 Reference value :  5.33659e-04
 Reference value :  5.34259e-04
 Reference value :  5.34859e-04
 Reference value :  5.35459e-04
 Reference value :  5.36259e-04
 Reference value :  5.36859e-04
 Reference value :  5.37459e-04
 Reference value :  5.38259e-04
 Reference value :  5.38859e-04
 Reference value :  5.39659e-04
 Reference value :  5.40459e-04
 Reference value :  5.41259e-04
 Reference value :  5.42059e-04
 Reference value :  5.42659e-04
 Reference value :  5.43259e-04
 Reference value :  5.47859e-04
 Reference value :  5.48659e-04
 Reference value :  5.49459e-04
 Reference value :  5.50059e-04
 Reference value :  5.50859e-04
 Reference value :  5.51659e-04
 Reference value :  5.52259e-04
 Reference value :  5.53059e-04
 Reference value :  5.53859e-04
 Reference value :  5.54459e-04
 Reference value :  5.55059e-04
 Reference value :  5.55659e-04
 Reference value :  5.56459e-04
 Reference value :  5.58059e-04
 Reference value :  5.58859e-04
 Reference value :  5.59659e-04
 Reference value :  5.60259e-04
 Reference value :  5.61059e-04
 Reference value :  5.61659e-04
 Reference value :  5.62459e-04
 Reference value :  5.63259e-04
 Reference value :  5.64059e-04
 Reference value :  5.64659e-04
 Reference value :  5.65459e-04
 Reference value :  5.66259e-04
 Reference value :  5.67059e-04
 Reference value :  5.67859e-04
 Reference value :  5.68459e-04
 Reference value :  5.69059e-04
 Reference value :  5.69859e-04
 Reference value :  5.70659e-04
 Reference value :  5.71459e-04
 Reference value :  5.72059e-04
 Reference value :  5.72659e-04
 Reference value :  5.73459e-04
 Reference value :  5.73859e-04
 Reference value :  5.74459e-04
 Reference value :  5.75059e-04
 Reference value :  5.75659e-04
 Reference value :  5.76459e-04
 Reference value :  5.77059e-04
 Reference value :  5.77859e-04
 Reference value :  5.78659e-04
 Reference value :  5.79459e-04
 Reference value :  5.80259e-04
 Reference value :  5.81059e-04
 Reference value :  5.81659e-04
 Reference value :  5.82459e-04
 Reference value :  5.83259e-04
 Reference value :  5.84059e-04
 Reference value :  5.84659e-04
 Reference value :  5.85459e-04
 Reference value :  5.86259e-04
 Reference value :  5.92459e-04
 Reference value :  5.96259e-04
 Reference value :  5.96859e-04
 Reference value :  5.97459e-04
 Reference value :  5.98059e-04
 Reference value :  5.98659e-04
 Reference value :  5.99459e-04
 Reference value :  6.00259e-04
 Reference value :  6.01059e-04
 Reference value :  6.01859e-04
 Reference value :  6.02659e-04
 Reference value :  6.03459e-04
 Reference value :  6.04259e-04
 Reference value :  6.05059e-04
 Reference value :  6.05859e-04
 Reference value :  6.06659e-04
 Reference value :  6.07459e-04
 Reference value :  6.08259e-04
 Reference value :  6.09059e-04
 Reference value :  6.09859e-04
 Reference value :  6.10659e-04
 Reference value :  6.11259e-04
 Reference value :  6.12059e-04
 Reference value :  6.12859e-04
 Reference value :  6.13659e-04
 Reference value :  6.14459e-04
 Reference value :  6.15259e-04
 Reference value :  6.15859e-04
 Reference value :  6.16659e-04
 Reference value :  6.17459e-04
 Reference value :  6.18059e-04
 Reference value :  6.18859e-04
 Reference value :  6.19659e-04
 Reference value :  6.20459e-04
 Reference value :  6.21059e-04
 Reference value :  6.21859e-04
 Reference value :  6.22659e-04
 Reference value :  6.23459e-04
 Reference value :  6.24259e-04
 Reference value :  6.24859e-04
 Reference value :  6.25659e-04
 Reference value :  6.26459e-04
 Reference value :  6.33659e-04
 Reference value :  6.39459e-04
 Reference value :  6.52859e-04
 Reference value :  6.53659e-04
 Reference value :  6.54459e-04
 Reference value :  6.55259e-04
 Reference value :  6.55859e-04
 Reference value :  6.56659e-04
 Reference value :  6.57259e-04
 Reference value :  6.58059e-04
 Reference value :  6.58859e-04
 Reference value :  6.59459e-04
 Reference value :  6.60259e-04
 Reference value :  6.61059e-04
 Reference value :  6.61859e-04
 Reference value :  6.62659e-04
 Reference value :  6.63459e-04
 Reference value :  6.64259e-04
 Reference value :  6.65059e-04
 Reference value :  6.66059e-04
 Reference value :  6.66859e-04
 Reference value :  6.67659e-04
 Reference value :  6.68459e-04
 Reference value :  6.69259e-04
 Reference value :  6.69859e-04
 Reference value :  6.70659e-04
 Reference value :  6.71459e-04
 Reference value :  6.72259e-04
 Reference value :  6.73059e-04
 Reference value :  6.73859e-04
 Reference value :  6.74659e-04
 Reference value :  6.75459e-04
 Reference value :  6.76459e-04
 Reference value :  6.77459e-04
 Reference value :  6.78259e-04
 Reference value :  6.79059e-04
 Reference value :  6.79859e-04
 Reference value :  6.80659e-04
 Reference value :  6.81459e-04
 Reference value :  6.82259e-04
 Reference value :  6.83059e-04
 Reference value :  6.83859e-04
 Reference value :  6.84659e-04
 Reference value :  6.85459e-04
 Reference value :  6.86259e-04
 Reference value :  6.87059e-04
 Reference value :  6.87859e-04
 Reference value :  6.88459e-04
 Reference value :  6.89259e-04
 Reference value :  6.90059e-04
 Reference value :  6.90859e-04
 Reference value :  6.91659e-04
 Reference value :  6.92459e-04
 Reference value :  6.93059e-04
 Reference value :  6.93859e-04
 Reference value :  6.94859e-04
 Reference value :  6.95659e-04
 Reference value :  6.96459e-04
 Reference value :  6.97259e-04
 Reference value :  7.05059e-04
 Reference value :  7.05659e-04
 Reference value :  7.06259e-04
 Reference value :  7.06859e-04
 Reference value :  7.07659e-04
 Reference value :  7.08459e-04
 Reference value :  7.09059e-04
 Reference value :  7.09859e-04
 Reference value :  7.10459e-04
 Reference value :  7.11259e-04
 Reference value :  7.12059e-04
 Reference value :  7.12659e-04
 Reference value :  7.13459e-04
 Reference value :  7.14259e-04
 Reference value :  7.15059e-04
 Reference value :  7.16059e-04
 Reference value :  7.16859e-04
 Reference value :  7.17459e-04
 Reference value :  7.18259e-04
 Reference value :  7.19059e-04
 Reference value :  7.19859e-04
 Reference value :  7.20659e-04
 Reference value :  7.21259e-04
 Reference value :  7.22059e-04
 Reference value :  7.23059e-04
 Reference value :  7.23859e-04
 Reference value :  7.24659e-04
 Reference value :  7.25459e-04
 Reference value :  7.34459e-04
 Reference value :  7.35259e-04
 Reference value :  7.36059e-04
 Reference value :  7.36659e-04
 Reference value :  7.37259e-04
 Reference value :  7.38059e-04
 Reference value :  7.38859e-04
 Reference value :  7.39459e-04
 Reference value :  7.40259e-04
 Reference value :  7.41059e-04
 Reference value :  7.41859e-04
 Reference value :  7.42659e-04
 Reference value :  7.43459e-04
 Reference value :  7.44259e-04
 Reference value :  7.45059e-04
 Reference value :  7.45859e-04
 Reference value :  7.46659e-04
 Reference value :  7.47459e-04
 Reference value :  7.48259e-04
 Reference value :  7.49059e-04
 Reference value :  7.49659e-04
 Reference value :  7.50459e-04
 Reference value :  7.51259e-04
 Reference value :  7.52059e-04
 Reference value :  7.52859e-04
 Reference value :  7.53459e-04
 Reference value :  7.54059e-04
 Reference value :  7.54859e-04
 Reference value :  7.55659e-04
 Reference value :  7.56459e-04
 Reference value :  7.57859e-04
 Reference value :  7.58459e-04
 Reference value :  7.59259e-04
 Reference value :  7.59859e-04
 Reference value :  7.60659e-04
 Reference value :  7.61659e-04
 Reference value :  7.62459e-04
 Reference value :  7.63259e-04
 Reference value :  7.64059e-04
 Reference value :  7.64859e-04
 Reference value :  7.65659e-04
 Reference value :  7.66659e-04
 Reference value :  7.67459e-04
 Reference value :  7.68259e-04
 Reference value :  7.69059e-04
 Reference value :  7.69659e-04
 Reference value :  7.70459e-04
 Reference value :  7.71259e-04
 Reference value :  7.72059e-04
 Reference value :  7.72859e-04
 Reference value :  7.73659e-04
 Reference value :  7.74459e-04
 Reference value :  7.75259e-04
 Reference value :  7.76059e-04
 Reference value :  7.76859e-04
 Reference value :  7.77659e-04
 Reference value :  7.78459e-04
 Reference value :  7.79059e-04
 Reference value :  7.79859e-04
 Reference value :  7.80659e-04
 Reference value :  7.81459e-04
 Reference value :  7.82259e-04
 Reference value :  7.83059e-04
 Reference value :  7.84059e-04
 Reference value :  7.84859e-04
 Reference value :  7.85659e-04
 Reference value :  7.86459e-04
 Reference value :  7.87259e-04
 Reference value :  7.88059e-04
 Reference value :  7.88859e-04
 Reference value :  7.89659e-04
 Reference value :  7.90459e-04
 Reference value :  7.91259e-04
 Reference value :  7.92059e-04
 Reference value :  7.92859e-04
 Reference value :  7.93659e-04
 Reference value :  7.94459e-04
 Reference value :  7.95459e-04
 Reference value :  7.96259e-04
 Reference value :  7.97059e-04
 Reference value :  7.97859e-04
 Reference value :  7.98659e-04
 Reference value :  7.99459e-04
 Reference value :  8.02459e-04
 Reference value :  8.03659e-04
 Reference value :  8.04459e-04
 Reference value :  8.05059e-04
 Reference value :  8.05859e-04
 Reference value :  8.06659e-04
 Reference value :  8.07459e-04
 Reference value :  8.08259e-04
 Reference value :  8.09059e-04
 Reference value :  8.09859e-04
 Reference value :  8.10659e-04
 Reference value :  8.11459e-04
 Reference value :  8.12259e-04
 Reference value :  8.13059e-04
 Reference value :  8.13859e-04
 Reference value :  8.14659e-04
 Reference value :  8.15459e-04
 Reference value :  8.16259e-04
 Reference value :  8.17059e-04
 Reference value :  8.17859e-04
 Reference value :  8.18859e-04
 Reference value :  8.19659e-04
 Reference value :  8.20459e-04
 Reference value :  8.21259e-04
 Reference value :  8.22059e-04
 Reference value :  8.22659e-04
 Reference value :  8.23459e-04
 Reference value :  8.24259e-04
 Reference value :  8.25059e-04
 Reference value :  8.25859e-04
 Reference value :  8.26659e-04
 Reference value :  8.27659e-04
 Reference value :  8.28459e-04
 Reference value :  8.29059e-04
 Reference value :  8.29859e-04
 Reference value :  8.30459e-04
 Reference value :  8.31059e-04
 Reference value :  8.31659e-04
 Reference value :  8.32259e-04
 Reference value :  8.32859e-04
 Reference value :  8.33459e-04
 Reference value :  8.34059e-04
 Reference value :  8.45259e-04
 Reference value :  8.45859e-04
 Reference value :  8.49259e-04
 Reference value :  8.51059e-04
 Reference value :  8.59259e-04
 Reference value :  8.59859e-04
 Reference value :  8.60659e-04
 Reference value :  8.61459e-04
 Reference value :  8.62059e-04
 Reference value :  8.62659e-04
 Reference value :  8.63459e-04
 Reference value :  8.64259e-04
 Reference value :  8.65059e-04
 Reference value :  8.65859e-04
 Reference value :  8.66659e-04
 Reference value :  8.69659e-04
 Reference value :  8.73659e-04
 Reference value :  8.74459e-04
 Reference value :  8.75259e-04
 Reference value :  8.76059e-04
 Reference value :  8.76859e-04
 Reference value :  8.77659e-04
 Reference value :  8.78459e-04
 Reference value :  8.79059e-04
 Reference value :  8.79859e-04
 Reference value :  8.80459e-04
 Reference value :  8.81259e-04
 Reference value :  8.82059e-04
 Reference value :  8.82859e-04
 Reference value :  8.83859e-04
 Reference value :  8.84659e-04
 Reference value :  8.85659e-04
 Reference value :  8.86459e-04
 Reference value :  8.87259e-04
 Reference value :  8.88059e-04
 Reference value :  8.88859e-04
 Reference value :  8.89659e-04
 Reference value :  8.90459e-04
 Reference value :  8.91059e-04
 Reference value :  8.91859e-04
 Reference value :  8.92459e-04
 Reference value :  8.93259e-04
 Reference value :  8.94059e-04
 Reference value :  8.99659e-04
 Reference value :  9.10059e-04
 Reference value :  9.10859e-04
 Reference value :  9.11659e-04
 Reference value :  9.12259e-04
 Reference value :  9.12859e-04
 Reference value :  9.13659e-04
 Reference value :  9.14459e-04
 Reference value :  9.15459e-04
 Reference value :  9.16259e-04
 Reference value :  9.17059e-04
 Reference value :  9.17859e-04
 Reference value :  9.18659e-04
 Reference value :  9.19259e-04
 Reference value :  9.20059e-04
 Reference value :  9.20859e-04
 Reference value :  9.21659e-04
 Reference value :  9.22259e-04
 Reference value :  9.22859e-04
 Reference value :  9.23659e-04
 Reference value :  9.24259e-04
 Reference value :  9.24859e-04
 Reference value :  9.25659e-04
 Reference value :  9.26459e-04
 Reference value :  9.27259e-04
 Reference value :  9.28059e-04
 Reference value :  9.28859e-04
 Reference value :  9.29459e-04
 Reference value :  9.30059e-04
 Reference value :  9.30859e-04
 Reference value :  9.31659e-04
 Reference value :  9.32459e-04
 Reference value :  9.33059e-04
 Reference value :  9.33859e-04
 Reference value :  9.34659e-04
 Reference value :  9.35259e-04
 Reference value :  9.35859e-04
 Reference value :  9.36659e-04
 Reference value :  9.37259e-04
 Reference value :  9.38059e-04
 Reference value :  9.38659e-04
 Reference value :  9.39259e-04
 Reference value :  9.39859e-04
 Reference value :  9.40659e-04
 Reference value :  9.46659e-04
 Reference value :  9.47459e-04
 Reference value :  9.48059e-04
 Reference value :  9.48859e-04
 Reference value :  9.49659e-04
 Reference value :  9.50259e-04
 Reference value :  9.50859e-04
 Reference value :  9.51459e-04
 Reference value :  9.52259e-04
 Reference value :  9.53059e-04
 Reference value :  9.53859e-04
 Reference value :  9.54659e-04
 Reference value :  9.55459e-04
 Reference value :  9.56259e-04
 Reference value :  9.56859e-04
 Reference value :  9.57659e-04
 Reference value :  9.58259e-04
 Reference value :  9.59059e-04
 Reference value :  9.59859e-04
 Reference value :  9.60659e-04
 Reference value :  9.61459e-04
 Reference value :  9.62259e-04
 Reference value :  9.63059e-04
 Reference value :  9.63859e-04
 Reference value :  9.64459e-04
 Reference value :  9.65259e-04
 Reference value :  9.66059e-04
 Reference value :  9.66659e-04
 Reference value :  9.67459e-04
 Reference value :  9.68259e-04
 Reference value :  9.69059e-04
 Reference value :  9.69859e-04
 Reference value :  9.70659e-04
 Reference value :  9.71459e-04
 Reference value :  9.72259e-04
 Reference value :  9.73059e-04
 Reference value :  9.73859e-04
 Reference value :  9.74659e-04
 Reference value :  9.75659e-04
 Reference value :  9.76459e-04
 Reference value :  9.77259e-04
 Reference value :  9.78059e-04
 Reference value :  9.78859e-04
 Reference value :  9.79459e-04
 Reference value :  9.80459e-04
 Reference value :  9.81259e-04
 Reference value :  9.82059e-04
 Reference value :  9.82859e-04
 Reference value :  9.83659e-04
 Reference value :  9.84659e-04
 Reference value :  9.85459e-04
 Reference value :  9.86259e-04
 Reference value :  9.87059e-04
 Reference value :  9.87859e-04
 Reference value :  9.88659e-04
 Reference value :  9.89459e-04
 Reference value :  9.90259e-04
 Reference value :  9.91059e-04
 Reference value :  9.91859e-04
 Reference value :  9.92659e-04
 Reference value :  9.93259e-04
 Reference value :  9.93859e-04
 Reference value :  9.94459e-04
 Reference value :  9.95259e-04
 Reference value :  9.96059e-04
 Reference value :  9.96659e-04
 Reference value :  9.97259e-04
 Reference value :  9.98059e-04
 Reference value :  9.98859e-04
 Reference value :  9.99659e-04
 Reference value :  1.00006e-03
 Reference value :  1.00070e-03
 Reference value :  1.00150e-03
 Reference value :  1.00230e-03
 Reference value :  1.00310e-03
 Reference value :  1.00390e-03
 Reference value :  1.00470e-03
 Reference value :  1.00530e-03
 Reference value :  1.00610e-03
 Reference value :  1.00670e-03
 Reference value :  1.00750e-03
 Reference value :  1.01630e-03
 Reference value :  1.01710e-03
 Reference value :  1.01770e-03
 Reference value :  1.01850e-03
 Reference value :  1.02150e-03
 Reference value :  1.02210e-03
 Reference value :  1.02290e-03
 Reference value :  1.02370e-03
 Reference value :  1.02450e-03
 Reference value :  1.02530e-03
 Reference value :  1.02590e-03
 Reference value :  1.02650e-03
 Reference value :  1.02730e-03
 Reference value :  1.02790e-03
 Reference value :  1.02850e-03
 Reference value :  1.03790e-03
 Reference value :  1.03870e-03
 Reference value :  1.03950e-03
 Reference value :  1.04030e-03
 Reference value :  1.04110e-03
 Reference value :  1.04190e-03
 Reference value :  1.04270e-03
 Reference value :  1.04330e-03
 Reference value :  1.04410e-03
 Reference value :  1.04490e-03
 Reference value :  1.04550e-03
 Reference value :  1.04610e-03
 Reference value :  1.04670e-03
 Reference value :  1.04730e-03
 Reference value :  1.04810e-03
 Reference value :  1.04870e-03
 Reference value :  1.04950e-03
 Reference value :  1.05030e-03
 Reference value :  1.05110e-03
 Reference value :  1.05190e-03
 Reference value :  1.05270e-03
 Reference value :  1.05350e-03
 Reference value :  1.05430e-03
 Reference value :  1.05510e-03
 Reference value :  1.05570e-03
 Reference value :  1.05630e-03
 Reference value :  1.05710e-03
 Reference value :  1.05770e-03
 Reference value :  1.06430e-03
 Reference value :  1.06510e-03
 Reference value :  1.07110e-03
 Reference value :  1.07850e-03
 Reference value :  1.07910e-03
 Reference value :  1.07970e-03
 Reference value :  1.08050e-03
 Reference value :  1.08110e-03
 Reference value :  1.08170e-03
 Reference value :  1.08230e-03
 Reference value :  1.08290e-03
 Reference value :  1.08370e-03
 Reference value :  1.08450e-03
 Reference value :  1.08530e-03
 Reference value :  1.08610e-03
 Reference value :  1.08690e-03
 Reference value :  1.08770e-03
 Reference value :  1.08850e-03
 Reference value :  1.08930e-03
 Reference value :  1.09010e-03
 Reference value :  1.09090e-03
 Reference value :  1.09170e-03
 Reference value :  1.09250e-03
 Reference value :  1.09330e-03
 Reference value :  1.09410e-03
 Reference value :  1.09490e-03
 Reference value :  1.09570e-03
 Reference value :  1.09650e-03
 Reference value :  1.09730e-03
 Reference value :  1.09810e-03
 Reference value :  1.09890e-03
 Reference value :  1.09970e-03
 Reference value :  1.10050e-03
 Reference value :  1.10130e-03
 Reference value :  1.10210e-03
 Reference value :  1.10290e-03
 Reference value :  1.10370e-03
 Reference value :  1.10450e-03
 Reference value :  1.10530e-03
 Reference value :  1.10610e-03
 Reference value :  1.10690e-03
 Reference value :  1.10770e-03
 Reference value :  1.10850e-03
 Reference value :  1.10930e-03
 Reference value :  1.11010e-03
 Reference value :  1.11090e-03
 Reference value :  1.11190e-03
 Reference value :  1.11290e-03
 Reference value :  1.11370e-03
 Reference value :  1.11450e-03
 Reference value :  1.11530e-03
 Reference value :  1.11610e-03
 Reference value :  1.11690e-03
 Reference value :  1.11770e-03
 Reference value :  1.11850e-03
 Reference value :  1.11930e-03
 Reference value :  1.11990e-03
 Reference value :  1.12070e-03
 Reference value :  1.12190e-03
 Reference value :  1.12290e-03
 Reference value :  1.12370e-03
 Reference value :  1.12450e-03
 Reference value :  1.12510e-03
 Reference value :  1.12570e-03
 Reference value :  1.12650e-03
 Reference value :  1.12710e-03
 Reference value :  1.12790e-03
 Reference value :  1.12870e-03
 Reference value :  1.12950e-03
 Reference value :  1.13010e-03
 Reference value :  1.13070e-03
 Reference value :  1.13150e-03
 Reference value :  1.13210e-03
 Reference value :  1.13290e-03
 Reference value :  1.13370e-03
 Reference value :  1.13450e-03
 Reference value :  1.13530e-03
 Reference value :  1.13610e-03
 Reference value :  1.13690e-03
 Reference value :  1.13770e-03
 Reference value :  1.14090e-03
 Reference value :  1.14170e-03
 Reference value :  1.14250e-03
 Reference value :  1.14310e-03
 Reference value :  1.14390e-03
 Reference value :  1.14450e-03
 Reference value :  1.14510e-03
 Reference value :  1.14590e-03
 Reference value :  1.15930e-03
 Reference value :  1.16510e-03
 Reference value :  1.17630e-03
 Reference value :  1.17710e-03
 Reference value :  1.17790e-03
 Reference value :  1.18490e-03
 Reference value :  1.18590e-03
 Reference value :  1.18670e-03
 Reference value :  1.18750e-03
 Reference value :  1.18810e-03
 Reference value :  1.18890e-03
 Reference value :  1.18970e-03
 Reference value :  1.19050e-03
 Reference value :  1.19110e-03
 Reference value :  1.19490e-03
 Reference value :  1.19570e-03
 Reference value :  1.19630e-03
 Reference value :  1.19710e-03
 Reference value :  1.19790e-03
 Reference value :  1.19850e-03
 Reference value :  1.19930e-03
 Reference value :  1.19990e-03
 Reference value :  1.20050e-03
 Reference value :  1.20110e-03
 Reference value :  1.20190e-03
 Reference value :  1.20250e-03
 Reference value :  1.20330e-03
 Reference value :  1.20410e-03
 Reference value :  1.20490e-03
 Reference value :  1.20570e-03
 Reference value :  1.20650e-03
 Reference value :  1.20730e-03
 Reference value :  1.20810e-03
 Reference value :  1.20910e-03
 Reference value :  1.20990e-03
 Reference value :  1.21090e-03
 Reference value :  1.21170e-03
 Reference value :  1.21250e-03
 Reference value :  1.21330e-03
 Reference value :  1.21410e-03
 Reference value :  1.21490e-03
 Reference value :  1.21570e-03
 Reference value :  1.21650e-03
 Reference value :  1.21730e-03
 Reference value :  1.21810e-03
 Reference value :  1.21890e-03
 Reference value :  1.21970e-03
 Reference value :  1.22050e-03
 Reference value :  1.22130e-03
 Reference value :  1.22210e-03
 Reference value :  1.22290e-03
 Reference value :  1.22370e-03
 Reference value :  1.22450e-03
 Reference value :  1.22530e-03
 Reference value :  1.22610e-03
 Reference value :  1.22690e-03
 Reference value :  1.22770e-03
 Reference value :  1.22850e-03
 Reference value :  1.22930e-03
 Reference value :  1.22990e-03
 Reference value :  1.23070e-03
 Reference value :  1.23150e-03
 Reference value :  1.23230e-03
 Reference value :  1.23310e-03
 Reference value :  1.23390e-03
 Reference value :  1.23470e-03
 Reference value :  1.23550e-03
 Reference value :  1.23630e-03
 Reference value :  1.23710e-03
 Reference value :  1.23790e-03
 Reference value :  1.23870e-03
 Reference value :  1.23950e-03
 Reference value :  1.24030e-03
 Reference value :  1.24110e-03
 Reference value :  1.24190e-03
 Reference value :  1.24270e-03
 Reference value :  1.24350e-03
 Reference value :  1.24430e-03
 Reference value :  1.24510e-03
 Reference value :  1.24590e-03
 Reference value :  1.24670e-03
 Reference value :  1.24750e-03
 Reference value :  1.24850e-03
 Reference value :  1.24910e-03
 Reference value :  1.25010e-03
 Reference value :  1.25070e-03
 Reference value :  1.25150e-03
 Reference value :  1.25230e-03
 Reference value :  1.25310e-03
 Reference value :  1.25390e-03
 Reference value :  1.25470e-03
 Reference value :  1.25730e-03
 Reference value :  1.25810e-03
 Reference value :  1.25890e-03
 Reference value :  1.25950e-03
 Reference value :  1.26010e-03
 Reference value :  1.26090e-03
 Reference value :  1.26150e-03
 Reference value :  1.26230e-03
 Reference value :  1.26310e-03
 Reference value :  1.26370e-03
 Reference value :  1.26450e-03
 Reference value :  1.26510e-03
 Reference value :  1.26570e-03
 Reference value :  1.26650e-03
 Reference value :  1.26710e-03
 Reference value :  1.26770e-03
 Reference value :  1.26850e-03
 Reference value :  1.26910e-03
 Reference value :  1.26990e-03
 Reference value :  1.27050e-03
 Reference value :  1.27130e-03
 Reference value :  1.27210e-03
 Reference value :  1.27310e-03
 Reference value :  1.27370e-03
 Reference value :  1.27430e-03
 Reference value :  1.27510e-03
 Reference value :  1.27590e-03
 Reference value :  1.27650e-03
 Reference value :  1.27730e-03
 Reference value :  1.27790e-03
 Reference value :  1.27870e-03
 Reference value :  1.27950e-03
 Reference value :  1.28030e-03
 Reference value :  1.28090e-03
 Reference value :  1.28170e-03
 Reference value :  1.28230e-03
 Reference value :  1.28310e-03
 Reference value :  1.28390e-03
 Reference value :  1.28970e-03
 Reference value :  1.29070e-03
 Reference value :  1.29150e-03
 Reference value :  1.29510e-03
 Reference value :  1.29650e-03
 Reference value :  1.29770e-03
 Reference value :  1.29830e-03
 Reference value :  1.29910e-03
 Reference value :  1.29990e-03
 Reference value :  1.30070e-03
 Reference value :  1.30150e-03
 Reference value :  1.30230e-03
 Reference value :  1.30310e-03
 Reference value :  1.30390e-03
 Reference value :  1.30470e-03
 Reference value :  1.30550e-03
 Reference value :  1.30610e-03
 Reference value :  1.30690e-03
 Reference value :  1.30770e-03
 Reference value :  1.30830e-03
 Reference value :  1.30910e-03
 Reference value :  1.30990e-03
 Reference value :  1.31070e-03
 Reference value :  1.31150e-03
 Reference value :  1.31230e-03
 Reference value :  1.31310e-03
 Reference value :  1.31390e-03
 Reference value :  1.31450e-03
 Reference value :  1.31530e-03
 Reference value :  1.31610e-03
 Reference value :  1.31690e-03
 Reference value :  1.31770e-03
 Reference value :  1.31870e-03
 Reference value :  1.31930e-03
 Reference value :  1.32010e-03
 Reference value :  1.32090e-03
 Reference value :  1.32170e-03
 Reference value :  1.32270e-03
 Reference value :  1.32350e-03
 Reference value :  1.32430e-03
 Reference value :  1.32510e-03
 Reference value :  1.32590e-03
 Reference value :  1.32670e-03
 Reference value :  1.32750e-03
 Reference value :  1.32830e-03
 Reference value :  1.32910e-03
 Reference value :  1.32990e-03
 Reference value :  1.33070e-03
 Reference value :  1.33150e-03
 Reference value :  1.33230e-03
 Reference value :  1.33310e-03
 Reference value :  1.33390e-03
 Reference value :  1.33470e-03
 Reference value :  1.33550e-03
 Reference value :  1.33630e-03
 Reference value :  1.33710e-03
 Reference value :  1.33770e-03
 Reference value :  1.33850e-03
 Reference value :  1.33930e-03
 Reference value :  1.33990e-03
 Reference value :  1.34070e-03
 Reference value :  1.34510e-03
 Reference value :  1.34570e-03
 Reference value :  1.34650e-03
 Reference value :  1.34730e-03
 Reference value :  1.34790e-03
 Reference value :  1.34850e-03
 Reference value :  1.34910e-03
 Reference value :  1.34990e-03
 Reference value :  1.35050e-03
 Reference value :  1.35110e-03
 Reference value :  1.35170e-03
 Reference value :  1.35250e-03
 Reference value :  1.35330e-03
 Reference value :  1.35410e-03
 Reference value :  1.35490e-03
 Reference value :  1.35550e-03
 Reference value :  1.35610e-03
 Reference value :  1.35670e-03
 Reference value :  1.35730e-03
 Reference value :  1.35810e-03
 Reference value :  1.35870e-03
 Reference value :  1.35950e-03
 Reference value :  1.36010e-03
 Reference value :  1.36070e-03
 Reference value :  1.36130e-03
 Reference value :  1.36210e-03
 Reference value :  1.36270e-03
 Reference value :  1.36350e-03
 Reference value :  1.37510e-03
 Reference value :  1.39130e-03
 Reference value :  1.39390e-03
 Reference value :  1.39470e-03
 Reference value :  1.39550e-03
 Reference value :  1.39630e-03
 Reference value :  1.39710e-03
 Reference value :  1.39770e-03
 Reference value :  1.39830e-03
 Reference value :  1.39910e-03
 Reference value :  1.39990e-03
 Reference value :  1.40050e-03
 Reference value :  1.40150e-03
 Reference value :  1.40210e-03
 Reference value :  1.40410e-03
 Reference value :  1.40490e-03
 Reference value :  1.40570e-03
 Reference value :  1.40670e-03
 Reference value :  1.40750e-03
 Reference value :  1.40830e-03
 Reference value :  1.40910e-03
 Reference value :  1.40990e-03
 Reference value :  1.41090e-03
 Reference value :  1.41170e-03
 Reference value :  1.41230e-03
 Reference value :  1.41290e-03
 Reference value :  1.41370e-03
 Reference value :  1.41450e-03
 Reference value :  1.41510e-03
 Reference value :  1.41590e-03
 Reference value :  1.41670e-03
 Reference value :  1.41730e-03
 Reference value :  1.41790e-03
 Reference value :  1.41870e-03
 Reference value :  1.41950e-03
 Reference value :  1.42030e-03
 Reference value :  1.42110e-03
 Reference value :  1.42170e-03
 Reference value :  1.42230e-03
 Reference value :  1.42290e-03
 Reference value :  1.42370e-03
 Reference value :  1.42450e-03
 Reference value :  1.42530e-03
 Reference value :  1.42590e-03
 Reference value :  1.42830e-03
 Reference value :  1.43870e-03
 Reference value :  1.46410e-03
 Reference value :  1.49130e-03
 Reference value :  1.49750e-03
 Reference value :  1.49830e-03
 Reference value :  1.49910e-03
 Reference value :  1.49990e-03
 Reference value :  1.50050e-03
 Reference value :  1.50130e-03
 Reference value :  1.50190e-03
 Reference value :  1.50250e-03
 Reference value :  1.50330e-03
 Reference value :  1.50410e-03
 Reference value :  1.50490e-03
 Reference value :  1.50570e-03
 Reference value :  1.51430e-03
 Reference value :  1.51510e-03
 Reference value :  1.51570e-03
 Reference value :  1.51630e-03
 Reference value :  1.51690e-03
 Reference value :  1.51770e-03
 Reference value :  1.51850e-03
 Reference value :  1.51930e-03
 Reference value :  1.52010e-03
 Reference value :  1.52090e-03
 Reference value :  1.52170e-03
 Reference value :  1.52250e-03
 Reference value :  1.52330e-03
 Reference value :  1.52410e-03
 Reference value :  1.52490e-03
 Reference value :  1.52570e-03
 Reference value :  1.52630e-03
 Reference value :  1.52710e-03
 Reference value :  1.52790e-03
 Reference value :  1.52870e-03
 Reference value :  1.52930e-03
 Reference value :  1.53010e-03
 Reference value :  1.53090e-03
 Reference value :  1.53150e-03
 Reference value :  1.53210e-03
 Reference value :  1.53270e-03
 Reference value :  1.53350e-03
 Reference value :  1.53430e-03
 Reference value :  1.53510e-03
 Reference value :  1.53570e-03
 Reference value :  1.53630e-03
 Reference value :  1.54310e-03
 Reference value :  1.54630e-03
 Reference value :  1.54710e-03
 Reference value :  1.54790e-03
 Reference value :  1.54870e-03
 Reference value :  1.54930e-03
 Reference value :  1.54990e-03
 Reference value :  1.55070e-03
 Reference value :  1.55150e-03
 Reference value :  1.55230e-03
 Reference value :  1.55310e-03
 Reference value :  1.55390e-03
 Reference value :  1.56330e-03
 Reference value :  1.56410e-03
 Reference value :  1.56470e-03
 Reference value :  1.56530e-03
 Reference value :  1.56610e-03
 Reference value :  1.56690e-03
 Reference value :  1.56770e-03
 Reference value :  1.56850e-03
 Reference value :  1.56910e-03
 Reference value :  1.56990e-03
 Reference value :  1.57070e-03
 Reference value :  1.57130e-03
 Reference value :  1.57190e-03
 Reference value :  1.57270e-03
 Reference value :  1.57330e-03
 Reference value :  1.57410e-03
 Reference value :  1.57470e-03
 Reference value :  1.57530e-03
 Reference value :  1.57610e-03
 Reference value :  1.57670e-03
 Reference value :  1.57730e-03
 Reference value :  1.57810e-03
 Reference value :  1.57890e-03
 Reference value :  1.57970e-03
 Reference value :  1.58050e-03
 Reference value :  1.58130e-03
 Reference value :  1.58490e-03
 Reference value :  1.58570e-03
 Reference value :  1.59070e-03
 Reference value :  1.59150e-03
 Reference value :  1.59230e-03
 Reference value :  1.59290e-03
 Reference value :  1.59370e-03
 Reference value :  1.59450e-03
 Reference value :  1.59510e-03
 Reference value :  1.59570e-03
 Reference value :  1.59630e-03
 Reference value :  1.59710e-03
 Reference value :  1.59790e-03
 Reference value :  1.59850e-03
 Reference value :  1.59930e-03
 Reference value :  1.60010e-03
 Reference value :  1.60530e-03
 Reference value :  1.60610e-03
 Reference value :  1.60690e-03
 Reference value :  1.60770e-03
 Reference value :  1.60850e-03
 Reference value :  1.60910e-03
 Reference value :  1.60990e-03
 Reference value :  1.61070e-03
 Reference value :  1.61130e-03
 Reference value :  1.61210e-03
 Reference value :  1.61290e-03
 Reference value :  1.61370e-03
 Reference value :  1.61450e-03
 Reference value :  1.61530e-03
 Reference value :  1.61610e-03
 Reference value :  1.61690e-03
 Reference value :  1.61770e-03
 Reference value :  1.61850e-03
 Reference value :  1.61930e-03
 Reference value :  1.62010e-03
 Reference value :  1.62070e-03
 Reference value :  1.62150e-03
 Reference value :  1.62210e-03
 Reference value :  1.62270e-03
 Reference value :  1.62350e-03
 Reference value :  1.62850e-03
 Reference value :  1.63050e-03
 Reference value :  1.63130e-03
 Reference value :  1.63570e-03
 Reference value :  1.64270e-03
 Reference value :  1.64750e-03
 Reference value :  1.64810e-03
 Reference value :  1.64870e-03
 Reference value :  1.64950e-03
 Reference value :  1.65030e-03
 Reference value :  1.65090e-03
 Reference value :  1.65170e-03
 Reference value :  1.65250e-03
 Reference value :  1.65330e-03
 Reference value :  1.65390e-03
 Reference value :  1.65970e-03
 Reference value :  1.66050e-03
 Reference value :  1.66130e-03
 Reference value :  1.66210e-03
 Reference value :  1.66270e-03
 Reference value :  1.66350e-03
 Reference value :  1.66410e-03
 Reference value :  1.66470e-03
 Reference value :  1.66550e-03
 Reference value :  1.66630e-03
 Reference value :  1.66710e-03
 Reference value :  1.66770e-03
 Reference value :  1.66850e-03
 Reference value :  1.66950e-03
 Reference value :  1.67030e-03
 Reference value :  1.67110e-03
 Reference value :  1.67190e-03
 Reference value :  1.67290e-03
 Reference value :  1.67370e-03
 Reference value :  1.67450e-03
 Reference value :  1.67650e-03
 Reference value :  1.67730e-03
 Reference value :  1.67790e-03
 Reference value :  1.67870e-03
 Reference value :  1.67950e-03
 Reference value :  1.68010e-03
 Reference value :  1.68070e-03
 Reference value :  1.68130e-03
 Reference value :  1.68370e-03
 Reference value :  1.69830e-03
 Reference value :  1.70850e-03
 Reference value :  1.71370e-03
 Reference value :  1.71450e-03
 Reference value :  1.71510e-03
 Reference value :  1.71590e-03
 Reference value :  1.71670e-03
 Reference value :  1.71750e-03
 Reference value :  1.71830e-03
 Reference value :  1.71910e-03
 Reference value :  1.71990e-03
 Reference value :  1.72070e-03
 Reference value :  1.72150e-03
 Reference value :  1.72230e-03
 Reference value :  1.72290e-03
 Reference value :  1.72970e-03
 Reference value :  1.73030e-03
 Reference value :  1.73090e-03
 Reference value :  1.73170e-03
 Reference value :  1.73250e-03
 Reference value :  1.73330e-03
 Reference value :  1.73410e-03
 Reference value :  1.73490e-03
 Reference value :  1.73550e-03
 Reference value :  1.73630e-03
 Reference value :  1.73690e-03
 Reference value :  1.73770e-03
 Reference value :  1.73850e-03
 Reference value :  1.73930e-03
 Reference value :  1.74010e-03
 Reference value :  1.74070e-03
 Reference value :  1.74130e-03
 Reference value :  1.74210e-03
 Reference value :  1.74290e-03
 Reference value :  1.74370e-03
 Reference value :  1.74450e-03
 Reference value :  1.74530e-03
 Reference value :  1.74610e-03
 Reference value :  1.74690e-03
 Reference value :  1.74770e-03
 Reference value :  1.74850e-03
 Reference value :  1.74910e-03
 Reference value :  1.74990e-03
 Reference value :  1.75050e-03
 Reference value :  1.75730e-03
 Reference value :  1.75810e-03
 Reference value :  1.75890e-03
 Reference value :  1.75970e-03
 Reference value :  1.76050e-03
 Reference value :  1.76130e-03
 Reference value :  1.76190e-03
 Reference value :  1.76270e-03
 Reference value :  1.76350e-03
 Reference value :  1.76430e-03
 Reference value :  1.77010e-03
 Reference value :  1.77090e-03
 Reference value :  1.77170e-03
 Reference value :  1.77250e-03
 Reference value :  1.77330e-03
 Reference value :  1.77410e-03
 Reference value :  1.77490e-03
 Reference value :  1.77570e-03
 Reference value :  1.77650e-03
 Reference value :  1.77730e-03
 Reference value :  1.77810e-03
 Reference value :  1.77890e-03
 Reference value :  1.77970e-03
 Reference value :  1.78030e-03
 Reference value :  1.78110e-03
 Reference value :  1.78170e-03
 Reference value :  1.78230e-03
 Reference value :  1.78290e-03
 Reference value :  1.78350e-03
 Reference value :  1.78410e-03
 Reference value :  1.78490e-03
 Reference value :  1.78550e-03
 Reference value :  1.78630e-03
 Reference value :  1.78690e-03
 Reference value :  1.78770e-03
 Reference value :  1.78830e-03
 Reference value :  1.78910e-03
 Reference value :  1.78990e-03
 Reference value :  1.79070e-03
 Reference value :  1.79130e-03
 Reference value :  1.79210e-03
 Reference value :  1.79290e-03
 Reference value :  1.79350e-03
 Reference value :  1.79410e-03
 Reference value :  1.79470e-03
 Reference value :  1.79530e-03
 Reference value :  1.79610e-03
 Reference value :  1.79690e-03
 Reference value :  1.79770e-03
 Reference value :  1.79870e-03
 Reference value :  1.79950e-03
 Reference value :  1.80010e-03
 Reference value :  1.80090e-03
 Reference value :  1.80170e-03
 Reference value :  1.80250e-03
 Reference value :  1.80330e-03
 Reference value :  1.80410e-03
 Reference value :  1.80470e-03
 Reference value :  1.80550e-03
 Reference value :  1.80610e-03
 Reference value :  1.80690e-03
 Reference value :  1.80830e-03
 Reference value :  1.80910e-03
 Reference value :  1.80990e-03
 Reference value :  1.81070e-03
 Reference value :  1.81150e-03
 Reference value :  1.81230e-03
 Reference value :  1.81310e-03
 Reference value :  1.81390e-03
 Reference value :  1.81450e-03
 Reference value :  1.81530e-03
 Reference value :  1.81610e-03
 Reference value :  1.81690e-03
 Reference value :  1.81750e-03
 Reference value :  1.81830e-03
 Reference value :  1.81910e-03
 Reference value :  1.81990e-03
 Reference value :  1.82050e-03
 Reference value :  1.82130e-03
 Reference value :  1.82410e-03
 Reference value :  1.82490e-03
 Reference value :  1.82570e-03
 Reference value :  1.82630e-03
 Reference value :  1.82710e-03
 Reference value :  1.82770e-03
 Reference value :  1.82870e-03
 Reference value :  1.82930e-03
 Reference value :  1.83010e-03
 Reference value :  1.83090e-03
 Reference value :  1.83150e-03
 Reference value :  1.83210e-03
 Reference value :  1.83270e-03
 Reference value :  1.83330e-03
 Reference value :  1.83390e-03
 Reference value :  1.83450e-03
 Reference value :  1.83530e-03
 Reference value :  1.83610e-03
 Reference value :  1.83670e-03
 Reference value :  1.83730e-03
 Reference value :  1.83810e-03
 Reference value :  1.83870e-03
 Reference value :  1.83950e-03
 Reference value :  1.84030e-03
 Reference value :  1.84110e-03
 Reference value :  1.84190e-03
 Reference value :  1.84270e-03
 Reference value :  1.84350e-03
 Reference value :  1.84430e-03
 Reference value :  1.84510e-03
 Reference value :  1.84590e-03
 Reference value :  1.84650e-03
 Reference value :  1.84710e-03
 Reference value :  1.84770e-03
 Reference value :  1.84830e-03
 Reference value :  1.84890e-03
 Reference value :  1.84950e-03
 Reference value :  1.85030e-03
 Reference value :  1.85110e-03
 Reference value :  1.85190e-03
 Reference value :  1.85250e-03
 Reference value :  1.85330e-03
 Reference value :  1.85390e-03
 Reference value :  1.85690e-03
 Reference value :  1.85830e-03
 Reference value :  1.85910e-03
 Reference value :  1.86510e-03
 Reference value :  1.87750e-03
 Reference value :  1.87830e-03
 Reference value :  1.87890e-03
 Reference value :  1.87950e-03
 Reference value :  1.88030e-03
 Reference value :  1.88090e-03
 Reference value :  1.88170e-03
 Reference value :  1.88230e-03
 Reference value :  1.88310e-03
 Reference value :  1.88390e-03
 Reference value :  1.88470e-03
 Reference value :  1.88950e-03
 Reference value :  1.89030e-03
 Reference value :  1.89110e-03
 Reference value :  1.89170e-03
 Reference value :  1.89250e-03
 Reference value :  1.89310e-03
 Reference value :  1.89390e-03
 Reference value :  1.89450e-03
 Reference value :  1.89530e-03
 Reference value :  1.89610e-03
 Reference value :  1.89690e-03
 Reference value :  1.89750e-03
 Reference value :  1.89810e-03
 Reference value :  1.89890e-03
 Reference value :  1.89950e-03
 Reference value :  1.90030e-03
 Reference value :  1.90090e-03
 Reference value :  1.90150e-03
 Reference value :  1.90230e-03
 Reference value :  1.90310e-03
 Reference value :  1.90390e-03
 Reference value :  1.90470e-03
 Reference value :  1.90550e-03
 Reference value :  1.90630e-03
 Reference value :  1.90710e-03
 Reference value :  1.90790e-03
 Reference value :  1.90870e-03
 Reference value :  1.90950e-03
 Reference value :  1.91030e-03
 Reference value :  1.91110e-03
 Reference value :  1.91170e-03
 Reference value :  1.91250e-03
 Reference value :  1.91330e-03
 Reference value :  1.91410e-03
 Reference value :  1.91470e-03
 Reference value :  1.91550e-03
 Reference value :  1.91630e-03
 Reference value :  1.91710e-03
 Reference value :  1.91790e-03
 Reference value :  1.91870e-03
 Reference value :  1.91950e-03
 Reference value :  1.92030e-03
 Reference value :  1.92110e-03
 Reference value :  1.92190e-03
 Reference value :  1.92270e-03
 Reference value :  1.92350e-03
 Reference value :  1.92430e-03
 Reference value :  1.92510e-03
 Reference value :  1.92590e-03
 Reference value :  1.92650e-03
 Reference value :  1.92730e-03
 Reference value :  1.92810e-03
 Reference value :  1.92890e-03
 Reference value :  1.92970e-03
 Reference value :  1.93050e-03
 Reference value :  1.93130e-03
 Reference value :  1.93210e-03
 Reference value :  1.93290e-03
 Reference value :  1.93370e-03
 Reference value :  1.93450e-03
 Reference value :  1.93530e-03
 Reference value :  1.93610e-03
 Reference value :  1.93690e-03
 Reference value :  1.93770e-03
 Reference value :  1.93850e-03
 Reference value :  1.93930e-03
 Reference value :  1.93990e-03
 Reference value :  1.94070e-03
 Reference value :  1.94150e-03
 Reference value :  1.94230e-03
 Reference value :  1.95130e-03
 Reference value :  1.95210e-03
 Reference value :  1.95270e-03
 Reference value :  1.95330e-03
 Reference value :  1.95770e-03
 Reference value :  1.95850e-03
 Reference value :  1.95930e-03
 Reference value :  1.96010e-03
 Reference value :  1.96090e-03
 Reference value :  1.96170e-03
 Reference value :  1.96250e-03
 Reference value :  1.96330e-03
 Reference value :  1.96410e-03
 Reference value :  1.96510e-03
 Reference value :  1.96590e-03
 Reference value :  1.96650e-03
 Reference value :  1.96730e-03
 Reference value :  1.96810e-03
 Reference value :  1.96870e-03
 Reference value :  1.96950e-03
 Reference value :  1.97050e-03
 Reference value :  1.97110e-03
 Reference value :  1.97190e-03
 Reference value :  1.97270e-03
 Reference value :  1.97350e-03
 Reference value :  1.97430e-03
 Reference value :  1.97490e-03
 Reference value :  1.97570e-03
 Reference value :  1.97650e-03
 Reference value :  1.97730e-03
 Reference value :  1.97810e-03
 Reference value :  1.97870e-03
 Reference value :  1.97950e-03
 Reference value :  1.98010e-03
 Reference value :  1.98090e-03
 Reference value :  1.98170e-03
 Reference value :  1.98230e-03
 Reference value :  1.98310e-03
 Reference value :  1.99230e-03
 Reference value :  1.99310e-03
 Reference value :  1.99370e-03
 Reference value :  1.99990e-03
 Reference value :  2.00070e-03
 Reference value :  2.00150e-03
 Reference value :  2.00230e-03
 Reference value :  2.00310e-03
 Reference value :  2.00370e-03
 Reference value :  2.00430e-03
 Reference value :  2.00490e-03
 Reference value :  2.00550e-03
 Reference value :  2.00630e-03
 Reference value :  2.00690e-03
 Reference value :  2.00770e-03
 Reference value :  2.01250e-03
 Reference value :  2.01330e-03
 Reference value :  2.01390e-03
 Reference value :  2.01470e-03
 Reference value :  2.01530e-03
 Reference value :  2.01590e-03
 Reference value :  2.01650e-03
 Reference value :  2.01710e-03
 Reference value :  2.01790e-03
 Reference value :  2.01850e-03
 Reference value :  2.01930e-03
 Reference value :  2.02010e-03
 Reference value :  2.02090e-03
 Reference value :  2.02170e-03
 Reference value :  2.02230e-03
 Reference value :  2.02290e-03
 Reference value :  2.02370e-03
 Reference value :  2.02450e-03
 Reference value :  2.02530e-03
 Reference value :  2.02610e-03
 Reference value :  2.02670e-03
 Reference value :  2.02750e-03
 Reference value :  2.02830e-03
 Reference value :  2.02910e-03
 Reference value :  2.02970e-03
 Reference value :  2.03050e-03
 Reference value :  2.03150e-03
 Reference value :  2.03770e-03
 Reference value :  2.03850e-03
 Reference value :  2.03930e-03
 Reference value :  2.04310e-03
 Reference value :  2.04370e-03
 Reference value :  2.04450e-03
 Reference value :  2.05410e-03
 Reference value :  2.05570e-03
 Reference value :  2.05650e-03
 Reference value :  2.05730e-03
 Reference value :  2.05810e-03
 Reference value :  2.05890e-03
 Reference value :  2.05970e-03
 Reference value :  2.06050e-03
 Reference value :  2.06150e-03
 Reference value :  2.06230e-03
 Reference value :  2.06310e-03
 Reference value :  2.06370e-03
 Reference value :  2.06450e-03
 Reference value :  2.08250e-03
 Reference value :  2.08350e-03
 Reference value :  2.08590e-03
 Reference value :  2.09090e-03
 Reference value :  2.10290e-03
 Reference value :  2.11270e-03
 Reference value :  2.13230e-03
 Reference value :  2.14850e-03
 Reference value :  2.14970e-03
 Reference value :  2.15050e-03
 Reference value :  2.19910e-03
 Reference value :  2.23250e-03
 Reference value :  2.26050e-03
 Reference value :  2.27910e-03
 Reference value :  2.29010e-03
 Reference value :  2.30430e-03
 Reference value :  2.34110e-03
 Reference value :  2.36070e-03
 Reference value :  2.38850e-03
 Reference value :  2.42910e-03
 Reference value :  2.44170e-03
 Reference value :  2.47870e-03
No. of Data Rows : 12568
t_vdd_s             =  9.76431e-04
t_ref_s             =  5.73176e-04
t_vdd_f             =  9.76431e-07
t_ref_f             =  8.79906e-07
t_vdd_g             =  9.76431e-10
t_ref_g             =  2.02667e-09
v_s                 =  1.16547e+00
v_f                 =  1.16537e+00
v_g                 =  1.16542e+00
v_n                 =  3.41893e-01
g_n                 =  2.97367e+00
isg                 =  -3.11346e-05
meas_t_start_s = -4.03255e-04
meas_t_start_f = -9.65251e-08
meas_t_start_g = 1.050236e-09
meas_t_abs_s = 5.731757e-04
meas_vref_s = 1.165471e+00
meas_vref_f = 1.165369e+00
meas_vref_g = 1.165424e+00
meas_vref_spread = 1.490000e-04
meas_vref_n = 3.418932e-01
meas_gn_n = 2.973671e+00
meas_isup_g = 3.113456e-05
ngspice-46 done

# ==== ngspice stderr ====

