# corner: tt_27c_3.63v
# process=tt temp=27C supply=3.63V
# ngspice exit: 0
# wall clock: 46.9s (--timeout was 300s)
# result: PASS

# ==== deck (exact input given to ngspice) ====
| * startup-ramp corner deck -- generated by sim/bin/corner-run.py, do not edit
| * corner: tt_27c_3.63v
| .param vsup=3.63
| .param t_slow=1e-3
| .param t_fast=1e-6
| .option wnflag=1
| .temp 27
| .lib "/home/ubuntu/.volare/sky130A/libs.tech/combined/sky130.lib.spice" tt
| ** sch_path: sim/startup-ramp/testbench/tb_startup_ramp.sch
| **.subckt tb_startup_ramp
| VSLOW VDDS 0 pwl(0 0 't_slow' 'vsup')
| .save i(vslow)
| VFAST VDDF 0 pwl(0 0 't_fast' 'vsup')
| .save i(vfast)
| VDEGN VDDN 0 pwl(0 0 1n 'vsup')
| .save i(vdegn)
| XSLOW VREFS GS VDDS 0 bandgap_core
| XSUS GS VREFS VDDS 0 startup_injector
| XFAST VREFF GF VDDF 0 bandgap_core
| XSUF GF VREFF VDDF 0 startup_injector
| XDEGN VREFN GN VDDN 0 bandgap_core
| VDEG VDDG 0 pwl(0 0 1n 'vsup')
| .save i(vdeg)
| XDEG VREFG GG VDDG 0 bandgap_core
| XSUG GG VREFG VDDG 0 startup_injector
| **** begin user architecture code
| 
| 
| * Put the XDEG copy (injector attached) and the XDEGN control copy (no
| * injector) in the degenerate zero-current state at t = 0: their mirror gates
| * start at the supply rail, which is where the all-off solution parks them,
| * while every other node starts at 0 V (UIC). Nothing holds GG/GN there after
| * t = 0 -- .ic only sets the transient's starting point -- so whether either
| * circuit leaves that state is decided by the circuit, not by the deck.
| .ic v(GG)='vsup' v(GN)='vsup'
| 
| 
| **** end user architecture code
| **.ends
| 
| * expanding   symbol:  design/bandgap_core.sym # of pins=4
| ** sym_path: design/bandgap_core.sym
| ** sch_path: design/bandgap_core.sch
| .subckt bandgap_core VOUT GDRV VDD VSS
| *.opin VOUT
| *.iopin GDRV
| *.iopin VDD
| *.iopin VSS
| **** begin user architecture code
| 
| 
| * ---- Kuijk core parameters (issue #8) ----
| * PNP emitter-area ratio N is built ONLY from paralleled unit devices:
| *   N = (n_pnp_ptat * 11.56 um2) / (n_pnp_ctat * 0.4624 um2)
| * Keep both counts equal to hold the pair's measured dVBE while lowering the
| * per-unit current and sigma(dVBE); raise n_pnp_ptat alone for more PTAT.
| .param n_pnp_ctat=8
| .param n_pnp_ptat=8
| * res_high_po unit segment: W = r_w um, L = r_lseg um (R ~ 380 + 325*L ohm)
| .param r_w=1
| .param r_lseg=5
| * segment counts. K = R2/R1 (each leg has its own head resistance, so
| * K != n_r2/n_r1 exactly -- see the header comment). n_r2 was RESIZED 54 -> 50
| * by issue #99 (see RESIZE STATUS below); n_r1 held at 7. The #46 single-
| * device investigation (why the OLD n_r2=54 was chosen, and why +1 was
| * rejected there) is retained in the header Sizing rationale, superseded by
| * the resize.
| * RESIZE STATUS (issue #99 / DR-003, RESOLVED): n_r1/n_r2 are now sized
| * against the ROUTED LAYOUT's real chained-array topology -- the ground truth
| * the fabricated part experiences -- NOT the single-res_high_po-device-per-leg
| * model this schematic's own XR1/XR2A/XR2B lines still draw. Issue #98/DR-003
| * (sim/res-array-head-resistance/) established that the routed layout draws
| * each leg as N separately-contacted unit instances in series
| * (layout/bin/gen_bandgap_routed.py's bus_res_series), paying real per-instance
| * head resistance: at the old n_r2=54 that made the REAL part's K=R2/R1 read
| * 8.1474 vs the single-device model's 7.4973, pushing VOUT(27 degC) to
| * ~1.233 V (outside the draft +/-1% window 1.188..1.212 V) at all 5
| * (process,supply) corners and collapsing regulation at ff/2.97 V and
| * fs/2.97 V. Resizing n_r2 54 -> 50 (n_r1 left at 7 so branch current -- and
| * therefore hot-corner headroom -- is not raised while K is corrected) brings
| * the real chained topology's K back to 7.576 and VOUT(27 degC) back to
| * ~1.198 V, IN the +/-1% window at ALL 5 corners with NO hot-corner collapse,
| * and the DR-002 downward 0..-16 trim range still covering. Full PVT + trim
| * re-verification: sim/res-array-resize/records/ (issue #99).
| * CONSEQUENCE for the single-device model: because these XR1/XR2A/XR2B lines
| * still model each leg as ONE res_high_po device (omitting the per-instance
| * head resistance the real part pays), simulating THIS schematic as-drawn
| * (e.g. sim/output-voltage-tc's single-device tb_vref_tc, netlisted by xschem)
| * now reads VOUT(27 degC) ~1.165 V -- LOW *by design*. That ~33 mV gap IS the
| * head resistance the routed part uses to reach 1.198 V; it is not an error,
| * and the single-device harness is no longer the sizing reference of record
| * (DR-003: every single-device record models a topology the layout does not
| * build). NEXT INCREMENT (not done here, per one-lever-per-increment): the
| * routed layout generator (gen_bandgap_routed.py's N_R1/SCH_N_R2/N_R2_COARSE,
| * currently still transcribing n_r2=54) must be re-transcribed to n_r2=50 and
| * re-verified through klayout DRC/LVS -- see DR-003's closure and
| * layout/matching-plan.md Section 7x.
| .param n_r1=7
| .param n_r2=50
| * PMOS mirror multiplicities (unit device W=8u L=2u)
| .param m_out=2
| .param m_ampbias=2
| * ---- Trim network (issue #13), DOWNWARD ONLY -- see DR-002 ----
| * Ladder-tap length added to R2A/R2B equally (metal option, no switches).
| * n_r2_trim: valid range 0..-16 only. r_lseg_trim: 1 um/code (~1.7 mV/code)
| * in DR-002's original SINGLE-DEVICE model. Positive codes are REJECTED:
| * this is the same R2/R1 ratio issue #46 found causes ff/2.97V, fs/2.97V
| * hot-corner (>~123C) operating-point collapse at even a +5 um increase
| * (n_r2=55). sim/trim-range-monotonicity/ reconfirms it for trim and finds
| * codes +1/+2 ALSO collapse (VOUT -> ~2.8V) while +3/+4 happen not to --
| * non-monotonic-in-code, i.e. no positive code is a certified-safe point,
| * not a safe zone at +3/+4. Only downward (R2 decrease) moves away from
| * that edge; confirmed monotonic, collapse-free to -16 across corners. See
| * DR-002 and the sim record for the full case.
| * LSB REVISION (issue #106, DR-002 revision): the routed layout's fine trim
| * chain does NOT draw one length-tapped device -- it chains N separately-
| * contacted res_high_po unit instances (layout/bin/gen_bandgap_routed.py's
| * bus_res_series), each paying a real per-instance head/fringe resistance
| * term this schematic's single-device XR2A/XR2B lines do not model (DR-003,
| * sim/res-array-head-resistance/). Re-deriving DR-002's <=3.000 mV/code LSB
| * comfort bound against that REAL chained topology at the adopted
| * n_r1=7/n_r2=50 sizing (sim/trim-lsb-chained/) found the shipped
| * r_lseg_trim=1 per-code step reads 3.12-3.15 mV/code across all 5 corners
| * -- a real, measured violation of the comfort bound (smaller than an
| * earlier, now-superseded estimate against an abandoned n_r1=6/n_r2=42
| * sizing, but still a violation). Halving the fine unit's drawn length to
| * 0.5 um fixes it: the per-instance head-resistance term (~379.7 ohm, the
| * DOMINANT piece of the per-code step) is a PDK-model-card constant
| * independent of the unit's drawn length, so only the smaller `rbody`
| * fringe term shrinks -- re-verified at r_lseg_trim=0.5 to read
| * 2.40-2.42 mV/code, PASS at all 5 corners, with the same certified 0..-16
| * code range and downward span still clearing DR-002's 1.5x-of-3sigma
| * coverage target. See sim/trim-lsb-chained/records/ for the full
| * re-derivation. NEXT INCREMENT (not done here, per one-lever-per-
| * increment): layout/bin/gen_bandgap_routed.py's
| * R_LSEG_TRIM_UM/SCH_R_LSEG_TRIM_UM (currently still transcribing 1 um)
| * must be re-transcribed to 0.5 um and the routed cell re-verified through
| * klayout DRC/LVS -- klayout's extraction backend is not available in this
| * run environment, so that is a follow-up issue, the same split issue #99
| * used for #107/#108.
| .param n_r2_trim=0
| .param r_lseg_trim=0.5
| 
| 
| **** end user architecture code
| XMPOUT VOUT GDRV VDD VDD sky130_fd_pr__pfet_g5v0d10v5 L=2 W=8 nf=1 ad=2.32 as=2.32 pd=16.58 ps=16.58 nrd=0.03625 nrs=0.03625 sa=0 sb=0 sd=0 mult='m_out' m='m_out'
| XMPAMP TAIL GDRV VDD VDD sky130_fd_pr__pfet_g5v0d10v5 L=2 W=8 nf=1 ad=2.32 as=2.32 pd=16.58 ps=16.58 nrd=0.03625 nrs=0.03625 sa=0 sb=0 sd=0 mult='m_ampbias' m='m_ampbias'
| XAMP VB VA GDRV TAIL VDD VSS error_amp
| XR2A VA VOUT VSS sky130_fd_pr__res_high_po W='r_w' L='r_lseg*n_r2+r_lseg_trim*n_r2_trim' mult=1 m=1
| XR2B VB VOUT VSS sky130_fd_pr__res_high_po W='r_w' L='r_lseg*n_r2+r_lseg_trim*n_r2_trim' mult=1 m=1
| XQ1 VSS VSS VA sky130_fd_pr__pnp_05v5_W0p68L0p68 m='n_pnp_ctat' mult='n_pnp_ctat'
| XR1 VBQ VB VSS sky130_fd_pr__res_high_po W='r_w' L='r_lseg*n_r1' mult=1 m=1
| XQ2 VSS VSS VBQ sky130_fd_pr__pnp_05v5_W3p40L3p40 m='n_pnp_ptat' mult='n_pnp_ptat'
| .ends
| 
| 
| * expanding   symbol:  design/startup_injector.sym # of pins=4
| ** sym_path: design/startup_injector.sym
| ** sch_path: design/startup_injector.sch
| .subckt startup_injector GDRV VSENSE VDD VSS
| *.iopin GDRV
| *.ipin VSENSE
| *.iopin VDD
| *.iopin VSS
| **** begin user architecture code
| 
| 
| * ---- startup injector parameters (issue #10) ----
| * m_ref  : units of the (W=1 L=20) diode-connected reference PMOS. Raising it
| *          raises BOTH the release threshold and the residual current the cell
| *          draws from GDRV once disengaged -- the two are the same current.
| * m_sense: units of the (W=48 L=0.5) sense NMOS. Raising it lowers the release
| *          threshold (better disengage, less traverse margin).
| * m_pnp  : unit PNPs in the threshold reference. Raising it lowers VBE at the
| *          sense current, i.e. lowers the release threshold.
| * m_inj  : units of the (W=10 L=0.5) injector NMOS. Scales the eviction
| *          current and the disengaged residual in the same proportion.
| * m_clamp: units of the (W=4 L=1) railed-branch clamp NMOS MNC. Scales only
| *          how hard the railed branch is evicted; MNC is off by more than a
| *          threshold at every legitimate operating point, so this knob does
| *          NOT trade against the disengaged residual the way m_ref does.
| .param m_ref=1
| .param m_sense=1
| .param m_pnp=8
| .param m_inj=1
| .param m_clamp=1
| 
| 
| **** end user architecture code
| XMPC1 NC1 NC1 GDRV VDD sky130_fd_pr__pfet_g5v0d10v5 L=20 W=1 nf=1 ad=0.29 as=0.29 pd=2.58 ps=2.58 nrd=0.29 nrs=0.29 sa=0 sb=0 sd=0 mult='m_ref' m='m_ref'
| XMPC2 NG NG NC1 VDD sky130_fd_pr__pfet_g5v0d10v5 L=20 W=1 nf=1 ad=0.29 as=0.29 pd=2.58 ps=2.58 nrd=0.29 nrs=0.29 sa=0 sb=0 sd=0 mult='m_ref' m='m_ref'
| XMNS NG VSENSE NE VSS sky130_fd_pr__nfet_g5v0d10v5 L=0.5 W=48 nf=1 ad=13.92 as=13.92 pd=96.58 ps=96.58 nrd=0.00604166666666667 nrs=0.00604166666666667 sa=0 sb=0 sd=0 mult='m_sense' m='m_sense'
| XQS VSS VSS NE sky130_fd_pr__pnp_05v5_W0p68L0p68 m='m_pnp' mult='m_pnp'
| XMNI GDRV NG VSS VSS sky130_fd_pr__nfet_g5v0d10v5 L=0.5 W=10 nf=1 ad=2.9 as=2.9 pd=20.58 ps=20.58 nrd=0.029 nrs=0.029 sa=0 sb=0 sd=0 mult='m_inj' m='m_inj'
| XMNC VDD VSENSE GDRV VSS sky130_fd_pr__nfet_g5v0d10v5 L=1 W=4 nf=1 ad=1.16 as=1.16 pd=8.58 ps=8.58 nrd=0.0725 nrs=0.0725 sa=0 sb=0 sd=0 mult='m_clamp' m='m_clamp'
| .ends
| 
| 
| * expanding   symbol:  design/error_amp.sym # of pins=6
| ** sym_path: design/error_amp.sym
| ** sch_path: design/error_amp.sch
| .subckt error_amp VINP VINN AOUT ITAIL VDD VSS
| *.ipin VINP
| *.ipin VINN
| *.opin AOUT
| *.iopin ITAIL
| *.iopin VDD
| *.iopin VSS
| **** begin user architecture code
| 
| 
| * ---- error-amp device multiplicities (issue #9 sizing) ----
| * Unit geometry is fixed on the instances below; mult is the matching axis
| * (sigma(Vth) scales as 1/sqrt(W*L*mult) in the PDK's own model).
| * amp_m_in    : input-pair PMOS units   (W=20u L=10u each -> 3200 um^2 total)
| * amp_m_nmirr : NMOS load/mirror units  (W=8u  L=20u each ->  640 um^2 total)
| * amp_m_pmirr : PMOS mirror units       (W=6u  L=20u each ->  960 um^2 total)
| * amp_m_cc    : MOS-capacitor units     (W=30u L=20u each -> 9600 um^2 total)
| .param amp_m_in=16
| .param amp_m_nmirr=4
| .param amp_m_pmirr=8
| .param amp_m_cc=16
| 
| 
| **** end user architecture code
| XMP1 D1 VINP ITAIL VDD sky130_fd_pr__pfet_g5v0d10v5 L=10 W=20 nf=1 ad=5.8 as=5.8 pd=40.58 ps=40.58 nrd=0.0145 nrs=0.0145 sa=0 sb=0
| + sd=0 mult='amp_m_in' m='amp_m_in'
| XMP2 D2 VINN ITAIL VDD sky130_fd_pr__pfet_g5v0d10v5 L=10 W=20 nf=1 ad=5.8 as=5.8 pd=40.58 ps=40.58 nrd=0.0145 nrs=0.0145 sa=0 sb=0
| + sd=0 mult='amp_m_in' m='amp_m_in'
| XMN1 D1 D1 VSS VSS sky130_fd_pr__nfet_g5v0d10v5 L=20 W=8 nf=1 ad=2.32 as=2.32 pd=16.58 ps=16.58 nrd=0.03625 nrs=0.03625 sa=0 sb=0 sd=0
| + mult='amp_m_nmirr' m='amp_m_nmirr'
| XMN2 D2 D2 VSS VSS sky130_fd_pr__nfet_g5v0d10v5 L=20 W=8 nf=1 ad=2.32 as=2.32 pd=16.58 ps=16.58 nrd=0.03625 nrs=0.03625 sa=0 sb=0 sd=0
| + mult='amp_m_nmirr' m='amp_m_nmirr'
| XMN3 AOUT D1 VSS VSS sky130_fd_pr__nfet_g5v0d10v5 L=20 W=8 nf=1 ad=2.32 as=2.32 pd=16.58 ps=16.58 nrd=0.03625 nrs=0.03625 sa=0 sb=0
| + sd=0 mult='amp_m_nmirr' m='amp_m_nmirr'
| XMN4 PN D2 VSS VSS sky130_fd_pr__nfet_g5v0d10v5 L=20 W=8 nf=1 ad=2.32 as=2.32 pd=16.58 ps=16.58 nrd=0.03625 nrs=0.03625 sa=0 sb=0 sd=0
| + mult='amp_m_nmirr' m='amp_m_nmirr'
| XMP4 AOUT PN VDD VDD sky130_fd_pr__pfet_g5v0d10v5 L=20 W=6 nf=1 ad=1.74 as=1.74 pd=12.58 ps=12.58 nrd=0.0483333333333333 nrs=0.0483333333333333
| + sa=0 sb=0 sd=0 mult='amp_m_pmirr' m='amp_m_pmirr'
| XMP3 PN PN VDD VDD sky130_fd_pr__pfet_g5v0d10v5 L=20 W=6 nf=1 ad=1.74 as=1.74 pd=12.58 ps=12.58 nrd=0.0483333333333333 nrs=0.0483333333333333
| + sa=0 sb=0 sd=0 mult='amp_m_pmirr' m='amp_m_pmirr'
| XMCC VDD AOUT VDD VDD sky130_fd_pr__pfet_g5v0d10v5 L=20 W=30 nf=1 ad=8.7 as=8.7 pd=60.58 ps=60.58 nrd=0.00966666666666667 nrs=0.00966666666666667
| + sa=0 sb=0 sd=0 mult='amp_m_cc' m='amp_m_cc'
| .ends
| 
| .control
| save all
| tran 200n 2.5m uic
| meas tran t_vdd_s when v(vdds)=2.90 rise=1
| meas tran t_ref_s when v(vrefs)=1.05 rise=1
| meas tran t_vdd_f when v(vddf)=2.90 rise=1
| meas tran t_ref_f when v(vreff)=1.05 rise=1
| meas tran t_vdd_g when v(vddg)=2.90 rise=1
| meas tran t_ref_g when v(vrefg)=1.05 rise=1
| meas tran v_s find v(vrefs) at=2.45e-3
| meas tran v_f find v(vreff) at=2.45e-3
| meas tran v_g find v(vrefg) at=2.45e-3
| meas tran v_n find v(vrefn) at=2.45e-3
| meas tran g_n find v(gn) at=2.45e-3
| meas tran isg find i(vdeg) at=2.45e-3
| let meas_t_start_s = t_ref_s - t_vdd_s
| let meas_t_start_f = t_ref_f - t_vdd_f
| let meas_t_start_g = t_ref_g - t_vdd_g
| let meas_t_abs_s = t_ref_s
| let meas_vref_s = v_s
| let meas_vref_f = v_f
| let meas_vref_g = v_g
| let meas_vref_spread = abs(v_s - v_g) + abs(v_s - v_f)
| let meas_vref_n = v_n
| let meas_gn_n = g_n
| let meas_isup_g = -isg
| print meas_t_start_s
| print meas_t_start_f
| print meas_t_start_g
| print meas_t_abs_s
| print meas_vref_s
| print meas_vref_f
| print meas_vref_g
| print meas_vref_spread
| print meas_vref_n
| print meas_gn_n
| print meas_isup_g
| quit
| .endc
| .end

# ==== ngspice stdout ====

Note: Compatibility modes selected: hs a


Circuit: * startup-ramp corner deck -- generated by sim/bin/corner-run.py, do not edit

option SCALE: Scale is set to 1e-06 for instance and model parameters
option SCALE: Scale is set to 1e-06 for instance and model parameters
option SCALE: Scale is set to 1e-06 for instance and model parameters
option SCALE: Scale is set to 1e-06 for instance and model parameters
Doing analysis at TEMP = 27.000000 and TNOM = 27.000000

Using KLU as Direct Linear Solver
Operating point simulation skipped by 'uic',
  now using transient initial conditions.
 Reference value :  1.00000e-11
 Reference value :  1.02807e-11
 Reference value :  1.42103e-11
 Reference value :  2.53149e-11
 Reference value :  3.06073e-11
 Reference value :  3.56422e-11
 Reference value :  5.28033e-11
 Reference value :  1.21447e-10
 Reference value :  2.46843e-10
 Reference value :  3.96006e-10
 Reference value :  5.15008e-10
 Reference value :  8.46760e-10
 Reference value :  1.03065e-09
 Reference value :  1.39335e-09
 Reference value :  2.12752e-09
 Reference value :  3.13568e-09
 Reference value :  5.05200e-09
 Reference value :  7.66951e-09
 Reference value :  1.07117e-08
 Reference value :  2.06509e-08
 Reference value :  3.39208e-08
 Reference value :  4.92044e-08
 Reference value :  1.02620e-07
 Reference value :  2.00000e-07
 Reference value :  2.43314e-07
 Reference value :  2.88822e-07
 Reference value :  3.18868e-07
 Reference value :  3.42657e-07
 Reference value :  3.66127e-07
 Reference value :  4.01228e-07
 Reference value :  5.01612e-07
 Reference value :  7.16637e-07
 Reference value :  7.82368e-07
 Reference value :  8.35821e-07
 Reference value :  8.74908e-07
 Reference value :  9.10836e-07
 Reference value :  1.00683e-06
 Reference value :  1.08514e-06
 Reference value :  1.18356e-06
 Reference value :  1.35311e-06
 Reference value :  1.64858e-06
 Reference value :  2.04521e-06
 Reference value :  2.64521e-06
 Reference value :  3.44521e-06
 Reference value :  4.24521e-06
 Reference value :  5.04521e-06
 Reference value :  5.84521e-06
 Reference value :  6.64521e-06
 Reference value :  7.44521e-06
 Reference value :  8.24521e-06
 Reference value :  9.04521e-06
 Reference value :  9.84521e-06
 Reference value :  1.06452e-05
 Reference value :  1.14452e-05
 Reference value :  1.22452e-05
 Reference value :  1.30452e-05
 Reference value :  1.38452e-05
 Reference value :  1.44452e-05
 Reference value :  1.50452e-05
 Reference value :  1.56452e-05
 Reference value :  1.64452e-05
 Reference value :  1.72452e-05
 Reference value :  1.80452e-05
 Reference value :  1.88452e-05
 Reference value :  1.96452e-05
 Reference value :  2.04452e-05
 Reference value :  2.12452e-05
 Reference value :  2.20452e-05
 Reference value :  2.28452e-05
 Reference value :  2.36452e-05
 Reference value :  2.44452e-05
 Reference value :  2.50452e-05
 Reference value :  2.60452e-05
 Reference value :  2.68452e-05
 Reference value :  2.76452e-05
 Reference value :  2.84452e-05
 Reference value :  2.92452e-05
 Reference value :  3.00452e-05
 Reference value :  3.08452e-05
 Reference value :  3.16452e-05
 Reference value :  3.24452e-05
 Reference value :  3.30452e-05
 Reference value :  3.38452e-05
 Reference value :  3.46452e-05
 Reference value :  3.54452e-05
 Reference value :  3.62452e-05
 Reference value :  3.70452e-05
 Reference value :  3.76452e-05
 Reference value :  3.86452e-05
 Reference value :  3.92452e-05
 Reference value :  4.00452e-05
 Reference value :  4.08452e-05
 Reference value :  4.14452e-05
 Reference value :  4.22452e-05
 Reference value :  4.30452e-05
 Reference value :  4.38452e-05
 Reference value :  4.44452e-05
 Reference value :  4.52452e-05
 Reference value :  4.60452e-05
 Reference value :  4.68452e-05
 Reference value :  4.76452e-05
 Reference value :  4.86452e-05
 Reference value :  4.96452e-05
 Reference value :  5.04452e-05
 Reference value :  5.12452e-05
 Reference value :  5.20452e-05
 Reference value :  5.30452e-05
 Reference value :  5.38452e-05
 Reference value :  5.46452e-05
 Reference value :  5.54452e-05
 Reference value :  5.62452e-05
 Reference value :  5.70452e-05
 Reference value :  5.78452e-05
 Reference value :  5.86452e-05
 Reference value :  5.94452e-05
 Reference value :  6.02452e-05
 Reference value :  6.10452e-05
 Reference value :  6.18452e-05
 Reference value :  6.28452e-05
 Reference value :  6.38452e-05
 Reference value :  6.44452e-05
 Reference value :  6.52452e-05
 Reference value :  6.58452e-05
 Reference value :  6.72452e-05
 Reference value :  6.84452e-05
 Reference value :  6.92452e-05
 Reference value :  7.00452e-05
 Reference value :  7.08452e-05
 Reference value :  7.16452e-05
 Reference value :  7.24452e-05
 Reference value :  7.32452e-05
 Reference value :  7.40452e-05
 Reference value :  7.46452e-05
 Reference value :  7.54452e-05
 Reference value :  7.62452e-05
 Reference value :  7.70452e-05
 Reference value :  7.76452e-05
 Reference value :  7.82452e-05
 Reference value :  7.90452e-05
 Reference value :  7.96452e-05
 Reference value :  8.02452e-05
 Reference value :  8.10452e-05
 Reference value :  8.18452e-05
 Reference value :  8.26452e-05
 Reference value :  8.34452e-05
 Reference value :  8.42452e-05
 Reference value :  8.50452e-05
 Reference value :  8.58452e-05
 Reference value :  8.66452e-05
 Reference value :  8.74452e-05
 Reference value :  8.82452e-05
 Reference value :  8.90452e-05
 Reference value :  8.98452e-05
 Reference value :  9.06452e-05
 Reference value :  9.14452e-05
 Reference value :  9.22452e-05
 Reference value :  9.30452e-05
 Reference value :  9.38452e-05
 Reference value :  9.46452e-05
 Reference value :  9.54452e-05
 Reference value :  9.60452e-05
 Reference value :  9.68452e-05
 Reference value :  9.76452e-05
 Reference value :  9.84452e-05
 Reference value :  9.92452e-05
 Reference value :  1.00045e-04
 Reference value :  1.00845e-04
 Reference value :  1.01645e-04
 Reference value :  1.02445e-04
 Reference value :  1.03245e-04
 Reference value :  1.04045e-04
 Reference value :  1.04845e-04
 Reference value :  1.05645e-04
 Reference value :  1.06445e-04
 Reference value :  1.07245e-04
 Reference value :  1.08045e-04
 Reference value :  1.08845e-04
 Reference value :  1.09645e-04
 Reference value :  1.10445e-04
 Reference value :  1.11245e-04
 Reference value :  1.12045e-04
 Reference value :  1.12845e-04
 Reference value :  1.13445e-04
 Reference value :  1.14245e-04
 Reference value :  1.14845e-04
 Reference value :  1.15645e-04
 Reference value :  1.16245e-04
 Reference value :  1.16845e-04
 Reference value :  1.17645e-04
 Reference value :  1.18445e-04
 Reference value :  1.19245e-04
 Reference value :  1.20045e-04
 Reference value :  1.24245e-04
 Reference value :  1.25045e-04
 Reference value :  1.25845e-04
 Reference value :  1.26645e-04
 Reference value :  1.27645e-04
 Reference value :  1.28445e-04
 Reference value :  1.29245e-04
 Reference value :  1.30045e-04
 Reference value :  1.30845e-04
 Reference value :  1.31645e-04
 Reference value :  1.32445e-04
 Reference value :  1.33245e-04
 Reference value :  1.34045e-04
 Reference value :  1.34845e-04
 Reference value :  1.35645e-04
 Reference value :  1.36445e-04
 Reference value :  1.37245e-04
 Reference value :  1.38045e-04
 Reference value :  1.38845e-04
 Reference value :  1.39645e-04
 Reference value :  1.40445e-04
 Reference value :  1.41245e-04
 Reference value :  1.42045e-04
 Reference value :  1.42845e-04
 Reference value :  1.43645e-04
 Reference value :  1.44445e-04
 Reference value :  1.45245e-04
 Reference value :  1.46045e-04
 Reference value :  1.46845e-04
 Reference value :  1.47645e-04
 Reference value :  1.48445e-04
 Reference value :  1.49245e-04
 Reference value :  1.49845e-04
 Reference value :  1.50445e-04
 Reference value :  1.51245e-04
 Reference value :  1.52045e-04
 Reference value :  1.52845e-04
 Reference value :  1.53445e-04
 Reference value :  1.54045e-04
 Reference value :  1.54845e-04
 Reference value :  1.55645e-04
 Reference value :  1.56445e-04
 Reference value :  1.57245e-04
 Reference value :  1.58045e-04
 Reference value :  1.58845e-04
 Reference value :  1.59445e-04
 Reference value :  1.60245e-04
 Reference value :  1.61045e-04
 Reference value :  1.61645e-04
 Reference value :  1.62445e-04
 Reference value :  1.63245e-04
 Reference value :  1.64045e-04
 Reference value :  1.64845e-04
 Reference value :  1.65645e-04
 Reference value :  1.66445e-04
 Reference value :  1.67245e-04
 Reference value :  1.68045e-04
 Reference value :  1.68845e-04
 Reference value :  1.69445e-04
 Reference value :  1.70245e-04
 Reference value :  1.70845e-04
 Reference value :  1.71645e-04
 Reference value :  1.72245e-04
 Reference value :  1.72845e-04
 Reference value :  1.73645e-04
 Reference value :  1.74445e-04
 Reference value :  1.75245e-04
 Reference value :  1.76045e-04
 Reference value :  1.76845e-04
 Reference value :  1.77645e-04
 Reference value :  1.78445e-04
 Reference value :  1.79245e-04
 Reference value :  1.80045e-04
 Reference value :  1.80845e-04
 Reference value :  1.81645e-04
 Reference value :  1.82445e-04
 Reference value :  1.83245e-04
 Reference value :  1.84045e-04
 Reference value :  1.84845e-04
 Reference value :  1.85645e-04
 Reference value :  1.86445e-04
 Reference value :  1.87245e-04
 Reference value :  1.88045e-04
 Reference value :  1.89845e-04
 Reference value :  1.90645e-04
 Reference value :  1.91645e-04
 Reference value :  1.92445e-04
 Reference value :  1.93245e-04
 Reference value :  1.94045e-04
 Reference value :  1.95045e-04
 Reference value :  1.95845e-04
 Reference value :  1.96845e-04
 Reference value :  1.97645e-04
 Reference value :  1.98445e-04
 Reference value :  1.99245e-04
 Reference value :  2.00045e-04
 Reference value :  2.00645e-04
 Reference value :  2.01445e-04
 Reference value :  2.02245e-04
 Reference value :  2.03045e-04
 Reference value :  2.03845e-04
 Reference value :  2.04645e-04
 Reference value :  2.05445e-04
 Reference value :  2.06045e-04
 Reference value :  2.06645e-04
 Reference value :  2.07245e-04
 Reference value :  2.08045e-04
 Reference value :  2.08845e-04
 Reference value :  2.09645e-04
 Reference value :  2.10445e-04
 Reference value :  2.11245e-04
 Reference value :  2.12045e-04
 Reference value :  2.12845e-04
 Reference value :  2.13445e-04
 Reference value :  2.14045e-04
 Reference value :  2.14645e-04
 Reference value :  2.15245e-04
 Reference value :  2.15845e-04
 Reference value :  2.16445e-04
 Reference value :  2.17045e-04
 Reference value :  2.17845e-04
 Reference value :  2.18645e-04
 Reference value :  2.19245e-04
 Reference value :  2.19845e-04
 Reference value :  2.20445e-04
 Reference value :  2.21245e-04
 Reference value :  2.21845e-04
 Reference value :  2.22645e-04
 Reference value :  2.23445e-04
 Reference value :  2.24045e-04
 Reference value :  2.24845e-04
 Reference value :  2.25645e-04
 Reference value :  2.26445e-04
 Reference value :  2.27045e-04
 Reference value :  2.27645e-04
 Reference value :  2.28245e-04
 Reference value :  2.29045e-04
 Reference value :  2.29845e-04
 Reference value :  2.30645e-04
 Reference value :  2.31445e-04
 Reference value :  2.32245e-04
 Reference value :  2.32845e-04
 Reference value :  2.33445e-04
 Reference value :  2.34245e-04
 Reference value :  2.35245e-04
 Reference value :  2.36045e-04
 Reference value :  2.36845e-04
 Reference value :  2.37645e-04
 Reference value :  2.38445e-04
 Reference value :  2.39245e-04
 Reference value :  2.40045e-04
 Reference value :  2.40845e-04
 Reference value :  2.41645e-04
 Reference value :  2.42445e-04
 Reference value :  2.43245e-04
 Reference value :  2.44045e-04
 Reference value :  2.44845e-04
 Reference value :  2.45645e-04
 Reference value :  2.46445e-04
 Reference value :  2.47245e-04
 Reference value :  2.48045e-04
 Reference value :  2.48845e-04
 Reference value :  2.49645e-04
 Reference value :  2.50445e-04
 Reference value :  2.51045e-04
 Reference value :  2.51845e-04
 Reference value :  2.52645e-04
 Reference value :  2.53445e-04
 Reference value :  2.54245e-04
 Reference value :  2.54845e-04
 Reference value :  2.55445e-04
 Reference value :  2.56045e-04
 Reference value :  2.56845e-04
 Reference value :  2.57645e-04
 Reference value :  2.58445e-04
 Reference value :  2.59045e-04
 Reference value :  2.59845e-04
 Reference value :  2.60645e-04
 Reference value :  2.61245e-04
 Reference value :  2.61845e-04
 Reference value :  2.62445e-04
 Reference value :  2.63045e-04
 Reference value :  2.63845e-04
 Reference value :  2.64645e-04
 Reference value :  2.65245e-04
 Reference value :  2.65845e-04
 Reference value :  2.66445e-04
 Reference value :  2.67045e-04
 Reference value :  2.67645e-04
 Reference value :  2.68245e-04
 Reference value :  2.69045e-04
 Reference value :  2.69645e-04
 Reference value :  2.70445e-04
 Reference value :  2.71245e-04
 Reference value :  2.71845e-04
 Reference value :  2.72445e-04
 Reference value :  2.73245e-04
 Reference value :  2.73845e-04
 Reference value :  2.74645e-04
 Reference value :  2.75445e-04
 Reference value :  2.76245e-04
 Reference value :  2.76845e-04
 Reference value :  2.77645e-04
 Reference value :  2.78245e-04
 Reference value :  2.78845e-04
 Reference value :  2.79645e-04
 Reference value :  2.80445e-04
 Reference value :  2.81245e-04
 Reference value :  2.81845e-04
 Reference value :  2.82645e-04
 Reference value :  2.83245e-04
 Reference value :  2.83845e-04
 Reference value :  2.84445e-04
 Reference value :  2.85245e-04
 Reference value :  2.86045e-04
 Reference value :  2.86845e-04
 Reference value :  2.87645e-04
 Reference value :  2.88245e-04
 Reference value :  2.89045e-04
 Reference value :  2.89845e-04
 Reference value :  2.90445e-04
 Reference value :  2.91245e-04
 Reference value :  2.92045e-04
 Reference value :  2.92645e-04
 Reference value :  2.93245e-04
 Reference value :  2.93845e-04
 Reference value :  2.94445e-04
 Reference value :  2.95245e-04
 Reference value :  2.95845e-04
 Reference value :  2.96645e-04
 Reference value :  2.97845e-04
 Reference value :  2.98445e-04
 Reference value :  2.99245e-04
 Reference value :  3.00045e-04
 Reference value :  3.00845e-04
 Reference value :  3.01645e-04
 Reference value :  3.02445e-04
 Reference value :  3.03245e-04
 Reference value :  3.04045e-04
 Reference value :  3.04645e-04
 Reference value :  3.05645e-04
 Reference value :  3.06445e-04
 Reference value :  3.07245e-04
 Reference value :  3.08045e-04
 Reference value :  3.08845e-04
 Reference value :  3.09645e-04
 Reference value :  3.10445e-04
 Reference value :  3.11245e-04
 Reference value :  3.12045e-04
 Reference value :  3.12845e-04
 Reference value :  3.13845e-04
 Reference value :  3.14645e-04
 Reference value :  3.15445e-04
 Reference value :  3.16245e-04
 Reference value :  3.17045e-04
 Reference value :  3.17845e-04
 Reference value :  3.18645e-04
 Reference value :  3.19445e-04
 Reference value :  3.20245e-04
 Reference value :  3.20845e-04
 Reference value :  3.21645e-04
 Reference value :  3.22645e-04
 Reference value :  3.23645e-04
 Reference value :  3.24645e-04
 Reference value :  3.25445e-04
 Reference value :  3.26245e-04
 Reference value :  3.27045e-04
 Reference value :  3.27845e-04
 Reference value :  3.28645e-04
 Reference value :  3.29245e-04
 Reference value :  3.30045e-04
 Reference value :  3.30645e-04
 Reference value :  3.31445e-04
 Reference value :  3.32045e-04
 Reference value :  3.32845e-04
 Reference value :  3.33645e-04
 Reference value :  3.34245e-04
 Reference value :  3.35045e-04
 Reference value :  3.35845e-04
 Reference value :  3.36645e-04
 Reference value :  3.37645e-04
 Reference value :  3.38445e-04
 Reference value :  3.39045e-04
 Reference value :  3.39845e-04
 Reference value :  3.40645e-04
 Reference value :  3.41445e-04
 Reference value :  3.42245e-04
 Reference value :  3.43045e-04
 Reference value :  3.43645e-04
 Reference value :  3.44445e-04
 Reference value :  3.45245e-04
 Reference value :  3.46045e-04
 Reference value :  3.46645e-04
 Reference value :  3.47445e-04
 Reference value :  3.48245e-04
 Reference value :  3.49045e-04
 Reference value :  3.49845e-04
 Reference value :  3.50645e-04
 Reference value :  3.51645e-04
 Reference value :  3.52445e-04
 Reference value :  3.53245e-04
 Reference value :  3.54045e-04
 Reference value :  3.54845e-04
 Reference value :  3.55645e-04
 Reference value :  3.56445e-04
 Reference value :  3.57245e-04
 Reference value :  3.58045e-04
 Reference value :  3.58645e-04
 Reference value :  3.59445e-04
 Reference value :  3.60445e-04
 Reference value :  3.61845e-04
 Reference value :  3.62645e-04
 Reference value :  3.63445e-04
 Reference value :  3.64045e-04
 Reference value :  3.64845e-04
 Reference value :  3.65645e-04
 Reference value :  3.66445e-04
 Reference value :  3.67045e-04
 Reference value :  3.67845e-04
 Reference value :  3.68645e-04
 Reference value :  3.69445e-04
 Reference value :  3.70245e-04
 Reference value :  3.71045e-04
 Reference value :  3.71645e-04
 Reference value :  3.72245e-04
 Reference value :  3.73045e-04
 Reference value :  3.73645e-04
 Reference value :  3.74445e-04
 Reference value :  3.75245e-04
 Reference value :  3.76045e-04
 Reference value :  3.76645e-04
 Reference value :  3.77245e-04
 Reference value :  3.78045e-04
 Reference value :  3.78845e-04
 Reference value :  3.79645e-04
 Reference value :  3.80445e-04
 Reference value :  3.81045e-04
 Reference value :  3.81845e-04
 Reference value :  3.82645e-04
 Reference value :  3.83445e-04
 Reference value :  3.84245e-04
 Reference value :  3.84845e-04
 Reference value :  3.85645e-04
 Reference value :  3.86445e-04
 Reference value :  3.87245e-04
 Reference value :  3.88045e-04
 Reference value :  3.88845e-04
 Reference value :  3.89645e-04
 Reference value :  3.90445e-04
 Reference value :  3.91245e-04
 Reference value :  3.92045e-04
 Reference value :  3.92845e-04
 Reference value :  3.93645e-04
 Reference value :  3.94445e-04
 Reference value :  3.95245e-04
 Reference value :  3.96045e-04
 Reference value :  3.96845e-04
 Reference value :  3.97645e-04
 Reference value :  3.98645e-04
 Reference value :  3.99445e-04
 Reference value :  4.00045e-04
 Reference value :  4.00645e-04
 Reference value :  4.01245e-04
 Reference value :  4.01845e-04
 Reference value :  4.02645e-04
 Reference value :  4.03245e-04
 Reference value :  4.04045e-04
 Reference value :  4.04845e-04
 Reference value :  4.05645e-04
 Reference value :  4.06445e-04
 Reference value :  4.07245e-04
 Reference value :  4.07845e-04
 Reference value :  4.08445e-04
 Reference value :  4.09045e-04
 Reference value :  4.09645e-04
 Reference value :  4.10445e-04
 Reference value :  4.11245e-04
 Reference value :  4.19645e-04
 Reference value :  4.64445e-04
 Reference value :  4.65045e-04
 Reference value :  4.73245e-04
 Reference value :  4.82845e-04
 Reference value :  5.03245e-04
 Reference value :  5.45045e-04
 Reference value :  5.93645e-04
 Reference value :  6.23445e-04
 Reference value :  6.42045e-04
 Reference value :  6.58245e-04
 Reference value :  6.67045e-04
 Reference value :  6.68045e-04
 Reference value :  7.10645e-04
 Reference value :  7.60645e-04
 Reference value :  8.06845e-04
 Reference value :  8.33645e-04
 Reference value :  8.47245e-04
 Reference value :  8.48045e-04
 Reference value :  8.69045e-04
 Reference value :  9.18245e-04
 Reference value :  9.60645e-04
 Reference value :  1.00430e-03
 Reference value :  1.03430e-03
 Reference value :  1.05550e-03
 Reference value :  1.08050e-03
 Reference value :  1.12170e-03
 Reference value :  1.17170e-03
 Reference value :  1.20370e-03
 Reference value :  1.20450e-03
 Reference value :  1.21730e-03
 Reference value :  1.25970e-03
 Reference value :  1.30490e-03
 Reference value :  1.33910e-03
 Reference value :  1.38330e-03
 Reference value :  1.42890e-03
 Reference value :  1.45150e-03
 Reference value :  1.47570e-03
 Reference value :  1.51590e-03
 Reference value :  1.54210e-03
 Reference value :  1.55830e-03
 Reference value :  1.55910e-03
 Reference value :  1.59270e-03
 Reference value :  1.64050e-03
 Reference value :  1.68510e-03
 Reference value :  1.73470e-03
 Reference value :  1.75630e-03
 Reference value :  1.76510e-03
 Reference value :  1.79890e-03
 Reference value :  1.82810e-03
 Reference value :  1.85370e-03
 Reference value :  1.87470e-03
 Reference value :  1.89770e-03
 Reference value :  1.94370e-03
 Reference value :  1.99290e-03
 Reference value :  2.03490e-03
 Reference value :  2.07970e-03
 Reference value :  2.12970e-03
 Reference value :  2.17370e-03
 Reference value :  2.21570e-03
 Reference value :  2.23210e-03
 Reference value :  2.25690e-03
 Reference value :  2.27670e-03
 Reference value :  2.31270e-03
 Reference value :  2.35370e-03
 Reference value :  2.39110e-03
 Reference value :  2.44070e-03
 Reference value :  2.48070e-03
No. of Data Rows : 12580
t_vdd_s             =  7.98898e-04
t_ref_s             =  4.73677e-04
t_vdd_f             =  7.98898e-07
t_ref_f             =  7.33337e-07
t_vdd_g             =  7.98898e-10
t_ref_g             =  1.46377e-09
v_s                 =  1.16561e+00
v_f                 =  1.16557e+00
v_g                 =  1.16524e+00
v_n                 =  3.39230e-01
g_n                 =  3.62861e+00
isg                 =  -3.11532e-05
meas_t_start_s = -3.25221e-04
meas_t_start_f = -6.55615e-08
meas_t_start_g = 6.648759e-10
meas_t_abs_s = 4.736769e-04
meas_vref_s = 1.165613e+00
meas_vref_f = 1.165568e+00
meas_vref_g = 1.165238e+00
meas_vref_spread = 4.200000e-04
meas_vref_n = 3.392301e-01
meas_gn_n = 3.628612e+00
meas_isup_g = 3.115316e-05
ngspice-46 done

# ==== ngspice stderr ====

