# corner: sf_27c_3.30v
# process=sf temp=27C supply=3.30V
# ngspice exit: 0
# wall clock: 10.9s (--timeout was 300s)
# result: FAIL

# ==== deck (exact input given to ngspice) ====
| * error-amp-loop corner deck -- generated by sim/bin/corner-run.py, do not edit
| * corner: sf_27c_3.30v
| .param vsup=3.3
| .option wnflag=1
| .temp 27
| .lib "/Users/rwalters/.volare/sky130A/libs.tech/combined/sky130.lib.spice" sf
| ** sch_path: sim/error-amp-loop/testbench/tb_error_amp_loop.sch
| **.subckt tb_error_amp_loop
| V1 VDD 0 'vsup'
| .save i(v1)
| VIBG VDD VDDBG 0
| .save i(vibg)
| VIREP VDD VDDR 0
| .save i(virep)
| XBG VREF GDRV VDDBG 0 bandgap_core
| XXPOUT VOUTR GDRVC VDDR VDDR sky130_fd_pr__pfet_g5v0d10v5 L=2 W=8 nf=1 ad=2.32 as=2.32 pd=16.58 ps=16.58 nrd=0.03625 nrs=0.03625 sa=0
| + sb=0 sd=0 mult='m_out' m='m_out'
| XXPAMP TAILX GDRVC VDDR VDDR sky130_fd_pr__pfet_g5v0d10v5 L=2 W=8 nf=1 ad=2.32 as=2.32 pd=16.58 ps=16.58 nrd=0.03625 nrs=0.03625 sa=0
| + sb=0 sd=0 mult='m_ampbias' m='m_ampbias'
| VTAIL TAILX TAILR 0
| .save i(vtail)
| VAVDD VDDR VDDA 0
| .save i(vavdd)
| XAMPR VBC VAN GDRVA TAILR VDDA 0 error_amp
| VOSINJ VAN VAC 0 ac 0
| VINJ GDRVC GDRVA 0 ac 1
| XXRA VAC VOUTR 0 sky130_fd_pr__res_high_po W='r_w' L='r_lseg*n_r2' mult=1 m=1
| XXRB VBC VOUTR 0 sky130_fd_pr__res_high_po W='r_w' L='r_lseg*n_r2' mult=1 m=1
| XXQ1R 0 0 VAC sky130_fd_pr__pnp_05v5_W0p68L0p68 m='n_pnp_ctat' mult='n_pnp_ctat'
| XXR1R VBQR VBC 0 sky130_fd_pr__res_high_po W='r_w' L='r_lseg*n_r1' mult=1 m=1
| XXQ2R 0 0 VBQR sky130_fd_pr__pnp_05v5_W3p40L3p40 m='n_pnp_ptat' mult='n_pnp_ptat'
| **** begin user architecture code
| 
| 
| * ---- replica core parameters: must match design/bandgap_core.sch ----
| * (guarded by the vref_delta measurement, which compares the replica against
| * the real cell on every corner)
| .param n_pnp_ctat=8
| .param n_pnp_ptat=8
| .param r_w=1
| .param r_lseg=5
| .param n_r1=7
| .param n_r2=54
| .param m_out=2
| .param m_ampbias=2
| 
| * DC-solver seed, not a forced solution. bandgap_core has a stable
| * zero-current state by construction (issue #10's startup circuit is what
| * breaks it in silicon); a .nodeset only biases the initial guess and is
| * removed before the final Newton iterations, so the reported operating point
| * is a genuine solution.
| .nodeset v(vref)=1.2 v(gdrv)=2.2 v(voutr)=1.2 v(gdrva)=2.2 v(gdrvc)=2.2
| 
| 
| **** end user architecture code
| **.ends
| 
| * expanding   symbol:  design/bandgap_core.sym # of pins=4
| ** sym_path: design/bandgap_core.sym
| ** sch_path: design/bandgap_core.sch
| .subckt bandgap_core VOUT GDRV VDD VSS
| *.opin VOUT
| *.iopin GDRV
| *.iopin VDD
| *.iopin VSS
| **** begin user architecture code
| 
| 
| * ---- Kuijk core parameters (issue #8) ----
| * PNP emitter-area ratio N is built ONLY from paralleled unit devices:
| *   N = (n_pnp_ptat * 11.56 um2) / (n_pnp_ctat * 0.4624 um2)
| * Keep both counts equal to hold the pair's measured dVBE while lowering the
| * per-unit current and sigma(dVBE); raise n_pnp_ptat alone for more PTAT.
| .param n_pnp_ctat=8
| .param n_pnp_ptat=8
| * res_high_po unit segment: W = r_w um, L = r_lseg um (R ~ 380 + 325*L ohm)
| .param r_w=1
| .param r_lseg=5
| * segment counts. K = R2/R1 (each leg has its own head resistance, so
| * K != n_r2/n_r1 exactly -- see the header comment). n_r2 was RESIZED 54 -> 50
| * by issue #99 (see RESIZE STATUS below); n_r1 held at 7. The #46 single-
| * device investigation (why the OLD n_r2=54 was chosen, and why +1 was
| * rejected there) is retained in the header Sizing rationale, superseded by
| * the resize.
| * RESIZE STATUS (issue #99 / DR-003, RESOLVED): n_r1/n_r2 are now sized
| * against the ROUTED LAYOUT's real chained-array topology -- the ground truth
| * the fabricated part experiences -- NOT the single-res_high_po-device-per-leg
| * model this schematic's own XR1/XR2A/XR2B lines still draw. Issue #98/DR-003
| * (sim/res-array-head-resistance/) established that the routed layout draws
| * each leg as N separately-contacted unit instances in series
| * (layout/bin/gen_bandgap_routed.py's bus_res_series), paying real per-instance
| * head resistance: at the old n_r2=54 that made the REAL part's K=R2/R1 read
| * 8.1474 vs the single-device model's 7.4973, pushing VOUT(27 degC) to
| * ~1.233 V (outside the draft +/-1% window 1.188..1.212 V) at all 5
| * (process,supply) corners and collapsing regulation at ff/2.97 V and
| * fs/2.97 V. Resizing n_r2 54 -> 50 (n_r1 left at 7 so branch current -- and
| * therefore hot-corner headroom -- is not raised while K is corrected) brings
| * the real chained topology's K back to 7.576 and VOUT(27 degC) back to
| * ~1.198 V, IN the +/-1% window at ALL 5 corners with NO hot-corner collapse,
| * and the DR-002 downward 0..-16 trim range still covering. Full PVT + trim
| * re-verification: sim/res-array-resize/records/ (issue #99).
| * CONSEQUENCE for the single-device model: because these XR1/XR2A/XR2B lines
| * still model each leg as ONE res_high_po device (omitting the per-instance
| * head resistance the real part pays), simulating THIS schematic as-drawn
| * (e.g. sim/output-voltage-tc's single-device tb_vref_tc, netlisted by xschem)
| * now reads VOUT(27 degC) ~1.165 V -- LOW *by design*. That ~33 mV gap IS the
| * head resistance the routed part uses to reach 1.198 V; it is not an error,
| * and the single-device harness is no longer the sizing reference of record
| * (DR-003: every single-device record models a topology the layout does not
| * build). NEXT INCREMENT (not done here, per one-lever-per-increment): the
| * routed layout generator (gen_bandgap_routed.py's N_R1/SCH_N_R2/N_R2_COARSE,
| * currently still transcribing n_r2=54) must be re-transcribed to n_r2=50 and
| * re-verified through klayout DRC/LVS -- see DR-003's closure and
| * layout/matching-plan.md Section 7x.
| .param n_r1=7
| .param n_r2=50
| * PMOS mirror multiplicities (unit device W=8u L=2u)
| .param m_out=2
| .param m_ampbias=2
| * ---- Trim network (issue #13), DOWNWARD ONLY -- see DR-002 ----
| * Ladder-tap length added to R2A/R2B equally (metal option, no switches).
| * n_r2_trim: valid range 0..-16 only. r_lseg_trim: 1 um/code (~1.7 mV/code)
| * in DR-002's original SINGLE-DEVICE model. Positive codes are REJECTED:
| * this is the same R2/R1 ratio issue #46 found causes ff/2.97V, fs/2.97V
| * hot-corner (>~123C) operating-point collapse at even a +5 um increase
| * (n_r2=55). sim/trim-range-monotonicity/ reconfirms it for trim and finds
| * codes +1/+2 ALSO collapse (VOUT -> ~2.8V) while +3/+4 happen not to --
| * non-monotonic-in-code, i.e. no positive code is a certified-safe point,
| * not a safe zone at +3/+4. Only downward (R2 decrease) moves away from
| * that edge; confirmed monotonic, collapse-free to -16 across corners. See
| * DR-002 and the sim record for the full case.
| * LSB REVISION (issue #106, DR-002 revision): the routed layout's fine trim
| * chain does NOT draw one length-tapped device -- it chains N separately-
| * contacted res_high_po unit instances (layout/bin/gen_bandgap_routed.py's
| * bus_res_series), each paying a real per-instance head/fringe resistance
| * term this schematic's single-device XR2A/XR2B lines do not model (DR-003,
| * sim/res-array-head-resistance/). Re-deriving DR-002's <=3.000 mV/code LSB
| * comfort bound against that REAL chained topology at the adopted
| * n_r1=7/n_r2=50 sizing (sim/trim-lsb-chained/) found the shipped
| * r_lseg_trim=1 per-code step reads 3.12-3.15 mV/code across all 5 corners
| * -- a real, measured violation of the comfort bound (smaller than an
| * earlier, now-superseded estimate against an abandoned n_r1=6/n_r2=42
| * sizing, but still a violation). Halving the fine unit's drawn length to
| * 0.5 um fixes it: the per-instance head-resistance term (~379.7 ohm, the
| * DOMINANT piece of the per-code step) is a PDK-model-card constant
| * independent of the unit's drawn length, so only the smaller `rbody`
| * fringe term shrinks -- re-verified at r_lseg_trim=0.5 to read
| * 2.40-2.42 mV/code, PASS at all 5 corners, with the same certified 0..-16
| * code range and downward span still clearing DR-002's 1.5x-of-3sigma
| * coverage target. See sim/trim-lsb-chained/records/ for the full
| * re-derivation. NEXT INCREMENT (not done here, per one-lever-per-
| * increment): layout/bin/gen_bandgap_routed.py's
| * R_LSEG_TRIM_UM/SCH_R_LSEG_TRIM_UM (currently still transcribing 1 um)
| * must be re-transcribed to 0.5 um and the routed cell re-verified through
| * klayout DRC/LVS -- klayout's extraction backend is not available in this
| * run environment, so that is a follow-up issue, the same split issue #99
| * used for #107/#108.
| .param n_r2_trim=0
| .param r_lseg_trim=0.5
| 
| 
| **** end user architecture code
| XMPOUT VOUT GDRV VDD VDD sky130_fd_pr__pfet_g5v0d10v5 L=2 W=8 nf=1 ad=2.32 as=2.32 pd=16.58 ps=16.58 nrd=0.03625 nrs=0.03625 sa=0 sb=0 sd=0 mult='m_out' m='m_out'
| XMPAMP TAIL GDRV VDD VDD sky130_fd_pr__pfet_g5v0d10v5 L=2 W=8 nf=1 ad=2.32 as=2.32 pd=16.58 ps=16.58 nrd=0.03625 nrs=0.03625 sa=0 sb=0 sd=0 mult='m_ampbias' m='m_ampbias'
| XAMP VB VA GDRV TAIL VDD VSS error_amp
| XR2A VA VOUT VSS sky130_fd_pr__res_high_po W='r_w' L='r_lseg*n_r2+r_lseg_trim*n_r2_trim' mult=1 m=1
| XR2B VB VOUT VSS sky130_fd_pr__res_high_po W='r_w' L='r_lseg*n_r2+r_lseg_trim*n_r2_trim' mult=1 m=1
| XQ1 VSS VSS VA sky130_fd_pr__pnp_05v5_W0p68L0p68 m='n_pnp_ctat' mult='n_pnp_ctat'
| XR1 VBQ VB VSS sky130_fd_pr__res_high_po W='r_w' L='r_lseg*n_r1' mult=1 m=1
| XQ2 VSS VSS VBQ sky130_fd_pr__pnp_05v5_W3p40L3p40 m='n_pnp_ptat' mult='n_pnp_ptat'
| .ends
| 
| 
| * expanding   symbol:  design/error_amp.sym # of pins=6
| ** sym_path: design/error_amp.sym
| ** sch_path: design/error_amp.sch
| .subckt error_amp VINP VINN AOUT ITAIL VDD VSS
| *.ipin VINP
| *.ipin VINN
| *.opin AOUT
| *.iopin ITAIL
| *.iopin VDD
| *.iopin VSS
| **** begin user architecture code
| 
| 
| * ---- error-amp device multiplicities (issue #9 sizing) ----
| * Unit geometry is fixed on the instances below; mult is the matching axis
| * (sigma(Vth) scales as 1/sqrt(W*L*mult) in the PDK's own model).
| * amp_m_in    : input-pair PMOS units   (W=20u L=10u each -> 3200 um^2 total)
| * amp_m_nmirr : NMOS load/mirror units  (W=8u  L=20u each ->  640 um^2 total)
| * amp_m_pmirr : PMOS mirror units       (W=6u  L=20u each ->  960 um^2 total)
| * amp_m_cc    : MOS-capacitor units     (W=30u L=20u each -> 9600 um^2 total)
| .param amp_m_in=8
| .param amp_m_nmirr=4
| .param amp_m_pmirr=8
| .param amp_m_cc=16
| 
| 
| **** end user architecture code
| XMP1 D1 VINP ITAIL VDD sky130_fd_pr__pfet_g5v0d10v5 L=10 W=20 nf=1 ad=5.8 as=5.8 pd=40.58 ps=40.58 nrd=0.0145 nrs=0.0145 sa=0 sb=0
| + sd=0 mult='amp_m_in' m='amp_m_in'
| XMP2 D2 VINN ITAIL VDD sky130_fd_pr__pfet_g5v0d10v5 L=10 W=20 nf=1 ad=5.8 as=5.8 pd=40.58 ps=40.58 nrd=0.0145 nrs=0.0145 sa=0 sb=0
| + sd=0 mult='amp_m_in' m='amp_m_in'
| XMN1 D1 D1 VSS VSS sky130_fd_pr__nfet_g5v0d10v5 L=20 W=8 nf=1 ad=2.32 as=2.32 pd=16.58 ps=16.58 nrd=0.03625 nrs=0.03625 sa=0 sb=0 sd=0
| + mult='amp_m_nmirr' m='amp_m_nmirr'
| XMN2 D2 D2 VSS VSS sky130_fd_pr__nfet_g5v0d10v5 L=20 W=8 nf=1 ad=2.32 as=2.32 pd=16.58 ps=16.58 nrd=0.03625 nrs=0.03625 sa=0 sb=0 sd=0
| + mult='amp_m_nmirr' m='amp_m_nmirr'
| XMN3 AOUT D1 VSS VSS sky130_fd_pr__nfet_g5v0d10v5 L=20 W=8 nf=1 ad=2.32 as=2.32 pd=16.58 ps=16.58 nrd=0.03625 nrs=0.03625 sa=0 sb=0
| + sd=0 mult='amp_m_nmirr' m='amp_m_nmirr'
| XMN4 PN D2 VSS VSS sky130_fd_pr__nfet_g5v0d10v5 L=20 W=8 nf=1 ad=2.32 as=2.32 pd=16.58 ps=16.58 nrd=0.03625 nrs=0.03625 sa=0 sb=0 sd=0
| + mult='amp_m_nmirr' m='amp_m_nmirr'
| XMP4 AOUT PN VDD VDD sky130_fd_pr__pfet_g5v0d10v5 L=20 W=6 nf=1 ad=1.74 as=1.74 pd=12.58 ps=12.58 nrd=0.0483333333333333 nrs=0.0483333333333333
| + sa=0 sb=0 sd=0 mult='amp_m_pmirr' m='amp_m_pmirr'
| XMP3 PN PN VDD VDD sky130_fd_pr__pfet_g5v0d10v5 L=20 W=6 nf=1 ad=1.74 as=1.74 pd=12.58 ps=12.58 nrd=0.0483333333333333 nrs=0.0483333333333333
| + sa=0 sb=0 sd=0 mult='amp_m_pmirr' m='amp_m_pmirr'
| XMCC VDD AOUT VDD VDD sky130_fd_pr__pfet_g5v0d10v5 L=20 W=30 nf=1 ad=8.7 as=8.7 pd=60.58 ps=60.58 nrd=0.00966666666666667 nrs=0.00966666666666667
| + sa=0 sb=0 sd=0 mult='amp_m_cc' m='amp_m_cc'
| .ends
| 
| .control
| save all
| op
| let gm_i = @m.xbg.xamp.xmp1.msky130_fd_pr__pfet_g5v0d10v5[gm]
| let gm_n = @m.xbg.xamp.xmn1.msky130_fd_pr__nfet_g5v0d10v5[gm]
| let gm_p = @m.xbg.xamp.xmp3.msky130_fd_pr__pfet_g5v0d10v5[gm]
| let gds_n3 = @m.xbg.xamp.xmn3.msky130_fd_pr__nfet_g5v0d10v5[gds]
| let gds_p4 = @m.xbg.xamp.xmp4.msky130_fd_pr__pfet_g5v0d10v5[gds]
| let cc_gg = @m.xbg.xamp.xmcc.msky130_fd_pr__pfet_g5v0d10v5[cgg]
| let idin = @m.xbg.xamp.xmp1.msky130_fd_pr__pfet_g5v0d10v5[id]
| ac dec 20 0.01 1e9
| let tdb = db(-v(gdrva)/v(gdrvc))
| let tph = 180*cph(-v(gdrva)/v(gdrvc))/pi
| meas ac t0dc find tdb at=0.01
| meas ac ugf when tdb=0 fall=1
| meas ac phugf find tph when tdb=0 fall=1
| meas ac f180 when tph=-180 fall=1
| meas ac gmdb find tdb when tph=-180 fall=1
| alter @vinj[acmag]=0
| alter @v1[acmag]=1
| ac lin 1 0.01 0.01
| let psrrdb = -db(v(vref))
| alter @v1[acmag]=0
| alter @vosinj[acmag]=1
| ac lin 1 0.01 0.01
| let aos = mag(v(voutr))
| let meas_vref_delta = abs(op1.v(vref)-op1.v(voutr))
| let meas_iq_delta = abs(op1.i(vibg)-op1.i(virep))
| let meas_iq_total = op1.i(vibg)
| let meas_iq_amp = op1.i(vtail)+op1.i(vavdd)
| let meas_iq_core = op1.i(virep)-op1.i(vtail)-op1.i(vavdd)
| let meas_loop_gain_dc = ac1.t0dc
| let meas_ugf = ac1.ugf
| let meas_phase_margin = 180+ac1.phugf
| let meas_gain_margin = -ac1.gmdb
| let meas_f180 = ac1.f180
| let meas_psrr_dc = ac2.psrrdb
| let meas_offset_gain = ac3.aos
| let meas_vos_sys = op1.v(vbc)-op1.v(vac)
| let meas_vcm_in = op1.v(vac)
| let meas_gm_in = op1.gm_i
| let meas_gm_nload = op1.gm_n
| let meas_gm_pmirr = op1.gm_p
| let meas_id_in = op1.idin
| let meas_av_amp = op1.gm_i/(op1.gds_n3+op1.gds_p4)
| let meas_rout_amp = 1/(op1.gds_n3+op1.gds_p4)
| let meas_cc_mcc = op1.cc_gg
| print meas_vref_delta
| print meas_iq_delta
| print meas_iq_total
| print meas_iq_amp
| print meas_iq_core
| print meas_loop_gain_dc
| print meas_ugf
| print meas_phase_margin
| print meas_gain_margin
| print meas_f180
| print meas_psrr_dc
| print meas_offset_gain
| print meas_vos_sys
| print meas_vcm_in
| print meas_gm_in
| print meas_gm_nload
| print meas_gm_pmirr
| print meas_id_in
| print meas_av_amp
| print meas_rout_amp
| print meas_cc_mcc
| quit
| .endc
| .end

# ==== ngspice stdout ====

Note: Compatibility modes selected: hs a


Circuit: * error-amp-loop corner deck -- generated by sim/bin/corner-run.py, do not edit

option SCALE: Scale is set to 1e-06 for instance and model parameters
option SCALE: Scale is set to 1e-06 for instance and model parameters
option SCALE: Scale is set to 1e-06 for instance and model parameters
option SCALE: Scale is set to 1e-06 for instance and model parameters
Doing analysis at TEMP = 27.000000 and TNOM = 27.000000

Using KLU as Direct Linear Solver
 Reference value :  0.00000e+00
No. of Data Rows : 1
Doing analysis at TEMP = 27.000000 and TNOM = 27.000000

Using KLU as Direct Linear Solver

No. of Data Rows : 221
t0dc                =  4.88887e+01
ugf                 =  1.78461e+05
phugf               =  -1.12586e+02
f180                =  7.50173e+05
gmdb                =  -1.24701e+01
Doing analysis at TEMP = 27.000000 and TNOM = 27.000000

Using KLU as Direct Linear Solver

No. of Data Rows : 1
Doing analysis at TEMP = 27.000000 and TNOM = 27.000000

Using KLU as Direct Linear Solver

No. of Data Rows : 1
meas_vref_delta = 3.471515e-02
meas_iq_delta = 2.095255e-08
meas_iq_total = 3.126207e-05
meas_iq_amp = 2.057595e-05
meas_iq_core = 1.070707e-05
meas_loop_gain_dc = 4.888870e+01
meas_ugf = 1.784614e+05
meas_phase_margin = 6.741440e+01
meas_gain_margin = 1.247006e+01
meas_f180 = 7.501735e+05
meas_psrr_dc = 9.391820e+01
meas_offset_gain = 9.641551e+00
meas_vos_sys = 1.265936e-04
meas_vcm_in = 7.298818e-01
meas_gm_in = 6.474136e-05
meas_gm_nload = 3.720561e-05
meas_gm_pmirr = 2.748383e-05
meas_id_in = 5.126478e-06
meas_av_amp = 7.386768e+02
meas_rout_amp = 1.140966e+07
meas_cc_mcc = 2.150655e-11
ngspice-47 done

# ==== ngspice stderr ====

