# corner: tt_27c_3.30v
# process=tt temp=27C supply=3.30V
# ngspice exit: 0
# result: PASS

# ==== deck (exact input given to ngspice) ====
| * resistor-tc-single-length corner deck -- generated by sim/bin/corner-run.py, do not edit
| * corner: tt_27c_3.30v
| .param vsup=3.3
| .temp 27
| .lib "/Users/rwalters/.volare/sky130A/libs.tech/combined/sky130.lib.spice" tt
| ** sch_path: sim/resistor-tc-single-length/testbench/tb_res_tc_single_length.sch
| **.subckt tb_res_tc_single_length
| XRXhL50a R_XH_L50_5U 0 0 sky130_fd_pr__res_xhigh_po W=1 L=50 mult=1 m=1
| IXhL50a 0 R_XH_L50_5U 5u
| XRXhL50b R_XH_L50_0P5U 0 0 sky130_fd_pr__res_xhigh_po W=1 L=50 mult=1 m=1
| IXhL50b 0 R_XH_L50_0P5U 0.5u
| XRXhL5 R_XH_L5_5U 0 0 sky130_fd_pr__res_xhigh_po W=1 L=5 mult=1 m=1
| IXhL5 0 R_XH_L5_5U 5u
| XRHighL50 R_HIGH_L50_5U 0 0 sky130_fd_pr__res_high_po W=1 L=50 mult=1 m=1
| IHighL50 0 R_HIGH_L50_5U 5u
| **** begin user architecture code
| 
| 
| * --- simulator-mechanism probe: ideal resistors, one shared .model card ---
| * Same tc1/tc2/tnom on all three; they differ only in how r= is written.
| * Each is biased by an ideal 1uA source so R = V/1uA reads out directly.
| Rtclit TC_LIT 0 tcprobe_r r=1000
| Itclit 0 TC_LIT 1u
| Rtcexpr TC_EXPR 0 tcprobe_r r='1000*1.0'
| Itcexpr 0 TC_EXPR 1u
| Rtcbeh TC_BEH 0 tcprobe_r r='1000*(1+1e-12*abs(v(TC_BEH,0)))'
| Itcbeh 0 TC_BEH 1u
| .model tcprobe_r r tc1=-1.47e-3 tc2=2.7e-6 tnom=25
| 
| 
| **** end user architecture code
| **.ends
| .control
| save all
| op
| let meas_r_xh_l50_5u = v(R_XH_L50_5U)/5e-6
| let meas_r_xh_l50_0p5u = v(R_XH_L50_0P5U)/0.5e-6
| let meas_r_xh_l5_5u = v(R_XH_L5_5U)/5e-6
| let meas_r_high_l50_5u = v(R_HIGH_L50_5U)/5e-6
| let meas_tc_probe_lit = v(TC_LIT)/1e-6
| let meas_tc_probe_expr = v(TC_EXPR)/1e-6
| let meas_tc_probe_beh = v(TC_BEH)/1e-6
| print meas_r_xh_l50_5u
| print meas_r_xh_l50_0p5u
| print meas_r_xh_l5_5u
| print meas_r_high_l50_5u
| print meas_tc_probe_lit
| print meas_tc_probe_expr
| print meas_tc_probe_beh
| quit
| .endc
| .end

# ==== ngspice stdout ====

Note: Compatibility modes selected: hs a


Circuit: * resistor-tc-single-length corner deck -- generated by sim/bin/corner-run.py, do not edit

option SCALE: Scale is set to 1e-06 for instance and model parameters
option SCALE: Scale is set to 1e-06 for instance and model parameters
option SCALE: Scale is set to 1e-06 for instance and model parameters
option SCALE: Scale is set to 1e-06 for instance and model parameters
Doing analysis at TEMP = 27.000000 and TNOM = 27.000000

Using KLU as Direct Linear Solver
 Reference value :  0.00000e+00
No. of Data Rows : 1
meas_r_xh_l50_5u = 1.059650e+05
meas_r_xh_l50_0p5u = 1.059665e+05
meas_r_xh_l5_5u = 1.062745e+04
meas_r_high_l50_5u = 1.662107e+04
meas_tc_probe_lit = 9.970708e+02
meas_tc_probe_expr = 9.970708e+02
meas_tc_probe_beh = 1.000000e+03
ngspice-46 done

# ==== ngspice stderr ====

