# corner: tt_125c_3.30v
# process=tt temp=125C supply=3.30V
# ngspice exit: 0
# result: FAIL

# ==== deck (exact input given to ngspice) ====
| * startup-time corner deck -- generated by sim/bin/corner-run.py, do not edit
| * corner: tt_125c_3.30v
| .param vsup=3.3
| .param t_ramp=100u
| .option wnflag=1
| .temp 125
| .lib "/home/ubuntu/.volare/sky130A/libs.tech/combined/sky130.lib.spice" tt
| ** sch_path: sim/startup-time/testbench/tb_vref_startup.sch
| **.subckt tb_vref_startup
| V1 VDD 0 pulse(0 'vsup' 0 't_ramp' 1n 100 200)
| .save i(v1)
| XBG VREF GDRV VDD 0 bandgap_core
| **.ends
| 
| * expanding   symbol:  design/bandgap_core.sym # of pins=4
| ** sym_path: design/bandgap_core.sym
| ** sch_path: design/bandgap_core.sch
| .subckt bandgap_core VOUT GDRV VDD VSS
| *.opin VOUT
| *.iopin GDRV
| *.iopin VDD
| *.iopin VSS
| **** begin user architecture code
| 
| 
| * ---- Kuijk core parameters (issue #8) ----
| * PNP emitter-area ratio N is built ONLY from paralleled unit devices:
| *   N = (n_pnp_ptat * 11.56 um2) / (n_pnp_ctat * 0.4624 um2)
| * Keep both counts equal to hold the pair's measured dVBE while lowering the
| * per-unit current and sigma(dVBE); raise n_pnp_ptat alone for more PTAT.
| .param n_pnp_ctat=8
| .param n_pnp_ptat=8
| * res_high_po unit segment: W = r_w um, L = r_lseg um (R ~ 380 + 325*L ohm)
| .param r_w=1
| .param r_lseg=5
| * segment counts. K = R2/R1 is set by the integer ratio n_r2/n_r1.
| .param n_r1=7
| .param n_r2=54
| * PMOS mirror multiplicities (unit device W=8u L=2u)
| .param m_out=2
| .param m_ampbias=2
| 
| 
| **** end user architecture code
| XMPOUT VOUT GDRV VDD VDD sky130_fd_pr__pfet_g5v0d10v5 L=2 W=8 nf=1 ad=2.32 as=2.32 pd=16.58 ps=16.58 nrd=0.03625 nrs=0.03625 sa=0 sb=0 sd=0 mult='m_out' m='m_out'
| XMPAMP TAIL GDRV VDD VDD sky130_fd_pr__pfet_g5v0d10v5 L=2 W=8 nf=1 ad=2.32 as=2.32 pd=16.58 ps=16.58 nrd=0.03625 nrs=0.03625 sa=0 sb=0 sd=0 mult='m_ampbias' m='m_ampbias'
| XAMP VB VA GDRV TAIL VDD VSS error_amp
| XR2A VA VOUT VSS sky130_fd_pr__res_high_po W='r_w' L='r_lseg*n_r2' mult=1 m=1
| XR2B VB VOUT VSS sky130_fd_pr__res_high_po W='r_w' L='r_lseg*n_r2' mult=1 m=1
| XQ1 VSS VSS VA sky130_fd_pr__pnp_05v5_W0p68L0p68 m='n_pnp_ctat' mult='n_pnp_ctat'
| XR1 VBQ VB VSS sky130_fd_pr__res_high_po W='r_w' L='r_lseg*n_r1' mult=1 m=1
| XQ2 VSS VSS VBQ sky130_fd_pr__pnp_05v5_W3p40L3p40 m='n_pnp_ptat' mult='n_pnp_ptat'
| .ends
| 
| 
| * expanding   symbol:  design/error_amp.sym # of pins=6
| ** sym_path: design/error_amp.sym
| ** sch_path: design/error_amp.sch
| .subckt error_amp VINP VINN AOUT ITAIL VDD VSS
| *.ipin VINP
| *.ipin VINN
| *.opin AOUT
| *.iopin ITAIL
| *.iopin VDD
| *.iopin VSS
| **** begin user architecture code
| 
| 
| * ---- error-amp device multiplicities (issue #9 sizing) ----
| * Unit geometry is fixed on the instances below; mult is the matching axis
| * (sigma(Vth) scales as 1/sqrt(W*L*mult) in the PDK's own model).
| * amp_m_in    : input-pair PMOS units   (W=20u L=10u each -> 3200 um^2 total)
| * amp_m_nmirr : NMOS load/mirror units  (W=8u  L=20u each ->  640 um^2 total)
| * amp_m_pmirr : PMOS mirror units       (W=6u  L=20u each ->  960 um^2 total)
| * amp_m_cc    : MOS-capacitor units     (W=30u L=20u each -> 9600 um^2 total)
| .param amp_m_in=16
| .param amp_m_nmirr=4
| .param amp_m_pmirr=8
| .param amp_m_cc=16
| 
| 
| **** end user architecture code
| XMP1 D1 VINP ITAIL VDD sky130_fd_pr__pfet_g5v0d10v5 L=10 W=20 nf=1 ad=5.8 as=5.8 pd=40.58 ps=40.58 nrd=0.0145 nrs=0.0145 sa=0 sb=0
| + sd=0 mult='amp_m_in' m='amp_m_in'
| XMP2 D2 VINN ITAIL VDD sky130_fd_pr__pfet_g5v0d10v5 L=10 W=20 nf=1 ad=5.8 as=5.8 pd=40.58 ps=40.58 nrd=0.0145 nrs=0.0145 sa=0 sb=0
| + sd=0 mult='amp_m_in' m='amp_m_in'
| XMN1 D1 D1 VSS VSS sky130_fd_pr__nfet_g5v0d10v5 L=20 W=8 nf=1 ad=2.32 as=2.32 pd=16.58 ps=16.58 nrd=0.03625 nrs=0.03625 sa=0 sb=0 sd=0
| + mult='amp_m_nmirr' m='amp_m_nmirr'
| XMN2 D2 D2 VSS VSS sky130_fd_pr__nfet_g5v0d10v5 L=20 W=8 nf=1 ad=2.32 as=2.32 pd=16.58 ps=16.58 nrd=0.03625 nrs=0.03625 sa=0 sb=0 sd=0
| + mult='amp_m_nmirr' m='amp_m_nmirr'
| XMN3 AOUT D1 VSS VSS sky130_fd_pr__nfet_g5v0d10v5 L=20 W=8 nf=1 ad=2.32 as=2.32 pd=16.58 ps=16.58 nrd=0.03625 nrs=0.03625 sa=0 sb=0
| + sd=0 mult='amp_m_nmirr' m='amp_m_nmirr'
| XMN4 PN D2 VSS VSS sky130_fd_pr__nfet_g5v0d10v5 L=20 W=8 nf=1 ad=2.32 as=2.32 pd=16.58 ps=16.58 nrd=0.03625 nrs=0.03625 sa=0 sb=0 sd=0
| + mult='amp_m_nmirr' m='amp_m_nmirr'
| XMP4 AOUT PN VDD VDD sky130_fd_pr__pfet_g5v0d10v5 L=20 W=6 nf=1 ad=1.74 as=1.74 pd=12.58 ps=12.58 nrd=0.0483333333333333 nrs=0.0483333333333333
| + sa=0 sb=0 sd=0 mult='amp_m_pmirr' m='amp_m_pmirr'
| XMP3 PN PN VDD VDD sky130_fd_pr__pfet_g5v0d10v5 L=20 W=6 nf=1 ad=1.74 as=1.74 pd=12.58 ps=12.58 nrd=0.0483333333333333 nrs=0.0483333333333333
| + sa=0 sb=0 sd=0 mult='amp_m_pmirr' m='amp_m_pmirr'
| XMCC VDD AOUT VDD VDD sky130_fd_pr__pfet_g5v0d10v5 L=20 W=30 nf=1 ad=8.7 as=8.7 pd=60.58 ps=60.58 nrd=0.00966666666666667 nrs=0.00966666666666667
| + sa=0 sb=0 sd=0 mult='amp_m_cc' m='amp_m_cc'
| .ends
| 
| .control
| save all
| tran 1u 2m 0 5u
| let up = (v(vref) gt 1.08)
| let tcand = time*up + (1-up)*1
| meas tran vreffin FIND v(vref) AT=1.9m
| meas tran vddfin FIND v(vdd) AT=1.9m
| meas tran gdrvfin FIND v(gdrv) AT=1.9m
| let meas_t_start_ms = minimum(tcand)*1e3
| let meas_vref_final = vreffin
| let meas_gdrv_final = gdrvfin
| let meas_vdd_final = vddfin
| let meas_n_tran_points = length(v(vref))
| print meas_t_start_ms
| print meas_vref_final
| print meas_gdrv_final
| print meas_vdd_final
| print meas_n_tran_points
| quit
| .endc
| .end

# ==== ngspice stdout ====

Note: Compatibility modes selected: hs a


Circuit: * startup-time corner deck -- generated by sim/bin/corner-run.py, do not edit

option SCALE: Scale is set to 1e-06 for instance and model parameters
option SCALE: Scale is set to 1e-06 for instance and model parameters
option SCALE: Scale is set to 1e-06 for instance and model parameters
option SCALE: Scale is set to 1e-06 for instance and model parameters
Doing analysis at TEMP = 125.000000 and TNOM = 27.000000

Using KLU as Direct Linear Solver
 Reference value :  0.00000e+00
 Reference value :  4.00000e-08
 Reference value :  1.60000e-07
 Reference value :  6.40000e-07
 Reference value :  2.56000e-06
 Reference value :  1.20786e-05
 Reference value :  2.20786e-05
 Reference value :  3.70786e-05
 Reference value :  5.70786e-05
 Reference value :  7.20786e-05
 Reference value :  8.70786e-05
 Reference value :  1.00500e-04
 Reference value :  1.03500e-04
 Reference value :  1.17500e-04
 Reference value :  1.32500e-04
 Reference value :  1.47500e-04
 Reference value :  1.67500e-04
 Reference value :  1.82500e-04
 Reference value :  1.97500e-04
 Reference value :  2.12500e-04
 Reference value :  2.32500e-04
 Reference value :  2.47500e-04
 Reference value :  2.62500e-04
 Reference value :  2.77500e-04
 Reference value :  2.92500e-04
 Reference value :  3.07500e-04
 Reference value :  3.22500e-04
 Reference value :  3.37500e-04
 Reference value :  3.57500e-04
 Reference value :  3.72500e-04
 Reference value :  3.92500e-04
 Reference value :  4.07500e-04
 Reference value :  4.27500e-04
 Reference value :  4.47500e-04
 Reference value :  4.62500e-04
 Reference value :  4.77500e-04
 Reference value :  4.92500e-04
 Reference value :  5.12500e-04
 Reference value :  5.27500e-04
 Reference value :  5.42500e-04
 Reference value :  5.62500e-04
 Reference value :  5.82500e-04
 Reference value :  6.02500e-04
 Reference value :  6.17500e-04
 Reference value :  6.37500e-04
 Reference value :  6.52500e-04
 Reference value :  6.72500e-04
 Reference value :  6.92500e-04
 Reference value :  7.12500e-04
 Reference value :  7.27500e-04
 Reference value :  7.42500e-04
 Reference value :  7.57500e-04
 Reference value :  7.77500e-04
 Reference value :  7.92500e-04
 Reference value :  8.12500e-04
 Reference value :  8.32500e-04
 Reference value :  8.47500e-04
 Reference value :  8.67500e-04
 Reference value :  8.82500e-04
 Reference value :  8.97500e-04
 Reference value :  9.12500e-04
 Reference value :  9.32500e-04
 Reference value :  9.47500e-04
 Reference value :  9.62500e-04
 Reference value :  9.82500e-04
 Reference value :  1.00250e-03
 Reference value :  1.02250e-03
 Reference value :  1.03750e-03
 Reference value :  1.05750e-03
 Reference value :  1.07250e-03
 Reference value :  1.08750e-03
 Reference value :  1.10250e-03
 Reference value :  1.11750e-03
 Reference value :  1.13250e-03
 Reference value :  1.15250e-03
 Reference value :  1.17250e-03
 Reference value :  1.19250e-03
 Reference value :  1.21250e-03
 Reference value :  1.22750e-03
 Reference value :  1.24750e-03
 Reference value :  1.26250e-03
 Reference value :  1.27750e-03
 Reference value :  1.29250e-03
 Reference value :  1.30750e-03
 Reference value :  1.32250e-03
 Reference value :  1.33750e-03
 Reference value :  1.35250e-03
 Reference value :  1.36750e-03
 Reference value :  1.38250e-03
 Reference value :  1.39750e-03
 Reference value :  1.41750e-03
 Reference value :  1.43250e-03
 Reference value :  1.45250e-03
 Reference value :  1.46750e-03
 Reference value :  1.48750e-03
 Reference value :  1.50250e-03
 Reference value :  1.52250e-03
 Reference value :  1.54250e-03
 Reference value :  1.56250e-03
 Reference value :  1.58250e-03
 Reference value :  1.60250e-03
 Reference value :  1.62250e-03
 Reference value :  1.64250e-03
 Reference value :  1.66250e-03
 Reference value :  1.68250e-03
 Reference value :  1.69750e-03
 Reference value :  1.71750e-03
 Reference value :  1.73750e-03
 Reference value :  1.75250e-03
 Reference value :  1.76750e-03
 Reference value :  1.78750e-03
 Reference value :  1.80750e-03
 Reference value :  1.82250e-03
 Reference value :  1.84250e-03
 Reference value :  1.86250e-03
 Reference value :  1.87750e-03
 Reference value :  1.89750e-03
 Reference value :  1.91250e-03
 Reference value :  1.93250e-03
 Reference value :  1.94750e-03
 Reference value :  1.96750e-03
 Reference value :  1.98750e-03
No. of Data Rows : 414
vreffin             =  6.45681e-02
vddfin              =  3.30000e+00
gdrvfin             =  3.22491e+00
meas_t_start_ms = 1.000000e+03
meas_vref_final = 6.456813e-02
meas_gdrv_final = 3.224914e+00
meas_vdd_final = 3.300000e+00
meas_n_tran_points = 4.140000e+02
ngspice-46 done

# ==== ngspice stderr ====

