# corner: ll_-40c_3.30v
# process=ll temp=-40C supply=3.30V
# ngspice exit: 0
# result: PASS

# ==== deck (exact input given to ngspice) ====
| * resistor-flavor-characterization corner deck -- generated by sim/bin/corner-run.py, do not edit
| * corner: ll_-40c_3.30v
| .param vsup=3.3
| .temp -40
| .lib "/Users/rwalters/.volare/sky130A/libs.tech/combined/sky130.lib.spice" ll
| ** sch_path: sim/resistor-flavor-characterization/testbench/tb_res_flavors.sch
| **.subckt tb_res_flavors
| XRHighL1 R_HighL1 0 0 sky130_fd_pr__res_high_po W=1 L=1 mult=1 m=1
| IHighL1 0 R_HighL1 1u
| XRHighL20 R_HighL20 0 0 sky130_fd_pr__res_high_po W=1 L=20 mult=1 m=1
| IHighL20 0 R_HighL20 1u
| XRXhighL1 R_XhighL1 0 0 sky130_fd_pr__res_xhigh_po W=1 L=1 mult=1 m=1
| IXhighL1 0 R_XhighL1 1u
| XRXhighL20 R_XhighL20 0 0 sky130_fd_pr__res_xhigh_po W=1 L=20 mult=1 m=1
| IXhighL20 0 R_XhighL20 1u
| **.ends
| .control
| save all
| op
| let meas_r_highl1 = v(R_HighL1)/1e-6
| let meas_r_highl20 = v(R_HighL20)/1e-6
| let meas_r_xhighl1 = v(R_XhighL1)/1e-6
| let meas_r_xhighl20 = v(R_XhighL20)/1e-6
| print meas_r_highl1
| print meas_r_highl20
| print meas_r_xhighl1
| print meas_r_xhighl20
| quit
| .endc
| .end

# ==== ngspice stdout ====

Note: Compatibility modes selected: hs a


Circuit: * resistor-flavor-characterization corner deck -- generated by sim/bin/corner-run.py, do not edit

option SCALE: Scale is set to 1e-06 for instance and model parameters
option SCALE: Scale is set to 1e-06 for instance and model parameters
option SCALE: Scale is set to 1e-06 for instance and model parameters
option SCALE: Scale is set to 1e-06 for instance and model parameters
Doing analysis at TEMP = -40.000000 and TNOM = 27.000000

Using KLU as Direct Linear Solver
 Reference value :  0.00000e+00
No. of Data Rows : 1
meas_r_highl1 = 5.974298e+02
meas_r_highl20 = 5.707640e+03
meas_r_xhighl1 = 1.830374e+03
meas_r_xhighl20 = 3.604646e+04
ngspice-46 done

# ==== ngspice stderr ====

