# corner: ss_27c_2.97v
# process=ss temp=27C supply=2.97V
# ngspice exit: 0
# wall clock: 11.0s (--timeout was 300s)
# result: FAIL

# ==== deck (exact input given to ngspice) ====
| * output-voltage-tc corner deck -- generated by sim/bin/corner-run.py, do not edit
| * corner: ss_27c_2.97v
| .param vsup=2.97
| .option wnflag=1
| .option reltol=1e-6
| .option vntol=1e-9
| .option abstol=1e-15
| .temp 27
| .lib "/Users/rwalters/.volare/sky130A/libs.tech/combined/sky130.lib.spice" ss
| ** sch_path: sim/output-voltage-tc/testbench/tb_vref_tc.sch
| **.subckt tb_vref_tc
| V1 VDD 0 'vsup'
| .save i(v1)
| XBG VREF GDRV VDD 0 bandgap_core
| **** begin user architecture code
| 
| 
| * DC-solver seed, not a forced solution: see the header note. Without it the
| * solver can settle on the core's degenerate zero-current state, which is
| * what issue #10's startup circuit exists to prevent in silicon.
| .nodeset v(vref)=1.2 v(gdrv)=2.2
| 
| 
| **** end user architecture code
| **.ends
| 
| 
| 
| 
| 
| .subckt bandgap_core VOUT GDRV VDD VSS
| XCORE D1_INT D2_INT GDRV PN_INT TAIL_INT VA_INT VB_INT VBQ_INT VDD VOUT VSS bandgap_core_routed
| .ends bandgap_core
| 
| .SUBCKT bandgap_core_routed D1 D2 GDRV PN TAIL VA VB VBQ VDD VOUT VSS
| * device instance $1 r0 *1 171.11,52.67 nfet
| X$1 VSS D1 D1 VSS sky130_fd_pr__nfet_g5v0d10v5 L=20 W=8 AS=3.36 AD=3.36 PS=16.84 PD=16.84 nrd=0.036250 nrs=0.036250 nf=1 mult=1 sa=0 sb=0 sd=0
| * device instance $2 r0 *1 192.35,52.67 nfet
| X$2 VSS D2 D2 VSS sky130_fd_pr__nfet_g5v0d10v5 L=20 W=8 AS=3.36 AD=3.36 PS=16.84 PD=16.84 nrd=0.036250 nrs=0.036250 nf=1 mult=1 sa=0 sb=0 sd=0
| * device instance $3 r0 *1 213.59,52.67 nfet
| X$3 VSS D1 D1 VSS sky130_fd_pr__nfet_g5v0d10v5 L=20 W=8 AS=3.36 AD=3.36 PS=16.84 PD=16.84 nrd=0.036250 nrs=0.036250 nf=1 mult=1 sa=0 sb=0 sd=0
| * device instance $4 r0 *1 234.83,52.67 nfet
| X$4 VSS D2 D2 VSS sky130_fd_pr__nfet_g5v0d10v5 L=20 W=8 AS=3.36 AD=3.36 PS=16.84 PD=16.84 nrd=0.036250 nrs=0.036250 nf=1 mult=1 sa=0 sb=0 sd=0
| * device instance $5 r0 *1 171.11,61.49 nfet
| X$5 VSS D2 D2 VSS sky130_fd_pr__nfet_g5v0d10v5 L=20 W=8 AS=3.36 AD=3.36 PS=16.84 PD=16.84 nrd=0.036250 nrs=0.036250 nf=1 mult=1 sa=0 sb=0 sd=0
| * device instance $6 r0 *1 192.35,61.49 nfet
| X$6 VSS D1 D1 VSS sky130_fd_pr__nfet_g5v0d10v5 L=20 W=8 AS=3.36 AD=3.36 PS=16.84 PD=16.84 nrd=0.036250 nrs=0.036250 nf=1 mult=1 sa=0 sb=0 sd=0
| * device instance $7 r0 *1 213.59,61.49 nfet
| X$7 VSS D2 D2 VSS sky130_fd_pr__nfet_g5v0d10v5 L=20 W=8 AS=3.36 AD=3.36 PS=16.84 PD=16.84 nrd=0.036250 nrs=0.036250 nf=1 mult=1 sa=0 sb=0 sd=0
| * device instance $8 r0 *1 234.83,61.49 nfet
| X$8 VSS D1 D1 VSS sky130_fd_pr__nfet_g5v0d10v5 L=20 W=8 AS=3.36 AD=3.36 PS=16.84 PD=16.84 nrd=0.036250 nrs=0.036250 nf=1 mult=1 sa=0 sb=0 sd=0
| * device instance $9 r0 *1 199,105.9 nfet
| X$9 VSS D2 PN VSS sky130_fd_pr__nfet_g5v0d10v5 L=20 W=8 AS=3.36 AD=3.36 PS=16.84 PD=16.84 nrd=0.036250 nrs=0.036250 nf=1 mult=1 sa=0 sb=0 sd=0
| * device instance $10 r0 *1 220.24,105.9 nfet
| X$10 VSS D1 GDRV VSS sky130_fd_pr__nfet_g5v0d10v5 L=20 W=8 AS=3.36 AD=3.36 PS=16.84 PD=16.84 nrd=0.036250 nrs=0.036250 nf=1 mult=1 sa=0 sb=0 sd=0
| * device instance $11 r0 *1 241.48,105.9 nfet
| X$11 VSS D2 PN VSS sky130_fd_pr__nfet_g5v0d10v5 L=20 W=8 AS=3.36 AD=3.36 PS=16.84 PD=16.84 nrd=0.036250 nrs=0.036250 nf=1 mult=1 sa=0 sb=0 sd=0
| * device instance $12 r0 *1 262.72,105.9 nfet
| X$12 VSS D1 GDRV VSS sky130_fd_pr__nfet_g5v0d10v5 L=20 W=8 AS=3.36 AD=3.36 PS=16.84 PD=16.84 nrd=0.036250 nrs=0.036250 nf=1 mult=1 sa=0 sb=0 sd=0
| * device instance $13 r0 *1 199,114.72 nfet
| X$13 VSS D1 GDRV VSS sky130_fd_pr__nfet_g5v0d10v5 L=20 W=8 AS=3.36 AD=3.36 PS=16.84 PD=16.84 nrd=0.036250 nrs=0.036250 nf=1 mult=1 sa=0 sb=0 sd=0
| * device instance $14 r0 *1 220.24,114.72 nfet
| X$14 VSS D2 PN VSS sky130_fd_pr__nfet_g5v0d10v5 L=20 W=8 AS=3.36 AD=3.36 PS=16.84 PD=16.84 nrd=0.036250 nrs=0.036250 nf=1 mult=1 sa=0 sb=0 sd=0
| * device instance $15 r0 *1 241.48,114.72 nfet
| X$15 VSS D1 GDRV VSS sky130_fd_pr__nfet_g5v0d10v5 L=20 W=8 AS=3.36 AD=3.36 PS=16.84 PD=16.84 nrd=0.036250 nrs=0.036250 nf=1 mult=1 sa=0 sb=0 sd=0
| * device instance $16 r0 *1 262.72,114.72 nfet
| X$16 VSS D2 PN VSS sky130_fd_pr__nfet_g5v0d10v5 L=20 W=8 AS=3.36 AD=3.36 PS=16.84 PD=16.84 nrd=0.036250 nrs=0.036250 nf=1 mult=1 sa=0 sb=0 sd=0
| * device instance $17 r0 *1 58.6,46.67 pfet
| X$17 D2 VA TAIL VDD sky130_fd_pr__pfet_g5v0d10v5 L=10 W=20 AS=8.4 AD=8.4 PS=40.84 PD=40.84 nrd=0.014500 nrs=0.014500 nf=1 mult=1 sa=0 sb=0 sd=0
| * device instance $18 r0 *1 69.84,46.67 pfet
| X$18 D1 VB TAIL VDD sky130_fd_pr__pfet_g5v0d10v5 L=10 W=20 AS=8.4 AD=8.4 PS=40.84 PD=40.84 nrd=0.014500 nrs=0.014500 nf=1 mult=1 sa=0 sb=0 sd=0
| * device instance $19 r0 *1 81.08,46.67 pfet
| X$19 D2 VA TAIL VDD sky130_fd_pr__pfet_g5v0d10v5 L=10 W=20 AS=8.4 AD=8.4 PS=40.84 PD=40.84 nrd=0.014500 nrs=0.014500 nf=1 mult=1 sa=0 sb=0 sd=0
| * device instance $20 r0 *1 92.32,46.67 pfet
| X$20 D1 VB TAIL VDD sky130_fd_pr__pfet_g5v0d10v5 L=10 W=20 AS=8.4 AD=8.4 PS=40.84 PD=40.84 nrd=0.014500 nrs=0.014500 nf=1 mult=1 sa=0 sb=0 sd=0
| * device instance $21 r0 *1 103.56,46.67 pfet
| X$21 D2 VA TAIL VDD sky130_fd_pr__pfet_g5v0d10v5 L=10 W=20 AS=8.4 AD=8.4 PS=40.84 PD=40.84 nrd=0.014500 nrs=0.014500 nf=1 mult=1 sa=0 sb=0 sd=0
| * device instance $22 r0 *1 114.8,46.67 pfet
| X$22 D1 VB TAIL VDD sky130_fd_pr__pfet_g5v0d10v5 L=10 W=20 AS=8.4 AD=8.4 PS=40.84 PD=40.84 nrd=0.014500 nrs=0.014500 nf=1 mult=1 sa=0 sb=0 sd=0
| * device instance $23 r0 *1 126.04,46.67 pfet
| X$23 D2 VA TAIL VDD sky130_fd_pr__pfet_g5v0d10v5 L=10 W=20 AS=8.4 AD=8.4 PS=40.84 PD=40.84 nrd=0.014500 nrs=0.014500 nf=1 mult=1 sa=0 sb=0 sd=0
| * device instance $24 r0 *1 137.28,46.67 pfet
| X$24 D1 VB TAIL VDD sky130_fd_pr__pfet_g5v0d10v5 L=10 W=20 AS=8.4 AD=8.4 PS=40.84 PD=40.84 nrd=0.014500 nrs=0.014500 nf=1 mult=1 sa=0 sb=0 sd=0
| * device instance $25 r0 *1 30.38,61.49 pfet
| X$25 TAIL GDRV VDD VDD sky130_fd_pr__pfet_g5v0d10v5 L=2 W=8 AS=3.36 AD=3.36 PS=16.84 PD=16.84 nrd=0.036250 nrs=0.036250 nf=1 mult=1 sa=0 sb=0 sd=0
| * device instance $26 r0 *1 30.38,52.67 pfet
| X$26 VOUT GDRV VDD VDD sky130_fd_pr__pfet_g5v0d10v5 L=2 W=8 AS=3.36 AD=3.36 PS=16.84 PD=16.84 nrd=0.036250 nrs=0.036250 nf=1 mult=1 sa=0 sb=0 sd=0
| * device instance $27 r0 *1 33.62,61.49 pfet
| X$27 VOUT GDRV VDD VDD sky130_fd_pr__pfet_g5v0d10v5 L=2 W=8 AS=3.36 AD=3.36 PS=16.84 PD=16.84 nrd=0.036250 nrs=0.036250 nf=1 mult=1 sa=0 sb=0 sd=0
| * device instance $28 r0 *1 33.62,52.67 pfet
| X$28 TAIL GDRV VDD VDD sky130_fd_pr__pfet_g5v0d10v5 L=2 W=8 AS=3.36 AD=3.36 PS=16.84 PD=16.84 nrd=0.036250 nrs=0.036250 nf=1 mult=1 sa=0 sb=0 sd=0
| * device instance $29 r0 *1 58.6,67.49 pfet
| X$29 D1 VB TAIL VDD sky130_fd_pr__pfet_g5v0d10v5 L=10 W=20 AS=8.4 AD=8.4 PS=40.84 PD=40.84 nrd=0.014500 nrs=0.014500 nf=1 mult=1 sa=0 sb=0 sd=0
| * device instance $30 r0 *1 69.84,67.49 pfet
| X$30 D2 VA TAIL VDD sky130_fd_pr__pfet_g5v0d10v5 L=10 W=20 AS=8.4 AD=8.4 PS=40.84 PD=40.84 nrd=0.014500 nrs=0.014500 nf=1 mult=1 sa=0 sb=0 sd=0
| * device instance $31 r0 *1 81.08,67.49 pfet
| X$31 D1 VB TAIL VDD sky130_fd_pr__pfet_g5v0d10v5 L=10 W=20 AS=8.4 AD=8.4 PS=40.84 PD=40.84 nrd=0.014500 nrs=0.014500 nf=1 mult=1 sa=0 sb=0 sd=0
| * device instance $32 r0 *1 92.32,67.49 pfet
| X$32 D2 VA TAIL VDD sky130_fd_pr__pfet_g5v0d10v5 L=10 W=20 AS=8.4 AD=8.4 PS=40.84 PD=40.84 nrd=0.014500 nrs=0.014500 nf=1 mult=1 sa=0 sb=0 sd=0
| * device instance $33 r0 *1 103.56,67.49 pfet
| X$33 D1 VB TAIL VDD sky130_fd_pr__pfet_g5v0d10v5 L=10 W=20 AS=8.4 AD=8.4 PS=40.84 PD=40.84 nrd=0.014500 nrs=0.014500 nf=1 mult=1 sa=0 sb=0 sd=0
| * device instance $34 r0 *1 114.8,67.49 pfet
| X$34 D2 VA TAIL VDD sky130_fd_pr__pfet_g5v0d10v5 L=10 W=20 AS=8.4 AD=8.4 PS=40.84 PD=40.84 nrd=0.014500 nrs=0.014500 nf=1 mult=1 sa=0 sb=0 sd=0
| * device instance $35 r0 *1 126.04,67.49 pfet
| X$35 D1 VB TAIL VDD sky130_fd_pr__pfet_g5v0d10v5 L=10 W=20 AS=8.4 AD=8.4 PS=40.84 PD=40.84 nrd=0.014500 nrs=0.014500 nf=1 mult=1 sa=0 sb=0 sd=0
| * device instance $36 r0 *1 137.28,67.49 pfet
| X$36 D2 VA TAIL VDD sky130_fd_pr__pfet_g5v0d10v5 L=10 W=20 AS=8.4 AD=8.4 PS=40.84 PD=40.84 nrd=0.014500 nrs=0.014500 nf=1 mult=1 sa=0 sb=0 sd=0
| * device instance $37 r0 *1 11.49,113.72 pfet
| X$37 GDRV PN VDD VDD sky130_fd_pr__pfet_g5v0d10v5 L=20 W=6 AS=2.52 AD=2.52 PS=12.84 PD=12.84 nrd=0.048333 nrs=0.048333 nf=1 mult=1 sa=0 sb=0 sd=0
| * device instance $38 r0 *1 11.49,106.9 pfet
| X$38 PN PN VDD VDD sky130_fd_pr__pfet_g5v0d10v5 L=20 W=6 AS=2.52 AD=2.52 PS=12.84 PD=12.84 nrd=0.048333 nrs=0.048333 nf=1 mult=1 sa=0 sb=0 sd=0
| * device instance $39 r0 *1 32.73,106.9 pfet
| X$39 GDRV PN VDD VDD sky130_fd_pr__pfet_g5v0d10v5 L=20 W=6 AS=2.52 AD=2.52 PS=12.84 PD=12.84 nrd=0.048333 nrs=0.048333 nf=1 mult=1 sa=0 sb=0 sd=0
| * device instance $40 r0 *1 32.73,113.72 pfet
| X$40 PN PN VDD VDD sky130_fd_pr__pfet_g5v0d10v5 L=20 W=6 AS=2.52 AD=2.52 PS=12.84 PD=12.84 nrd=0.048333 nrs=0.048333 nf=1 mult=1 sa=0 sb=0 sd=0
| * device instance $41 r0 *1 53.97,113.72 pfet
| X$41 GDRV PN VDD VDD sky130_fd_pr__pfet_g5v0d10v5 L=20 W=6 AS=2.52 AD=2.52 PS=12.84 PD=12.84 nrd=0.048333 nrs=0.048333 nf=1 mult=1 sa=0 sb=0 sd=0
| * device instance $42 r0 *1 53.97,106.9 pfet
| X$42 PN PN VDD VDD sky130_fd_pr__pfet_g5v0d10v5 L=20 W=6 AS=2.52 AD=2.52 PS=12.84 PD=12.84 nrd=0.048333 nrs=0.048333 nf=1 mult=1 sa=0 sb=0 sd=0
| * device instance $43 r0 *1 75.21,113.72 pfet
| X$43 PN PN VDD VDD sky130_fd_pr__pfet_g5v0d10v5 L=20 W=6 AS=2.52 AD=2.52 PS=12.84 PD=12.84 nrd=0.048333 nrs=0.048333 nf=1 mult=1 sa=0 sb=0 sd=0
| * device instance $44 r0 *1 75.21,106.9 pfet
| X$44 GDRV PN VDD VDD sky130_fd_pr__pfet_g5v0d10v5 L=20 W=6 AS=2.52 AD=2.52 PS=12.84 PD=12.84 nrd=0.048333 nrs=0.048333 nf=1 mult=1 sa=0 sb=0 sd=0
| * device instance $45 r0 *1 96.45,113.72 pfet
| X$45 GDRV PN VDD VDD sky130_fd_pr__pfet_g5v0d10v5 L=20 W=6 AS=2.52 AD=2.52 PS=12.84 PD=12.84 nrd=0.048333 nrs=0.048333 nf=1 mult=1 sa=0 sb=0 sd=0
| * device instance $46 r0 *1 96.45,106.9 pfet
| X$46 PN PN VDD VDD sky130_fd_pr__pfet_g5v0d10v5 L=20 W=6 AS=2.52 AD=2.52 PS=12.84 PD=12.84 nrd=0.048333 nrs=0.048333 nf=1 mult=1 sa=0 sb=0 sd=0
| * device instance $47 r0 *1 117.69,106.9 pfet
| X$47 GDRV PN VDD VDD sky130_fd_pr__pfet_g5v0d10v5 L=20 W=6 AS=2.52 AD=2.52 PS=12.84 PD=12.84 nrd=0.048333 nrs=0.048333 nf=1 mult=1 sa=0 sb=0 sd=0
| * device instance $48 r0 *1 117.69,113.72 pfet
| X$48 PN PN VDD VDD sky130_fd_pr__pfet_g5v0d10v5 L=20 W=6 AS=2.52 AD=2.52 PS=12.84 PD=12.84 nrd=0.048333 nrs=0.048333 nf=1 mult=1 sa=0 sb=0 sd=0
| * device instance $49 r0 *1 138.93,106.9 pfet
| X$49 PN PN VDD VDD sky130_fd_pr__pfet_g5v0d10v5 L=20 W=6 AS=2.52 AD=2.52 PS=12.84 PD=12.84 nrd=0.048333 nrs=0.048333 nf=1 mult=1 sa=0 sb=0 sd=0
| * device instance $50 r0 *1 138.93,113.72 pfet
| X$50 GDRV PN VDD VDD sky130_fd_pr__pfet_g5v0d10v5 L=20 W=6 AS=2.52 AD=2.52 PS=12.84 PD=12.84 nrd=0.048333 nrs=0.048333 nf=1 mult=1 sa=0 sb=0 sd=0
| * device instance $51 r0 *1 160.17,113.72 pfet
| X$51 PN PN VDD VDD sky130_fd_pr__pfet_g5v0d10v5 L=20 W=6 AS=2.52 AD=2.52 PS=12.84 PD=12.84 nrd=0.048333 nrs=0.048333 nf=1 mult=1 sa=0 sb=0 sd=0
| * device instance $52 r0 *1 160.17,106.9 pfet
| X$52 GDRV PN VDD VDD sky130_fd_pr__pfet_g5v0d10v5 L=20 W=6 AS=2.52 AD=2.52 PS=12.84 PD=12.84 nrd=0.048333 nrs=0.048333 nf=1 mult=1 sa=0 sb=0 sd=0
| * device instance $53 r0 *1 62.69,158.13 pfet
| X$53 VDD GDRV VDD VDD sky130_fd_pr__pfet_g5v0d10v5 L=20 W=30 AS=12.6 AD=12.6 PS=60.84 PD=60.84 nrd=0.009667 nrs=0.009667 nf=1 mult=1 sa=0 sb=0 sd=0
| * device instance $54 r0 *1 83.93,158.13 pfet
| X$54 VDD GDRV VDD VDD sky130_fd_pr__pfet_g5v0d10v5 L=20 W=30 AS=12.6 AD=12.6 PS=60.84 PD=60.84 nrd=0.009667 nrs=0.009667 nf=1 mult=1 sa=0 sb=0 sd=0
| * device instance $55 r0 *1 105.17,158.13 pfet
| X$55 VDD GDRV VDD VDD sky130_fd_pr__pfet_g5v0d10v5 L=20 W=30 AS=12.6 AD=12.6 PS=60.84 PD=60.84 nrd=0.009667 nrs=0.009667 nf=1 mult=1 sa=0 sb=0 sd=0
| * device instance $56 r0 *1 126.41,158.13 pfet
| X$56 VDD GDRV VDD VDD sky130_fd_pr__pfet_g5v0d10v5 L=20 W=30 AS=12.6 AD=12.6 PS=60.84 PD=60.84 nrd=0.009667 nrs=0.009667 nf=1 mult=1 sa=0 sb=0 sd=0
| * device instance $57 r0 *1 147.65,158.13 pfet
| X$57 VDD GDRV VDD VDD sky130_fd_pr__pfet_g5v0d10v5 L=20 W=30 AS=12.6 AD=12.6 PS=60.84 PD=60.84 nrd=0.009667 nrs=0.009667 nf=1 mult=1 sa=0 sb=0 sd=0
| * device instance $58 r0 *1 168.89,158.13 pfet
| X$58 VDD GDRV VDD VDD sky130_fd_pr__pfet_g5v0d10v5 L=20 W=30 AS=12.6 AD=12.6 PS=60.84 PD=60.84 nrd=0.009667 nrs=0.009667 nf=1 mult=1 sa=0 sb=0 sd=0
| * device instance $59 r0 *1 190.13,158.13 pfet
| X$59 VDD GDRV VDD VDD sky130_fd_pr__pfet_g5v0d10v5 L=20 W=30 AS=12.6 AD=12.6 PS=60.84 PD=60.84 nrd=0.009667 nrs=0.009667 nf=1 mult=1 sa=0 sb=0 sd=0
| * device instance $60 r0 *1 211.37,158.13 pfet
| X$60 VDD GDRV VDD VDD sky130_fd_pr__pfet_g5v0d10v5 L=20 W=30 AS=12.6 AD=12.6 PS=60.84 PD=60.84 nrd=0.009667 nrs=0.009667 nf=1 mult=1 sa=0 sb=0 sd=0
| * device instance $61 r0 *1 62.69,188.95 pfet
| X$61 VDD GDRV VDD VDD sky130_fd_pr__pfet_g5v0d10v5 L=20 W=30 AS=12.6 AD=12.6 PS=60.84 PD=60.84 nrd=0.009667 nrs=0.009667 nf=1 mult=1 sa=0 sb=0 sd=0
| * device instance $62 r0 *1 83.93,188.95 pfet
| X$62 VDD GDRV VDD VDD sky130_fd_pr__pfet_g5v0d10v5 L=20 W=30 AS=12.6 AD=12.6 PS=60.84 PD=60.84 nrd=0.009667 nrs=0.009667 nf=1 mult=1 sa=0 sb=0 sd=0
| * device instance $63 r0 *1 105.17,188.95 pfet
| X$63 VDD GDRV VDD VDD sky130_fd_pr__pfet_g5v0d10v5 L=20 W=30 AS=12.6 AD=12.6 PS=60.84 PD=60.84 nrd=0.009667 nrs=0.009667 nf=1 mult=1 sa=0 sb=0 sd=0
| * device instance $64 r0 *1 126.41,188.95 pfet
| X$64 VDD GDRV VDD VDD sky130_fd_pr__pfet_g5v0d10v5 L=20 W=30 AS=12.6 AD=12.6 PS=60.84 PD=60.84 nrd=0.009667 nrs=0.009667 nf=1 mult=1 sa=0 sb=0 sd=0
| * device instance $65 r0 *1 147.65,188.95 pfet
| X$65 VDD GDRV VDD VDD sky130_fd_pr__pfet_g5v0d10v5 L=20 W=30 AS=12.6 AD=12.6 PS=60.84 PD=60.84 nrd=0.009667 nrs=0.009667 nf=1 mult=1 sa=0 sb=0 sd=0
| * device instance $66 r0 *1 168.89,188.95 pfet
| X$66 VDD GDRV VDD VDD sky130_fd_pr__pfet_g5v0d10v5 L=20 W=30 AS=12.6 AD=12.6 PS=60.84 PD=60.84 nrd=0.009667 nrs=0.009667 nf=1 mult=1 sa=0 sb=0 sd=0
| * device instance $67 r0 *1 190.13,188.95 pfet
| X$67 VDD GDRV VDD VDD sky130_fd_pr__pfet_g5v0d10v5 L=20 W=30 AS=12.6 AD=12.6 PS=60.84 PD=60.84 nrd=0.009667 nrs=0.009667 nf=1 mult=1 sa=0 sb=0 sd=0
| * device instance $68 r0 *1 211.37,188.95 pfet
| X$68 VDD GDRV VDD VDD sky130_fd_pr__pfet_g5v0d10v5 L=20 W=30 AS=12.6 AD=12.6 PS=60.84 PD=60.84 nrd=0.009667 nrs=0.009667 nf=1 mult=1 sa=0 sb=0 sd=0
| * device instance $69 r0 *1 3.94,1.31 pnp
| X$69 VSS VSS VA sky130_fd_pr__pnp_05v5_W0p68L0p68 m=1
| * device instance $70 r0 *1 5.84,1.31 pnp
| X$70 VSS VSS VA sky130_fd_pr__pnp_05v5_W0p68L0p68 m=1
| * device instance $71 r0 *1 7.74,1.31 pnp
| X$71 VSS VSS VA sky130_fd_pr__pnp_05v5_W0p68L0p68 m=1
| * device instance $72 r0 *1 9.64,1.31 pnp
| X$72 VSS VSS VA sky130_fd_pr__pnp_05v5_W0p68L0p68 m=1
| * device instance $73 r0 *1 3.94,2.39 pnp
| X$73 VSS VSS VA sky130_fd_pr__pnp_05v5_W0p68L0p68 m=1
| * device instance $74 r0 *1 5.84,2.39 pnp
| X$74 VSS VSS VA sky130_fd_pr__pnp_05v5_W0p68L0p68 m=1
| * device instance $75 r0 *1 7.74,2.39 pnp
| X$75 VSS VSS VA sky130_fd_pr__pnp_05v5_W0p68L0p68 m=1
| * device instance $76 r0 *1 9.64,2.39 pnp
| X$76 VSS VSS VA sky130_fd_pr__pnp_05v5_W0p68L0p68 m=1
| * device instance $77 r0 *1 251.36,2.67 pnp
| X$77 VSS VSS VBQ sky130_fd_pr__pnp_05v5_W3p40L3p40 m=1
| * device instance $78 r0 *1 255.98,2.67 pnp
| X$78 VSS VSS VBQ sky130_fd_pr__pnp_05v5_W3p40L3p40 m=1
| * device instance $79 r0 *1 260.6,2.67 pnp
| X$79 VSS VSS VBQ sky130_fd_pr__pnp_05v5_W3p40L3p40 m=1
| * device instance $80 r0 *1 265.22,2.67 pnp
| X$80 VSS VSS VBQ sky130_fd_pr__pnp_05v5_W3p40L3p40 m=1
| * device instance $81 r0 *1 251.36,6.47 pnp
| X$81 VSS VSS VBQ sky130_fd_pr__pnp_05v5_W3p40L3p40 m=1
| * device instance $82 r0 *1 255.98,6.47 pnp
| X$82 VSS VSS VBQ sky130_fd_pr__pnp_05v5_W3p40L3p40 m=1
| * device instance $83 r0 *1 260.6,6.47 pnp
| X$83 VSS VSS VBQ sky130_fd_pr__pnp_05v5_W3p40L3p40 m=1
| * device instance $84 r0 *1 265.22,6.47 pnp
| X$84 VSS VSS VBQ sky130_fd_pr__pnp_05v5_W3p40L3p40 m=1
| * device instance $85 r0 *1 45.27,0.5 res_high_po
| R$85 VOUT \$6 1599
| * device instance $86 r0 *1 51.61,0.5 res_high_po
| R$86 VOUT \$7 1599
| * device instance $87 r0 *1 57.95,0.5 res_high_po
| R$87 \$6 \$8 1599
| * device instance $88 r0 *1 64.29,0.5 res_high_po
| R$88 \$7 \$9 1599
| * device instance $89 r0 *1 70.63,0.5 res_high_po
| R$89 \$8 \$10 1599
| * device instance $90 r0 *1 76.97,0.5 res_high_po
| R$90 \$9 \$11 1599
| * device instance $91 r0 *1 83.31,0.5 res_high_po
| R$91 \$10 \$12 1599
| * device instance $92 r0 *1 89.65,0.5 res_high_po
| R$92 \$11 \$13 1599
| * device instance $93 r0 *1 95.99,0.5 res_high_po
| R$93 \$12 \$14 1599
| * device instance $94 r0 *1 102.33,0.5 res_high_po
| R$94 \$13 \$16 1599
| * device instance $95 r0 *1 45.27,3.3 res_high_po
| R$95 \$20 \$35 1599
| * device instance $96 r0 *1 45.27,1.9 res_high_po
| R$96 \$21 \$22 1599
| * device instance $97 r0 *1 51.61,1.9 res_high_po
| R$97 \$20 \$23 1599
| * device instance $98 r0 *1 51.61,3.3 res_high_po
| R$98 \$21 \$36 1599
| * device instance $99 r0 *1 57.95,3.3 res_high_po
| R$99 \$35 \$37 1599
| * device instance $100 r0 *1 57.95,1.9 res_high_po
| R$100 \$22 \$24 1599
| * device instance $101 r0 *1 64.29,3.3 res_high_po
| R$101 \$36 \$38 1599
| * device instance $102 r0 *1 64.29,1.9 res_high_po
| R$102 \$23 \$25 1599
| * device instance $103 r0 *1 70.63,1.9 res_high_po
| R$103 \$24 \$26 1599
| * device instance $104 r0 *1 70.63,3.3 res_high_po
| R$104 \$37 \$39 1599
| * device instance $105 r0 *1 76.97,3.3 res_high_po
| R$105 \$38 \$40 1599
| * device instance $106 r0 *1 76.97,1.9 res_high_po
| R$106 \$25 \$27 1599
| * device instance $107 r0 *1 83.31,1.9 res_high_po
| R$107 \$26 \$28 1599
| * device instance $108 r0 *1 83.31,3.3 res_high_po
| R$108 \$39 \$41 1599
| * device instance $109 r0 *1 89.65,1.9 res_high_po
| R$109 \$27 \$29 1599
| * device instance $110 r0 *1 89.65,3.3 res_high_po
| R$110 \$40 \$42 1599
| * device instance $111 r0 *1 95.99,1.9 res_high_po
| R$111 \$28 \$16 1599
| * device instance $112 r0 *1 95.99,3.3 res_high_po
| R$112 \$41 \$43 1599
| * device instance $113 r0 *1 102.33,3.3 res_high_po
| R$113 \$42 \$44 1599
| * device instance $114 r0 *1 102.33,1.9 res_high_po
| R$114 \$29 \$14 1599
| * device instance $115 r0 *1 45.27,4.7 res_high_po
| R$115 \$46 \$47 1599
| * device instance $116 r0 *1 51.61,4.7 res_high_po
| R$116 \$45 \$48 1599
| * device instance $117 r0 *1 57.95,4.7 res_high_po
| R$117 \$47 \$49 1599
| * device instance $118 r0 *1 64.29,4.7 res_high_po
| R$118 \$48 \$50 1599
| * device instance $119 r0 *1 70.63,4.7 res_high_po
| R$119 \$49 \$51 1599
| * device instance $120 r0 *1 76.97,4.7 res_high_po
| R$120 \$50 \$52 1599
| * device instance $121 r0 *1 83.31,4.7 res_high_po
| R$121 \$51 \$53 1599
| * device instance $122 r0 *1 89.65,4.7 res_high_po
| R$122 \$52 \$54 1599
| * device instance $123 r0 *1 95.99,4.7 res_high_po
| R$123 \$53 \$44 1599
| * device instance $124 r0 *1 102.33,4.7 res_high_po
| R$124 \$54 \$43 1599
| * device instance $125 r0 *1 45.27,6.1 res_high_po
| R$125 \$45 \$55 1599
| * device instance $126 r0 *1 51.61,6.1 res_high_po
| R$126 \$46 \$56 1599
| * device instance $127 r0 *1 57.95,6.1 res_high_po
| R$127 \$55 \$57 1599
| * device instance $128 r0 *1 64.29,6.1 res_high_po
| R$128 \$56 \$58 1599
| * device instance $129 r0 *1 70.63,6.1 res_high_po
| R$129 \$57 \$59 1599
| * device instance $130 r0 *1 76.97,6.1 res_high_po
| R$130 \$58 \$60 1599
| * device instance $131 r0 *1 83.31,6.1 res_high_po
| R$131 \$59 \$61 1599
| * device instance $132 r0 *1 89.65,6.1 res_high_po
| R$132 \$60 \$62 1599
| * device instance $133 r0 *1 95.99,6.1 res_high_po
| R$133 \$61 \$63 1599
| * device instance $134 r0 *1 102.33,6.1 res_high_po
| R$134 \$62 \$64 1599
| * device instance $135 r0 *1 45.27,7.5 res_high_po
| R$135 \$66 \$67 1599
| * device instance $136 r0 *1 51.61,7.5 res_high_po
| R$136 \$65 \$68 1599
| * device instance $137 r0 *1 57.95,7.5 res_high_po
| R$137 \$67 \$69 1599
| * device instance $138 r0 *1 64.29,7.5 res_high_po
| R$138 \$68 \$70 1599
| * device instance $139 r0 *1 70.63,7.5 res_high_po
| R$139 \$69 \$71 1599
| * device instance $140 r0 *1 76.97,7.5 res_high_po
| R$140 \$70 \$72 1599
| * device instance $141 r0 *1 83.31,7.5 res_high_po
| R$141 \$71 \$73 1599
| * device instance $142 r0 *1 89.65,7.5 res_high_po
| R$142 \$72 \$74 1599
| * device instance $143 r0 *1 95.99,7.5 res_high_po
| R$143 \$73 \$64 1599
| * device instance $144 r0 *1 102.33,7.5 res_high_po
| R$144 \$74 \$63 1599
| * device instance $145 r0 *1 45.27,8.9 res_high_po
| R$145 \$65 \$77 1599
| * device instance $146 r0 *1 51.61,8.9 res_high_po
| R$146 \$66 \$78 1599
| * device instance $147 r0 *1 57.95,8.9 res_high_po
| R$147 \$77 \$79 1599
| * device instance $148 r0 *1 64.29,8.9 res_high_po
| R$148 \$78 \$80 1599
| * device instance $149 r0 *1 70.63,8.9 res_high_po
| R$149 \$79 \$81 1599
| * device instance $150 r0 *1 76.97,8.9 res_high_po
| R$150 \$80 \$82 1599
| * device instance $151 r0 *1 83.31,8.9 res_high_po
| R$151 \$81 \$83 1599
| * device instance $152 r0 *1 89.65,8.9 res_high_po
| R$152 \$82 \$84 1599
| * device instance $153 r0 *1 95.99,8.9 res_high_po
| R$153 \$83 \$85 1599
| * device instance $154 r0 *1 102.33,8.9 res_high_po
| R$154 \$84 \$99 1599
| * device instance $155 r0 *1 125.6,8.9 res_high_po
| R$155 \$86 \$89 159.9
| * device instance $156 r0 *1 127.44,8.9 res_high_po
| R$156 \$100 \$90 159.9
| * device instance $157 r0 *1 129.28,8.9 res_high_po
| R$157 \$89 \$91 159.9
| * device instance $158 r0 *1 131.12,8.9 res_high_po
| R$158 \$90 \$92 159.9
| * device instance $159 r0 *1 132.96,8.9 res_high_po
| R$159 \$91 \$93 159.9
| * device instance $160 r0 *1 134.8,8.9 res_high_po
| R$160 \$92 \$94 159.9
| * device instance $161 r0 *1 136.64,8.9 res_high_po
| R$161 \$93 \$95 159.9
| * device instance $162 r0 *1 138.48,8.9 res_high_po
| R$162 \$94 \$96 159.9
| * device instance $163 r0 *1 140.32,8.9 res_high_po
| R$163 \$95 \$97 159.9
| * device instance $164 r0 *1 142.16,8.9 res_high_po
| R$164 \$96 \$102 159.9
| * device instance $165 r0 *1 45.27,10.3 res_high_po
| R$165 \$103 \$104 1599
| * device instance $166 r0 *1 45.27,11.7 res_high_po
| R$166 \$98 \$121 1599
| * device instance $167 r0 *1 51.61,10.3 res_high_po
| R$167 \$98 \$105 1599
| * device instance $168 r0 *1 51.61,11.7 res_high_po
| R$168 \$103 \$122 1599
| * device instance $169 r0 *1 57.95,11.7 res_high_po
| R$169 \$121 \$123 1599
| * device instance $170 r0 *1 57.95,10.3 res_high_po
| R$170 \$104 \$106 1599
| * device instance $171 r0 *1 64.29,11.7 res_high_po
| R$171 \$122 \$124 1599
| * device instance $172 r0 *1 64.29,10.3 res_high_po
| R$172 \$105 \$107 1599
| * device instance $173 r0 *1 70.63,11.7 res_high_po
| R$173 \$123 \$125 1599
| * device instance $174 r0 *1 70.63,10.3 res_high_po
| R$174 \$106 \$108 1599
| * device instance $175 r0 *1 76.97,11.7 res_high_po
| R$175 \$124 \$126 1599
| * device instance $176 r0 *1 76.97,10.3 res_high_po
| R$176 \$107 \$109 1599
| * device instance $177 r0 *1 83.31,11.7 res_high_po
| R$177 \$125 \$127 1599
| * device instance $178 r0 *1 83.31,10.3 res_high_po
| R$178 \$108 \$110 1599
| * device instance $179 r0 *1 89.65,11.7 res_high_po
| R$179 \$126 \$128 1599
| * device instance $180 r0 *1 89.65,10.3 res_high_po
| R$180 \$109 \$111 1599
| * device instance $181 r0 *1 95.99,11.7 res_high_po
| R$181 \$127 \$129 1599
| * device instance $182 r0 *1 95.99,10.3 res_high_po
| R$182 \$110 \$99 1599
| * device instance $183 r0 *1 102.33,10.3 res_high_po
| R$183 \$111 \$85 1599
| * device instance $184 r0 *1 102.33,11.7 res_high_po
| R$184 \$128 \$130 1599
| * device instance $185 r0 *1 125.6,11.7 res_high_po
| R$185 \$101 \$131 159.9
| * device instance $186 r0 *1 125.6,10.3 res_high_po
| R$186 \$112 \$113 159.9
| * device instance $187 r0 *1 127.44,11.7 res_high_po
| R$187 \$112 \$132 159.9
| * device instance $188 r0 *1 127.44,10.3 res_high_po
| R$188 \$101 \$114 159.9
| * device instance $189 r0 *1 129.28,11.7 res_high_po
| R$189 \$131 \$133 159.9
| * device instance $190 r0 *1 129.28,10.3 res_high_po
| R$190 \$113 \$115 159.9
| * device instance $191 r0 *1 131.12,10.3 res_high_po
| R$191 \$114 \$116 159.9
| * device instance $192 r0 *1 131.12,11.7 res_high_po
| R$192 \$132 \$134 159.9
| * device instance $193 r0 *1 132.96,10.3 res_high_po
| R$193 \$115 \$117 159.9
| * device instance $194 r0 *1 132.96,11.7 res_high_po
| R$194 \$133 \$135 159.9
| * device instance $195 r0 *1 134.8,11.7 res_high_po
| R$195 \$134 \$136 159.9
| * device instance $196 r0 *1 134.8,10.3 res_high_po
| R$196 \$116 \$118 159.9
| * device instance $197 r0 *1 136.64,11.7 res_high_po
| R$197 \$135 \$137 159.9
| * device instance $198 r0 *1 136.64,10.3 res_high_po
| R$198 \$117 \$119 159.9
| * device instance $199 r0 *1 138.48,11.7 res_high_po
| R$199 \$136 \$138 159.9
| * device instance $200 r0 *1 138.48,10.3 res_high_po
| R$200 \$118 \$120 159.9
| * device instance $201 r0 *1 140.32,11.7 res_high_po
| R$201 \$137 \$139 159.9
| * device instance $202 r0 *1 140.32,10.3 res_high_po
| R$202 \$119 \$102 159.9
| * device instance $203 r0 *1 142.16,10.3 res_high_po
| R$203 \$120 \$97 159.9
| * device instance $204 r0 *1 142.16,11.7 res_high_po
| R$204 \$138 \$140 159.9
| * device instance $205 r0 *1 70.63,13.1 res_high_po
| R$205 \$100 \$143 1599
| * device instance $206 r0 *1 76.97,13.1 res_high_po
| R$206 \$86 \$144 1599
| * device instance $207 r0 *1 83.31,13.1 res_high_po
| R$207 \$143 \$145 1599
| * device instance $208 r0 *1 89.65,13.1 res_high_po
| R$208 \$144 \$146 1599
| * device instance $209 r0 *1 95.99,13.1 res_high_po
| R$209 \$145 \$130 1599
| * device instance $210 r0 *1 102.33,13.1 res_high_po
| R$210 \$146 \$129 1599
| * device instance $211 r0 *1 125.6,13.1 res_high_po
| R$211 VB \$149 159.9
| * device instance $212 r0 *1 127.44,13.1 res_high_po
| R$212 VA \$150 159.9
| * device instance $213 r0 *1 129.28,13.1 res_high_po
| R$213 \$149 \$151 159.9
| * device instance $214 r0 *1 131.12,13.1 res_high_po
| R$214 \$150 \$152 159.9
| * device instance $215 r0 *1 132.96,13.1 res_high_po
| R$215 \$151 \$153 159.9
| * device instance $216 r0 *1 134.8,13.1 res_high_po
| R$216 \$152 \$154 159.9
| * device instance $217 r0 *1 136.64,13.1 res_high_po
| R$217 \$153 \$155 159.9
| * device instance $218 r0 *1 138.48,13.1 res_high_po
| R$218 \$154 \$156 159.9
| * device instance $219 r0 *1 140.32,13.1 res_high_po
| R$219 \$155 \$140 159.9
| * device instance $220 r0 *1 142.16,13.1 res_high_po
| R$220 \$156 \$139 159.9
| * device instance $221 r0 *1 174.43,13.1 res_high_po
| R$221 VB \$159 1599
| * device instance $222 r0 *1 180.77,13.1 res_high_po
| R$222 \$159 \$160 1599
| * device instance $223 r0 *1 187.11,13.1 res_high_po
| R$223 \$160 \$161 1599
| * device instance $224 r0 *1 193.45,13.1 res_high_po
| R$224 \$161 \$162 1599
| * device instance $225 r0 *1 199.79,13.1 res_high_po
| R$225 \$162 \$163 1599
| * device instance $226 r0 *1 206.13,13.1 res_high_po
| R$226 \$163 \$164 1599
| * device instance $227 r0 *1 212.47,13.1 res_high_po
| R$227 \$164 VBQ 1599
| * device instance _10 r0 *1 0,0 
| R_10 \$10 \$10__par 459.4543
| * device instance _10 r0 *1 0,0 
| C_10 \$10__par VSS 1.340497e-15
| * device instance _100 r0 *1 0,0 
| R_100 \$100 \$100__par 489.549
| * device instance _100 r0 *1 0,0 
| C_100 \$100__par VSS 6.36943e-15
| * device instance _101 r0 *1 0,0 
| R_101 \$101 \$101__par 462.5197
| * device instance _101 r0 *1 0,0 
| C_101 \$101__par VSS 1.842759e-15
| * device instance _102 r0 *1 0,0 
| R_102 \$102 \$102__par 457.4348
| * device instance _102 r0 *1 0,0 
| C_102 \$102__par VSS 9.88699e-16
| * device instance _103 r0 *1 0,0 
| R_103 \$103 \$103__par 459.8061
| * device instance _103 r0 *1 0,0 
| C_103 \$103__par VSS 1.381301e-15
| * device instance _104 r0 *1 0,0 
| R_104 \$104 \$104__par 459.4543
| * device instance _104 r0 *1 0,0 
| C_104 \$104__par VSS 1.340497e-15
| * device instance _105 r0 *1 0,0 
| R_105 \$105 \$105__par 459.4543
| * device instance _105 r0 *1 0,0 
| C_105 \$105__par VSS 1.340497e-15
| * device instance _106 r0 *1 0,0 
| R_106 \$106 \$106__par 459.4543
| * device instance _106 r0 *1 0,0 
| C_106 \$106__par VSS 1.340497e-15
| * device instance _107 r0 *1 0,0 
| R_107 \$107 \$107__par 459.4543
| * device instance _107 r0 *1 0,0 
| C_107 \$107__par VSS 1.340497e-15
| * device instance _108 r0 *1 0,0 
| R_108 \$108 \$108__par 459.4543
| * device instance _108 r0 *1 0,0 
| C_108 \$108__par VSS 1.340497e-15
| * device instance _109 r0 *1 0,0 
| R_109 \$109 \$109__par 459.4543
| * device instance _109 r0 *1 0,0 
| C_109 \$109__par VSS 1.340497e-15
| * device instance _11 r0 *1 0,0 
| R_11 \$11 \$11__par 459.4543
| * device instance _11 r0 *1 0,0 
| C_11 \$11__par VSS 1.340497e-15
| * device instance _110 r0 *1 0,0 
| R_110 \$110 \$110__par 459.4543
| * device instance _110 r0 *1 0,0 
| C_110 \$110__par VSS 1.340497e-15
| * device instance _111 r0 *1 0,0 
| R_111 \$111 \$111__par 459.4543
| * device instance _111 r0 *1 0,0 
| C_111 \$111__par VSS 1.340497e-15
| * device instance _112 r0 *1 0,0 
| R_112 \$112 \$112__par 457.4348
| * device instance _112 r0 *1 0,0 
| C_112 \$112__par VSS 9.88699e-16
| * device instance _113 r0 *1 0,0 
| R_113 \$113 \$113__par 457.1105
| * device instance _113 r0 *1 0,0 
| C_113 \$113__par VSS 9.47525e-16
| * device instance _114 r0 *1 0,0 
| R_114 \$114 \$114__par 457.1105
| * device instance _114 r0 *1 0,0 
| C_114 \$114__par VSS 9.47525e-16
| * device instance _115 r0 *1 0,0 
| R_115 \$115 \$115__par 457.1105
| * device instance _115 r0 *1 0,0 
| C_115 \$115__par VSS 9.47525e-16
| * device instance _116 r0 *1 0,0 
| R_116 \$116 \$116__par 457.1105
| * device instance _116 r0 *1 0,0 
| C_116 \$116__par VSS 9.47525e-16
| * device instance _117 r0 *1 0,0 
| R_117 \$117 \$117__par 457.1105
| * device instance _117 r0 *1 0,0 
| C_117 \$117__par VSS 9.47525e-16
| * device instance _118 r0 *1 0,0 
| R_118 \$118 \$118__par 457.1105
| * device instance _118 r0 *1 0,0 
| C_118 \$118__par VSS 9.47525e-16
| * device instance _119 r0 *1 0,0 
| R_119 \$119 \$119__par 457.1105
| * device instance _119 r0 *1 0,0 
| C_119 \$119__par VSS 9.47525e-16
| * device instance _12 r0 *1 0,0 
| R_12 \$12 \$12__par 459.4543
| * device instance _12 r0 *1 0,0 
| C_12 \$12__par VSS 1.340497e-15
| * device instance _120 r0 *1 0,0 
| R_120 \$120 \$120__par 457.1105
| * device instance _120 r0 *1 0,0 
| C_120 \$120__par VSS 9.47525e-16
| * device instance _121 r0 *1 0,0 
| R_121 \$121 \$121__par 459.4543
| * device instance _121 r0 *1 0,0 
| C_121 \$121__par VSS 1.340497e-15
| * device instance _122 r0 *1 0,0 
| R_122 \$122 \$122__par 459.4543
| * device instance _122 r0 *1 0,0 
| C_122 \$122__par VSS 1.340497e-15
| * device instance _123 r0 *1 0,0 
| R_123 \$123 \$123__par 459.4543
| * device instance _123 r0 *1 0,0 
| C_123 \$123__par VSS 1.340497e-15
| * device instance _124 r0 *1 0,0 
| R_124 \$124 \$124__par 459.4543
| * device instance _124 r0 *1 0,0 
| C_124 \$124__par VSS 1.340497e-15
| * device instance _125 r0 *1 0,0 
| R_125 \$125 \$125__par 459.4543
| * device instance _125 r0 *1 0,0 
| C_125 \$125__par VSS 1.340497e-15
| * device instance _126 r0 *1 0,0 
| R_126 \$126 \$126__par 459.4543
| * device instance _126 r0 *1 0,0 
| C_126 \$126__par VSS 1.340497e-15
| * device instance _127 r0 *1 0,0 
| R_127 \$127 \$127__par 459.4543
| * device instance _127 r0 *1 0,0 
| C_127 \$127__par VSS 1.340497e-15
| * device instance _128 r0 *1 0,0 
| R_128 \$128 \$128__par 459.4543
| * device instance _128 r0 *1 0,0 
| C_128 \$128__par VSS 1.340497e-15
| * device instance _129 r0 *1 0,0 
| R_129 \$129 \$129__par 461.0309
| * device instance _129 r0 *1 0,0 
| C_129 \$129__par VSS 1.593004e-15
| * device instance _13 r0 *1 0,0 
| R_13 \$13 \$13__par 459.4543
| * device instance _13 r0 *1 0,0 
| C_13 \$13__par VSS 1.340497e-15
| * device instance _130 r0 *1 0,0 
| R_130 \$130 \$130__par 460.222
| * device instance _130 r0 *1 0,0 
| C_130 \$130__par VSS 1.451162e-15
| * device instance _131 r0 *1 0,0 
| R_131 \$131 \$131__par 457.1105
| * device instance _131 r0 *1 0,0 
| C_131 \$131__par VSS 9.47525e-16
| * device instance _132 r0 *1 0,0 
| R_132 \$132 \$132__par 457.1105
| * device instance _132 r0 *1 0,0 
| C_132 \$132__par VSS 9.47525e-16
| * device instance _133 r0 *1 0,0 
| R_133 \$133 \$133__par 457.1105
| * device instance _133 r0 *1 0,0 
| C_133 \$133__par VSS 9.47525e-16
| * device instance _134 r0 *1 0,0 
| R_134 \$134 \$134__par 457.1105
| * device instance _134 r0 *1 0,0 
| C_134 \$134__par VSS 9.47525e-16
| * device instance _135 r0 *1 0,0 
| R_135 \$135 \$135__par 457.1105
| * device instance _135 r0 *1 0,0 
| C_135 \$135__par VSS 9.47525e-16
| * device instance _136 r0 *1 0,0 
| R_136 \$136 \$136__par 457.1105
| * device instance _136 r0 *1 0,0 
| C_136 \$136__par VSS 9.47525e-16
| * device instance _137 r0 *1 0,0 
| R_137 \$137 \$137__par 457.1105
| * device instance _137 r0 *1 0,0 
| C_137 \$137__par VSS 9.47525e-16
| * device instance _138 r0 *1 0,0 
| R_138 \$138 \$138__par 457.1105
| * device instance _138 r0 *1 0,0 
| C_138 \$138__par VSS 9.47525e-16
| * device instance _139 r0 *1 0,0 
| R_139 \$139 \$139__par 458.6901
| * device instance _139 r0 *1 0,0 
| C_139 \$139__par VSS 1.200031e-15
| * device instance _14 r0 *1 0,0 
| R_14 \$14 \$14__par 461.0309
| * device instance _14 r0 *1 0,0 
| C_14 \$14__par VSS 1.593004e-15
| * device instance _140 r0 *1 0,0 
| R_140 \$140 \$140__par 457.4348
| * device instance _140 r0 *1 0,0 
| C_140 \$140__par VSS 9.88699e-16
| * device instance _143 r0 *1 0,0 
| R_143 \$143 \$143__par 459.4543
| * device instance _143 r0 *1 0,0 
| C_143 \$143__par VSS 1.340497e-15
| * device instance _144 r0 *1 0,0 
| R_144 \$144 \$144__par 459.4543
| * device instance _144 r0 *1 0,0 
| C_144 \$144__par VSS 1.340497e-15
| * device instance _145 r0 *1 0,0 
| R_145 \$145 \$145__par 459.4543
| * device instance _145 r0 *1 0,0 
| C_145 \$145__par VSS 1.340497e-15
| * device instance _146 r0 *1 0,0 
| R_146 \$146 \$146__par 459.4543
| * device instance _146 r0 *1 0,0 
| C_146 \$146__par VSS 1.340497e-15
| * device instance _149 r0 *1 0,0 
| R_149 \$149 \$149__par 457.1105
| * device instance _149 r0 *1 0,0 
| C_149 \$149__par VSS 9.47525e-16
| * device instance _150 r0 *1 0,0 
| R_150 \$150 \$150__par 457.1105
| * device instance _150 r0 *1 0,0 
| C_150 \$150__par VSS 9.47525e-16
| * device instance _151 r0 *1 0,0 
| R_151 \$151 \$151__par 457.1105
| * device instance _151 r0 *1 0,0 
| C_151 \$151__par VSS 9.47525e-16
| * device instance _152 r0 *1 0,0 
| R_152 \$152 \$152__par 457.1105
| * device instance _152 r0 *1 0,0 
| C_152 \$152__par VSS 9.47525e-16
| * device instance _153 r0 *1 0,0 
| R_153 \$153 \$153__par 457.1105
| * device instance _153 r0 *1 0,0 
| C_153 \$153__par VSS 9.47525e-16
| * device instance _154 r0 *1 0,0 
| R_154 \$154 \$154__par 457.1105
| * device instance _154 r0 *1 0,0 
| C_154 \$154__par VSS 9.47525e-16
| * device instance _155 r0 *1 0,0 
| R_155 \$155 \$155__par 457.1105
| * device instance _155 r0 *1 0,0 
| C_155 \$155__par VSS 9.47525e-16
| * device instance _156 r0 *1 0,0 
| R_156 \$156 \$156__par 457.1105
| * device instance _156 r0 *1 0,0 
| C_156 \$156__par VSS 9.47525e-16
| * device instance _159 r0 *1 0,0 
| R_159 \$159 \$159__par 456.1522
| * device instance _159 r0 *1 0,0 
| C_159 \$159__par VSS 7.86843e-16
| * device instance _16 r0 *1 0,0 
| R_16 \$16 \$16__par 460.222
| * device instance _16 r0 *1 0,0 
| C_16 \$16__par VSS 1.451162e-15
| * device instance _160 r0 *1 0,0 
| R_160 \$160 \$160__par 456.1522
| * device instance _160 r0 *1 0,0 
| C_160 \$160__par VSS 7.86843e-16
| * device instance _161 r0 *1 0,0 
| R_161 \$161 \$161__par 456.1522
| * device instance _161 r0 *1 0,0 
| C_161 \$161__par VSS 7.86843e-16
| * device instance _162 r0 *1 0,0 
| R_162 \$162 \$162__par 456.1522
| * device instance _162 r0 *1 0,0 
| C_162 \$162__par VSS 7.86843e-16
| * device instance _163 r0 *1 0,0 
| R_163 \$163 \$163__par 456.1522
| * device instance _163 r0 *1 0,0 
| C_163 \$163__par VSS 7.86843e-16
| * device instance _164 r0 *1 0,0 
| R_164 \$164 \$164__par 456.1522
| * device instance _164 r0 *1 0,0 
| C_164 \$164__par VSS 7.86843e-16
| * device instance _20 r0 *1 0,0 
| R_20 \$20 \$20__par 474.2366
| * device instance _20 r0 *1 0,0 
| C_20 \$20__par VSS 3.807621e-15
| * device instance _21 r0 *1 0,0 
| R_21 \$21 \$21__par 459.8061
| * device instance _21 r0 *1 0,0 
| C_21 \$21__par VSS 1.381301e-15
| * device instance _22 r0 *1 0,0 
| R_22 \$22 \$22__par 459.4543
| * device instance _22 r0 *1 0,0 
| C_22 \$22__par VSS 1.340497e-15
| * device instance _23 r0 *1 0,0 
| R_23 \$23 \$23__par 459.4543
| * device instance _23 r0 *1 0,0 
| C_23 \$23__par VSS 1.340497e-15
| * device instance _24 r0 *1 0,0 
| R_24 \$24 \$24__par 459.4543
| * device instance _24 r0 *1 0,0 
| C_24 \$24__par VSS 1.340497e-15
| * device instance _25 r0 *1 0,0 
| R_25 \$25 \$25__par 459.4543
| * device instance _25 r0 *1 0,0 
| C_25 \$25__par VSS 1.340497e-15
| * device instance _26 r0 *1 0,0 
| R_26 \$26 \$26__par 459.4543
| * device instance _26 r0 *1 0,0 
| C_26 \$26__par VSS 1.340497e-15
| * device instance _27 r0 *1 0,0 
| R_27 \$27 \$27__par 459.4543
| * device instance _27 r0 *1 0,0 
| C_27 \$27__par VSS 1.340497e-15
| * device instance _28 r0 *1 0,0 
| R_28 \$28 \$28__par 459.4543
| * device instance _28 r0 *1 0,0 
| C_28 \$28__par VSS 1.340497e-15
| * device instance _29 r0 *1 0,0 
| R_29 \$29 \$29__par 459.4543
| * device instance _29 r0 *1 0,0 
| C_29 \$29__par VSS 1.340497e-15
| * device instance _35 r0 *1 0,0 
| R_35 \$35 \$35__par 459.4543
| * device instance _35 r0 *1 0,0 
| C_35 \$35__par VSS 1.340497e-15
| * device instance _36 r0 *1 0,0 
| R_36 \$36 \$36__par 459.4543
| * device instance _36 r0 *1 0,0 
| C_36 \$36__par VSS 1.340497e-15
| * device instance _37 r0 *1 0,0 
| R_37 \$37 \$37__par 459.4543
| * device instance _37 r0 *1 0,0 
| C_37 \$37__par VSS 1.340497e-15
| * device instance _38 r0 *1 0,0 
| R_38 \$38 \$38__par 459.4543
| * device instance _38 r0 *1 0,0 
| C_38 \$38__par VSS 1.340497e-15
| * device instance _39 r0 *1 0,0 
| R_39 \$39 \$39__par 459.4543
| * device instance _39 r0 *1 0,0 
| C_39 \$39__par VSS 1.340497e-15
| * device instance _40 r0 *1 0,0 
| R_40 \$40 \$40__par 459.4543
| * device instance _40 r0 *1 0,0 
| C_40 \$40__par VSS 1.340497e-15
| * device instance _41 r0 *1 0,0 
| R_41 \$41 \$41__par 459.4543
| * device instance _41 r0 *1 0,0 
| C_41 \$41__par VSS 1.340497e-15
| * device instance _42 r0 *1 0,0 
| R_42 \$42 \$42__par 459.4543
| * device instance _42 r0 *1 0,0 
| C_42 \$42__par VSS 1.340497e-15
| * device instance _43 r0 *1 0,0 
| R_43 \$43 \$43__par 461.0309
| * device instance _43 r0 *1 0,0 
| C_43 \$43__par VSS 1.593004e-15
| * device instance _44 r0 *1 0,0 
| R_44 \$44 \$44__par 460.222
| * device instance _44 r0 *1 0,0 
| C_44 \$44__par VSS 1.451162e-15
| * device instance _45 r0 *1 0,0 
| R_45 \$45 \$45__par 474.2366
| * device instance _45 r0 *1 0,0 
| C_45 \$45__par VSS 3.807621e-15
| * device instance _46 r0 *1 0,0 
| R_46 \$46 \$46__par 459.8061
| * device instance _46 r0 *1 0,0 
| C_46 \$46__par VSS 1.381301e-15
| * device instance _47 r0 *1 0,0 
| R_47 \$47 \$47__par 459.4543
| * device instance _47 r0 *1 0,0 
| C_47 \$47__par VSS 1.340497e-15
| * device instance _48 r0 *1 0,0 
| R_48 \$48 \$48__par 459.4543
| * device instance _48 r0 *1 0,0 
| C_48 \$48__par VSS 1.340497e-15
| * device instance _49 r0 *1 0,0 
| R_49 \$49 \$49__par 459.4543
| * device instance _49 r0 *1 0,0 
| C_49 \$49__par VSS 1.340497e-15
| * device instance _50 r0 *1 0,0 
| R_50 \$50 \$50__par 459.4543
| * device instance _50 r0 *1 0,0 
| C_50 \$50__par VSS 1.340497e-15
| * device instance _51 r0 *1 0,0 
| R_51 \$51 \$51__par 459.4543
| * device instance _51 r0 *1 0,0 
| C_51 \$51__par VSS 1.340497e-15
| * device instance _52 r0 *1 0,0 
| R_52 \$52 \$52__par 459.4543
| * device instance _52 r0 *1 0,0 
| C_52 \$52__par VSS 1.340497e-15
| * device instance _53 r0 *1 0,0 
| R_53 \$53 \$53__par 459.4543
| * device instance _53 r0 *1 0,0 
| C_53 \$53__par VSS 1.340497e-15
| * device instance _54 r0 *1 0,0 
| R_54 \$54 \$54__par 459.4543
| * device instance _54 r0 *1 0,0 
| C_54 \$54__par VSS 1.340497e-15
| * device instance _55 r0 *1 0,0 
| R_55 \$55 \$55__par 459.4543
| * device instance _55 r0 *1 0,0 
| C_55 \$55__par VSS 1.340497e-15
| * device instance _56 r0 *1 0,0 
| R_56 \$56 \$56__par 459.4543
| * device instance _56 r0 *1 0,0 
| C_56 \$56__par VSS 1.340497e-15
| * device instance _57 r0 *1 0,0 
| R_57 \$57 \$57__par 459.4543
| * device instance _57 r0 *1 0,0 
| C_57 \$57__par VSS 1.340497e-15
| * device instance _58 r0 *1 0,0 
| R_58 \$58 \$58__par 459.4543
| * device instance _58 r0 *1 0,0 
| C_58 \$58__par VSS 1.340497e-15
| * device instance _59 r0 *1 0,0 
| R_59 \$59 \$59__par 459.4543
| * device instance _59 r0 *1 0,0 
| C_59 \$59__par VSS 1.340497e-15
| * device instance _6 r0 *1 0,0 
| R_6 \$6 \$6__par 459.4543
| * device instance _6 r0 *1 0,0 
| C_6 \$6__par VSS 1.340497e-15
| * device instance _60 r0 *1 0,0 
| R_60 \$60 \$60__par 459.4543
| * device instance _60 r0 *1 0,0 
| C_60 \$60__par VSS 1.340497e-15
| * device instance _61 r0 *1 0,0 
| R_61 \$61 \$61__par 459.4543
| * device instance _61 r0 *1 0,0 
| C_61 \$61__par VSS 1.340497e-15
| * device instance _62 r0 *1 0,0 
| R_62 \$62 \$62__par 459.4543
| * device instance _62 r0 *1 0,0 
| C_62 \$62__par VSS 1.340497e-15
| * device instance _63 r0 *1 0,0 
| R_63 \$63 \$63__par 461.0309
| * device instance _63 r0 *1 0,0 
| C_63 \$63__par VSS 1.593004e-15
| * device instance _64 r0 *1 0,0 
| R_64 \$64 \$64__par 460.222
| * device instance _64 r0 *1 0,0 
| C_64 \$64__par VSS 1.451162e-15
| * device instance _65 r0 *1 0,0 
| R_65 \$65 \$65__par 474.2366
| * device instance _65 r0 *1 0,0 
| C_65 \$65__par VSS 3.807621e-15
| * device instance _66 r0 *1 0,0 
| R_66 \$66 \$66__par 459.8061
| * device instance _66 r0 *1 0,0 
| C_66 \$66__par VSS 1.381301e-15
| * device instance _67 r0 *1 0,0 
| R_67 \$67 \$67__par 459.4543
| * device instance _67 r0 *1 0,0 
| C_67 \$67__par VSS 1.340497e-15
| * device instance _68 r0 *1 0,0 
| R_68 \$68 \$68__par 459.4543
| * device instance _68 r0 *1 0,0 
| C_68 \$68__par VSS 1.340497e-15
| * device instance _69 r0 *1 0,0 
| R_69 \$69 \$69__par 459.4543
| * device instance _69 r0 *1 0,0 
| C_69 \$69__par VSS 1.340497e-15
| * device instance _7 r0 *1 0,0 
| R_7 \$7 \$7__par 459.4543
| * device instance _7 r0 *1 0,0 
| C_7 \$7__par VSS 1.340497e-15
| * device instance _70 r0 *1 0,0 
| R_70 \$70 \$70__par 459.4543
| * device instance _70 r0 *1 0,0 
| C_70 \$70__par VSS 1.340497e-15
| * device instance _71 r0 *1 0,0 
| R_71 \$71 \$71__par 459.4543
| * device instance _71 r0 *1 0,0 
| C_71 \$71__par VSS 1.340497e-15
| * device instance _72 r0 *1 0,0 
| R_72 \$72 \$72__par 459.4543
| * device instance _72 r0 *1 0,0 
| C_72 \$72__par VSS 1.340497e-15
| * device instance _73 r0 *1 0,0 
| R_73 \$73 \$73__par 459.4543
| * device instance _73 r0 *1 0,0 
| C_73 \$73__par VSS 1.340497e-15
| * device instance _74 r0 *1 0,0 
| R_74 \$74 \$74__par 459.4543
| * device instance _74 r0 *1 0,0 
| C_74 \$74__par VSS 1.340497e-15
| * device instance _77 r0 *1 0,0 
| R_77 \$77 \$77__par 459.4543
| * device instance _77 r0 *1 0,0 
| C_77 \$77__par VSS 1.340497e-15
| * device instance _78 r0 *1 0,0 
| R_78 \$78 \$78__par 459.4543
| * device instance _78 r0 *1 0,0 
| C_78 \$78__par VSS 1.340497e-15
| * device instance _79 r0 *1 0,0 
| R_79 \$79 \$79__par 459.4543
| * device instance _79 r0 *1 0,0 
| C_79 \$79__par VSS 1.340497e-15
| * device instance _8 r0 *1 0,0 
| R_8 \$8 \$8__par 459.4543
| * device instance _8 r0 *1 0,0 
| C_8 \$8__par VSS 1.340497e-15
| * device instance _80 r0 *1 0,0 
| R_80 \$80 \$80__par 459.4543
| * device instance _80 r0 *1 0,0 
| C_80 \$80__par VSS 1.340497e-15
| * device instance _81 r0 *1 0,0 
| R_81 \$81 \$81__par 459.4543
| * device instance _81 r0 *1 0,0 
| C_81 \$81__par VSS 1.340497e-15
| * device instance _82 r0 *1 0,0 
| R_82 \$82 \$82__par 459.4543
| * device instance _82 r0 *1 0,0 
| C_82 \$82__par VSS 1.340497e-15
| * device instance _83 r0 *1 0,0 
| R_83 \$83 \$83__par 459.4543
| * device instance _83 r0 *1 0,0 
| C_83 \$83__par VSS 1.340497e-15
| * device instance _84 r0 *1 0,0 
| R_84 \$84 \$84__par 459.4543
| * device instance _84 r0 *1 0,0 
| C_84 \$84__par VSS 1.340497e-15
| * device instance _85 r0 *1 0,0 
| R_85 \$85 \$85__par 461.0309
| * device instance _85 r0 *1 0,0 
| C_85 \$85__par VSS 1.593004e-15
| * device instance _86 r0 *1 0,0 
| R_86 \$86 \$86__par 478.8734
| * device instance _86 r0 *1 0,0 
| C_86 \$86__par VSS 5.338457e-15
| * device instance _89 r0 *1 0,0 
| R_89 \$89 \$89__par 457.1105
| * device instance _89 r0 *1 0,0 
| C_89 \$89__par VSS 9.47525e-16
| * device instance _9 r0 *1 0,0 
| R_9 \$9 \$9__par 459.4543
| * device instance _9 r0 *1 0,0 
| C_9 \$9__par VSS 1.340497e-15
| * device instance _90 r0 *1 0,0 
| R_90 \$90 \$90__par 457.1105
| * device instance _90 r0 *1 0,0 
| C_90 \$90__par VSS 9.47525e-16
| * device instance _91 r0 *1 0,0 
| R_91 \$91 \$91__par 457.1105
| * device instance _91 r0 *1 0,0 
| C_91 \$91__par VSS 9.47525e-16
| * device instance _92 r0 *1 0,0 
| R_92 \$92 \$92__par 457.1105
| * device instance _92 r0 *1 0,0 
| C_92 \$92__par VSS 9.47525e-16
| * device instance _93 r0 *1 0,0 
| R_93 \$93 \$93__par 457.1105
| * device instance _93 r0 *1 0,0 
| C_93 \$93__par VSS 9.47525e-16
| * device instance _94 r0 *1 0,0 
| R_94 \$94 \$94__par 457.1105
| * device instance _94 r0 *1 0,0 
| C_94 \$94__par VSS 9.47525e-16
| * device instance _95 r0 *1 0,0 
| R_95 \$95 \$95__par 457.1105
| * device instance _95 r0 *1 0,0 
| C_95 \$95__par VSS 9.47525e-16
| * device instance _96 r0 *1 0,0 
| R_96 \$96 \$96__par 457.1105
| * device instance _96 r0 *1 0,0 
| C_96 \$96__par VSS 9.47525e-16
| * device instance _97 r0 *1 0,0 
| R_97 \$97 \$97__par 458.6901
| * device instance _97 r0 *1 0,0 
| C_97 \$97__par VSS 1.200031e-15
| * device instance _98 r0 *1 0,0 
| R_98 \$98 \$98__par 474.2366
| * device instance _98 r0 *1 0,0 
| C_98 \$98__par VSS 3.807621e-15
| * device instance _99 r0 *1 0,0 
| R_99 \$99 \$99__par 460.222
| * device instance _99 r0 *1 0,0 
| C_99 \$99__par VSS 1.451162e-15
| * device instance D1 r0 *1 0,0 
| RD1 D1 D1__par 9643.658
| * device instance D1 r0 *1 0,0 
| CD1 D1__par VSS 7.9703342e-14
| * device instance D2 r0 *1 0,0 
| RD2 D2 D2__par 9659.4838
| * device instance D2 r0 *1 0,0 
| CD2 D2__par VSS 8.2648071e-14
| * device instance GDRV r0 *1 0,0 
| RGDRV GDRV GDRV__par 20920.791
| * device instance GDRV r0 *1 0,0 
| CGDRV GDRV__par VSS 1.40761054e-13
| * device instance PN r0 *1 0,0 
| RPN PN PN__par 8920.9253
| * device instance PN r0 *1 0,0 
| CPN PN__par VSS 6.3621764e-14
| * device instance TAIL r0 *1 0,0 
| RTAIL TAIL TAIL__par 10827.2445
| * device instance TAIL r0 *1 0,0 
| CTAIL TAIL__par VSS 5.7810612e-14
| * device instance VA r0 *1 0,0 
| RVA VA VA__par 6903.9852
| * device instance VA r0 *1 0,0 
| CVA VA__par VSS 4.6590989e-14
| * device instance VB r0 *1 0,0 
| RVB VB VB__par 6783.55
| * device instance VB r0 *1 0,0 
| CVB VB__par VSS 3.7638601e-14
| * device instance VBQ r0 *1 0,0 
| RVBQ VBQ VBQ__par 564.47
| * device instance VBQ r0 *1 0,0 
| CVBQ VBQ__par VSS 1.5971187e-14
| * device instance VDD r0 *1 0,0 
| RVDD VDD VDD__par 70244.6434
| * device instance VDD r0 *1 0,0 
| CVDD VDD__par VSS 3.25468206e-13
| * device instance VOUT r0 *1 0,0 
| RVOUT VOUT VOUT__par 1055.699
| * device instance VOUT r0 *1 0,0 
| CVOUT VOUT__par VSS 1.4309707e-14
| * device instance VSS r0 *1 0,0 
| RVSS VSS VSS__par 15367.689
| * device instance VSS r0 *1 0,0 
| CVSS VSS__par VSS 3.04763245e-13
| .ENDS bandgap_core_routed
| .control
| save all
| dc temp -40 125 11
| meas dc vref27 FIND v(vref) AT=27
| let vspan = 165
| let meas_vref_27 = vref27
| let meas_vref_min = minimum(v(vref))
| let meas_vref_max = maximum(v(vref))
| let meas_tc_ppm = (maximum(v(vref))-minimum(v(vref)))/(vref27*vspan)*1e6
| let meas_n_temp_points = length(v(vref))
| print meas_vref_27
| print meas_vref_min
| print meas_vref_max
| print meas_tc_ppm
| print meas_n_temp_points
| quit
| .endc
| .end

# ==== ngspice stdout ====

Note: Compatibility modes selected: hs a


Circuit: * output-voltage-tc corner deck -- generated by sim/bin/corner-run.py, do not edit

option SCALE: Scale is set to 1e-06 for instance and model parameters
option SCALE: Scale is set to 1e-06 for instance and model parameters
option SCALE: Scale is set to 1e-06 for instance and model parameters
option SCALE: Scale is set to 1e-06 for instance and model parameters
Doing analysis at TEMP = 27.000000 and TNOM = 27.000000

Using KLU as Direct Linear Solver
 Reference value : -4.00000e+01
No. of Data Rows : 16
vref27              =  1.17967e+00
meas_vref_27 = 1.179667e+00
meas_vref_min = 1.151144e+00
meas_vref_max = 1.191085e+00
meas_tc_ppm = 2.051997e+02
meas_n_temp_points = 1.600000e+01
ngspice-47 done

# ==== ngspice stderr ====
Note: Starting dynamic gmin stepping
Note: Dynamic gmin stepping completed
Note: Starting dynamic gmin stepping
Note: Dynamic gmin stepping completed
Note: Starting dynamic gmin stepping
Note: Dynamic gmin stepping completed
Note: Starting dynamic gmin stepping
Note: Dynamic gmin stepping completed
Note: Starting dynamic gmin stepping
Note: Dynamic gmin stepping completed
Note: Starting dynamic gmin stepping
Note: Dynamic gmin stepping completed
