# corner: sf_-40c_2.97v
# process=sf temp=-40C supply=2.97V
# ngspice exit: 0
# result: PASS

# ==== deck (exact input given to ngspice) ====
| * error-amp-loop corner deck -- generated by sim/bin/corner-run.py, do not edit
| * corner: sf_-40c_2.97v
| .param vsup=2.97
| .option wnflag=1
| .temp -40
| .lib "/home/ubuntu/.volare/sky130A/libs.tech/combined/sky130.lib.spice" sf
| ** sch_path: sim/error-amp-loop/testbench/tb_error_amp_loop.sch
| **.subckt tb_error_amp_loop
| V1 VDD 0 'vsup'
| .save i(v1)
| VIBG VDD VDDBG 0
| .save i(vibg)
| VIREP VDD VDDR 0
| .save i(virep)
| XBG VREF GDRV VDDBG 0 bandgap_core
| XXPOUT VOUTR GDRVC VDDR VDDR sky130_fd_pr__pfet_g5v0d10v5 L=2 W=8 nf=1 ad=2.32 as=2.32 pd=16.58 ps=16.58 nrd=0.03625 nrs=0.03625 sa=0
| + sb=0 sd=0 mult='m_out' m='m_out'
| XXPAMP TAILX GDRVC VDDR VDDR sky130_fd_pr__pfet_g5v0d10v5 L=2 W=8 nf=1 ad=2.32 as=2.32 pd=16.58 ps=16.58 nrd=0.03625 nrs=0.03625 sa=0
| + sb=0 sd=0 mult='m_ampbias' m='m_ampbias'
| VTAIL TAILX TAILR 0
| .save i(vtail)
| VAVDD VDDR VDDA 0
| .save i(vavdd)
| XAMPR VBC VAN GDRVA TAILR VDDA 0 error_amp
| VOSINJ VAN VAC 0 ac 0
| VINJ GDRVC GDRVA 0 ac 1
| XXRA VAC VOUTR 0 sky130_fd_pr__res_high_po W='r_w' L='r_lseg*n_r2' mult=1 m=1
| XXRB VBC VOUTR 0 sky130_fd_pr__res_high_po W='r_w' L='r_lseg*n_r2' mult=1 m=1
| XXQ1R 0 0 VAC sky130_fd_pr__pnp_05v5_W0p68L0p68 m='n_pnp_ctat' mult='n_pnp_ctat'
| XXR1R VBQR VBC 0 sky130_fd_pr__res_high_po W='r_w' L='r_lseg*n_r1' mult=1 m=1
| XXQ2R 0 0 VBQR sky130_fd_pr__pnp_05v5_W3p40L3p40 m='n_pnp_ptat' mult='n_pnp_ptat'
| **** begin user architecture code
| 
| 
| * ---- replica core parameters: must match design/bandgap_core.sch ----
| * (guarded by the vref_delta measurement, which compares the replica against
| * the real cell on every corner)
| .param n_pnp_ctat=8
| .param n_pnp_ptat=8
| .param r_w=1
| .param r_lseg=5
| .param n_r1=7
| .param n_r2=54
| .param m_out=2
| .param m_ampbias=2
| 
| * DC-solver seed, not a forced solution. bandgap_core has a stable
| * zero-current state by construction (issue #10's startup circuit is what
| * breaks it in silicon); a .nodeset only biases the initial guess and is
| * removed before the final Newton iterations, so the reported operating point
| * is a genuine solution.
| .nodeset v(vref)=1.2 v(gdrv)=2.2 v(voutr)=1.2 v(gdrva)=2.2 v(gdrvc)=2.2
| 
| 
| **** end user architecture code
| **.ends
| 
| * expanding   symbol:  design/bandgap_core.sym # of pins=4
| ** sym_path: design/bandgap_core.sym
| ** sch_path: design/bandgap_core.sch
| .subckt bandgap_core VOUT GDRV VDD VSS
| *.opin VOUT
| *.iopin GDRV
| *.iopin VDD
| *.iopin VSS
| **** begin user architecture code
| 
| 
| * ---- Kuijk core parameters (issue #8) ----
| * PNP emitter-area ratio N is built ONLY from paralleled unit devices:
| *   N = (n_pnp_ptat * 11.56 um2) / (n_pnp_ctat * 0.4624 um2)
| * Keep both counts equal to hold the pair's measured dVBE while lowering the
| * per-unit current and sigma(dVBE); raise n_pnp_ptat alone for more PTAT.
| .param n_pnp_ctat=8
| .param n_pnp_ptat=8
| * res_high_po unit segment: W = r_w um, L = r_lseg um (R ~ 380 + 325*L ohm)
| .param r_w=1
| .param r_lseg=5
| * segment counts. K = R2/R1 is set by the integer ratio n_r2/n_r1.
| .param n_r1=7
| .param n_r2=54
| * PMOS mirror multiplicities (unit device W=8u L=2u)
| .param m_out=2
| .param m_ampbias=2
| 
| 
| **** end user architecture code
| XMPOUT VOUT GDRV VDD VDD sky130_fd_pr__pfet_g5v0d10v5 L=2 W=8 nf=1 ad=2.32 as=2.32 pd=16.58 ps=16.58 nrd=0.03625 nrs=0.03625 sa=0 sb=0
| + sd=0 mult='m_out' m='m_out'
| XMPAMP TAIL GDRV VDD VDD sky130_fd_pr__pfet_g5v0d10v5 L=2 W=8 nf=1 ad=2.32 as=2.32 pd=16.58 ps=16.58 nrd=0.03625 nrs=0.03625 sa=0 sb=0
| + sd=0 mult='m_ampbias' m='m_ampbias'
| XAMP VB VA GDRV TAIL VDD VSS error_amp
| XR2A VA VOUT VSS sky130_fd_pr__res_high_po W='r_w' L='r_lseg*n_r2' mult=1 m=1
| XR2B VB VOUT VSS sky130_fd_pr__res_high_po W='r_w' L='r_lseg*n_r2' mult=1 m=1
| XQ1 VSS VSS VA sky130_fd_pr__pnp_05v5_W0p68L0p68 m='n_pnp_ctat' mult='n_pnp_ctat'
| XR1 VBQ VB VSS sky130_fd_pr__res_high_po W='r_w' L='r_lseg*n_r1' mult=1 m=1
| XQ2 VSS VSS VBQ sky130_fd_pr__pnp_05v5_W3p40L3p40 m='n_pnp_ptat' mult='n_pnp_ptat'
| .ends
| 
| 
| * expanding   symbol:  design/error_amp.sym # of pins=6
| ** sym_path: design/error_amp.sym
| ** sch_path: design/error_amp.sch
| .subckt error_amp VINP VINN AOUT ITAIL VDD VSS
| *.ipin VINP
| *.ipin VINN
| *.opin AOUT
| *.iopin ITAIL
| *.iopin VDD
| *.iopin VSS
| **** begin user architecture code
| 
| 
| * ---- error-amp device multiplicities (issue #9 sizing) ----
| * Unit geometry is fixed on the instances below; mult is the matching axis
| * (sigma(Vth) scales as 1/sqrt(W*L*mult) in the PDK's own model).
| * amp_m_in    : input-pair PMOS units   (W=20u L=10u each -> 3200 um^2 total)
| * amp_m_nmirr : NMOS load/mirror units  (W=8u  L=20u each ->  640 um^2 total)
| * amp_m_pmirr : PMOS mirror units       (W=6u  L=20u each ->  960 um^2 total)
| * amp_m_cc    : MOS-capacitor units     (W=30u L=20u each -> 9600 um^2 total)
| .param amp_m_in=16
| .param amp_m_nmirr=4
| .param amp_m_pmirr=8
| .param amp_m_cc=16
| 
| 
| **** end user architecture code
| XMP1 D1 VINP ITAIL VDD sky130_fd_pr__pfet_g5v0d10v5 L=10 W=20 nf=1 ad=5.8 as=5.8 pd=40.58 ps=40.58 nrd=0.0145 nrs=0.0145 sa=0 sb=0 sd=0 mult='amp_m_in' m='amp_m_in'
| XMP2 D2 VINN ITAIL VDD sky130_fd_pr__pfet_g5v0d10v5 L=10 W=20 nf=1 ad=5.8 as=5.8 pd=40.58 ps=40.58 nrd=0.0145 nrs=0.0145 sa=0 sb=0 sd=0 mult='amp_m_in' m='amp_m_in'
| XMN1 D1 D1 VSS VSS sky130_fd_pr__nfet_g5v0d10v5 L=20 W=8 nf=1 ad=2.32 as=2.32 pd=16.58 ps=16.58 nrd=0.03625 nrs=0.03625 sa=0 sb=0 sd=0 mult='amp_m_nmirr' m='amp_m_nmirr'
| XMN2 D2 D2 VSS VSS sky130_fd_pr__nfet_g5v0d10v5 L=20 W=8 nf=1 ad=2.32 as=2.32 pd=16.58 ps=16.58 nrd=0.03625 nrs=0.03625 sa=0 sb=0 sd=0 mult='amp_m_nmirr' m='amp_m_nmirr'
| XMN3 AOUT D1 VSS VSS sky130_fd_pr__nfet_g5v0d10v5 L=20 W=8 nf=1 ad=2.32 as=2.32 pd=16.58 ps=16.58 nrd=0.03625 nrs=0.03625 sa=0 sb=0 sd=0 mult='amp_m_nmirr' m='amp_m_nmirr'
| XMN4 PN D2 VSS VSS sky130_fd_pr__nfet_g5v0d10v5 L=20 W=8 nf=1 ad=2.32 as=2.32 pd=16.58 ps=16.58 nrd=0.03625 nrs=0.03625 sa=0 sb=0 sd=0 mult='amp_m_nmirr' m='amp_m_nmirr'
| XMP4 AOUT PN VDD VDD sky130_fd_pr__pfet_g5v0d10v5 L=20 W=6 nf=1 ad=1.74 as=1.74 pd=12.58 ps=12.58 nrd=0.0483333333333333 nrs=0.0483333333333333 sa=0 sb=0 sd=0 mult='amp_m_pmirr' m='amp_m_pmirr'
| XMP3 PN PN VDD VDD sky130_fd_pr__pfet_g5v0d10v5 L=20 W=6 nf=1 ad=1.74 as=1.74 pd=12.58 ps=12.58 nrd=0.0483333333333333 nrs=0.0483333333333333 sa=0 sb=0 sd=0 mult='amp_m_pmirr' m='amp_m_pmirr'
| XMCC VDD AOUT VDD VDD sky130_fd_pr__pfet_g5v0d10v5 L=20 W=30 nf=1 ad=8.7 as=8.7 pd=60.58 ps=60.58 nrd=0.00966666666666667 nrs=0.00966666666666667 sa=0 sb=0 sd=0 mult='amp_m_cc' m='amp_m_cc'
| .ends
| 
| .control
| save all
| op
| let gmin = @m.xbg.xamp.xmp1.msky130_fd_pr__pfet_g5v0d10v5[gm]
| let gmn = @m.xbg.xamp.xmn1.msky130_fd_pr__nfet_g5v0d10v5[gm]
| let gmp = @m.xbg.xamp.xmp3.msky130_fd_pr__pfet_g5v0d10v5[gm]
| let idin = @m.xbg.xamp.xmp1.msky130_fd_pr__pfet_g5v0d10v5[id]
| ac dec 20 0.01 1e9
| let tdb = db(-v(gdrva)/v(gdrvc))
| let tph = 180*cph(-v(gdrva)/v(gdrvc))/pi
| meas ac t0dc find tdb at=0.01
| meas ac ugf when tdb=0 fall=1
| meas ac phugf find tph when tdb=0 fall=1
| meas ac f180 when tph=-180 fall=1
| meas ac gmdb find tdb when tph=-180 fall=1
| alter @vinj[acmag]=0
| alter @v1[acmag]=1
| ac lin 1 0.01 0.01
| let psrrdb = -db(v(vref))
| alter @v1[acmag]=0
| alter @vosinj[acmag]=1
| ac lin 1 0.01 0.01
| let aos = mag(v(voutr))
| let meas_vref_delta = abs(op1.v(vref)-op1.v(voutr))
| let meas_iq_delta = abs(op1.i(vibg)-op1.i(virep))
| let meas_iq_total = op1.i(vibg)
| let meas_iq_amp = op1.i(vtail)+op1.i(vavdd)
| let meas_iq_core = op1.i(virep)-op1.i(vtail)-op1.i(vavdd)
| let meas_loop_gain_dc = ac1.t0dc
| let meas_ugf = ac1.ugf
| let meas_phase_margin = 180+ac1.phugf
| let meas_gain_margin = -ac1.gmdb
| let meas_f180 = ac1.f180
| let meas_psrr_dc = ac2.psrrdb
| let meas_offset_gain = ac3.aos
| let meas_vos_sys = op1.v(vbc)-op1.v(vac)
| let meas_vcm_in = op1.v(vac)
| let meas_gm_in = op1.gmin
| let meas_gm_nload = op1.gmn
| let meas_gm_pmirr = op1.gmp
| let meas_id_in = op1.idin
| print meas_vref_delta
| print meas_iq_delta
| print meas_iq_total
| print meas_iq_amp
| print meas_iq_core
| print meas_loop_gain_dc
| print meas_ugf
| print meas_phase_margin
| print meas_gain_margin
| print meas_f180
| print meas_psrr_dc
| print meas_offset_gain
| print meas_vos_sys
| print meas_vcm_in
| print meas_gm_in
| print meas_gm_nload
| print meas_gm_pmirr
| print meas_id_in
| quit
| .endc
| .end

# ==== ngspice stdout ====

Note: Compatibility modes selected: hs a


Circuit: * error-amp-loop corner deck -- generated by sim/bin/corner-run.py, do not edit

option SCALE: Scale is set to 1e-06 for instance and model parameters
option SCALE: Scale is set to 1e-06 for instance and model parameters
option SCALE: Scale is set to 1e-06 for instance and model parameters
option SCALE: Scale is set to 1e-06 for instance and model parameters
Doing analysis at TEMP = -40.000000 and TNOM = 27.000000

Using KLU as Direct Linear Solver
 Reference value :  0.00000e+00
No. of Data Rows : 1
Doing analysis at TEMP = -40.000000 and TNOM = 27.000000

Using KLU as Direct Linear Solver

No. of Data Rows : 221
t0dc                =  5.00360e+01
ugf                 =  2.12056e+05
phugf               =  -1.15724e+02
f180                =  7.75838e+05
gmdb                =  -1.15159e+01
Doing analysis at TEMP = -40.000000 and TNOM = 27.000000

Using KLU as Direct Linear Solver

No. of Data Rows : 1
Doing analysis at TEMP = -40.000000 and TNOM = 27.000000

Using KLU as Direct Linear Solver

No. of Data Rows : 1
meas_vref_delta = 2.911671e-12
meas_iq_delta = 4.784879e-15
meas_iq_total = 2.492330e-05
meas_iq_amp = 1.630244e-05
meas_iq_core = 8.620861e-06
meas_loop_gain_dc = 5.003597e+01
meas_ugf = 2.120558e+05
meas_phase_margin = 6.427600e+01
meas_gain_margin = 1.151589e+01
meas_f180 = 7.758378e+05
meas_psrr_dc = 1.044934e+02
meas_offset_gain = 9.570083e+00
meas_vos_sys = 8.212554e-05
meas_vcm_in = 8.384593e-01
meas_gm_in = 7.642939e-05
meas_gm_nload = 4.054922e-05
meas_gm_pmirr = 2.821365e-05
meas_id_in = 4.068325e-06
ngspice-46 done

# ==== ngspice stderr ====
Note: Starting dynamic gmin stepping
Note: Dynamic gmin stepping completed
Note: Starting dynamic gmin stepping
Note: Dynamic gmin stepping completed
Note: Starting dynamic gmin stepping
Note: Dynamic gmin stepping completed
Note: Starting dynamic gmin stepping
Note: Dynamic gmin stepping completed
