# corner: sf_-40c_3.30v
# process=sf temp=-40C supply=3.30V
# ngspice exit: 0
# result: PASS

# ==== deck (exact input given to ngspice) ====
| * mos-matching-characterization corner deck -- generated by sim/bin/corner-run.py, do not edit
| * corner: sf_-40c_3.30v
| .param vsup=3.3
| .temp -40
| .lib "/Users/rwalters/.volare/sky130A/libs.tech/combined/sky130.lib.spice" sf
| ** sch_path: sim/mos-matching-characterization/testbench/tb_mos_matching.sch
| **.subckt tb_mos_matching
| XMNA2u VD_NA2u VD_NA2u 0 0 sky130_fd_pr__nfet_g5v0d10v5 L=1 W=4 nf=1 ad=1.16 as=1.16 pd=8.58 ps=8.58 nrd=0.0725 nrs=0.0725 sa=0
| + sb=0 sd=0 mult=1 m=1
| INA2u 0 VD_NA2u 2e-06
| XMPA2u 0 0 VS_PA2u VS_PA2u sky130_fd_pr__pfet_g5v0d10v5 L=1 W=4 nf=1 ad=1.16 as=1.16 pd=8.58 ps=8.58 nrd=0.0725 nrs=0.0725 sa=0
| + sb=0 sd=0 mult=1 m=1
| IPA2u 0 VS_PA2u 2e-06
| XMNA5u VD_NA5u VD_NA5u 0 0 sky130_fd_pr__nfet_g5v0d10v5 L=1 W=4 nf=1 ad=1.16 as=1.16 pd=8.58 ps=8.58 nrd=0.0725 nrs=0.0725 sa=0
| + sb=0 sd=0 mult=1 m=1
| INA5u 0 VD_NA5u 5e-06
| XMPA5u 0 0 VS_PA5u VS_PA5u sky130_fd_pr__pfet_g5v0d10v5 L=1 W=4 nf=1 ad=1.16 as=1.16 pd=8.58 ps=8.58 nrd=0.0725 nrs=0.0725 sa=0
| + sb=0 sd=0 mult=1 m=1
| IPA5u 0 VS_PA5u 5e-06
| XMNA20u VD_NA20u VD_NA20u 0 0 sky130_fd_pr__nfet_g5v0d10v5 L=1 W=4 nf=1 ad=1.16 as=1.16 pd=8.58 ps=8.58 nrd=0.0725 nrs=0.0725 sa=0
| + sb=0 sd=0 mult=1 m=1
| INA20u 0 VD_NA20u 2e-05
| XMPA20u 0 0 VS_PA20u VS_PA20u sky130_fd_pr__pfet_g5v0d10v5 L=1 W=4 nf=1 ad=1.16 as=1.16 pd=8.58 ps=8.58 nrd=0.0725 nrs=0.0725 sa=0
| + sb=0 sd=0 mult=1 m=1
| IPA20u 0 VS_PA20u 2e-05
| XMNB2u VD_NB2u VD_NB2u 0 0 sky130_fd_pr__nfet_g5v0d10v5 L=2 W=8 nf=1 ad=2.32 as=2.32 pd=16.58 ps=16.58 nrd=0.03625 nrs=0.03625
| + sa=0 sb=0 sd=0 mult=1 m=1
| INB2u 0 VD_NB2u 2e-06
| XMPB2u 0 0 VS_PB2u VS_PB2u sky130_fd_pr__pfet_g5v0d10v5 L=2 W=8 nf=1 ad=2.32 as=2.32 pd=16.58 ps=16.58 nrd=0.03625 nrs=0.03625
| + sa=0 sb=0 sd=0 mult=1 m=1
| IPB2u 0 VS_PB2u 2e-06
| XMNB5u VD_NB5u VD_NB5u 0 0 sky130_fd_pr__nfet_g5v0d10v5 L=2 W=8 nf=1 ad=2.32 as=2.32 pd=16.58 ps=16.58 nrd=0.03625 nrs=0.03625
| + sa=0 sb=0 sd=0 mult=1 m=1
| INB5u 0 VD_NB5u 5e-06
| XMPB5u 0 0 VS_PB5u VS_PB5u sky130_fd_pr__pfet_g5v0d10v5 L=2 W=8 nf=1 ad=2.32 as=2.32 pd=16.58 ps=16.58 nrd=0.03625 nrs=0.03625
| + sa=0 sb=0 sd=0 mult=1 m=1
| IPB5u 0 VS_PB5u 5e-06
| XMNB20u VD_NB20u VD_NB20u 0 0 sky130_fd_pr__nfet_g5v0d10v5 L=2 W=8 nf=1 ad=2.32 as=2.32 pd=16.58 ps=16.58 nrd=0.03625 nrs=0.03625
| + sa=0 sb=0 sd=0 mult=1 m=1
| INB20u 0 VD_NB20u 2e-05
| XMPB20u 0 0 VS_PB20u VS_PB20u sky130_fd_pr__pfet_g5v0d10v5 L=2 W=8 nf=1 ad=2.32 as=2.32 pd=16.58 ps=16.58 nrd=0.03625 nrs=0.03625
| + sa=0 sb=0 sd=0 mult=1 m=1
| IPB20u 0 VS_PB20u 2e-05
| **.ends
| .control
| save all
| op
| let meas_mna2u_id = @m.xmNA2u.msky130_fd_pr__nfet_g5v0d10v5[id]
| let meas_mna2u_vth = @m.xmNA2u.msky130_fd_pr__nfet_g5v0d10v5[vth]
| let meas_mna2u_vov = @m.xmNA2u.msky130_fd_pr__nfet_g5v0d10v5[vgs] - @m.xmNA2u.msky130_fd_pr__nfet_g5v0d10v5[vth]
| let meas_mna2u_gmid = @m.xmNA2u.msky130_fd_pr__nfet_g5v0d10v5[gm] / @m.xmNA2u.msky130_fd_pr__nfet_g5v0d10v5[id]
| let meas_mna5u_id = @m.xmNA5u.msky130_fd_pr__nfet_g5v0d10v5[id]
| let meas_mna5u_vth = @m.xmNA5u.msky130_fd_pr__nfet_g5v0d10v5[vth]
| let meas_mna5u_vov = @m.xmNA5u.msky130_fd_pr__nfet_g5v0d10v5[vgs] - @m.xmNA5u.msky130_fd_pr__nfet_g5v0d10v5[vth]
| let meas_mna5u_gmid = @m.xmNA5u.msky130_fd_pr__nfet_g5v0d10v5[gm] / @m.xmNA5u.msky130_fd_pr__nfet_g5v0d10v5[id]
| let meas_mna20u_id = @m.xmNA20u.msky130_fd_pr__nfet_g5v0d10v5[id]
| let meas_mna20u_vth = @m.xmNA20u.msky130_fd_pr__nfet_g5v0d10v5[vth]
| let meas_mna20u_vov = @m.xmNA20u.msky130_fd_pr__nfet_g5v0d10v5[vgs] - @m.xmNA20u.msky130_fd_pr__nfet_g5v0d10v5[vth]
| let meas_mna20u_gmid = @m.xmNA20u.msky130_fd_pr__nfet_g5v0d10v5[gm] / @m.xmNA20u.msky130_fd_pr__nfet_g5v0d10v5[id]
| let meas_mnb2u_id = @m.xmNB2u.msky130_fd_pr__nfet_g5v0d10v5[id]
| let meas_mnb2u_vth = @m.xmNB2u.msky130_fd_pr__nfet_g5v0d10v5[vth]
| let meas_mnb2u_vov = @m.xmNB2u.msky130_fd_pr__nfet_g5v0d10v5[vgs] - @m.xmNB2u.msky130_fd_pr__nfet_g5v0d10v5[vth]
| let meas_mnb2u_gmid = @m.xmNB2u.msky130_fd_pr__nfet_g5v0d10v5[gm] / @m.xmNB2u.msky130_fd_pr__nfet_g5v0d10v5[id]
| let meas_mnb5u_id = @m.xmNB5u.msky130_fd_pr__nfet_g5v0d10v5[id]
| let meas_mnb5u_vth = @m.xmNB5u.msky130_fd_pr__nfet_g5v0d10v5[vth]
| let meas_mnb5u_vov = @m.xmNB5u.msky130_fd_pr__nfet_g5v0d10v5[vgs] - @m.xmNB5u.msky130_fd_pr__nfet_g5v0d10v5[vth]
| let meas_mnb5u_gmid = @m.xmNB5u.msky130_fd_pr__nfet_g5v0d10v5[gm] / @m.xmNB5u.msky130_fd_pr__nfet_g5v0d10v5[id]
| let meas_mnb20u_id = @m.xmNB20u.msky130_fd_pr__nfet_g5v0d10v5[id]
| let meas_mnb20u_vth = @m.xmNB20u.msky130_fd_pr__nfet_g5v0d10v5[vth]
| let meas_mnb20u_vov = @m.xmNB20u.msky130_fd_pr__nfet_g5v0d10v5[vgs] - @m.xmNB20u.msky130_fd_pr__nfet_g5v0d10v5[vth]
| let meas_mnb20u_gmid = @m.xmNB20u.msky130_fd_pr__nfet_g5v0d10v5[gm] / @m.xmNB20u.msky130_fd_pr__nfet_g5v0d10v5[id]
| let meas_mpa2u_id = @m.xmPA2u.msky130_fd_pr__pfet_g5v0d10v5[id]
| let meas_mpa2u_vth = @m.xmPA2u.msky130_fd_pr__pfet_g5v0d10v5[vth]
| let meas_mpa2u_vov = @m.xmPA2u.msky130_fd_pr__pfet_g5v0d10v5[vgs] - @m.xmPA2u.msky130_fd_pr__pfet_g5v0d10v5[vth]
| let meas_mpa2u_gmid = @m.xmPA2u.msky130_fd_pr__pfet_g5v0d10v5[gm] / @m.xmPA2u.msky130_fd_pr__pfet_g5v0d10v5[id]
| let meas_mpa5u_id = @m.xmPA5u.msky130_fd_pr__pfet_g5v0d10v5[id]
| let meas_mpa5u_vth = @m.xmPA5u.msky130_fd_pr__pfet_g5v0d10v5[vth]
| let meas_mpa5u_vov = @m.xmPA5u.msky130_fd_pr__pfet_g5v0d10v5[vgs] - @m.xmPA5u.msky130_fd_pr__pfet_g5v0d10v5[vth]
| let meas_mpa5u_gmid = @m.xmPA5u.msky130_fd_pr__pfet_g5v0d10v5[gm] / @m.xmPA5u.msky130_fd_pr__pfet_g5v0d10v5[id]
| let meas_mpa20u_id = @m.xmPA20u.msky130_fd_pr__pfet_g5v0d10v5[id]
| let meas_mpa20u_vth = @m.xmPA20u.msky130_fd_pr__pfet_g5v0d10v5[vth]
| let meas_mpa20u_vov = @m.xmPA20u.msky130_fd_pr__pfet_g5v0d10v5[vgs] - @m.xmPA20u.msky130_fd_pr__pfet_g5v0d10v5[vth]
| let meas_mpa20u_gmid = @m.xmPA20u.msky130_fd_pr__pfet_g5v0d10v5[gm] / @m.xmPA20u.msky130_fd_pr__pfet_g5v0d10v5[id]
| let meas_mpb2u_id = @m.xmPB2u.msky130_fd_pr__pfet_g5v0d10v5[id]
| let meas_mpb2u_vth = @m.xmPB2u.msky130_fd_pr__pfet_g5v0d10v5[vth]
| let meas_mpb2u_vov = @m.xmPB2u.msky130_fd_pr__pfet_g5v0d10v5[vgs] - @m.xmPB2u.msky130_fd_pr__pfet_g5v0d10v5[vth]
| let meas_mpb2u_gmid = @m.xmPB2u.msky130_fd_pr__pfet_g5v0d10v5[gm] / @m.xmPB2u.msky130_fd_pr__pfet_g5v0d10v5[id]
| let meas_mpb5u_id = @m.xmPB5u.msky130_fd_pr__pfet_g5v0d10v5[id]
| let meas_mpb5u_vth = @m.xmPB5u.msky130_fd_pr__pfet_g5v0d10v5[vth]
| let meas_mpb5u_vov = @m.xmPB5u.msky130_fd_pr__pfet_g5v0d10v5[vgs] - @m.xmPB5u.msky130_fd_pr__pfet_g5v0d10v5[vth]
| let meas_mpb5u_gmid = @m.xmPB5u.msky130_fd_pr__pfet_g5v0d10v5[gm] / @m.xmPB5u.msky130_fd_pr__pfet_g5v0d10v5[id]
| let meas_mpb20u_id = @m.xmPB20u.msky130_fd_pr__pfet_g5v0d10v5[id]
| let meas_mpb20u_vth = @m.xmPB20u.msky130_fd_pr__pfet_g5v0d10v5[vth]
| let meas_mpb20u_vov = @m.xmPB20u.msky130_fd_pr__pfet_g5v0d10v5[vgs] - @m.xmPB20u.msky130_fd_pr__pfet_g5v0d10v5[vth]
| let meas_mpb20u_gmid = @m.xmPB20u.msky130_fd_pr__pfet_g5v0d10v5[gm] / @m.xmPB20u.msky130_fd_pr__pfet_g5v0d10v5[id]
| print meas_mna2u_id
| print meas_mna2u_vth
| print meas_mna2u_vov
| print meas_mna2u_gmid
| print meas_mna5u_id
| print meas_mna5u_vth
| print meas_mna5u_vov
| print meas_mna5u_gmid
| print meas_mna20u_id
| print meas_mna20u_vth
| print meas_mna20u_vov
| print meas_mna20u_gmid
| print meas_mnb2u_id
| print meas_mnb2u_vth
| print meas_mnb2u_vov
| print meas_mnb2u_gmid
| print meas_mnb5u_id
| print meas_mnb5u_vth
| print meas_mnb5u_vov
| print meas_mnb5u_gmid
| print meas_mnb20u_id
| print meas_mnb20u_vth
| print meas_mnb20u_vov
| print meas_mnb20u_gmid
| print meas_mpa2u_id
| print meas_mpa2u_vth
| print meas_mpa2u_vov
| print meas_mpa2u_gmid
| print meas_mpa5u_id
| print meas_mpa5u_vth
| print meas_mpa5u_vov
| print meas_mpa5u_gmid
| print meas_mpa20u_id
| print meas_mpa20u_vth
| print meas_mpa20u_vov
| print meas_mpa20u_gmid
| print meas_mpb2u_id
| print meas_mpb2u_vth
| print meas_mpb2u_vov
| print meas_mpb2u_gmid
| print meas_mpb5u_id
| print meas_mpb5u_vth
| print meas_mpb5u_vov
| print meas_mpb5u_gmid
| print meas_mpb20u_id
| print meas_mpb20u_vth
| print meas_mpb20u_vov
| print meas_mpb20u_gmid
| quit
| .endc
| .end

# ==== ngspice stdout ====

Note: Compatibility modes selected: hs a


Circuit: * mos-matching-characterization corner deck -- generated by sim/bin/corner-run.py, do not edit

option SCALE: Scale is set to 1e-06 for instance and model parameters
option SCALE: Scale is set to 1e-06 for instance and model parameters
option SCALE: Scale is set to 1e-06 for instance and model parameters
option SCALE: Scale is set to 1e-06 for instance and model parameters
Doing analysis at TEMP = -40.000000 and TNOM = 27.000000

Using KLU as Direct Linear Solver
 Reference value :  0.00000e+00
No. of Data Rows : 1
meas_mna2u_id = 1.999999e-06
meas_mna2u_vth = 8.159047e-01
meas_mna2u_vov = 4.361982e-02
meas_mna2u_gmid = 1.939437e+01
meas_mna5u_id = 4.999999e-06
meas_mna5u_vth = 8.159431e-01
meas_mna5u_vov = 9.749172e-02
meas_mna5u_gmid = 1.458378e+01
meas_mna20u_id = 2.000000e-05
meas_mna20u_vth = 8.161366e-01
meas_mna20u_vov = 2.286418e-01
meas_mna20u_gmid = 7.592776e+00
meas_mnb2u_id = 1.999999e-06
meas_mnb2u_vth = 8.217029e-01
meas_mnb2u_vov = 5.580085e-02
meas_mnb2u_gmid = 1.867880e+01
meas_mnb5u_id = 4.999999e-06
meas_mnb5u_vth = 8.217236e-01
meas_mnb5u_vov = 1.125364e-01
meas_mnb5u_gmid = 1.376335e+01
meas_mnb20u_id = 2.000000e-05
meas_mnb20u_vth = 8.218272e-01
meas_mnb20u_vov = 2.519270e-01
meas_mnb20u_gmid = 7.232985e+00
meas_mpa2u_id = 1.999999e-06
meas_mpa2u_vth = 1.194287e+00
meas_mpa2u_vov = 1.202210e-01
meas_mpa2u_gmid = 1.401679e+01
meas_mpa5u_id = 4.999999e-06
meas_mpa5u_vth = 1.194405e+00
meas_mpa5u_vov = 1.995405e-01
meas_mpa5u_gmid = 9.324887e+00
meas_mpa20u_id = 2.000000e-05
meas_mpa20u_vth = 1.194994e+00
meas_mpa20u_vov = 4.207545e-01
meas_mpa20u_gmid = 4.269888e+00
meas_mpb2u_id = 1.999987e-06
meas_mpb2u_vth = 1.232066e+00
meas_mpb2u_vov = 1.137325e-01
meas_mpb2u_gmid = 1.237021e+01
meas_mpb5u_id = 4.999968e-06
meas_mpb5u_vth = 1.232122e+00
meas_mpb5u_vov = 2.028148e-01
meas_mpb5u_gmid = 8.428951e+00
meas_mpb20u_id = 1.999986e-05
meas_mpb20u_vth = 1.232402e+00
meas_mpb20u_vov = 4.392870e-01
meas_mpb20u_gmid = 4.136122e+00
ngspice-46 done

# ==== ngspice stderr ====

