# corner: sf_125c_3.30v
# process=sf temp=125C supply=3.30V
# ngspice exit: 0
# result: PASS

# ==== deck (exact input given to ngspice) ====
| * mos-matching-characterization corner deck -- generated by sim/bin/corner-run.py, do not edit
| * corner: sf_125c_3.30v
| .param vsup=3.3
| .temp 125
| .lib "/Users/rwalters/.volare/sky130A/libs.tech/combined/sky130.lib.spice" sf
| ** sch_path: sim/mos-matching-characterization/testbench/tb_mos_matching.sch
| **.subckt tb_mos_matching
| XMNA2u VD_NA2u VD_NA2u 0 0 sky130_fd_pr__nfet_g5v0d10v5 L=1 W=4 nf=1 ad=1.16 as=1.16 pd=8.58 ps=8.58 nrd=0.0725 nrs=0.0725 sa=0
| + sb=0 sd=0 mult=1 m=1
| INA2u 0 VD_NA2u 2e-06
| XMPA2u 0 0 VS_PA2u VS_PA2u sky130_fd_pr__pfet_g5v0d10v5 L=1 W=4 nf=1 ad=1.16 as=1.16 pd=8.58 ps=8.58 nrd=0.0725 nrs=0.0725 sa=0
| + sb=0 sd=0 mult=1 m=1
| IPA2u 0 VS_PA2u 2e-06
| XMNA5u VD_NA5u VD_NA5u 0 0 sky130_fd_pr__nfet_g5v0d10v5 L=1 W=4 nf=1 ad=1.16 as=1.16 pd=8.58 ps=8.58 nrd=0.0725 nrs=0.0725 sa=0
| + sb=0 sd=0 mult=1 m=1
| INA5u 0 VD_NA5u 5e-06
| XMPA5u 0 0 VS_PA5u VS_PA5u sky130_fd_pr__pfet_g5v0d10v5 L=1 W=4 nf=1 ad=1.16 as=1.16 pd=8.58 ps=8.58 nrd=0.0725 nrs=0.0725 sa=0
| + sb=0 sd=0 mult=1 m=1
| IPA5u 0 VS_PA5u 5e-06
| XMNA20u VD_NA20u VD_NA20u 0 0 sky130_fd_pr__nfet_g5v0d10v5 L=1 W=4 nf=1 ad=1.16 as=1.16 pd=8.58 ps=8.58 nrd=0.0725 nrs=0.0725 sa=0
| + sb=0 sd=0 mult=1 m=1
| INA20u 0 VD_NA20u 2e-05
| XMPA20u 0 0 VS_PA20u VS_PA20u sky130_fd_pr__pfet_g5v0d10v5 L=1 W=4 nf=1 ad=1.16 as=1.16 pd=8.58 ps=8.58 nrd=0.0725 nrs=0.0725 sa=0
| + sb=0 sd=0 mult=1 m=1
| IPA20u 0 VS_PA20u 2e-05
| XMNB2u VD_NB2u VD_NB2u 0 0 sky130_fd_pr__nfet_g5v0d10v5 L=2 W=8 nf=1 ad=2.32 as=2.32 pd=16.58 ps=16.58 nrd=0.03625 nrs=0.03625
| + sa=0 sb=0 sd=0 mult=1 m=1
| INB2u 0 VD_NB2u 2e-06
| XMPB2u 0 0 VS_PB2u VS_PB2u sky130_fd_pr__pfet_g5v0d10v5 L=2 W=8 nf=1 ad=2.32 as=2.32 pd=16.58 ps=16.58 nrd=0.03625 nrs=0.03625
| + sa=0 sb=0 sd=0 mult=1 m=1
| IPB2u 0 VS_PB2u 2e-06
| XMNB5u VD_NB5u VD_NB5u 0 0 sky130_fd_pr__nfet_g5v0d10v5 L=2 W=8 nf=1 ad=2.32 as=2.32 pd=16.58 ps=16.58 nrd=0.03625 nrs=0.03625
| + sa=0 sb=0 sd=0 mult=1 m=1
| INB5u 0 VD_NB5u 5e-06
| XMPB5u 0 0 VS_PB5u VS_PB5u sky130_fd_pr__pfet_g5v0d10v5 L=2 W=8 nf=1 ad=2.32 as=2.32 pd=16.58 ps=16.58 nrd=0.03625 nrs=0.03625
| + sa=0 sb=0 sd=0 mult=1 m=1
| IPB5u 0 VS_PB5u 5e-06
| XMNB20u VD_NB20u VD_NB20u 0 0 sky130_fd_pr__nfet_g5v0d10v5 L=2 W=8 nf=1 ad=2.32 as=2.32 pd=16.58 ps=16.58 nrd=0.03625 nrs=0.03625
| + sa=0 sb=0 sd=0 mult=1 m=1
| INB20u 0 VD_NB20u 2e-05
| XMPB20u 0 0 VS_PB20u VS_PB20u sky130_fd_pr__pfet_g5v0d10v5 L=2 W=8 nf=1 ad=2.32 as=2.32 pd=16.58 ps=16.58 nrd=0.03625 nrs=0.03625
| + sa=0 sb=0 sd=0 mult=1 m=1
| IPB20u 0 VS_PB20u 2e-05
| **.ends
| .control
| save all
| op
| let meas_mna2u_id = @m.xmNA2u.msky130_fd_pr__nfet_g5v0d10v5[id]
| let meas_mna2u_vth = @m.xmNA2u.msky130_fd_pr__nfet_g5v0d10v5[vth]
| let meas_mna2u_vov = @m.xmNA2u.msky130_fd_pr__nfet_g5v0d10v5[vgs] - @m.xmNA2u.msky130_fd_pr__nfet_g5v0d10v5[vth]
| let meas_mna2u_gmid = @m.xmNA2u.msky130_fd_pr__nfet_g5v0d10v5[gm] / @m.xmNA2u.msky130_fd_pr__nfet_g5v0d10v5[id]
| let meas_mna5u_id = @m.xmNA5u.msky130_fd_pr__nfet_g5v0d10v5[id]
| let meas_mna5u_vth = @m.xmNA5u.msky130_fd_pr__nfet_g5v0d10v5[vth]
| let meas_mna5u_vov = @m.xmNA5u.msky130_fd_pr__nfet_g5v0d10v5[vgs] - @m.xmNA5u.msky130_fd_pr__nfet_g5v0d10v5[vth]
| let meas_mna5u_gmid = @m.xmNA5u.msky130_fd_pr__nfet_g5v0d10v5[gm] / @m.xmNA5u.msky130_fd_pr__nfet_g5v0d10v5[id]
| let meas_mna20u_id = @m.xmNA20u.msky130_fd_pr__nfet_g5v0d10v5[id]
| let meas_mna20u_vth = @m.xmNA20u.msky130_fd_pr__nfet_g5v0d10v5[vth]
| let meas_mna20u_vov = @m.xmNA20u.msky130_fd_pr__nfet_g5v0d10v5[vgs] - @m.xmNA20u.msky130_fd_pr__nfet_g5v0d10v5[vth]
| let meas_mna20u_gmid = @m.xmNA20u.msky130_fd_pr__nfet_g5v0d10v5[gm] / @m.xmNA20u.msky130_fd_pr__nfet_g5v0d10v5[id]
| let meas_mnb2u_id = @m.xmNB2u.msky130_fd_pr__nfet_g5v0d10v5[id]
| let meas_mnb2u_vth = @m.xmNB2u.msky130_fd_pr__nfet_g5v0d10v5[vth]
| let meas_mnb2u_vov = @m.xmNB2u.msky130_fd_pr__nfet_g5v0d10v5[vgs] - @m.xmNB2u.msky130_fd_pr__nfet_g5v0d10v5[vth]
| let meas_mnb2u_gmid = @m.xmNB2u.msky130_fd_pr__nfet_g5v0d10v5[gm] / @m.xmNB2u.msky130_fd_pr__nfet_g5v0d10v5[id]
| let meas_mnb5u_id = @m.xmNB5u.msky130_fd_pr__nfet_g5v0d10v5[id]
| let meas_mnb5u_vth = @m.xmNB5u.msky130_fd_pr__nfet_g5v0d10v5[vth]
| let meas_mnb5u_vov = @m.xmNB5u.msky130_fd_pr__nfet_g5v0d10v5[vgs] - @m.xmNB5u.msky130_fd_pr__nfet_g5v0d10v5[vth]
| let meas_mnb5u_gmid = @m.xmNB5u.msky130_fd_pr__nfet_g5v0d10v5[gm] / @m.xmNB5u.msky130_fd_pr__nfet_g5v0d10v5[id]
| let meas_mnb20u_id = @m.xmNB20u.msky130_fd_pr__nfet_g5v0d10v5[id]
| let meas_mnb20u_vth = @m.xmNB20u.msky130_fd_pr__nfet_g5v0d10v5[vth]
| let meas_mnb20u_vov = @m.xmNB20u.msky130_fd_pr__nfet_g5v0d10v5[vgs] - @m.xmNB20u.msky130_fd_pr__nfet_g5v0d10v5[vth]
| let meas_mnb20u_gmid = @m.xmNB20u.msky130_fd_pr__nfet_g5v0d10v5[gm] / @m.xmNB20u.msky130_fd_pr__nfet_g5v0d10v5[id]
| let meas_mpa2u_id = @m.xmPA2u.msky130_fd_pr__pfet_g5v0d10v5[id]
| let meas_mpa2u_vth = @m.xmPA2u.msky130_fd_pr__pfet_g5v0d10v5[vth]
| let meas_mpa2u_vov = @m.xmPA2u.msky130_fd_pr__pfet_g5v0d10v5[vgs] - @m.xmPA2u.msky130_fd_pr__pfet_g5v0d10v5[vth]
| let meas_mpa2u_gmid = @m.xmPA2u.msky130_fd_pr__pfet_g5v0d10v5[gm] / @m.xmPA2u.msky130_fd_pr__pfet_g5v0d10v5[id]
| let meas_mpa5u_id = @m.xmPA5u.msky130_fd_pr__pfet_g5v0d10v5[id]
| let meas_mpa5u_vth = @m.xmPA5u.msky130_fd_pr__pfet_g5v0d10v5[vth]
| let meas_mpa5u_vov = @m.xmPA5u.msky130_fd_pr__pfet_g5v0d10v5[vgs] - @m.xmPA5u.msky130_fd_pr__pfet_g5v0d10v5[vth]
| let meas_mpa5u_gmid = @m.xmPA5u.msky130_fd_pr__pfet_g5v0d10v5[gm] / @m.xmPA5u.msky130_fd_pr__pfet_g5v0d10v5[id]
| let meas_mpa20u_id = @m.xmPA20u.msky130_fd_pr__pfet_g5v0d10v5[id]
| let meas_mpa20u_vth = @m.xmPA20u.msky130_fd_pr__pfet_g5v0d10v5[vth]
| let meas_mpa20u_vov = @m.xmPA20u.msky130_fd_pr__pfet_g5v0d10v5[vgs] - @m.xmPA20u.msky130_fd_pr__pfet_g5v0d10v5[vth]
| let meas_mpa20u_gmid = @m.xmPA20u.msky130_fd_pr__pfet_g5v0d10v5[gm] / @m.xmPA20u.msky130_fd_pr__pfet_g5v0d10v5[id]
| let meas_mpb2u_id = @m.xmPB2u.msky130_fd_pr__pfet_g5v0d10v5[id]
| let meas_mpb2u_vth = @m.xmPB2u.msky130_fd_pr__pfet_g5v0d10v5[vth]
| let meas_mpb2u_vov = @m.xmPB2u.msky130_fd_pr__pfet_g5v0d10v5[vgs] - @m.xmPB2u.msky130_fd_pr__pfet_g5v0d10v5[vth]
| let meas_mpb2u_gmid = @m.xmPB2u.msky130_fd_pr__pfet_g5v0d10v5[gm] / @m.xmPB2u.msky130_fd_pr__pfet_g5v0d10v5[id]
| let meas_mpb5u_id = @m.xmPB5u.msky130_fd_pr__pfet_g5v0d10v5[id]
| let meas_mpb5u_vth = @m.xmPB5u.msky130_fd_pr__pfet_g5v0d10v5[vth]
| let meas_mpb5u_vov = @m.xmPB5u.msky130_fd_pr__pfet_g5v0d10v5[vgs] - @m.xmPB5u.msky130_fd_pr__pfet_g5v0d10v5[vth]
| let meas_mpb5u_gmid = @m.xmPB5u.msky130_fd_pr__pfet_g5v0d10v5[gm] / @m.xmPB5u.msky130_fd_pr__pfet_g5v0d10v5[id]
| let meas_mpb20u_id = @m.xmPB20u.msky130_fd_pr__pfet_g5v0d10v5[id]
| let meas_mpb20u_vth = @m.xmPB20u.msky130_fd_pr__pfet_g5v0d10v5[vth]
| let meas_mpb20u_vov = @m.xmPB20u.msky130_fd_pr__pfet_g5v0d10v5[vgs] - @m.xmPB20u.msky130_fd_pr__pfet_g5v0d10v5[vth]
| let meas_mpb20u_gmid = @m.xmPB20u.msky130_fd_pr__pfet_g5v0d10v5[gm] / @m.xmPB20u.msky130_fd_pr__pfet_g5v0d10v5[id]
| print meas_mna2u_id
| print meas_mna2u_vth
| print meas_mna2u_vov
| print meas_mna2u_gmid
| print meas_mna5u_id
| print meas_mna5u_vth
| print meas_mna5u_vov
| print meas_mna5u_gmid
| print meas_mna20u_id
| print meas_mna20u_vth
| print meas_mna20u_vov
| print meas_mna20u_gmid
| print meas_mnb2u_id
| print meas_mnb2u_vth
| print meas_mnb2u_vov
| print meas_mnb2u_gmid
| print meas_mnb5u_id
| print meas_mnb5u_vth
| print meas_mnb5u_vov
| print meas_mnb5u_gmid
| print meas_mnb20u_id
| print meas_mnb20u_vth
| print meas_mnb20u_vov
| print meas_mnb20u_gmid
| print meas_mpa2u_id
| print meas_mpa2u_vth
| print meas_mpa2u_vov
| print meas_mpa2u_gmid
| print meas_mpa5u_id
| print meas_mpa5u_vth
| print meas_mpa5u_vov
| print meas_mpa5u_gmid
| print meas_mpa20u_id
| print meas_mpa20u_vth
| print meas_mpa20u_vov
| print meas_mpa20u_gmid
| print meas_mpb2u_id
| print meas_mpb2u_vth
| print meas_mpb2u_vov
| print meas_mpb2u_gmid
| print meas_mpb5u_id
| print meas_mpb5u_vth
| print meas_mpb5u_vov
| print meas_mpb5u_gmid
| print meas_mpb20u_id
| print meas_mpb20u_vth
| print meas_mpb20u_vov
| print meas_mpb20u_gmid
| quit
| .endc
| .end

# ==== ngspice stdout ====

Note: Compatibility modes selected: hs a


Circuit: * mos-matching-characterization corner deck -- generated by sim/bin/corner-run.py, do not edit

option SCALE: Scale is set to 1e-06 for instance and model parameters
option SCALE: Scale is set to 1e-06 for instance and model parameters
option SCALE: Scale is set to 1e-06 for instance and model parameters
option SCALE: Scale is set to 1e-06 for instance and model parameters
Doing analysis at TEMP = 125.000000 and TNOM = 27.000000

Using KLU as Direct Linear Solver
 Reference value :  0.00000e+00
No. of Data Rows : 1
meas_mna2u_id = 2.000012e-06
meas_mna2u_vth = 6.130358e-01
meas_mna2u_vov = 5.920164e-02
meas_mna2u_gmid = 1.185154e+01
meas_mna5u_id = 4.999976e-06
meas_mna5u_vth = 6.130750e-01
meas_mna5u_vov = 1.458854e-01
meas_mna5u_gmid = 9.149816e+00
meas_mna20u_id = 1.999998e-05
meas_mna20u_vth = 6.132730e-01
meas_mna20u_vov = 3.502886e-01
meas_mna20u_gmid = 4.910140e+00
meas_mnb2u_id = 1.999966e-06
meas_mnb2u_vth = 6.188318e-01
meas_mnb2u_vov = 7.706355e-02
meas_mnb2u_gmid = 1.149646e+01
meas_mnb5u_id = 4.999954e-06
meas_mnb5u_vth = 6.188530e-01
meas_mnb5u_vov = 1.678858e-01
meas_mnb5u_gmid = 8.690350e+00
meas_mnb20u_id = 1.999995e-05
meas_mnb20u_vth = 6.189592e-01
meas_mnb20u_vov = 3.855166e-01
meas_mnb20u_gmid = 4.653808e+00
meas_mpa2u_id = 1.999998e-06
meas_mpa2u_vth = 8.513905e-01
meas_mpa2u_vov = 2.049936e-01
meas_mpa2u_gmid = 1.008598e+01
meas_mpa5u_id = 4.999998e-06
meas_mpa5u_vth = 8.515117e-01
meas_mpa5u_vov = 3.120115e-01
meas_mpa5u_gmid = 7.009038e+00
meas_mpa20u_id = 2.000000e-05
meas_mpa20u_vth = 8.521182e-01
meas_mpa20u_vov = 6.081427e-01
meas_mpa20u_gmid = 3.081725e+00
meas_mpb2u_id = 1.999993e-06
meas_mpb2u_vth = 9.245464e-01
meas_mpb2u_vov = 1.692869e-01
meas_mpb2u_gmid = 9.292803e+00
meas_mpb5u_id = 4.999986e-06
meas_mpb5u_vth = 9.246040e-01
meas_mpb5u_vov = 2.877717e-01
meas_mpb5u_gmid = 6.306204e+00
meas_mpb20u_id = 1.999994e-05
meas_mpb20u_vth = 9.248928e-01
meas_mpb20u_vov = 6.106914e-01
meas_mpb20u_gmid = 2.964600e+00
ngspice-46 done

# ==== ngspice stderr ====

