# corner: fs_125c_3.30v
# process=fs temp=125C supply=3.30V
# ngspice exit: 0
# result: PASS

# ==== deck (exact input given to ngspice) ====
| * mos-mirror-sizing-extended corner deck -- generated by sim/bin/corner-run.py, do not edit
| * corner: fs_125c_3.30v
| .param vsup=3.3
| .temp 125
| .lib "/Users/rwalters/.volare/sky130A/libs.tech/combined/sky130.lib.spice" fs
| ** sch_path: sim/mos-mirror-sizing-extended/testbench/tb_mos_mirror_sizing.sch
| **.subckt tb_mos_mirror_sizing
| XMNB VD_NB VD_NB 0 0 sky130_fd_pr__nfet_g5v0d10v5 L=2 W=8 nf=1 ad=2.32 as=2.32 pd=16.58 ps=16.58 nrd=0.03625 nrs=0.03625 sa=0 sb=0
| + sd=0 mult=1 m=1
| INB 0 VD_NB 5.3e-06
| XMPB 0 0 VS_PB VS_PB sky130_fd_pr__pfet_g5v0d10v5 L=2 W=8 nf=1 ad=2.32 as=2.32 pd=16.58 ps=16.58 nrd=0.03625 nrs=0.03625 sa=0 sb=0
| + sd=0 mult=1 m=1
| IPB 0 VS_PB 5.3e-06
| XMNC VD_NC VD_NC 0 0 sky130_fd_pr__nfet_g5v0d10v5 L=3 W=12 nf=1 ad=3.48 as=3.48 pd=24.58 ps=24.58 nrd=0.0241666666666667
| + nrs=0.0241666666666667 sa=0 sb=0 sd=0 mult=1 m=1
| INC 0 VD_NC 5.3e-06
| XMPC 0 0 VS_PC VS_PC sky130_fd_pr__pfet_g5v0d10v5 L=3 W=12 nf=1 ad=3.48 as=3.48 pd=24.58 ps=24.58 nrd=0.0241666666666667
| + nrs=0.0241666666666667 sa=0 sb=0 sd=0 mult=1 m=1
| IPC 0 VS_PC 5.3e-06
| XMND VD_ND VD_ND 0 0 sky130_fd_pr__nfet_g5v0d10v5 L=4 W=16 nf=1 ad=4.64 as=4.64 pd=32.58 ps=32.58 nrd=0.018125 nrs=0.018125 sa=0
| + sb=0 sd=0 mult=1 m=1
| IND 0 VD_ND 5.3e-06
| XMPD 0 0 VS_PD VS_PD sky130_fd_pr__pfet_g5v0d10v5 L=4 W=16 nf=1 ad=4.64 as=4.64 pd=32.58 ps=32.58 nrd=0.018125 nrs=0.018125 sa=0
| + sb=0 sd=0 mult=1 m=1
| IPD 0 VS_PD 5.3e-06
| XMNE VD_NE VD_NE 0 0 sky130_fd_pr__nfet_g5v0d10v5 L=5 W=20 nf=1 ad=5.8 as=5.8 pd=40.58 ps=40.58 nrd=0.0145 nrs=0.0145 sa=0 sb=0
| + sd=0 mult=1 m=1
| INE 0 VD_NE 5.3e-06
| XMPE 0 0 VS_PE VS_PE sky130_fd_pr__pfet_g5v0d10v5 L=5 W=20 nf=1 ad=5.8 as=5.8 pd=40.58 ps=40.58 nrd=0.0145 nrs=0.0145 sa=0 sb=0
| + sd=0 mult=1 m=1
| IPE 0 VS_PE 5.3e-06
| **.ends
| .control
| save all
| op
| let meas_mnb_id = @m.xmNB.msky130_fd_pr__nfet_g5v0d10v5[id]
| let meas_mnb_vth = @m.xmNB.msky130_fd_pr__nfet_g5v0d10v5[vth]
| let meas_mnb_vov = @m.xmNB.msky130_fd_pr__nfet_g5v0d10v5[vgs] - @m.xmNB.msky130_fd_pr__nfet_g5v0d10v5[vth]
| let meas_mnb_gmid = @m.xmNB.msky130_fd_pr__nfet_g5v0d10v5[gm] / @m.xmNB.msky130_fd_pr__nfet_g5v0d10v5[id]
| let meas_mnc_id = @m.xmNC.msky130_fd_pr__nfet_g5v0d10v5[id]
| let meas_mnc_vth = @m.xmNC.msky130_fd_pr__nfet_g5v0d10v5[vth]
| let meas_mnc_vov = @m.xmNC.msky130_fd_pr__nfet_g5v0d10v5[vgs] - @m.xmNC.msky130_fd_pr__nfet_g5v0d10v5[vth]
| let meas_mnc_gmid = @m.xmNC.msky130_fd_pr__nfet_g5v0d10v5[gm] / @m.xmNC.msky130_fd_pr__nfet_g5v0d10v5[id]
| let meas_mnd_id = @m.xmND.msky130_fd_pr__nfet_g5v0d10v5[id]
| let meas_mnd_vth = @m.xmND.msky130_fd_pr__nfet_g5v0d10v5[vth]
| let meas_mnd_vov = @m.xmND.msky130_fd_pr__nfet_g5v0d10v5[vgs] - @m.xmND.msky130_fd_pr__nfet_g5v0d10v5[vth]
| let meas_mnd_gmid = @m.xmND.msky130_fd_pr__nfet_g5v0d10v5[gm] / @m.xmND.msky130_fd_pr__nfet_g5v0d10v5[id]
| let meas_mne_id = @m.xmNE.msky130_fd_pr__nfet_g5v0d10v5[id]
| let meas_mne_vth = @m.xmNE.msky130_fd_pr__nfet_g5v0d10v5[vth]
| let meas_mne_vov = @m.xmNE.msky130_fd_pr__nfet_g5v0d10v5[vgs] - @m.xmNE.msky130_fd_pr__nfet_g5v0d10v5[vth]
| let meas_mne_gmid = @m.xmNE.msky130_fd_pr__nfet_g5v0d10v5[gm] / @m.xmNE.msky130_fd_pr__nfet_g5v0d10v5[id]
| let meas_mpb_id = @m.xmPB.msky130_fd_pr__pfet_g5v0d10v5[id]
| let meas_mpb_vth = @m.xmPB.msky130_fd_pr__pfet_g5v0d10v5[vth]
| let meas_mpb_vov = @m.xmPB.msky130_fd_pr__pfet_g5v0d10v5[vgs] - @m.xmPB.msky130_fd_pr__pfet_g5v0d10v5[vth]
| let meas_mpb_gmid = @m.xmPB.msky130_fd_pr__pfet_g5v0d10v5[gm] / @m.xmPB.msky130_fd_pr__pfet_g5v0d10v5[id]
| let meas_mpc_id = @m.xmPC.msky130_fd_pr__pfet_g5v0d10v5[id]
| let meas_mpc_vth = @m.xmPC.msky130_fd_pr__pfet_g5v0d10v5[vth]
| let meas_mpc_vov = @m.xmPC.msky130_fd_pr__pfet_g5v0d10v5[vgs] - @m.xmPC.msky130_fd_pr__pfet_g5v0d10v5[vth]
| let meas_mpc_gmid = @m.xmPC.msky130_fd_pr__pfet_g5v0d10v5[gm] / @m.xmPC.msky130_fd_pr__pfet_g5v0d10v5[id]
| let meas_mpd_id = @m.xmPD.msky130_fd_pr__pfet_g5v0d10v5[id]
| let meas_mpd_vth = @m.xmPD.msky130_fd_pr__pfet_g5v0d10v5[vth]
| let meas_mpd_vov = @m.xmPD.msky130_fd_pr__pfet_g5v0d10v5[vgs] - @m.xmPD.msky130_fd_pr__pfet_g5v0d10v5[vth]
| let meas_mpd_gmid = @m.xmPD.msky130_fd_pr__pfet_g5v0d10v5[gm] / @m.xmPD.msky130_fd_pr__pfet_g5v0d10v5[id]
| let meas_mpe_id = @m.xmPE.msky130_fd_pr__pfet_g5v0d10v5[id]
| let meas_mpe_vth = @m.xmPE.msky130_fd_pr__pfet_g5v0d10v5[vth]
| let meas_mpe_vov = @m.xmPE.msky130_fd_pr__pfet_g5v0d10v5[vgs] - @m.xmPE.msky130_fd_pr__pfet_g5v0d10v5[vth]
| let meas_mpe_gmid = @m.xmPE.msky130_fd_pr__pfet_g5v0d10v5[gm] / @m.xmPE.msky130_fd_pr__pfet_g5v0d10v5[id]
| print meas_mnb_id
| print meas_mnb_vth
| print meas_mnb_vov
| print meas_mnb_gmid
| print meas_mnc_id
| print meas_mnc_vth
| print meas_mnc_vov
| print meas_mnc_gmid
| print meas_mnd_id
| print meas_mnd_vth
| print meas_mnd_vov
| print meas_mnd_gmid
| print meas_mne_id
| print meas_mne_vth
| print meas_mne_vov
| print meas_mne_gmid
| print meas_mpb_id
| print meas_mpb_vth
| print meas_mpb_vov
| print meas_mpb_gmid
| print meas_mpc_id
| print meas_mpc_vth
| print meas_mpc_vov
| print meas_mpc_gmid
| print meas_mpd_id
| print meas_mpd_vth
| print meas_mpd_vov
| print meas_mpd_gmid
| print meas_mpe_id
| print meas_mpe_vth
| print meas_mpe_vov
| print meas_mpe_gmid
| quit
| .endc
| .end

# ==== ngspice stdout ====

Note: Compatibility modes selected: hs a


Circuit: * mos-mirror-sizing-extended corner deck -- generated by sim/bin/corner-run.py, do not edit

option SCALE: Scale is set to 1e-06 for instance and model parameters
option SCALE: Scale is set to 1e-06 for instance and model parameters
option SCALE: Scale is set to 1e-06 for instance and model parameters
option SCALE: Scale is set to 1e-06 for instance and model parameters
Doing analysis at TEMP = 125.000000 and TNOM = 27.000000

Using KLU as Direct Linear Solver
 Reference value :  0.00000e+00
No. of Data Rows : 1
meas_mnb_id = 5.299998e-06
meas_mnb_vth = 7.349934e-01
meas_mnb_vov = 1.764424e-01
meas_mnb_gmid = 8.454012e+00
meas_mnc_id = 5.299992e-06
meas_mnc_vth = 7.265288e-01
meas_mnc_vov = 1.721859e-01
meas_mnc_gmid = 8.536792e+00
meas_mnd_id = 5.299982e-06
meas_mnd_vth = 7.223815e-01
meas_mnd_vov = 1.699617e-01
meas_mnd_gmid = 8.585727e+00
meas_mne_id = 5.299947e-06
meas_mne_vth = 7.161999e-01
meas_mne_vov = 1.735535e-01
meas_mne_gmid = 8.480167e+00
meas_mpb_id = 5.299992e-06
meas_mpb_vth = 7.578410e-01
meas_mpb_vov = 2.900388e-01
meas_mpb_gmid = 6.257365e+00
meas_mpc_id = 5.299996e-06
meas_mpc_vth = 7.496532e-01
meas_mpc_vov = 3.158834e-01
meas_mpc_gmid = 6.338282e+00
meas_mpd_id = 5.299995e-06
meas_mpd_vth = 7.456038e-01
meas_mpd_vov = 3.309576e-01
meas_mpd_gmid = 6.391035e+00
meas_mpe_id = 5.299994e-06
meas_mpe_vth = 7.471408e-01
meas_mpe_vov = 3.326809e-01
meas_mpe_gmid = 6.350880e+00
ngspice-46 done

# ==== ngspice stderr ====

