# point: phase_0
# record: 20260805-213454-2c83c7a
# pdk: sky130A @ open_pdks c6d73a35f524070e85faff4a6a9eef49553ebc2b (/home/ubuntu/.volare/sky130A/libs.tech/combined/sky130.lib.spice)
# ngspice exit: 0
# run (UTC): 2026-08-05T21:34:54Z

# ==== .spiceinit (exact) ====
| * ngspice init settings for the sky130 PDK model libraries.
| *
| * The corner runner copies this file into its scratch run directory as
| * `.spiceinit` before invoking ngspice, so runs do not depend on whatever
| * happens to be in ~/.spiceinit. To drive ngspice by hand with the same
| * settings, copy this file to `.spiceinit` in your working directory.
| *
| * Derived from the PDK's own libs.tech/ngspice/spinit; kept in-repo so the
| * settings a record was produced under are versioned with the harness.
| 
| set ngbehavior=hsa     ; HSPICE-ish compatibility, required to read PDK libs
| set skywaterpdk        ; skip some checks for faster lib loading
| set ng_nomodcheck      ; do not check model parameters
| option noinit          ; do not dump operating point data into the log
| option klu             ; KLU direct linear solver

# ==== deck (exact input given to ngspice) ====
| * res-array-resize Phase 0 deck -- generated by sim/res-array-resize/run_res_array_resize.py, do not edit
| .option wnflag=1 reltol=1e-6 vntol=1e-9 abstol=1e-15
| .lib "/home/ubuntu/.volare/sky130A/libs.tech/combined/sky130.lib.spice" tt
| .temp 27
| 
| * ---- unit calibration: one coarse (r_lseg) and one fine (r_lseg_trim) unit ----
| XU5 u5_lo u5_hi 0 sky130_fd_pr__res_high_po W=1.0 L=5.0 mult=1 m=1
| IU5 u5_hi u5_lo dc 0.001
| XU1 u1_lo u1_hi 0 sky130_fd_pr__res_high_po W=1.0 L=1.0 mult=1 m=1
| IU1 u1_hi u1_lo dc 0.001
| 
| * ---- R1 leg at the resized count: explicit chain vs. the m='1/n' model ----
| XR1C_0 r1c_lo R1C_n1 0 sky130_fd_pr__res_high_po W=1.0 L=5.0 mult=1 m=1
| XR1C_1 R1C_n1 R1C_n2 0 sky130_fd_pr__res_high_po W=1.0 L=5.0 mult=1 m=1
| XR1C_2 R1C_n2 R1C_n3 0 sky130_fd_pr__res_high_po W=1.0 L=5.0 mult=1 m=1
| XR1C_3 R1C_n3 R1C_n4 0 sky130_fd_pr__res_high_po W=1.0 L=5.0 mult=1 m=1
| XR1C_4 R1C_n4 R1C_n5 0 sky130_fd_pr__res_high_po W=1.0 L=5.0 mult=1 m=1
| XR1C_5 R1C_n5 r1c_hi 0 sky130_fd_pr__res_high_po W=1.0 L=5.0 mult=1 m=1
| IR1C r1c_hi r1c_lo dc 0.001
| XR1M r1m_lo r1m_hi 0 sky130_fd_pr__res_high_po W=1.0 L=5.0 mult=6 m='1/6'
| IR1M r1m_hi r1m_lo dc 0.001
| 
| * ---- R2 leg at the resized count (coarse + fine): chain vs. model ----
| XR2C_0 r2c_lo R2C_n1 0 sky130_fd_pr__res_high_po W=1.0 L=5.0 mult=1 m=1
| XR2C_1 R2C_n1 R2C_n2 0 sky130_fd_pr__res_high_po W=1.0 L=5.0 mult=1 m=1
| XR2C_2 R2C_n2 R2C_n3 0 sky130_fd_pr__res_high_po W=1.0 L=5.0 mult=1 m=1
| XR2C_3 R2C_n3 R2C_n4 0 sky130_fd_pr__res_high_po W=1.0 L=5.0 mult=1 m=1
| XR2C_4 R2C_n4 R2C_n5 0 sky130_fd_pr__res_high_po W=1.0 L=5.0 mult=1 m=1
| XR2C_5 R2C_n5 R2C_n6 0 sky130_fd_pr__res_high_po W=1.0 L=5.0 mult=1 m=1
| XR2C_6 R2C_n6 R2C_n7 0 sky130_fd_pr__res_high_po W=1.0 L=5.0 mult=1 m=1
| XR2C_7 R2C_n7 R2C_n8 0 sky130_fd_pr__res_high_po W=1.0 L=5.0 mult=1 m=1
| XR2C_8 R2C_n8 R2C_n9 0 sky130_fd_pr__res_high_po W=1.0 L=5.0 mult=1 m=1
| XR2C_9 R2C_n9 R2C_n10 0 sky130_fd_pr__res_high_po W=1.0 L=5.0 mult=1 m=1
| XR2C_10 R2C_n10 R2C_n11 0 sky130_fd_pr__res_high_po W=1.0 L=5.0 mult=1 m=1
| XR2C_11 R2C_n11 R2C_n12 0 sky130_fd_pr__res_high_po W=1.0 L=5.0 mult=1 m=1
| XR2C_12 R2C_n12 R2C_n13 0 sky130_fd_pr__res_high_po W=1.0 L=5.0 mult=1 m=1
| XR2C_13 R2C_n13 R2C_n14 0 sky130_fd_pr__res_high_po W=1.0 L=5.0 mult=1 m=1
| XR2C_14 R2C_n14 R2C_n15 0 sky130_fd_pr__res_high_po W=1.0 L=5.0 mult=1 m=1
| XR2C_15 R2C_n15 R2C_n16 0 sky130_fd_pr__res_high_po W=1.0 L=5.0 mult=1 m=1
| XR2C_16 R2C_n16 R2C_n17 0 sky130_fd_pr__res_high_po W=1.0 L=5.0 mult=1 m=1
| XR2C_17 R2C_n17 R2C_n18 0 sky130_fd_pr__res_high_po W=1.0 L=5.0 mult=1 m=1
| XR2C_18 R2C_n18 R2C_n19 0 sky130_fd_pr__res_high_po W=1.0 L=5.0 mult=1 m=1
| XR2C_19 R2C_n19 R2C_n20 0 sky130_fd_pr__res_high_po W=1.0 L=5.0 mult=1 m=1
| XR2C_20 R2C_n20 R2C_n21 0 sky130_fd_pr__res_high_po W=1.0 L=5.0 mult=1 m=1
| XR2C_21 R2C_n21 R2C_n22 0 sky130_fd_pr__res_high_po W=1.0 L=5.0 mult=1 m=1
| XR2C_22 R2C_n22 R2C_n23 0 sky130_fd_pr__res_high_po W=1.0 L=5.0 mult=1 m=1
| XR2C_23 R2C_n23 R2C_n24 0 sky130_fd_pr__res_high_po W=1.0 L=5.0 mult=1 m=1
| XR2C_24 R2C_n24 R2C_n25 0 sky130_fd_pr__res_high_po W=1.0 L=5.0 mult=1 m=1
| XR2C_25 R2C_n25 R2C_n26 0 sky130_fd_pr__res_high_po W=1.0 L=5.0 mult=1 m=1
| XR2C_26 R2C_n26 R2C_n27 0 sky130_fd_pr__res_high_po W=1.0 L=5.0 mult=1 m=1
| XR2C_27 R2C_n27 R2C_n28 0 sky130_fd_pr__res_high_po W=1.0 L=5.0 mult=1 m=1
| XR2C_28 R2C_n28 R2C_n29 0 sky130_fd_pr__res_high_po W=1.0 L=5.0 mult=1 m=1
| XR2C_29 R2C_n29 R2C_n30 0 sky130_fd_pr__res_high_po W=1.0 L=5.0 mult=1 m=1
| XR2C_30 R2C_n30 R2C_n31 0 sky130_fd_pr__res_high_po W=1.0 L=5.0 mult=1 m=1
| XR2C_31 R2C_n31 R2C_n32 0 sky130_fd_pr__res_high_po W=1.0 L=5.0 mult=1 m=1
| XR2C_32 R2C_n32 R2C_n33 0 sky130_fd_pr__res_high_po W=1.0 L=5.0 mult=1 m=1
| XR2C_33 R2C_n33 R2C_n34 0 sky130_fd_pr__res_high_po W=1.0 L=5.0 mult=1 m=1
| XR2C_34 R2C_n34 R2C_n35 0 sky130_fd_pr__res_high_po W=1.0 L=5.0 mult=1 m=1
| XR2C_35 R2C_n35 R2C_n36 0 sky130_fd_pr__res_high_po W=1.0 L=5.0 mult=1 m=1
| XR2C_36 R2C_n36 R2C_n37 0 sky130_fd_pr__res_high_po W=1.0 L=5.0 mult=1 m=1
| XR2C_37 R2C_n37 r2c_mid 0 sky130_fd_pr__res_high_po W=1.0 L=5.0 mult=1 m=1
| XR2F_0 r2c_mid R2F_n1 0 sky130_fd_pr__res_high_po W=1.0 L=1.0 mult=1 m=1
| XR2F_1 R2F_n1 R2F_n2 0 sky130_fd_pr__res_high_po W=1.0 L=1.0 mult=1 m=1
| XR2F_2 R2F_n2 R2F_n3 0 sky130_fd_pr__res_high_po W=1.0 L=1.0 mult=1 m=1
| XR2F_3 R2F_n3 R2F_n4 0 sky130_fd_pr__res_high_po W=1.0 L=1.0 mult=1 m=1
| XR2F_4 R2F_n4 R2F_n5 0 sky130_fd_pr__res_high_po W=1.0 L=1.0 mult=1 m=1
| XR2F_5 R2F_n5 R2F_n6 0 sky130_fd_pr__res_high_po W=1.0 L=1.0 mult=1 m=1
| XR2F_6 R2F_n6 R2F_n7 0 sky130_fd_pr__res_high_po W=1.0 L=1.0 mult=1 m=1
| XR2F_7 R2F_n7 R2F_n8 0 sky130_fd_pr__res_high_po W=1.0 L=1.0 mult=1 m=1
| XR2F_8 R2F_n8 R2F_n9 0 sky130_fd_pr__res_high_po W=1.0 L=1.0 mult=1 m=1
| XR2F_9 R2F_n9 R2F_n10 0 sky130_fd_pr__res_high_po W=1.0 L=1.0 mult=1 m=1
| XR2F_10 R2F_n10 R2F_n11 0 sky130_fd_pr__res_high_po W=1.0 L=1.0 mult=1 m=1
| XR2F_11 R2F_n11 R2F_n12 0 sky130_fd_pr__res_high_po W=1.0 L=1.0 mult=1 m=1
| XR2F_12 R2F_n12 R2F_n13 0 sky130_fd_pr__res_high_po W=1.0 L=1.0 mult=1 m=1
| XR2F_13 R2F_n13 R2F_n14 0 sky130_fd_pr__res_high_po W=1.0 L=1.0 mult=1 m=1
| XR2F_14 R2F_n14 R2F_n15 0 sky130_fd_pr__res_high_po W=1.0 L=1.0 mult=1 m=1
| XR2F_15 R2F_n15 R2F_n16 0 sky130_fd_pr__res_high_po W=1.0 L=1.0 mult=1 m=1
| XR2F_16 R2F_n16 R2F_n17 0 sky130_fd_pr__res_high_po W=1.0 L=1.0 mult=1 m=1
| XR2F_17 R2F_n17 R2F_n18 0 sky130_fd_pr__res_high_po W=1.0 L=1.0 mult=1 m=1
| XR2F_18 R2F_n18 R2F_n19 0 sky130_fd_pr__res_high_po W=1.0 L=1.0 mult=1 m=1
| XR2F_19 R2F_n19 r2c_hi 0 sky130_fd_pr__res_high_po W=1.0 L=1.0 mult=1 m=1
| IR2C r2c_hi r2c_lo dc 0.001
| XR2MC r2m_lo r2m_mid 0 sky130_fd_pr__res_high_po W=1.0 L=5.0 mult=38 m='1/38'
| XR2MF r2m_mid r2m_hi 0 sky130_fd_pr__res_high_po W=1.0 L=1.0 mult=20 m='1/20'
| IR2M r2m_hi r2m_lo dc 0.001
| 
| .control
| save all
| op
| let meas_u5_ohm = (v(u5_lo)-v(u5_hi))/0.001
| let meas_u1_ohm = (v(u1_lo)-v(u1_hi))/0.001
| let meas_r1_chain_ohm = (v(r1c_lo)-v(r1c_hi))/0.001
| let meas_r1_model_ohm = (v(r1m_lo)-v(r1m_hi))/0.001
| let meas_r2_chain_ohm = (v(r2c_lo)-v(r2c_hi))/0.001
| let meas_r2_model_ohm = (v(r2m_lo)-v(r2m_hi))/0.001
| print meas_u5_ohm
| print meas_u1_ohm
| print meas_r1_chain_ohm
| print meas_r1_model_ohm
| print meas_r2_chain_ohm
| print meas_r2_model_ohm
| quit
| .endc
| .end

# ==== ngspice stdout+stderr ====

Note: Compatibility modes selected: hs a


Circuit: * res-array-resize phase 0 deck -- generated by sim/res-array-resize/run_res_array_resize.py, do not edit

option SCALE: Scale is set to 1e-06 for instance and model parameters
option SCALE: Scale is set to 1e-06 for instance and model parameters
option SCALE: Scale is set to 1e-06 for instance and model parameters
option SCALE: Scale is set to 1e-06 for instance and model parameters
Doing analysis at TEMP = 27.000000 and TNOM = 27.000000

Using KLU as Direct Linear Solver
 Reference value :  0.00000e+00
No. of Data Rows : 1
meas_u5_ohm = 2.003841e+03
meas_u1_ohm = 7.045324e+02
meas_r1_chain_ohm = 1.202305e+04
meas_r1_model_ohm = 1.202305e+04
meas_r2_chain_ohm = 9.023652e+04
meas_r2_model_ohm = 9.023661e+04
ngspice-46 done
Warning: singular matrix:  check node u1_hi

Note: Starting dynamic gmin stepping
Warning: singular matrix:  check node u1_hi

Warning: Dynamic gmin stepping failed
Note: Starting true gmin stepping
Warning: singular matrix:  check node u1_hi

Warning: singular matrix:  check node u1_hi

Warning: singular matrix:  check node u1_hi

Warning: singular matrix:  check node u1_hi

Warning: True gmin stepping failed
Note: Starting source stepping
Warning: source stepping failed
Note: Transient op started
Note: Transient op finished successfully
