# corner: ff_27c_3.30v
# process=ff temp=27C supply=3.30V
# ngspice exit: 0
# result: PASS

# ==== deck (exact input given to ngspice) ====
| * pnp-characterization corner deck -- generated by sim/bin/corner-run.py, do not edit
| * corner: ff_27c_3.30v
| .param vsup=3.3
| .temp 27
| .lib "/Users/rwalters/.volare/sky130A/libs.tech/combined/sky130.lib.spice" ff
| ** sch_path: sim/pnp-characterization/testbench/tb_pnp_vbe.sch
| **.subckt tb_pnp_vbe
| XQS0 E_small_100n 0 0 sky130_fd_pr__pnp_05v5_W0p68L0p68 m=1 mult=1
| IS0 0 E_small_100n 1e-07
| XQL0 E_large_100n 0 0 sky130_fd_pr__pnp_05v5_W3p40L3p40 m=1 mult=1
| IL0 0 E_large_100n 1e-07
| XQS1 E_small_316n 0 0 sky130_fd_pr__pnp_05v5_W0p68L0p68 m=1 mult=1
| IS1 0 E_small_316n 3.16e-07
| XQL1 E_large_316n 0 0 sky130_fd_pr__pnp_05v5_W3p40L3p40 m=1 mult=1
| IL1 0 E_large_316n 3.16e-07
| XQS2 E_small_1u 0 0 sky130_fd_pr__pnp_05v5_W0p68L0p68 m=1 mult=1
| IS2 0 E_small_1u 1e-06
| XQL2 E_large_1u 0 0 sky130_fd_pr__pnp_05v5_W3p40L3p40 m=1 mult=1
| IL2 0 E_large_1u 1e-06
| XQS3 E_small_3p16u 0 0 sky130_fd_pr__pnp_05v5_W0p68L0p68 m=1 mult=1
| IS3 0 E_small_3p16u 3.16e-06
| XQL3 E_large_3p16u 0 0 sky130_fd_pr__pnp_05v5_W3p40L3p40 m=1 mult=1
| IL3 0 E_large_3p16u 3.16e-06
| XQS4 E_small_10u 0 0 sky130_fd_pr__pnp_05v5_W0p68L0p68 m=1 mult=1
| IS4 0 E_small_10u 1e-05
| XQL4 E_large_10u 0 0 sky130_fd_pr__pnp_05v5_W3p40L3p40 m=1 mult=1
| IL4 0 E_large_10u 1e-05
| XQS5 E_small_31p6u 0 0 sky130_fd_pr__pnp_05v5_W0p68L0p68 m=1 mult=1
| IS5 0 E_small_31p6u 3.16e-05
| XQL5 E_large_31p6u 0 0 sky130_fd_pr__pnp_05v5_W3p40L3p40 m=1 mult=1
| IL5 0 E_large_31p6u 3.16e-05
| XQS6 E_small_100u 0 0 sky130_fd_pr__pnp_05v5_W0p68L0p68 m=1 mult=1
| IS6 0 E_small_100u 0.0001
| XQL6 E_large_100u 0 0 sky130_fd_pr__pnp_05v5_W3p40L3p40 m=1 mult=1
| IL6 0 E_large_100u 0.0001
| **.ends
| .control
| save all
| op
| let meas_veb_small_100n = v(E_small_100n)
| let meas_veb_large_100n = v(E_large_100n)
| let meas_dvbe_100n = v(E_small_100n) - v(E_large_100n)
| let meas_veb_small_316n = v(E_small_316n)
| let meas_veb_large_316n = v(E_large_316n)
| let meas_dvbe_316n = v(E_small_316n) - v(E_large_316n)
| let meas_veb_small_1u = v(E_small_1u)
| let meas_veb_large_1u = v(E_large_1u)
| let meas_dvbe_1u = v(E_small_1u) - v(E_large_1u)
| let meas_veb_small_3p16u = v(E_small_3p16u)
| let meas_veb_large_3p16u = v(E_large_3p16u)
| let meas_dvbe_3p16u = v(E_small_3p16u) - v(E_large_3p16u)
| let meas_veb_small_10u = v(E_small_10u)
| let meas_veb_large_10u = v(E_large_10u)
| let meas_dvbe_10u = v(E_small_10u) - v(E_large_10u)
| let meas_veb_small_31p6u = v(E_small_31p6u)
| let meas_veb_large_31p6u = v(E_large_31p6u)
| let meas_dvbe_31p6u = v(E_small_31p6u) - v(E_large_31p6u)
| let meas_veb_small_100u = v(E_small_100u)
| let meas_veb_large_100u = v(E_large_100u)
| let meas_dvbe_100u = v(E_small_100u) - v(E_large_100u)
| print meas_veb_small_100n
| print meas_veb_large_100n
| print meas_dvbe_100n
| print meas_veb_small_316n
| print meas_veb_large_316n
| print meas_dvbe_316n
| print meas_veb_small_1u
| print meas_veb_large_1u
| print meas_dvbe_1u
| print meas_veb_small_3p16u
| print meas_veb_large_3p16u
| print meas_dvbe_3p16u
| print meas_veb_small_10u
| print meas_veb_large_10u
| print meas_dvbe_10u
| print meas_veb_small_31p6u
| print meas_veb_large_31p6u
| print meas_dvbe_31p6u
| print meas_veb_small_100u
| print meas_veb_large_100u
| print meas_dvbe_100u
| quit
| .endc
| .end

# ==== ngspice stdout ====

Note: Compatibility modes selected: hs a


Circuit: * pnp-characterization corner deck -- generated by sim/bin/corner-run.py, do not edit

option SCALE: Scale is set to 1e-06 for instance and model parameters
option SCALE: Scale is set to 1e-06 for instance and model parameters
option SCALE: Scale is set to 1e-06 for instance and model parameters
option SCALE: Scale is set to 1e-06 for instance and model parameters
Doing analysis at TEMP = 27.000000 and TNOM = 27.000000

Using KLU as Direct Linear Solver
 Reference value :  0.00000e+00
No. of Data Rows : 1
meas_veb_small_100n = 4.846703e-01
meas_veb_large_100n = 4.702747e-01
meas_dvbe_100n = 1.439560e-02
meas_veb_small_316n = 5.147016e-01
meas_veb_large_316n = 5.000716e-01
meas_dvbe_316n = 1.463002e-02
meas_veb_small_1u = 5.451665e-01
meas_veb_large_1u = 5.299862e-01
meas_dvbe_1u = 1.518025e-02
meas_veb_small_3p16u = 5.768438e-01
meas_veb_large_3p16u = 5.601149e-01
meas_dvbe_3p16u = 1.672896e-02
meas_veb_small_10u = 6.125211e-01
meas_veb_large_10u = 5.910556e-01
meas_dvbe_10u = 2.146550e-02
meas_veb_small_31p6u = 6.606550e-01
meas_veb_large_31p6u = 6.242767e-01
meas_dvbe_31p6u = 3.637829e-02
meas_veb_small_100u = 7.484072e-01
meas_veb_large_100u = 6.643959e-01
meas_dvbe_100u = 8.401125e-02
ngspice-46 done

# ==== ngspice stderr ====

