# point: phase_a
# record: 20260805-113409-6caa9f8
# pdk: sky130A @ open_pdks c6d73a35f524070e85faff4a6a9eef49553ebc2b (/Users/rwalters/.volare/sky130A/libs.tech/combined/sky130.lib.spice)
# ngspice exit: 0
# run (UTC): 2026-08-05T11:34:09Z

# ==== .spiceinit (exact) ====
| * ngspice init settings for the sky130 PDK model libraries.
| *
| * The corner runner copies this file into its scratch run directory as
| * `.spiceinit` before invoking ngspice, so runs do not depend on whatever
| * happens to be in ~/.spiceinit. To drive ngspice by hand with the same
| * settings, copy this file to `.spiceinit` in your working directory.
| *
| * Derived from the PDK's own libs.tech/ngspice/spinit; kept in-repo so the
| * settings a record was produced under are versioned with the harness.
| 
| set ngbehavior=hsa     ; HSPICE-ish compatibility, required to read PDK libs
| set skywaterpdk        ; skip some checks for faster lib loading
| set ng_nomodcheck      ; do not check model parameters
| option noinit          ; do not dump operating point data into the log
| option klu             ; KLU direct linear solver

# ==== deck (exact input given to ngspice) ====
| * res-array-head-resistance Phase A deck -- generated by sim/res-array-head-resistance/run_res_array_head_resistance.py, do not edit
| .option wnflag=1 reltol=1e-6 vntol=1e-9 abstol=1e-15
| .lib "/Users/rwalters/.volare/sky130A/libs.tech/combined/sky130.lib.spice" tt
| 
| * ---- R1 shape: N_R1 series units (layout: res_r1 block) ----
| XR1CHAIN_0 r1c_lo R1CHAIN_n1 0 sky130_fd_pr__res_high_po W=1.0 L=5.0 mult=1 m=1
| XR1CHAIN_1 R1CHAIN_n1 R1CHAIN_n2 0 sky130_fd_pr__res_high_po W=1.0 L=5.0 mult=1 m=1
| XR1CHAIN_2 R1CHAIN_n2 R1CHAIN_n3 0 sky130_fd_pr__res_high_po W=1.0 L=5.0 mult=1 m=1
| XR1CHAIN_3 R1CHAIN_n3 R1CHAIN_n4 0 sky130_fd_pr__res_high_po W=1.0 L=5.0 mult=1 m=1
| XR1CHAIN_4 R1CHAIN_n4 R1CHAIN_n5 0 sky130_fd_pr__res_high_po W=1.0 L=5.0 mult=1 m=1
| XR1CHAIN_5 R1CHAIN_n5 R1CHAIN_n6 0 sky130_fd_pr__res_high_po W=1.0 L=5.0 mult=1 m=1
| XR1CHAIN_6 R1CHAIN_n6 r1c_hi 0 sky130_fd_pr__res_high_po W=1.0 L=5.0 mult=1 m=1
| IR1CHAIN r1c_hi r1c_lo dc 1m
| XR1SINGLE r1s_lo r1s_hi 0 sky130_fd_pr__res_high_po W=1.0 L=35.0 mult=1 m=1
| IR1SINGLE r1s_hi r1s_lo dc 1m
| 
| * ---- R2 shape: N_R2_COARSE + N_R2_TRIM_UNITS series units (layout: res_r2 + res_trim) ----
| XR2CHAIN_0 r2c_lo R2CHAIN_n1 0 sky130_fd_pr__res_high_po W=1.0 L=5.0 mult=1 m=1
| XR2CHAIN_1 R2CHAIN_n1 R2CHAIN_n2 0 sky130_fd_pr__res_high_po W=1.0 L=5.0 mult=1 m=1
| XR2CHAIN_2 R2CHAIN_n2 R2CHAIN_n3 0 sky130_fd_pr__res_high_po W=1.0 L=5.0 mult=1 m=1
| XR2CHAIN_3 R2CHAIN_n3 R2CHAIN_n4 0 sky130_fd_pr__res_high_po W=1.0 L=5.0 mult=1 m=1
| XR2CHAIN_4 R2CHAIN_n4 R2CHAIN_n5 0 sky130_fd_pr__res_high_po W=1.0 L=5.0 mult=1 m=1
| XR2CHAIN_5 R2CHAIN_n5 R2CHAIN_n6 0 sky130_fd_pr__res_high_po W=1.0 L=5.0 mult=1 m=1
| XR2CHAIN_6 R2CHAIN_n6 R2CHAIN_n7 0 sky130_fd_pr__res_high_po W=1.0 L=5.0 mult=1 m=1
| XR2CHAIN_7 R2CHAIN_n7 R2CHAIN_n8 0 sky130_fd_pr__res_high_po W=1.0 L=5.0 mult=1 m=1
| XR2CHAIN_8 R2CHAIN_n8 R2CHAIN_n9 0 sky130_fd_pr__res_high_po W=1.0 L=5.0 mult=1 m=1
| XR2CHAIN_9 R2CHAIN_n9 R2CHAIN_n10 0 sky130_fd_pr__res_high_po W=1.0 L=5.0 mult=1 m=1
| XR2CHAIN_10 R2CHAIN_n10 R2CHAIN_n11 0 sky130_fd_pr__res_high_po W=1.0 L=5.0 mult=1 m=1
| XR2CHAIN_11 R2CHAIN_n11 R2CHAIN_n12 0 sky130_fd_pr__res_high_po W=1.0 L=5.0 mult=1 m=1
| XR2CHAIN_12 R2CHAIN_n12 R2CHAIN_n13 0 sky130_fd_pr__res_high_po W=1.0 L=5.0 mult=1 m=1
| XR2CHAIN_13 R2CHAIN_n13 R2CHAIN_n14 0 sky130_fd_pr__res_high_po W=1.0 L=5.0 mult=1 m=1
| XR2CHAIN_14 R2CHAIN_n14 R2CHAIN_n15 0 sky130_fd_pr__res_high_po W=1.0 L=5.0 mult=1 m=1
| XR2CHAIN_15 R2CHAIN_n15 R2CHAIN_n16 0 sky130_fd_pr__res_high_po W=1.0 L=5.0 mult=1 m=1
| XR2CHAIN_16 R2CHAIN_n16 R2CHAIN_n17 0 sky130_fd_pr__res_high_po W=1.0 L=5.0 mult=1 m=1
| XR2CHAIN_17 R2CHAIN_n17 R2CHAIN_n18 0 sky130_fd_pr__res_high_po W=1.0 L=5.0 mult=1 m=1
| XR2CHAIN_18 R2CHAIN_n18 R2CHAIN_n19 0 sky130_fd_pr__res_high_po W=1.0 L=5.0 mult=1 m=1
| XR2CHAIN_19 R2CHAIN_n19 R2CHAIN_n20 0 sky130_fd_pr__res_high_po W=1.0 L=5.0 mult=1 m=1
| XR2CHAIN_20 R2CHAIN_n20 R2CHAIN_n21 0 sky130_fd_pr__res_high_po W=1.0 L=5.0 mult=1 m=1
| XR2CHAIN_21 R2CHAIN_n21 R2CHAIN_n22 0 sky130_fd_pr__res_high_po W=1.0 L=5.0 mult=1 m=1
| XR2CHAIN_22 R2CHAIN_n22 R2CHAIN_n23 0 sky130_fd_pr__res_high_po W=1.0 L=5.0 mult=1 m=1
| XR2CHAIN_23 R2CHAIN_n23 R2CHAIN_n24 0 sky130_fd_pr__res_high_po W=1.0 L=5.0 mult=1 m=1
| XR2CHAIN_24 R2CHAIN_n24 R2CHAIN_n25 0 sky130_fd_pr__res_high_po W=1.0 L=5.0 mult=1 m=1
| XR2CHAIN_25 R2CHAIN_n25 R2CHAIN_n26 0 sky130_fd_pr__res_high_po W=1.0 L=5.0 mult=1 m=1
| XR2CHAIN_26 R2CHAIN_n26 R2CHAIN_n27 0 sky130_fd_pr__res_high_po W=1.0 L=5.0 mult=1 m=1
| XR2CHAIN_27 R2CHAIN_n27 R2CHAIN_n28 0 sky130_fd_pr__res_high_po W=1.0 L=5.0 mult=1 m=1
| XR2CHAIN_28 R2CHAIN_n28 R2CHAIN_n29 0 sky130_fd_pr__res_high_po W=1.0 L=5.0 mult=1 m=1
| XR2CHAIN_29 R2CHAIN_n29 R2CHAIN_n30 0 sky130_fd_pr__res_high_po W=1.0 L=5.0 mult=1 m=1
| XR2CHAIN_30 R2CHAIN_n30 R2CHAIN_n31 0 sky130_fd_pr__res_high_po W=1.0 L=5.0 mult=1 m=1
| XR2CHAIN_31 R2CHAIN_n31 R2CHAIN_n32 0 sky130_fd_pr__res_high_po W=1.0 L=5.0 mult=1 m=1
| XR2CHAIN_32 R2CHAIN_n32 R2CHAIN_n33 0 sky130_fd_pr__res_high_po W=1.0 L=5.0 mult=1 m=1
| XR2CHAIN_33 R2CHAIN_n33 R2CHAIN_n34 0 sky130_fd_pr__res_high_po W=1.0 L=5.0 mult=1 m=1
| XR2CHAIN_34 R2CHAIN_n34 R2CHAIN_n35 0 sky130_fd_pr__res_high_po W=1.0 L=5.0 mult=1 m=1
| XR2CHAIN_35 R2CHAIN_n35 R2CHAIN_n36 0 sky130_fd_pr__res_high_po W=1.0 L=5.0 mult=1 m=1
| XR2CHAIN_36 R2CHAIN_n36 R2CHAIN_n37 0 sky130_fd_pr__res_high_po W=1.0 L=5.0 mult=1 m=1
| XR2CHAIN_37 R2CHAIN_n37 R2CHAIN_n38 0 sky130_fd_pr__res_high_po W=1.0 L=5.0 mult=1 m=1
| XR2CHAIN_38 R2CHAIN_n38 R2CHAIN_n39 0 sky130_fd_pr__res_high_po W=1.0 L=5.0 mult=1 m=1
| XR2CHAIN_39 R2CHAIN_n39 R2CHAIN_n40 0 sky130_fd_pr__res_high_po W=1.0 L=5.0 mult=1 m=1
| XR2CHAIN_40 R2CHAIN_n40 R2CHAIN_n41 0 sky130_fd_pr__res_high_po W=1.0 L=5.0 mult=1 m=1
| XR2CHAIN_41 R2CHAIN_n41 R2CHAIN_n42 0 sky130_fd_pr__res_high_po W=1.0 L=5.0 mult=1 m=1
| XR2CHAIN_42 R2CHAIN_n42 R2CHAIN_n43 0 sky130_fd_pr__res_high_po W=1.0 L=5.0 mult=1 m=1
| XR2CHAIN_43 R2CHAIN_n43 R2CHAIN_n44 0 sky130_fd_pr__res_high_po W=1.0 L=5.0 mult=1 m=1
| XR2CHAIN_44 R2CHAIN_n44 R2CHAIN_n45 0 sky130_fd_pr__res_high_po W=1.0 L=5.0 mult=1 m=1
| XR2CHAIN_45 R2CHAIN_n45 R2CHAIN_n46 0 sky130_fd_pr__res_high_po W=1.0 L=5.0 mult=1 m=1
| XR2CHAIN_46 R2CHAIN_n46 R2CHAIN_n47 0 sky130_fd_pr__res_high_po W=1.0 L=5.0 mult=1 m=1
| XR2CHAIN_47 R2CHAIN_n47 R2CHAIN_n48 0 sky130_fd_pr__res_high_po W=1.0 L=5.0 mult=1 m=1
| XR2CHAIN_48 R2CHAIN_n48 R2CHAIN_n49 0 sky130_fd_pr__res_high_po W=1.0 L=5.0 mult=1 m=1
| XR2CHAIN_49 R2CHAIN_n49 R2CHAIN_n50 0 sky130_fd_pr__res_high_po W=1.0 L=5.0 mult=1 m=1
| XR2CHAIN_50 R2CHAIN_n50 R2CHAIN_n51 0 sky130_fd_pr__res_high_po W=1.0 L=1.0 mult=1 m=1
| XR2CHAIN_51 R2CHAIN_n51 R2CHAIN_n52 0 sky130_fd_pr__res_high_po W=1.0 L=1.0 mult=1 m=1
| XR2CHAIN_52 R2CHAIN_n52 R2CHAIN_n53 0 sky130_fd_pr__res_high_po W=1.0 L=1.0 mult=1 m=1
| XR2CHAIN_53 R2CHAIN_n53 R2CHAIN_n54 0 sky130_fd_pr__res_high_po W=1.0 L=1.0 mult=1 m=1
| XR2CHAIN_54 R2CHAIN_n54 R2CHAIN_n55 0 sky130_fd_pr__res_high_po W=1.0 L=1.0 mult=1 m=1
| XR2CHAIN_55 R2CHAIN_n55 R2CHAIN_n56 0 sky130_fd_pr__res_high_po W=1.0 L=1.0 mult=1 m=1
| XR2CHAIN_56 R2CHAIN_n56 R2CHAIN_n57 0 sky130_fd_pr__res_high_po W=1.0 L=1.0 mult=1 m=1
| XR2CHAIN_57 R2CHAIN_n57 R2CHAIN_n58 0 sky130_fd_pr__res_high_po W=1.0 L=1.0 mult=1 m=1
| XR2CHAIN_58 R2CHAIN_n58 R2CHAIN_n59 0 sky130_fd_pr__res_high_po W=1.0 L=1.0 mult=1 m=1
| XR2CHAIN_59 R2CHAIN_n59 R2CHAIN_n60 0 sky130_fd_pr__res_high_po W=1.0 L=1.0 mult=1 m=1
| XR2CHAIN_60 R2CHAIN_n60 R2CHAIN_n61 0 sky130_fd_pr__res_high_po W=1.0 L=1.0 mult=1 m=1
| XR2CHAIN_61 R2CHAIN_n61 R2CHAIN_n62 0 sky130_fd_pr__res_high_po W=1.0 L=1.0 mult=1 m=1
| XR2CHAIN_62 R2CHAIN_n62 R2CHAIN_n63 0 sky130_fd_pr__res_high_po W=1.0 L=1.0 mult=1 m=1
| XR2CHAIN_63 R2CHAIN_n63 R2CHAIN_n64 0 sky130_fd_pr__res_high_po W=1.0 L=1.0 mult=1 m=1
| XR2CHAIN_64 R2CHAIN_n64 R2CHAIN_n65 0 sky130_fd_pr__res_high_po W=1.0 L=1.0 mult=1 m=1
| XR2CHAIN_65 R2CHAIN_n65 R2CHAIN_n66 0 sky130_fd_pr__res_high_po W=1.0 L=1.0 mult=1 m=1
| XR2CHAIN_66 R2CHAIN_n66 R2CHAIN_n67 0 sky130_fd_pr__res_high_po W=1.0 L=1.0 mult=1 m=1
| XR2CHAIN_67 R2CHAIN_n67 R2CHAIN_n68 0 sky130_fd_pr__res_high_po W=1.0 L=1.0 mult=1 m=1
| XR2CHAIN_68 R2CHAIN_n68 R2CHAIN_n69 0 sky130_fd_pr__res_high_po W=1.0 L=1.0 mult=1 m=1
| XR2CHAIN_69 R2CHAIN_n69 r2c_hi 0 sky130_fd_pr__res_high_po W=1.0 L=1.0 mult=1 m=1
| IR2CHAIN r2c_hi r2c_lo dc 1m
| XR2SINGLE r2s_lo r2s_hi 0 sky130_fd_pr__res_high_po W=1.0 L=270.0 mult=1 m=1
| IR2SINGLE r2s_hi r2s_lo dc 1m
| 
| .control
| save all
| op
| let meas_r1_chain_ohm = (v(r1c_lo)-v(r1c_hi))/1m
| let meas_r1_single_ohm = (v(r1s_lo)-v(r1s_hi))/1m
| let meas_r2_chain_ohm = (v(r2c_lo)-v(r2c_hi))/1m
| let meas_r2_single_ohm = (v(r2s_lo)-v(r2s_hi))/1m
| print meas_r1_chain_ohm
| print meas_r1_single_ohm
| print meas_r2_chain_ohm
| print meas_r2_single_ohm
| quit
| .endc
| .end

# ==== ngspice stdout+stderr ====

Note: Compatibility modes selected: hs a


Circuit: * res-array-head-resistance phase a deck -- generated by sim/res-array-head-resistance/run_res_array_head_resistance.py, do not edit

option SCALE: Scale is set to 1e-06 for instance and model parameters
option SCALE: Scale is set to 1e-06 for instance and model parameters
option SCALE: Scale is set to 1e-06 for instance and model parameters
option SCALE: Scale is set to 1e-06 for instance and model parameters
Doing analysis at TEMP = 27.000000 and TNOM = 27.000000

Using KLU as Direct Linear Solver
 Reference value :  0.00000e+00
No. of Data Rows : 1
meas_r1_chain_ohm = 1.402689e+04
meas_r1_single_ohm = 1.174866e+04
meas_r2_chain_ohm = 1.142827e+05
meas_r2_single_ohm = 8.808306e+04
ngspice-46 done
