# corner: ss_-40c_3.30v
# process=ss temp=-40C supply=3.30V
# ngspice exit: 0
# result: PASS

# ==== deck (exact input given to ngspice) ====
| * pnp-characterization corner deck -- generated by sim/bin/corner-run.py, do not edit
| * corner: ss_-40c_3.30v
| .param vsup=3.3
| .temp -40
| .lib "/Users/rwalters/.volare/sky130A/libs.tech/combined/sky130.lib.spice" ss
| ** sch_path: sim/pnp-characterization/testbench/tb_pnp_vbe.sch
| **.subckt tb_pnp_vbe
| XQS0 0 0 E_small_100n sky130_fd_pr__pnp_05v5_W0p68L0p68 m=1 mult=1
| IS0 0 E_small_100n 1e-07
| XQL0 0 0 E_large_100n sky130_fd_pr__pnp_05v5_W3p40L3p40 m=1 mult=1
| IL0 0 E_large_100n 1e-07
| XQS1 0 0 E_small_316n sky130_fd_pr__pnp_05v5_W0p68L0p68 m=1 mult=1
| IS1 0 E_small_316n 3.16e-07
| XQL1 0 0 E_large_316n sky130_fd_pr__pnp_05v5_W3p40L3p40 m=1 mult=1
| IL1 0 E_large_316n 3.16e-07
| XQS2 0 0 E_small_1u sky130_fd_pr__pnp_05v5_W0p68L0p68 m=1 mult=1
| IS2 0 E_small_1u 1e-06
| XQL2 0 0 E_large_1u sky130_fd_pr__pnp_05v5_W3p40L3p40 m=1 mult=1
| IL2 0 E_large_1u 1e-06
| XQS3 0 0 E_small_3p16u sky130_fd_pr__pnp_05v5_W0p68L0p68 m=1 mult=1
| IS3 0 E_small_3p16u 3.16e-06
| XQL3 0 0 E_large_3p16u sky130_fd_pr__pnp_05v5_W3p40L3p40 m=1 mult=1
| IL3 0 E_large_3p16u 3.16e-06
| XQS4 0 0 E_small_10u sky130_fd_pr__pnp_05v5_W0p68L0p68 m=1 mult=1
| IS4 0 E_small_10u 1e-05
| XQL4 0 0 E_large_10u sky130_fd_pr__pnp_05v5_W3p40L3p40 m=1 mult=1
| IL4 0 E_large_10u 1e-05
| XQS5 0 0 E_small_31p6u sky130_fd_pr__pnp_05v5_W0p68L0p68 m=1 mult=1
| IS5 0 E_small_31p6u 3.16e-05
| XQL5 0 0 E_large_31p6u sky130_fd_pr__pnp_05v5_W3p40L3p40 m=1 mult=1
| IL5 0 E_large_31p6u 3.16e-05
| XQS6 0 0 E_small_100u sky130_fd_pr__pnp_05v5_W0p68L0p68 m=1 mult=1
| IS6 0 E_small_100u 0.0001
| XQL6 0 0 E_large_100u sky130_fd_pr__pnp_05v5_W3p40L3p40 m=1 mult=1
| IL6 0 E_large_100u 0.0001
| **.ends
| .control
| save all
| op
| let meas_veb_small_100n = v(E_small_100n)
| let meas_veb_large_100n = v(E_large_100n)
| let meas_dvbe_100n = v(E_small_100n) - v(E_large_100n)
| let meas_veb_small_316n = v(E_small_316n)
| let meas_veb_large_316n = v(E_large_316n)
| let meas_dvbe_316n = v(E_small_316n) - v(E_large_316n)
| let meas_veb_small_1u = v(E_small_1u)
| let meas_veb_large_1u = v(E_large_1u)
| let meas_dvbe_1u = v(E_small_1u) - v(E_large_1u)
| let meas_veb_small_3p16u = v(E_small_3p16u)
| let meas_veb_large_3p16u = v(E_large_3p16u)
| let meas_dvbe_3p16u = v(E_small_3p16u) - v(E_large_3p16u)
| let meas_veb_small_10u = v(E_small_10u)
| let meas_veb_large_10u = v(E_large_10u)
| let meas_dvbe_10u = v(E_small_10u) - v(E_large_10u)
| let meas_veb_small_31p6u = v(E_small_31p6u)
| let meas_veb_large_31p6u = v(E_large_31p6u)
| let meas_dvbe_31p6u = v(E_small_31p6u) - v(E_large_31p6u)
| let meas_veb_small_100u = v(E_small_100u)
| let meas_veb_large_100u = v(E_large_100u)
| let meas_dvbe_100u = v(E_small_100u) - v(E_large_100u)
| print meas_veb_small_100n
| print meas_veb_large_100n
| print meas_dvbe_100n
| print meas_veb_small_316n
| print meas_veb_large_316n
| print meas_dvbe_316n
| print meas_veb_small_1u
| print meas_veb_large_1u
| print meas_dvbe_1u
| print meas_veb_small_3p16u
| print meas_veb_large_3p16u
| print meas_dvbe_3p16u
| print meas_veb_small_10u
| print meas_veb_large_10u
| print meas_dvbe_10u
| print meas_veb_small_31p6u
| print meas_veb_large_31p6u
| print meas_dvbe_31p6u
| print meas_veb_small_100u
| print meas_veb_large_100u
| print meas_dvbe_100u
| quit
| .endc
| .end

# ==== ngspice stdout ====

Note: Compatibility modes selected: hs a


Circuit: * pnp-characterization corner deck -- generated by sim/bin/corner-run.py, do not edit

option SCALE: Scale is set to 1e-06 for instance and model parameters
option SCALE: Scale is set to 1e-06 for instance and model parameters
option SCALE: Scale is set to 1e-06 for instance and model parameters
option SCALE: Scale is set to 1e-06 for instance and model parameters
Doing analysis at TEMP = -40.000000 and TNOM = 27.000000

Using KLU as Direct Linear Solver
 Reference value :  0.00000e+00
No. of Data Rows : 1
meas_veb_small_100n = 8.055638e-01
meas_veb_large_100n = 7.577349e-01
meas_dvbe_100n = 4.782894e-02
meas_veb_small_316n = 8.296031e-01
meas_veb_large_316n = 7.811346e-01
meas_dvbe_316n = 4.846854e-02
meas_veb_small_1u = 8.539901e-01
meas_veb_large_1u = 8.045388e-01
meas_dvbe_1u = 4.945132e-02
meas_veb_small_3p16u = 8.793925e-01
meas_veb_large_3p16u = 8.279568e-01
meas_dvbe_3p16u = 5.143573e-02
meas_veb_small_10u = 9.078680e-01
meas_veb_large_10u = 8.516198e-01
meas_dvbe_10u = 5.624824e-02
meas_veb_small_31p6u = 9.440144e-01
meas_veb_large_31p6u = 8.759520e-01
meas_dvbe_31p6u = 6.806248e-02
meas_veb_small_100u = 9.991676e-01
meas_veb_large_100u = 9.022718e-01
meas_dvbe_100u = 9.689579e-02
ngspice-46 done

# ==== ngspice stderr ====

